
Optional file libmchp_peripheral.a not found

Optional file libmchp_peripheral_32MX795F512L.a not found
Archive member included because of file (symbol)

c:/program files (x86)/microchip/xc32/v1.42/bin/bin/../../lib/gcc/pic32mx/4.8.3/../../../../pic32mx/lib\libpic32.a(memcpy.o)
                              build/milestone1/production/_ext/1293195876/queue.o (memcpy)
c:/program files (x86)/microchip/xc32/v1.42/bin/bin/../../lib/gcc/pic32mx/4.8.3/../../../../pic32mx/lib\libpic32.a(memset.o)
                              build/milestone1/production/_ext/1293195876/tasks.o (memset)
c:/program files (x86)/microchip/xc32/v1.42/bin/bin/../../lib/gcc/pic32mx/4.8.3/../../../../pic32mx/lib\libpic32.a(default-bootstrap-exception-handler.o)
                              c:/program files (x86)/microchip/xc32/v1.42/bin/bin/../../lib/gcc/pic32mx/4.8.3/../../../../pic32mx/lib/./proc/32MX795F512L/crt0_mips32r2.o (_bootstrap_exception_handler)
c:/program files (x86)/microchip/xc32/v1.42/bin/bin/../../lib/gcc/pic32mx/4.8.3/../../../../pic32mx/lib\libpic32.a(default-on-reset.o)
                              c:/program files (x86)/microchip/xc32/v1.42/bin/bin/../../lib/gcc/pic32mx/4.8.3/../../../../pic32mx/lib/./proc/32MX795F512L/crt0_mips32r2.o (_on_reset)
c:/program files (x86)/microchip/xc32/v1.42/bin/bin/../../lib/gcc/pic32mx/4.8.3/../../../../pic32mx/lib\libpic32.a(default-on-bootstrap.o)
                              c:/program files (x86)/microchip/xc32/v1.42/bin/bin/../../lib/gcc/pic32mx/4.8.3/../../../../pic32mx/lib/./proc/32MX795F512L/crt0_mips32r2.o (_on_bootstrap)
c:/program files (x86)/microchip/xc32/v1.42/bin/bin/../../lib/gcc/pic32mx/4.8.3/../../../../pic32mx/lib\libpic32.a(default-nmi-handler.o)
                              c:/program files (x86)/microchip/xc32/v1.42/bin/bin/../../lib/gcc/pic32mx/4.8.3/../../../../pic32mx/lib/./proc/32MX795F512L/crt0_mips32r2.o (_nmi_handler)
c:/program files (x86)/microchip/xc32/v1.42/bin/bin/../../lib/gcc/pic32mx/4.8.3/../../../../pic32mx/lib\libpic32.a(general-exception.o)
                              c:/program files (x86)/microchip/xc32/v1.42/bin/bin/../../lib/gcc/pic32mx/4.8.3/../../../../pic32mx/lib/./proc/32MX795F512L/crt0_mips32r2.o (_general_exception_context)
c:/program files (x86)/microchip/xc32/v1.42/bin/bin/../../lib/gcc/pic32mx/4.8.3/../../../../pic32mx/lib\libpic32.a(vector0.o)
                              c:/program files (x86)/microchip/xc32/v1.42/bin/bin/../../lib/gcc/pic32mx/4.8.3/../../../../pic32mx/lib/./proc/32MX795F512L\default_isr_vectors.o (__vector_dispatch_0)
c:/program files (x86)/microchip/xc32/v1.42/bin/bin/../../lib/gcc/pic32mx/4.8.3/../../../../pic32mx/lib\libpic32.a(vector2.o)
                              c:/program files (x86)/microchip/xc32/v1.42/bin/bin/../../lib/gcc/pic32mx/4.8.3/../../../../pic32mx/lib/./proc/32MX795F512L\default_isr_vectors.o (__vector_dispatch_2)
c:/program files (x86)/microchip/xc32/v1.42/bin/bin/../../lib/gcc/pic32mx/4.8.3/../../../../pic32mx/lib\libpic32.a(vector3.o)
                              c:/program files (x86)/microchip/xc32/v1.42/bin/bin/../../lib/gcc/pic32mx/4.8.3/../../../../pic32mx/lib/./proc/32MX795F512L\default_isr_vectors.o (__vector_dispatch_3)
c:/program files (x86)/microchip/xc32/v1.42/bin/bin/../../lib/gcc/pic32mx/4.8.3/../../../../pic32mx/lib\libpic32.a(vector5.o)
                              c:/program files (x86)/microchip/xc32/v1.42/bin/bin/../../lib/gcc/pic32mx/4.8.3/../../../../pic32mx/lib/./proc/32MX795F512L\default_isr_vectors.o (__vector_dispatch_5)
c:/program files (x86)/microchip/xc32/v1.42/bin/bin/../../lib/gcc/pic32mx/4.8.3/../../../../pic32mx/lib\libpic32.a(vector6.o)
                              c:/program files (x86)/microchip/xc32/v1.42/bin/bin/../../lib/gcc/pic32mx/4.8.3/../../../../pic32mx/lib/./proc/32MX795F512L\default_isr_vectors.o (__vector_dispatch_6)
c:/program files (x86)/microchip/xc32/v1.42/bin/bin/../../lib/gcc/pic32mx/4.8.3/../../../../pic32mx/lib\libpic32.a(vector7.o)
                              c:/program files (x86)/microchip/xc32/v1.42/bin/bin/../../lib/gcc/pic32mx/4.8.3/../../../../pic32mx/lib/./proc/32MX795F512L\default_isr_vectors.o (__vector_dispatch_7)
c:/program files (x86)/microchip/xc32/v1.42/bin/bin/../../lib/gcc/pic32mx/4.8.3/../../../../pic32mx/lib\libpic32.a(vector9.o)
                              c:/program files (x86)/microchip/xc32/v1.42/bin/bin/../../lib/gcc/pic32mx/4.8.3/../../../../pic32mx/lib/./proc/32MX795F512L\default_isr_vectors.o (__vector_dispatch_9)
c:/program files (x86)/microchip/xc32/v1.42/bin/bin/../../lib/gcc/pic32mx/4.8.3/../../../../pic32mx/lib\libpic32.a(vector10.o)
                              c:/program files (x86)/microchip/xc32/v1.42/bin/bin/../../lib/gcc/pic32mx/4.8.3/../../../../pic32mx/lib/./proc/32MX795F512L\default_isr_vectors.o (__vector_dispatch_10)
c:/program files (x86)/microchip/xc32/v1.42/bin/bin/../../lib/gcc/pic32mx/4.8.3/../../../../pic32mx/lib\libpic32.a(vector11.o)
[...]
Memory Configuration

Name             Origin             Length             Attributes
kseg0_program_mem 0x9d000000         0x00080000         xr
kseg0_boot_mem   0x9fc00490         0x00000970
exception_mem    0x9fc01000         0x00001000
kseg1_boot_mem   0xbfc00000         0x00000490
debug_exec_mem   0xbfc02000         0x00000ff0
config3          0xbfc02ff0         0x00000004
config2          0xbfc02ff4         0x00000004
config1          0xbfc02ff8         0x00000004
config0          0xbfc02ffc         0x00000004
kseg1_data_mem   0xa0000000         0x00020000         w !x
sfrs             0xbf800000         0x00100000
configsfrs       0xbfc02ff0         0x00000010
*default*        0x00000000         0xffffffff

Linker script and memory map

LOAD c:/program files (x86)/microchip/xc32/v1.42/bin/bin/../../lib/gcc/pic32mx/4.8.3/../../../../pic32mx/lib/./proc/32MX795F512L/crt0_mips32r2.o
LOAD c:/program files (x86)/microchip/xc32/v1.42/bin/bin/../../lib/gcc/pic32mx/4.8.3/../../../../pic32mx/lib\debug-exception-return.o
LOAD build/milestone1/production/_ext/1360937237/app.o
LOAD build/milestone1/production/_ext/1360937237/main.o
LOAD build/milestone1/production/_ext/1360937237/debug.o
LOAD build/milestone1/production/_ext/2105501065/osal_freertos.o
LOAD build/milestone1/production/_ext/1710693635/sys_devcon.o
LOAD build/milestone1/production/_ext/1710693635/sys_devcon_pic32mx.o
LOAD build/milestone1/production/_ext/1955241161/sys_int_pic32.o
LOAD build/milestone1/production/_ext/1293195876/croutine.o
LOAD build/milestone1/production/_ext/1293195876/list.o
LOAD build/milestone1/production/_ext/1293195876/queue.o
LOAD build/milestone1/production/_ext/1293195876/tasks.o
LOAD build/milestone1/production/_ext/1293195876/timers.o
LOAD build/milestone1/production/_ext/1293195876/event_groups.o
LOAD build/milestone1/production/_ext/878560967/heap_1.o
LOAD build/milestone1/production/_ext/151966438/port.o
LOAD build/milestone1/production/_ext/151966438/port_asm.o
LOAD build/milestone1/production/_ext/1152747240/drv_oc_mapping.o
LOAD build/milestone1/production/_ext/1152747240/drv_oc_static.o
LOAD build/milestone1/production/_ext/1864120335/drv_tmr_static.o
LOAD build/milestone1/production/_ext/1864120335/drv_tmr_mapping.o
LOAD build/milestone1/production/_ext/192191419/drv_usart_mapping.o
LOAD build/milestone1/production/_ext/192191419/drv_usart_static.o
LOAD build/milestone1/production/_ext/192191419/drv_usart_static_byte_model.o
LOAD build/milestone1/production/_ext/383799649/sys_clk_static.o
LOAD build/milestone1/production/_ext/956857457/sys_ports_static.o
LOAD build/milestone1/production/_ext/1555642536/system_init.o
LOAD build/milestone1/production/_ext/1555642536/system_interrupt.o
LOAD build/milestone1/production/_ext/1555642536/system_exceptions.o
LOAD build/milestone1/production/_ext/1555642536/system_tasks.o
LOAD build/milestone1/production/_ext/1555642536/system_interrupt_a.o
LOAD build/milestone1/production/_ext/1555642536/rtos_hooks.o
LOAD ..\..\..\..\..\..\..\..\microchip\harmony\v1_10\bin\framework\peripheral\PIC32MX795F512L_peripherals.a
                0x00000001                __MPLAB_BUILD = 0x1
                0x00000000                _min_heap_size = 0x0
LOAD c:/program files (x86)/microchip/xc32/v1.42/bin/bin/../../lib/gcc/pic32mx/4.8.3/../../../../pic32mx/lib/./proc/32MX795F512L\default_isr_vectors.o
LOAD c:/program files (x86)/microchip/xc32/v1.42/bin/bin/../../lib/gcc/pic32mx/4.8.3/../../../../pic32mx/lib\pic32_software_reset.o
                0x00000400                PROVIDE (_min_stack_size, 0x400)
LOAD c:/program files (x86)/microchip/xc32/v1.42/bin/bin/../../lib/gcc/pic32mx/4.8.3/../../../../pic32mx/lib/./proc/32MX795F512L\processor.o
START GROUP
LOAD libmchp_peripheral.a
END GROUP
START GROUP
LOAD libmchp_peripheral_32MX795F512L.a
END GROUP
                0x00000001                PROVIDE (_vector_spacing, 0x1)
                0x9fc01000                PROVIDE (_ebase_address, 0x9fc01000)
                0xbfc00000                _RESET_ADDR = 0xbfc00000
                0xbfc00380                _BEV_EXCPT_ADDR = 0xbfc00380
                0xbfc00480                _DBG_EXCPT_ADDR = 0xbfc00480
                0xbfc02000                _DBG_CODE_ADDR = 0xbfc02000
                0x00000ff0                _DBG_CODE_SIZE = 0xff0
                0x9fc01180                _GEN_EXCPT_ADDR = (_ebase_address + 0x180)

.config_BFC02FF0
                0xbfc02ff0        0x4
 *(.config_BFC02FF0)
 .config_BFC02FF0
                0xbfc02ff0        0x4 build/milestone1/production/_ext/1555642536/system_init.o

.config_BFC02FF4
                0xbfc02ff4        0x4
 *(.config_BFC02FF4)
 .config_BFC02FF4
                0xbfc02ff4        0x4 build/milestone1/production/_ext/1555642536/system_init.o

.config_BFC02FF8
                0xbfc02ff8        0x4
 *(.config_BFC02FF8)
 .config_BFC02FF8
                0xbfc02ff8        0x4 build/milestone1/production/_ext/1555642536/system_init.o

.config_BFC02FFC
                0xbfc02ffc        0x4
 *(.config_BFC02FFC)
 .config_BFC02FFC
                0xbfc02ffc        0x4 build/milestone1/production/_ext/1555642536/system_init.o
                0xbfc02000                PROVIDE (_DBG_CODE_ADDR, 0xbfc02000)
                0x00000ff0                PROVIDE (_DBG_CODE_SIZE, 0xff0)

.reset          0xbfc00000      0x208
 *(.reset)
 .reset         0xbfc00000        0x8 c:/program files (x86)/microchip/xc32/v1.42/bin/bin/../../lib/gcc/pic32mx/4.8.3/../../../../pic32mx/lib/./proc/32MX795F512L/crt0_mips32r2.o
                0xbfc00000                _reset
 *(.reset.startup)
 .reset.startup
                0xbfc00008      0x200 c:/program files (x86)/microchip/xc32/v1.42/bin/bin/../../lib/gcc/pic32mx/4.8.3/../../../../pic32mx/lib/./proc/32MX795F512L/crt0_mips32r2.o

.bev_excpt      0xbfc00380       0x10
 *(.bev_handler)
 .bev_handler   0xbfc00380       0x10 c:/program files (x86)/microchip/xc32/v1.42/bin/bin/../../lib/gcc/pic32mx/4.8.3/../../../../pic32mx/lib/./proc/32MX795F512L/crt0_mips32r2.o

.dbg_excpt      0xbfc00480        0x0
                0xbfc00480                . = (. + DEFINED (_DEBUGGER)?0x8:0x0)

.dbg_code       0xbfc02000        0x0
                0xbfc02000                . = (. + DEFINED (_DEBUGGER)?_DBG_CODE_SIZE:0x0)

.app_excpt      0x9fc01180       0x10
 *(.gen_handler)
 .gen_handler   0x9fc01180       0x10 c:/program files (x86)/microchip/xc32/v1.42/bin/bin/../../lib/gcc/pic32mx/4.8.3/../../../../pic32mx/lib/./proc/32MX795F512L/crt0_mips32r2.o

.vector_0       0x9fc01200        0x8
 *(.vector_0)
 .vector_0      0x9fc01200        0x8 c:/program files (x86)/microchip/xc32/v1.42/bin/bin/../../lib/gcc/pic32mx/4.8.3/../../../../pic32mx/lib\libpic32.a(vector0.o)
                0x9fc01200                __vector_dispatch_0
                0x00000001                ASSERT (((_vector_spacing == 0x0) || (SIZEOF (.vector_0) <= (_vector_spacing << 0x5))), function at exception vector 0 too large)

.vector_1       0x9fc01220        0x8
 *(.vector_1)
 .vector_1      0x9fc01220        0x8 build/milestone1/production/_ext/151966438/port.o
                0x9fc01220                __vector_dispatch_1
                0x00000001                ASSERT (((_vector_spacing == 0x0) || (SIZEOF (.vector_1) <= (_vector_spacing << 0x5))), function at exception vector 1 too large)

.vector_2       0x9fc01240        0x8
 *(.vector_2)
 .vector_2      0x9fc01240        0x8 c:/program files (x86)/microchip/xc32/v1.42/bin/bin/../../lib/gcc/pic32mx/4.8.3/../../../../pic32mx/lib\libpic32.a(vector2.o)
                0x9fc01240                __vector_dispatch_2
                0x00000001                ASSERT (((_vector_spacing == 0x0) || (SIZEOF (.vector_2) <= (_vector_spacing << 0x5))), function at exception vector 2 too large)

.vector_3       0x9fc01260        0x8
 *(.vector_3)
 .vector_3      0x9fc01260        0x8 c:/program files (x86)/microchip/xc32/v1.42/bin/bin/../../lib/gcc/pic32mx/4.8.3/../../../../pic32mx/lib\libpic32.a(vector3.o)
                0x9fc01260                __vector_dispatch_3
                0x00000001                ASSERT (((_vector_spacing == 0x0) || (SIZEOF (.vector_3) <= (_vector_spacing << 0x5))), function at exception vector 3 too large)

.vector_4       0x9fc01280        0x8
 *(.vector_4)
 .vector_4      0x9fc01280        0x8 build/milestone1/production/_ext/151966438/port.o
                0x9fc01280                __vector_dispatch_4
                0x00000001                ASSERT (((_vector_spacing == 0x0) || (SIZEOF (.vector_4) <= (_vector_spacing << 0x5))), function at exception vector 4 too large)

.vector_5       0x9fc012a0        0x8
 *(.vector_5)
 .vector_5      0x9fc012a0        0x8 c:/program files (x86)/microchip/xc32/v1.42/bin/bin/../../lib/gcc/pic32mx/4.8.3/../../../../pic32mx/lib\libpic32.a(vector5.o)
                0x9fc012a0                __vector_dispatch_5
                0x00000001                ASSERT (((_vector_spacing == 0x0) || (SIZEOF (.vector_5) <= (_vector_spacing << 0x5))), function at exception vector 5 too large)

.vector_6       0x9fc012c0        0x8
 *(.vector_6)
 .vector_6      0x9fc012c0        0x8 c:/program files (x86)/microchip/xc32/v1.42/bin/bin/../../lib/gcc/pic32mx/4.8.3/../../../../pic32mx/lib\libpic32.a(vector6.o)
                0x9fc012c0                __vector_dispatch_6
                0x00000001                ASSERT (((_vector_spacing == 0x0) || (SIZEOF (.vector_6) <= (_vector_spacing << 0x5))), function at exception vector 6 too large)

.vector_7       0x9fc012e0        0x8
 *(.vector_7)
 .vector_7      0x9fc012e0        0x8 c:/program files (x86)/microchip/xc32/v1.42/bin/bin/../../lib/gcc/pic32mx/4.8.3/../../../../pic32mx/lib\libpic32.a(vector7.o)
                0x9fc012e0                __vector_dispatch_7
                0x00000001                ASSERT (((_vector_spacing == 0x0) || (SIZEOF (.vector_7) <= (_vector_spacing << 0x5))), function at exception vector 7 too large)

.vector_8       0x9fc01300       0x10
 *(.vector_8)
 .vector_8      0x9fc01300       0x10 build/milestone1/production/_ext/1555642536/system_interrupt_a.o
                0x9fc01300                __vector_dispatch_8
                0x00000001                ASSERT (((_vector_spacing == 0x0) || (SIZEOF (.vector_8) <= (_vector_spacing << 0x5))), function at exception vector 8 too large)

.vector_9       0x9fc01320        0x8
 *(.vector_9)
 .vector_9      0x9fc01320        0x8 c:/program files (x86)/microchip/xc32/v1.42/bin/bin/../../lib/gcc/pic32mx/4.8.3/../../../../pic32mx/lib\libpic32.a(vector9.o)
                0x9fc01320                __vector_dispatch_9
                0x00000001                ASSERT (((_vector_spacing == 0x0) || (SIZEOF (.vector_9) <= (_vector_spacing << 0x5))), function at exception vector 9 too large)

.vector_10      0x9fc01340        0x8
 *(.vector_10)
 .vector_10     0x9fc01340        0x8 c:/program files (x86)/microchip/xc32/v1.42/bin/bin/../../lib/gcc/pic32mx/4.8.3/../../../../pic32mx/lib\libpic32.a(vector10.o)
                0x9fc01340                __vector_dispatch_10
                0x00000001                ASSERT (((_vector_spacing == 0x0) || (SIZEOF (.vector_10) <= (_vector_spacing << 0x5))), function at exception vector 10 too large)

.vector_11      0x9fc01360        0x8
 *(.vector_11)
 .vector_11     0x9fc01360        0x8 c:/program files (x86)/microchip/xc32/v1.42/bin/bin/../../lib/gcc/pic32mx/4.8.3/../../../../pic32mx/lib\libpic32.a(vector11.o)
                0x9fc01360                __vector_dispatch_11
                0x00000001                ASSERT (((_vector_spacing == 0x0) || (SIZEOF (.vector_11) <= (_vector_spacing << 0x5))), function at exception vector 11 too large)

.vector_12      0x9fc01380        0x8
 *(.vector_12)
 .vector_12     0x9fc01380        0x8 c:/program files (x86)/microchip/xc32/v1.42/bin/bin/../../lib/gcc/pic32mx/4.8.3/../../../../pic32mx/lib\libpic32.a(vector12.o)
                0x9fc01380                __vector_dispatch_12
                0x00000001                ASSERT (((_vector_spacing == 0x0) || (SIZEOF (.vector_12) <= (_vector_spacing << 0x5))), function at exception vector 12 too large)

.vector_13      0x9fc013a0        0x8
 *(.vector_13)
 .vector_13     0x9fc013a0        0x8 c:/program files (x86)/microchip/xc32/v1.42/bin/bin/../../lib/gcc/pic32mx/4.8.3/../../../../pic32mx/lib\libpic32.a(vector13.o)
                0x9fc013a0                __vector_dispatch_13
                0x00000001                ASSERT (((_vector_spacing == 0x0) || (SIZEOF (.vector_13) <= (_vector_spacing << 0x5))), function at exception vector 13 too large)

.vector_14      0x9fc013c0        0x8
 *(.vector_14)
 .vector_14     0x9fc013c0        0x8 c:/program files (x86)/microchip/xc32/v1.42/bin/bin/../../lib/gcc/pic32mx/4.8.3/../../../../pic32mx/lib\libpic32.a(vector14.o)
                0x9fc013c0                __vector_dispatch_14
                0x00000001                ASSERT (((_vector_spacing == 0x0) || (SIZEOF (.vector_14) <= (_vector_spacing << 0x5))), function at exception vector 14 too large)

.vector_15      0x9fc013e0        0x8
 *(.vector_15)
 .vector_15     0x9fc013e0        0x8 c:/program files (x86)/microchip/xc32/v1.42/bin/bin/../../lib/gcc/pic32mx/4.8.3/../../../../pic32mx/lib\libpic32.a(vector15.o)
                0x9fc013e0                __vector_dispatch_15
                0x00000001                ASSERT (((_vector_spacing == 0x0) || (SIZEOF (.vector_15) <= (_vector_spacing << 0x5))), function at exception vector 15 too large)

.vector_16      0x9fc01400        0x8
 *(.vector_16)
 .vector_16     0x9fc01400        0x8 c:/program files (x86)/microchip/xc32/v1.42/bin/bin/../../lib/gcc/pic32mx/4.8.3/../../../../pic32mx/lib\libpic32.a(vector16.o)
                0x9fc01400                __vector_dispatch_16
                0x00000001                ASSERT (((_vector_spacing == 0x0) || (SIZEOF (.vector_16) <= (_vector_spacing << 0x5))), function at exception vector 16 too large)

.vector_17      0x9fc01420        0x8
 *(.vector_17)
 .vector_17     0x9fc01420        0x8 c:/program files (x86)/microchip/xc32/v1.42/bin/bin/../../lib/gcc/pic32mx/4.8.3/../../../../pic32mx/lib\libpic32.a(vector17.o)
                0x9fc01420                __vector_dispatch_17
                0x00000001                ASSERT (((_vector_spacing == 0x0) || (SIZEOF (.vector_17) <= (_vector_spacing << 0x5))), function at exception vector 17 too large)

.vector_18      0x9fc01440        0x8
 *(.vector_18)
 .vector_18     0x9fc01440        0x8 c:/program files (x86)/microchip/xc32/v1.42/bin/bin/../../lib/gcc/pic32mx/4.8.3/../../../../pic32mx/lib\libpic32.a(vector18.o)
                0x9fc01440                __vector_dispatch_18
                0x00000001                ASSERT (((_vector_spacing == 0x0) || (SIZEOF (.vector_18) <= (_vector_spacing << 0x5))), function at exception vector 18 too large)

.vector_19      0x9fc01460        0x8
 *(.vector_19)
 .vector_19     0x9fc01460        0x8 c:/program files (x86)/microchip/xc32/v1.42/bin/bin/../../lib/gcc/pic32mx/4.8.3/../../../../pic32mx/lib\libpic32.a(vector19.o)
                0x9fc01460                __vector_dispatch_19
                0x00000001                ASSERT (((_vector_spacing == 0x0) || (SIZEOF (.vector_19) <= (_vector_spacing << 0x5))), function at exception vector 19 too large)

.vector_20      0x9fc01480        0x8
 *(.vector_20)
 .vector_20     0x9fc01480        0x8 c:/program files (x86)/microchip/xc32/v1.42/bin/bin/../../lib/gcc/pic32mx/4.8.3/../../../../pic32mx/lib\libpic32.a(vector20.o)
                0x9fc01480                __vector_dispatch_20
                0x00000001                ASSERT (((_vector_spacing == 0x0) || (SIZEOF (.vector_20) <= (_vector_spacing << 0x5))), function at exception vector 20 too large)

.vector_21      0x9fc014a0        0x8
 *(.vector_21)
 .vector_21     0x9fc014a0        0x8 c:/program files (x86)/microchip/xc32/v1.42/bin/bin/../../lib/gcc/pic32mx/4.8.3/../../../../pic32mx/lib\libpic32.a(vector21.o)
                0x9fc014a0                __vector_dispatch_21
                0x00000001                ASSERT (((_vector_spacing == 0x0) || (SIZEOF (.vector_21) <= (_vector_spacing << 0x5))), function at exception vector 21 too large)

.vector_22      0x9fc014c0        0x8
 *(.vector_22)
 .vector_22     0x9fc014c0        0x8 c:/program files (x86)/microchip/xc32/v1.42/bin/bin/../../lib/gcc/pic32mx/4.8.3/../../../../pic32mx/lib\libpic32.a(vector22.o)
                0x9fc014c0                __vector_dispatch_22
                0x00000001                ASSERT (((_vector_spacing == 0x0) || (SIZEOF (.vector_22) <= (_vector_spacing << 0x5))), function at exception vector 22 too large)

.vector_23      0x9fc014e0        0x8
 *(.vector_23)
 .vector_23     0x9fc014e0        0x8 c:/program files (x86)/microchip/xc32/v1.42/bin/bin/../../lib/gcc/pic32mx/4.8.3/../../../../pic32mx/lib\libpic32.a(vector23.o)
                0x9fc014e0                __vector_dispatch_23
                0x00000001                ASSERT (((_vector_spacing == 0x0) || (SIZEOF (.vector_23) <= (_vector_spacing << 0x5))), function at exception vector 23 too large)

.vector_24      0x9fc01500        0x8
 *(.vector_24)
 .vector_24     0x9fc01500        0x8 c:/program files (x86)/microchip/xc32/v1.42/bin/bin/../../lib/gcc/pic32mx/4.8.3/../../../../pic32mx/lib\libpic32.a(vector24.o)
                0x9fc01500                __vector_dispatch_24
                0x00000001                ASSERT (((_vector_spacing == 0x0) || (SIZEOF (.vector_24) <= (_vector_spacing << 0x5))), function at exception vector 24 too large)

.vector_25      0x9fc01520        0x8
 *(.vector_25)
 .vector_25     0x9fc01520        0x8 c:/program files (x86)/microchip/xc32/v1.42/bin/bin/../../lib/gcc/pic32mx/4.8.3/../../../../pic32mx/lib\libpic32.a(vector25.o)
                0x9fc01520                __vector_dispatch_25
                0x00000001                ASSERT (((_vector_spacing == 0x0) || (SIZEOF (.vector_25) <= (_vector_spacing << 0x5))), function at exception vector 25 too large)

.vector_26      0x9fc01540        0x8
 *(.vector_26)
 .vector_26     0x9fc01540        0x8 c:/program files (x86)/microchip/xc32/v1.42/bin/bin/../../lib/gcc/pic32mx/4.8.3/../../../../pic32mx/lib\libpic32.a(vector26.o)
                0x9fc01540                __vector_dispatch_26
                0x00000001                ASSERT (((_vector_spacing == 0x0) || (SIZEOF (.vector_26) <= (_vector_spacing << 0x5))), function at exception vector 26 too large)

.vector_27      0x9fc01560        0x8
 *(.vector_27)
 .vector_27     0x9fc01560        0x8 c:/program files (x86)/microchip/xc32/v1.42/bin/bin/../../lib/gcc/pic32mx/4.8.3/../../../../pic32mx/lib\libpic32.a(vector27.o)
                0x9fc01560                __vector_dispatch_27
                0x00000001                ASSERT (((_vector_spacing == 0x0) || (SIZEOF (.vector_27) <= (_vector_spacing << 0x5))), function at exception vector 27 too large)

.vector_28      0x9fc01580        0x8
 *(.vector_28)
 .vector_28     0x9fc01580        0x8 c:/program files (x86)/microchip/xc32/v1.42/bin/bin/../../lib/gcc/pic32mx/4.8.3/../../../../pic32mx/lib\libpic32.a(vector28.o)
                0x9fc01580                __vector_dispatch_28
                0x00000001                ASSERT (((_vector_spacing == 0x0) || (SIZEOF (.vector_28) <= (_vector_spacing << 0x5))), function at exception vector 28 too large)

.vector_29      0x9fc015a0        0x8
 *(.vector_29)
 .vector_29     0x9fc015a0        0x8 c:/program files (x86)/microchip/xc32/v1.42/bin/bin/../../lib/gcc/pic32mx/4.8.3/../../../../pic32mx/lib\libpic32.a(vector29.o)
                0x9fc015a0                __vector_dispatch_29
                0x00000001                ASSERT (((_vector_spacing == 0x0) || (SIZEOF (.vector_29) <= (_vector_spacing << 0x5))), function at exception vector 29 too large)

.vector_30      0x9fc015c0        0x8
 *(.vector_30)
 .vector_30     0x9fc015c0        0x8 c:/program files (x86)/microchip/xc32/v1.42/bin/bin/../../lib/gcc/pic32mx/4.8.3/../../../../pic32mx/lib\libpic32.a(vector30.o)
                0x9fc015c0                __vector_dispatch_30
                0x00000001                ASSERT (((_vector_spacing == 0x0) || (SIZEOF (.vector_30) <= (_vector_spacing << 0x5))), function at exception vector 30 too large)

.vector_31      0x9fc015e0        0x8
 *(.vector_31)
 .vector_31     0x9fc015e0        0x8 c:/program files (x86)/microchip/xc32/v1.42/bin/bin/../../lib/gcc/pic32mx/4.8.3/../../../../pic32mx/lib\libpic32.a(vector31.o)
                0x9fc015e0                __vector_dispatch_31
                0x00000001                ASSERT (((_vector_spacing == 0x0) || (SIZEOF (.vector_31) <= (_vector_spacing << 0x5))), function at exception vector 31 too large)

.vector_32      0x9fc01600        0x8
 *(.vector_32)
 .vector_32     0x9fc01600        0x8 c:/program files (x86)/microchip/xc32/v1.42/bin/bin/../../lib/gcc/pic32mx/4.8.3/../../../../pic32mx/lib\libpic32.a(vector32.o)
                0x9fc01600                __vector_dispatch_32
                0x00000001                ASSERT (((_vector_spacing == 0x0) || (SIZEOF (.vector_32) <= (_vector_spacing << 0x5))), function at exception vector 32 too large)

.vector_33      0x9fc01620        0x8
 *(.vector_33)
 .vector_33     0x9fc01620        0x8 c:/program files (x86)/microchip/xc32/v1.42/bin/bin/../../lib/gcc/pic32mx/4.8.3/../../../../pic32mx/lib\libpic32.a(vector33.o)
                0x9fc01620                __vector_dispatch_33
                0x00000001                ASSERT (((_vector_spacing == 0x0) || (SIZEOF (.vector_33) <= (_vector_spacing << 0x5))), function at exception vector 33 too large)

.vector_34      0x9fc01640        0x8
 *(.vector_34)
 .vector_34     0x9fc01640        0x8 c:/program files (x86)/microchip/xc32/v1.42/bin/bin/../../lib/gcc/pic32mx/4.8.3/../../../../pic32mx/lib\libpic32.a(vector34.o)
                0x9fc01640                __vector_dispatch_34
                0x00000001                ASSERT (((_vector_spacing == 0x0) || (SIZEOF (.vector_34) <= (_vector_spacing << 0x5))), function at exception vector 34 too large)

.vector_35      0x9fc01660        0x8
 *(.vector_35)
 .vector_35     0x9fc01660        0x8 c:/program files (x86)/microchip/xc32/v1.42/bin/bin/../../lib/gcc/pic32mx/4.8.3/../../../../pic32mx/lib\libpic32.a(vector35.o)
                0x9fc01660                __vector_dispatch_35
                0x00000001                ASSERT (((_vector_spacing == 0x0) || (SIZEOF (.vector_35) <= (_vector_spacing << 0x5))), function at exception vector 35 too large)

.vector_36      0x9fc01680        0x8
 *(.vector_36)
 .vector_36     0x9fc01680        0x8 c:/program files (x86)/microchip/xc32/v1.42/bin/bin/../../lib/gcc/pic32mx/4.8.3/../../../../pic32mx/lib\libpic32.a(vector36.o)
                0x9fc01680                __vector_dispatch_36
                0x00000001                ASSERT (((_vector_spacing == 0x0) || (SIZEOF (.vector_36) <= (_vector_spacing << 0x5))), function at exception vector 36 too large)

.vector_37      0x9fc016a0        0x8
 *(.vector_37)
 .vector_37     0x9fc016a0        0x8 c:/program files (x86)/microchip/xc32/v1.42/bin/bin/../../lib/gcc/pic32mx/4.8.3/../../../../pic32mx/lib\libpic32.a(vector37.o)
                0x9fc016a0                __vector_dispatch_37
                0x00000001                ASSERT (((_vector_spacing == 0x0) || (SIZEOF (.vector_37) <= (_vector_spacing << 0x5))), function at exception vector 37 too large)

.vector_38      0x9fc016c0        0x8
 *(.vector_38)
 .vector_38     0x9fc016c0        0x8 c:/program files (x86)/microchip/xc32/v1.42/bin/bin/../../lib/gcc/pic32mx/4.8.3/../../../../pic32mx/lib\libpic32.a(vector38.o)
                0x9fc016c0                __vector_dispatch_38
                0x00000001                ASSERT (((_vector_spacing == 0x0) || (SIZEOF (.vector_38) <= (_vector_spacing << 0x5))), function at exception vector 38 too large)

.vector_39      0x9fc016e0        0x8
 *(.vector_39)
 .vector_39     0x9fc016e0        0x8 c:/program files (x86)/microchip/xc32/v1.42/bin/bin/../../lib/gcc/pic32mx/4.8.3/../../../../pic32mx/lib\libpic32.a(vector39.o)
                0x9fc016e0                __vector_dispatch_39
                0x00000001                ASSERT (((_vector_spacing == 0x0) || (SIZEOF (.vector_39) <= (_vector_spacing << 0x5))), function at exception vector 39 too large)

.vector_40      0x9fc01700        0x8
 *(.vector_40)
 .vector_40     0x9fc01700        0x8 c:/program files (x86)/microchip/xc32/v1.42/bin/bin/../../lib/gcc/pic32mx/4.8.3/../../../../pic32mx/lib\libpic32.a(vector40.o)
                0x9fc01700                __vector_dispatch_40
                0x00000001                ASSERT (((_vector_spacing == 0x0) || (SIZEOF (.vector_40) <= (_vector_spacing << 0x5))), function at exception vector 40 too large)

.vector_41      0x9fc01720        0x8
 *(.vector_41)
 .vector_41     0x9fc01720        0x8 c:/program files (x86)/microchip/xc32/v1.42/bin/bin/../../lib/gcc/pic32mx/4.8.3/../../../../pic32mx/lib\libpic32.a(vector41.o)
                0x9fc01720                __vector_dispatch_41
                0x00000001                ASSERT (((_vector_spacing == 0x0) || (SIZEOF (.vector_41) <= (_vector_spacing << 0x5))), function at exception vector 41 too large)

.vector_42      0x9fc01740        0x8
 *(.vector_42)
 .vector_42     0x9fc01740        0x8 c:/program files (x86)/microchip/xc32/v1.42/bin/bin/../../lib/gcc/pic32mx/4.8.3/../../../../pic32mx/lib\libpic32.a(vector42.o)
                0x9fc01740                __vector_dispatch_42
                0x00000001                ASSERT (((_vector_spacing == 0x0) || (SIZEOF (.vector_42) <= (_vector_spacing << 0x5))), function at exception vector 42 too large)

.vector_43      0x9fc01760        0x8
 *(.vector_43)
 .vector_43     0x9fc01760        0x8 c:/program files (x86)/microchip/xc32/v1.42/bin/bin/../../lib/gcc/pic32mx/4.8.3/../../../../pic32mx/lib\libpic32.a(vector43.o)
                0x9fc01760                __vector_dispatch_43
                0x00000001                ASSERT (((_vector_spacing == 0x0) || (SIZEOF (.vector_43) <= (_vector_spacing << 0x5))), function at exception vector 43 too large)

.vector_44      0x9fc01780        0x8
 *(.vector_44)
 .vector_44     0x9fc01780        0x8 c:/program files (x86)/microchip/xc32/v1.42/bin/bin/../../lib/gcc/pic32mx/4.8.3/../../../../pic32mx/lib\libpic32.a(vector44.o)
                0x9fc01780                __vector_dispatch_44
                0x00000001                ASSERT (((_vector_spacing == 0x0) || (SIZEOF (.vector_44) <= (_vector_spacing << 0x5))), function at exception vector 44 too large)

.vector_45      0x9fc017a0        0x8
 *(.vector_45)
 .vector_45     0x9fc017a0        0x8 c:/program files (x86)/microchip/xc32/v1.42/bin/bin/../../lib/gcc/pic32mx/4.8.3/../../../../pic32mx/lib\libpic32.a(vector45.o)
                0x9fc017a0                __vector_dispatch_45
                0x00000001                ASSERT (((_vector_spacing == 0x0) || (SIZEOF (.vector_45) <= (_vector_spacing << 0x5))), function at exception vector 45 too large)

.vector_46      0x9fc017c0        0x8
 *(.vector_46)
 .vector_46     0x9fc017c0        0x8 c:/program files (x86)/microchip/xc32/v1.42/bin/bin/../../lib/gcc/pic32mx/4.8.3/../../../../pic32mx/lib\libpic32.a(vector46.o)
                0x9fc017c0                __vector_dispatch_46
                0x00000001                ASSERT (((_vector_spacing == 0x0) || (SIZEOF (.vector_46) <= (_vector_spacing << 0x5))), function at exception vector 46 too large)

.vector_47      0x9fc017e0        0x8
 *(.vector_47)
 .vector_47     0x9fc017e0        0x8 c:/program files (x86)/microchip/xc32/v1.42/bin/bin/../../lib/gcc/pic32mx/4.8.3/../../../../pic32mx/lib\libpic32.a(vector47.o)
                0x9fc017e0                __vector_dispatch_47
                0x00000001                ASSERT (((_vector_spacing == 0x0) || (SIZEOF (.vector_47) <= (_vector_spacing << 0x5))), function at exception vector 47 too large)

.vector_48      0x9fc01800        0x8
 *(.vector_48)
 .vector_48     0x9fc01800        0x8 c:/program files (x86)/microchip/xc32/v1.42/bin/bin/../../lib/gcc/pic32mx/4.8.3/../../../../pic32mx/lib\libpic32.a(vector48.o)
                0x9fc01800                __vector_dispatch_48
                0x00000001                ASSERT (((_vector_spacing == 0x0) || (SIZEOF (.vector_48) <= (_vector_spacing << 0x5))), function at exception vector 48 too large)

.vector_49      0x9fc01820        0x8
 *(.vector_49)
 .vector_49     0x9fc01820        0x8 c:/program files (x86)/microchip/xc32/v1.42/bin/bin/../../lib/gcc/pic32mx/4.8.3/../../../../pic32mx/lib\libpic32.a(vector49.o)
                0x9fc01820                __vector_dispatch_49
                0x00000001                ASSERT (((_vector_spacing == 0x0) || (SIZEOF (.vector_49) <= (_vector_spacing << 0x5))), function at exception vector 49 too large)

.vector_50      0x9fc01840        0x8
 *(.vector_50)
 .vector_50     0x9fc01840        0x8 c:/program files (x86)/microchip/xc32/v1.42/bin/bin/../../lib/gcc/pic32mx/4.8.3/../../../../pic32mx/lib\libpic32.a(vector50.o)
                0x9fc01840                __vector_dispatch_50
                0x00000001                ASSERT (((_vector_spacing == 0x0) || (SIZEOF (.vector_50) <= (_vector_spacing << 0x5))), function at exception vector 50 too large)

.vector_51      0x9fc01860        0x8
 *(.vector_51)
 .vector_51     0x9fc01860        0x8 c:/program files (x86)/microchip/xc32/v1.42/bin/bin/../../lib/gcc/pic32mx/4.8.3/../../../../pic32mx/lib\libpic32.a(vector51.o)
                0x9fc01860                __vector_dispatch_51
                0x00000001                ASSERT (((_vector_spacing == 0x0) || (SIZEOF (.vector_51) <= (_vector_spacing << 0x5))), function at exception vector 51 too large)

.vector_52      0x9fc01880        0x0
 *(.vector_52)
                0x00000001                ASSERT (((_vector_spacing == 0x0) || (SIZEOF (.vector_52) <= (_vector_spacing << 0x5))), function at exception vector 52 too large)

.vector_53      0x9fc018a0        0x0
 *(.vector_53)
                0x00000001                ASSERT (((_vector_spacing == 0x0) || (SIZEOF (.vector_53) <= (_vector_spacing << 0x5))), function at exception vector 53 too large)

.vector_54      0x9fc018c0        0x0
 *(.vector_54)
                0x00000001                ASSERT (((_vector_spacing == 0x0) || (SIZEOF (.vector_54) <= (_vector_spacing << 0x5))), function at exception vector 54 too large)

.vector_55      0x9fc018e0        0x0
 *(.vector_55)
                0x00000001                ASSERT (((_vector_spacing == 0x0) || (SIZEOF (.vector_55) <= (_vector_spacing << 0x5))), function at exception vector 55 too large)

.vector_56      0x9fc01900        0x0
 *(.vector_56)
                0x00000001                ASSERT (((_vector_spacing == 0x0) || (SIZEOF (.vector_56) <= (_vector_spacing << 0x5))), function at exception vector 56 too large)

.vector_57      0x9fc01920        0x0
 *(.vector_57)
                0x00000001                ASSERT (((_vector_spacing == 0x0) || (SIZEOF (.vector_57) <= (_vector_spacing << 0x5))), function at exception vector 57 too large)

.vector_58      0x9fc01940        0x0
 *(.vector_58)
                0x00000001                ASSERT (((_vector_spacing == 0x0) || (SIZEOF (.vector_58) <= (_vector_spacing << 0x5))), function at exception vector 58 too large)

.vector_59      0x9fc01960        0x0
 *(.vector_59)
                0x00000001                ASSERT (((_vector_spacing == 0x0) || (SIZEOF (.vector_59) <= (_vector_spacing << 0x5))), function at exception vector 59 too large)

.vector_60      0x9fc01980        0x0
 *(.vector_60)
                0x00000001                ASSERT (((_vector_spacing == 0x0) || (SIZEOF (.vector_60) <= (_vector_spacing << 0x5))), function at exception vector 60 too large)

.vector_61      0x9fc019a0        0x0
 *(.vector_61)
                0x00000001                ASSERT (((_vector_spacing == 0x0) || (SIZEOF (.vector_61) <= (_vector_spacing << 0x5))), function at exception vector 61 too large)

.vector_62      0x9fc019c0        0x0
 *(.vector_62)
                0x00000001                ASSERT (((_vector_spacing == 0x0) || (SIZEOF (.vector_62) <= (_vector_spacing << 0x5))), function at exception vector 62 too large)

.vector_63      0x9fc019e0        0x0
 *(.vector_63)
                0x00000001                ASSERT (((_vector_spacing == 0x0) || (SIZEOF (.vector_63) <= (_vector_spacing << 0x5))), function at exception vector 63 too large)

.startup
 *(.startup)

.text           0x9d000000        0x0
 *(.stub .gnu.linkonce.t.*)
 *(.text.*personality*)
 *(.mips16.fn.*)
 *(.mips16.call.*)
 *(.gnu.warning)
                0x9d000000                . = ALIGN (0x4)

.init           0x9d000000        0x0
 *crti.o(.init)
 *crtbegin.o(.init)
 *(EXCLUDE_FILE(*crtn.o *crtend?.o *crtend.o) .init)
 *crtend.o(.init)
 *crtn.o(.init)
                0x9d000000                . = ALIGN (0x4)

.fini           0x9d000000        0x0
 *(.fini)
                0x9d000000                . = ALIGN (0x4)

.preinit_array  0x9d000000        0x0
                0x9d000000                PROVIDE (__preinit_array_start, .)
 *(.preinit_array)
                0x9d000000                PROVIDE (__preinit_array_end, .)
                0x9d000000                . = ALIGN (0x4)

.init_array     0x9d000000        0x0
                0x9d000000                PROVIDE (__init_array_start, .)
 *(SORT(.init_array.*))
 *(.init_array)
                0x9d000000                PROVIDE (__init_array_end, .)
                0x9d000000                . = ALIGN (0x4)

.fini_array     0x9d000000        0x0
                0x9d000000                PROVIDE (__fini_array_start, .)
 *(SORT(.fini_array.*))
 *(.fini_array)
                0x9d000000                PROVIDE (__fini_array_end, .)
                0x9d000000                . = ALIGN (0x4)

.ctors          0x9d000000        0x0
 *crtbegin.o(.ctors)
 *crtbegin?.o(.ctors)
 *(EXCLUDE_FILE(*crtend?.o *crtend.o) .ctors)
 *(SORT(.ctors.*))
 *(.ctors)
                0x9d000000                . = ALIGN (0x4)

.dtors          0x9d000000        0x0
 *crtbegin.o(.dtors)
 *crtbegin?.o(.dtors)
 *(EXCLUDE_FILE(*crtend?.o *crtend.o) .dtors)
 *(SORT(.dtors.*))
 *(.dtors)
                0x9d000000                . = ALIGN (0x4)

.rodata         0x9d000000        0x0
 *(.gnu.linkonce.r.*)
 *(.rodata1)
                0x9d000000                . = ALIGN (0x4)

.sdata2         0x9fc00490        0x0
 *(.sdata2 .sdata2.* .gnu.linkonce.s2.*)
                0x9fc00490                . = ALIGN (0x4)

.sbss2          0x9fc00490        0x0
 *(.sbss2 .sbss2.* .gnu.linkonce.sb2.*)
                0x9fc00490                . = ALIGN (0x4)

.eh_frame_hdr
 *(.eh_frame_hdr)
                0x9fc00490                . = ALIGN (0x4)

.eh_frame
 *(.eh_frame)
                0x9fc00490                . = ALIGN (0x4)

.gcc_except_table
 *(.gcc_except_table .gcc_except_table.*)
                0x9fc00490                . = ALIGN (0x4)

.dbg_data       0xa0000000        0x0
                0xa0000000                . = (. + DEFINED (_DEBUGGER)?0x200:0x0)

.jcr            0xa0000000        0x0
 *(.jcr)
                0xa0000000                . = ALIGN (0x4)

.eh_frame
 *(.eh_frame)
                0xa0000000                . = ALIGN (0x4)

.gcc_except_table
 *(.gcc_except_table .gcc_except_table.*)
                0xa0000000                . = ALIGN (0x4)

.persist        0xa0000000        0x0
                0xa0000000                _persist_begin = .
 *(.persist .persist.*)
 *(.pbss .pbss.*)
                0xa0000000                . = ALIGN (0x4)
                0xa0000000                _persist_end = .

.data           0xa0000000        0x0
 *(.gnu.linkonce.d.*)
 *(.data1)
                0xa0000000                . = ALIGN (0x4)
                0xa0000000                . = .
                0xa0007ff0                _gp = (ALIGN (0x10) + 0x7ff0)

.got            0xa0000000        0x0
 *(.got.plt)
 *(.got)
                0xa0000000                . = ALIGN (0x4)

.sdata          0xa0000000        0x4
                0xa0000000                _sdata_begin = .
 *(.sdata .sdata.* .gnu.linkonce.s.*)
 .sdata         0xa0000000        0x4 build/milestone1/production/_ext/151966438/port.o
                0xa0000000                uxInterruptNesting
                0xa0000004                . = ALIGN (0x4)
                0xa0000004                _sdata_end = .

.lit8
 *(.lit8)

.lit4
 *(.lit4)
                0xa0000004                . = ALIGN (0x4)
                0xa0000004                _data_end = .
                0xa0000004                _bss_begin = .

.sbss           0xa0000004       0x74
                0xa0000004                _sbss_begin = .
 *(.dynsbss)
 *(.sbss .sbss.* .gnu.linkonce.sb.*)
 .sbss          0xa0000004        0x4 build/milestone1/production/_ext/1360937237/app.o
 .sbss          0xa0000008       0x3c build/milestone1/production/_ext/1293195876/tasks.o
                0xa0000040                pxCurrentTCB
 .sbss          0xa0000044        0x8 build/milestone1/production/_ext/878560967/heap_1.o
 .sbss          0xa000004c        0x4 build/milestone1/production/_ext/151966438/port.o
                0xa000004c                uxSavedTaskStackPointer
 .sbss          0xa0000050        0x1 build/milestone1/production/_ext/1864120335/drv_tmr_static.o
 *fill*         0xa0000051        0x3 
 .sbss          0xa0000054        0xc build/milestone1/production/_ext/1555642536/system_exceptions.o
 *(.scommon)
 .scommon       0xa0000060        0x8 build/milestone1/production/_ext/1360937237/app.o
                0xa0000060                appData
                0xa0000064                app1Iter
 .scommon       0xa0000068        0x4 build/milestone1/production/_ext/1360937237/debug.o
                0xa0000068                global_data
 .scommon       0xa000006c        0x8 build/milestone1/production/_ext/1710693635/sys_devcon.o
                0xa000006c                sysDevconObj
 .scommon       0xa0000074        0x4 build/milestone1/production/_ext/192191419/drv_usart_static.o
                0xa0000074                gDrvUSART0Obj
                0xa0000078                _sbss_end = .
                0xa0000078                . = ALIGN (0x4)

.bss            0xa0000078        0xc
 *(.dynbss)
 *(COMMON)
 COMMON         0xa0000078        0xc build/milestone1/production/_ext/1555642536/system_init.o
                0xa0000078                sysObj
                0xa0000084                . = ALIGN ((. != 0x0)?0x4:0x1)
                0xa0000084                . = ALIGN (0x4)
                0xa0000084                _end = .
                0xa0000084                _bss_end = .
                0x00020000                _bmxdudba_address = 0x20000
                0x00020000                _bmxdupba_address = 0x20000

/DISCARD/
 *(.pdr)
 *(.rel.dyn)
 *(.note.GNU-stack)
 *(.note.GNU-stack)
 *(.gnu_debuglink)
 *(.gnu.lto_*)
 *(.discard)

.gptab.sdata
 *(.gptab.data)
 *(.gptab.sdata)

.gptab.sbss
 *(.gptab.bss)
 *(.gptab.sbss)

.mdebug.abi32   0xa0000084        0x0
 *(.mdebug.abi32)
 .mdebug.abi32  0xa0000084        0x0 build/milestone1/production/_ext/1360937237/app.o
 .mdebug.abi32  0xa0000084        0x0 build/milestone1/production/_ext/1360937237/main.o
 .mdebug.abi32  0xa0000084        0x0 build/milestone1/production/_ext/1360937237/debug.o
 .mdebug.abi32  0xa0000084        0x0 build/milestone1/production/_ext/2105501065/osal_freertos.o
 .mdebug.abi32  0xa0000084        0x0 build/milestone1/production/_ext/1710693635/sys_devcon.o
 .mdebug.abi32  0xa0000084        0x0 build/milestone1/production/_ext/1710693635/sys_devcon_pic32mx.o
 .mdebug.abi32  0xa0000084        0x0 build/milestone1/production/_ext/1955241161/sys_int_pic32.o
 .mdebug.abi32  0xa0000084        0x0 build/milestone1/production/_ext/1293195876/croutine.o
 .mdebug.abi32  0xa0000084        0x0 build/milestone1/production/_ext/1293195876/list.o
 .mdebug.abi32  0xa0000084        0x0 build/milestone1/production/_ext/1293195876/queue.o
 .mdebug.abi32  0xa0000084        0x0 build/milestone1/production/_ext/1293195876/tasks.o
 .mdebug.abi32  0xa0000084        0x0 build/milestone1/production/_ext/1293195876/timers.o
 .mdebug.abi32  0xa0000084        0x0 build/milestone1/production/_ext/1293195876/event_groups.o
 .mdebug.abi32  0xa0000084        0x0 build/milestone1/production/_ext/878560967/heap_1.o
 .mdebug.abi32  0xa0000084        0x0 build/milestone1/production/_ext/151966438/port.o
 .mdebug.abi32  0xa0000084        0x0 build/milestone1/production/_ext/1152747240/drv_oc_mapping.o
 .mdebug.abi32  0xa0000084        0x0 build/milestone1/production/_ext/1152747240/drv_oc_static.o
 .mdebug.abi32  0xa0000084        0x0 build/milestone1/production/_ext/1864120335/drv_tmr_static.o
 .mdebug.abi32  0xa0000084        0x0 build/milestone1/production/_ext/1864120335/drv_tmr_mapping.o
 .mdebug.abi32  0xa0000084        0x0 build/milestone1/production/_ext/192191419/drv_usart_mapping.o
 .mdebug.abi32  0xa0000084        0x0 build/milestone1/production/_ext/192191419/drv_usart_static.o
 .mdebug.abi32  0xa0000084        0x0 build/milestone1/production/_ext/192191419/drv_usart_static_byte_model.o
 .mdebug.abi32  0xa0000084        0x0 build/milestone1/production/_ext/383799649/sys_clk_static.o
 .mdebug.abi32  0xa0000084        0x0 build/milestone1/production/_ext/956857457/sys_ports_static.o
 .mdebug.abi32  0xa0000084        0x0 build/milestone1/production/_ext/1555642536/system_init.o
 .mdebug.abi32  0xa0000084        0x0 build/milestone1/production/_ext/1555642536/system_interrupt.o
 .mdebug.abi32  0xa0000084        0x0 build/milestone1/production/_ext/1555642536/system_exceptions.o
 .mdebug.abi32  0xa0000084        0x0 build/milestone1/production/_ext/1555642536/system_tasks.o
 .mdebug.abi32  0xa0000084        0x0 build/milestone1/production/_ext/1555642536/rtos_hooks.o
 .mdebug.abi32  0xa0000084        0x0 c:/program files (x86)/microchip/xc32/v1.42/bin/bin/../../lib/gcc/pic32mx/4.8.3/../../../../pic32mx/lib\libpic32.a(default-bootstrap-exception-handler.o)
 .mdebug.abi32  0xa0000084        0x0 c:/program files (x86)/microchip/xc32/v1.42/bin/bin/../../lib/gcc/pic32mx/4.8.3/../../../../pic32mx/lib\libpic32.a(default-on-reset.o)
 .mdebug.abi32  0xa0000084        0x0 c:/program files (x86)/microchip/xc32/v1.42/bin/bin/../../lib/gcc/pic32mx/4.8.3/../../../../pic32mx/lib\libpic32.a(default-on-bootstrap.o)
 .mdebug.abi32  0xa0000084        0x0 c:/program files (x86)/microchip/xc32/v1.42/bin/bin/../../lib/gcc/pic32mx/4.8.3/../../../../pic32mx/lib\libpic32.a(defaultinterrupt.o)

.mdebug.abiN32
 *(.mdebug.abiN32)

.mdebug.abi64
 *(.mdebug.abi64)

.mdebug.abiO64
 *(.mdebug.abiO64)

.mdebug.eabi32
 *(.mdebug.eabi32)

.mdebug.eabi64
 *(.mdebug.eabi64)

.gcc_compiled_long32
 *(.gcc_compiled_long32)

.gcc_compiled_long64
 *(.gcc_compiled_long64)

.stab
 *(.stab)

.stabstr
 *(.stabstr)

.stab.excl
 *(.stab.excl)

.stab.exclstr
 *(.stab.exclstr)

.stab.index
 *(.stab.index)

.stab.indexstr
 *(.stab.indexstr)

.comment        0x00000000       0x54
 *(.comment)
 .comment       0x00000000       0x3c build/milestone1/production/_ext/1360937237/app.o
                                 0x3d (size before relaxing)
 .comment       0x00000000       0x3d build/milestone1/production/_ext/1360937237/main.o
 .comment       0x00000000       0x3d build/milestone1/production/_ext/1360937237/debug.o
 .comment       0x00000000       0x3d build/milestone1/production/_ext/2105501065/osal_freertos.o
 .comment       0x00000000       0x3d build/milestone1/production/_ext/1710693635/sys_devcon.o
 .comment       0x00000000       0x3d build/milestone1/production/_ext/1710693635/sys_devcon_pic32mx.o
 .comment       0x00000000       0x3d build/milestone1/production/_ext/1955241161/sys_int_pic32.o
 .comment       0x00000000       0x3d build/milestone1/production/_ext/1293195876/croutine.o
 .comment       0x00000000       0x3d build/milestone1/production/_ext/1293195876/list.o
 .comment       0x00000000       0x3d build/milestone1/production/_ext/1293195876/queue.o
 .comment       0x00000000       0x3d build/milestone1/production/_ext/1293195876/tasks.o
 .comment       0x00000000       0x3d build/milestone1/production/_ext/1293195876/timers.o
 .comment       0x00000000       0x3d build/milestone1/production/_ext/1293195876/event_groups.o
 .comment       0x00000000       0x3d build/milestone1/production/_ext/878560967/heap_1.o
 .comment       0x00000000       0x3d build/milestone1/production/_ext/151966438/port.o
 .comment       0x00000000       0x3d build/milestone1/production/_ext/1152747240/drv_oc_mapping.o
 .comment       0x00000000       0x3d build/milestone1/production/_ext/1152747240/drv_oc_static.o
 .comment       0x00000000       0x3d build/milestone1/production/_ext/1864120335/drv_tmr_static.o
 .comment       0x00000000       0x3d build/milestone1/production/_ext/1864120335/drv_tmr_mapping.o
 .comment       0x00000000       0x3d build/milestone1/production/_ext/192191419/drv_usart_mapping.o
 .comment       0x00000000       0x3d build/milestone1/production/_ext/192191419/drv_usart_static.o
 .comment       0x00000000       0x3d build/milestone1/production/_ext/192191419/drv_usart_static_byte_model.o
 .comment       0x00000000       0x3d build/milestone1/production/_ext/383799649/sys_clk_static.o
 .comment       0x00000000       0x3d build/milestone1/production/_ext/956857457/sys_ports_static.o
 .comment       0x00000000       0x3d build/milestone1/production/_ext/1555642536/system_init.o
 .comment       0x00000000       0x3d build/milestone1/production/_ext/1555642536/system_interrupt.o
 .comment       0x00000000       0x3d build/milestone1/production/_ext/1555642536/system_exceptions.o
 .comment       0x00000000       0x3d build/milestone1/production/_ext/1555642536/system_tasks.o
 .comment       0x00000000       0x3d build/milestone1/production/_ext/1555642536/rtos_hooks.o
 .comment       0x0000003c       0x18 c:/program files (x86)/microchip/xc32/v1.42/bin/bin/../../lib/gcc/pic32mx/4.8.3/../../../../pic32mx/lib\libpic32.a(memset.o)
                                 0x19 (size before relaxing)
 .comment       0x00000000       0x3d c:/program files (x86)/microchip/xc32/v1.42/bin/bin/../../lib/gcc/pic32mx/4.8.3/../../../../pic32mx/lib\libpic32.a(default-bootstrap-exception-handler.o)
 .comment       0x00000000       0x3d c:/program files (x86)/microchip/xc32/v1.42/bin/bin/../../lib/gcc/pic32mx/4.8.3/../../../../pic32mx/lib\libpic32.a(default-on-reset.o)
 .comment       0x00000000       0x3d c:/program files (x86)/microchip/xc32/v1.42/bin/bin/../../lib/gcc/pic32mx/4.8.3/../../../../pic32mx/lib\libpic32.a(default-on-bootstrap.o)
 .comment       0x00000000       0x3d c:/program files (x86)/microchip/xc32/v1.42/bin/bin/../../lib/gcc/pic32mx/4.8.3/../../../../pic32mx/lib\libpic32.a(defaultinterrupt.o)

.debug
 *(.debug)

.line
 *(.line)

.debug_srcinfo
 *(.debug_srcinfo)

.debug_sfnames
 *(.debug_sfnames)

.debug_aranges  0x00000000      0xbc8
 *(.debug_aranges)
 .debug_aranges
                0x00000000       0x30 build/milestone1/production/_ext/1360937237/app.o
 .debug_aranges
                0x00000030       0x20 build/milestone1/production/_ext/1360937237/main.o
 .debug_aranges
                0x00000050       0x40 build/milestone1/production/_ext/1360937237/debug.o
 .debug_aranges
                0x00000090       0x88 build/milestone1/production/_ext/2105501065/osal_freertos.o
 .debug_aranges
                0x00000118       0x78 build/milestone1/production/_ext/1710693635/sys_devcon.o
 .debug_aranges
                0x00000190       0x20 build/milestone1/production/_ext/1710693635/sys_devcon_pic32mx.o
 .debug_aranges
                0x000001b0       0x48 build/milestone1/production/_ext/1955241161/sys_int_pic32.o
 .debug_aranges
                0x000001f8       0x18 build/milestone1/production/_ext/1293195876/croutine.o
 .debug_aranges
                0x00000210       0x40 build/milestone1/production/_ext/1293195876/list.o
 .debug_aranges
                0x00000250       0xb0 build/milestone1/production/_ext/1293195876/queue.o
 .debug_aranges
                0x00000300      0x178 build/milestone1/production/_ext/1293195876/tasks.o
 .debug_aranges
                0x00000478       0x18 build/milestone1/production/_ext/1293195876/timers.o
 .debug_aranges
                0x00000490       0x60 build/milestone1/production/_ext/1293195876/event_groups.o
 .debug_aranges
                0x000004f0       0x38 build/milestone1/production/_ext/878560967/heap_1.o
 .debug_aranges
                0x00000528       0x58 build/milestone1/production/_ext/151966438/port.o
 .debug_aranges
                0x00000580       0x20 build/milestone1/production/_ext/151966438/port_asm.o
 .debug_aranges
                0x000005a0       0x38 build/milestone1/production/_ext/1152747240/drv_oc_mapping.o
 .debug_aranges
                0x000005d8       0x78 build/milestone1/production/_ext/1152747240/drv_oc_static.o
 .debug_aranges
                0x00000650       0x88 build/milestone1/production/_ext/1864120335/drv_tmr_static.o
 .debug_aranges
                0x000006d8       0xe8 build/milestone1/production/_ext/1864120335/drv_tmr_mapping.o
 .debug_aranges
                0x000007c0       0xa8 build/milestone1/production/_ext/192191419/drv_usart_mapping.o
 .debug_aranges
                0x00000868       0x60 build/milestone1/production/_ext/192191419/drv_usart_static.o
 .debug_aranges
                0x000008c8       0x48 build/milestone1/production/_ext/192191419/drv_usart_static_byte_model.o
 .debug_aranges
                0x00000910       0x50 build/milestone1/production/_ext/383799649/sys_clk_static.o
 .debug_aranges
                0x00000960      0x108 build/milestone1/production/_ext/956857457/sys_ports_static.o
 .debug_aranges
                0x00000a68       0x20 build/milestone1/production/_ext/1555642536/system_init.o
 .debug_aranges
                0x00000a88       0x20 build/milestone1/production/_ext/1555642536/system_interrupt.o
 .debug_aranges
                0x00000aa8       0x20 build/milestone1/production/_ext/1555642536/system_exceptions.o
 .debug_aranges
                0x00000ac8       0x30 build/milestone1/production/_ext/1555642536/system_tasks.o
 .debug_aranges
                0x00000af8       0x28 build/milestone1/production/_ext/1555642536/system_interrupt_a.o
 .debug_aranges
                0x00000b20       0x28 build/milestone1/production/_ext/1555642536/rtos_hooks.o
 .debug_aranges
                0x00000b48       0x20 c:/program files (x86)/microchip/xc32/v1.42/bin/bin/../../lib/gcc/pic32mx/4.8.3/../../../../pic32mx/lib\libpic32.a(default-bootstrap-exception-handler.o)
 .debug_aranges
                0x00000b68       0x20 c:/program files (x86)/microchip/xc32/v1.42/bin/bin/../../lib/gcc/pic32mx/4.8.3/../../../../pic32mx/lib\libpic32.a(default-on-reset.o)
 .debug_aranges
                0x00000b88       0x20 c:/program files (x86)/microchip/xc32/v1.42/bin/bin/../../lib/gcc/pic32mx/4.8.3/../../../../pic32mx/lib\libpic32.a(default-on-bootstrap.o)
 .debug_aranges
                0x00000ba8       0x20 c:/program files (x86)/microchip/xc32/v1.42/bin/bin/../../lib/gcc/pic32mx/4.8.3/../../../../pic32mx/lib\libpic32.a(defaultinterrupt.o)

.debug_pubnames
 *(.debug_pubnames)

.debug_info     0x00000000    0x3c598
 *(.debug_info .gnu.linkonce.wi.*)
 .debug_info    0x00000000     0x3936 build/milestone1/production/_ext/1360937237/app.o
 .debug_info    0x00003936      0x1ba build/milestone1/production/_ext/1360937237/main.o
 .debug_info    0x00003af0     0x345d build/milestone1/production/_ext/1360937237/debug.o
 .debug_info    0x00006f4d      0xac2 build/milestone1/production/_ext/2105501065/osal_freertos.o
 .debug_info    0x00007a0f     0x1182 build/milestone1/production/_ext/1710693635/sys_devcon.o
 .debug_info    0x00008b91      0xd73 build/milestone1/production/_ext/1710693635/sys_devcon_pic32mx.o
 .debug_info    0x00009904     0x15da build/milestone1/production/_ext/1955241161/sys_int_pic32.o
 .debug_info    0x0000aede      0x1a3 build/milestone1/production/_ext/1293195876/croutine.o
 .debug_info    0x0000b081      0x49f build/milestone1/production/_ext/1293195876/list.o
 .debug_info    0x0000b520     0x1952 build/milestone1/production/_ext/1293195876/queue.o
 .debug_info    0x0000ce72     0x2941 build/milestone1/production/_ext/1293195876/tasks.o
 .debug_info    0x0000f7b3      0x1a1 build/milestone1/production/_ext/1293195876/timers.o
 .debug_info    0x0000f954      0xd76 build/milestone1/production/_ext/1293195876/event_groups.o
 .debug_info    0x000106ca      0x3a9 build/milestone1/production/_ext/878560967/heap_1.o
 .debug_info    0x00010a73     0x11d2 build/milestone1/production/_ext/151966438/port.o
 .debug_info    0x00011c45       0xf1 build/milestone1/production/_ext/151966438/port_asm.o
 .debug_info    0x00011d36     0x33fe build/milestone1/production/_ext/1152747240/drv_oc_mapping.o
 .debug_info    0x00015134     0x10e5 build/milestone1/production/_ext/1152747240/drv_oc_static.o
 .debug_info    0x00016219     0x33d9 build/milestone1/production/_ext/1864120335/drv_tmr_static.o
 .debug_info    0x000195f2     0x1379 build/milestone1/production/_ext/1864120335/drv_tmr_mapping.o
 .debug_info    0x0001a96b     0x3efb build/milestone1/production/_ext/192191419/drv_usart_mapping.o
 .debug_info    0x0001e866     0x4fd4 build/milestone1/production/_ext/192191419/drv_usart_static.o
 .debug_info    0x0002383a     0x386b build/milestone1/production/_ext/192191419/drv_usart_static_byte_model.o
 .debug_info    0x000270a5     0x3c54 build/milestone1/production/_ext/383799649/sys_clk_static.o
 .debug_info    0x0002acf9     0x3ae8 build/milestone1/production/_ext/956857457/sys_ports_static.o
 .debug_info    0x0002e7e1     0x37b4 build/milestone1/production/_ext/1555642536/system_init.o
 .debug_info    0x00031f95     0x3b02 build/milestone1/production/_ext/1555642536/system_interrupt.o
 .debug_info    0x00035a97     0x3225 build/milestone1/production/_ext/1555642536/system_exceptions.o
 .debug_info    0x00038cbc     0x3244 build/milestone1/production/_ext/1555642536/system_tasks.o
 .debug_info    0x0003bf00       0xaf build/milestone1/production/_ext/1555642536/system_interrupt_a.o
 .debug_info    0x0003bfaf      0x265 build/milestone1/production/_ext/1555642536/rtos_hooks.o
 .debug_info    0x0003c214       0xf5 c:/program files (x86)/microchip/xc32/v1.42/bin/bin/../../lib/gcc/pic32mx/4.8.3/../../../../pic32mx/lib\libpic32.a(default-bootstrap-exception-handler.o)
 .debug_info    0x0003c309       0xcf c:/program files (x86)/microchip/xc32/v1.42/bin/bin/../../lib/gcc/pic32mx/4.8.3/../../../../pic32mx/lib\libpic32.a(default-on-reset.o)
 .debug_info    0x0003c3d8       0xd7 c:/program files (x86)/microchip/xc32/v1.42/bin/bin/../../lib/gcc/pic32mx/4.8.3/../../../../pic32mx/lib\libpic32.a(default-on-bootstrap.o)
 .debug_info    0x0003c4af       0xe9 c:/program files (x86)/microchip/xc32/v1.42/bin/bin/../../lib/gcc/pic32mx/4.8.3/../../../../pic32mx/lib\libpic32.a(defaultinterrupt.o)

.debug_abbrev   0x00000000     0x35b3
 *(.debug_abbrev)
 .debug_abbrev  0x00000000      0x225 build/milestone1/production/_ext/1360937237/app.o
 .debug_abbrev  0x00000225       0x93 build/milestone1/production/_ext/1360937237/main.o
 .debug_abbrev  0x000002b8      0x140 build/milestone1/production/_ext/1360937237/debug.o
 .debug_abbrev  0x000003f8      0x1fe build/milestone1/production/_ext/2105501065/osal_freertos.o
 .debug_abbrev  0x000005f6      0x26d build/milestone1/production/_ext/1710693635/sys_devcon.o
 .debug_abbrev  0x00000863      0x16d build/milestone1/production/_ext/1710693635/sys_devcon_pic32mx.o
 .debug_abbrev  0x000009d0      0x1d0 build/milestone1/production/_ext/1955241161/sys_int_pic32.o
 .debug_abbrev  0x00000ba0       0x1b build/milestone1/production/_ext/1293195876/croutine.o
 .debug_abbrev  0x00000bbb       0xf1 build/milestone1/production/_ext/1293195876/list.o
 .debug_abbrev  0x00000cac      0x2f4 build/milestone1/production/_ext/1293195876/queue.o
 .debug_abbrev  0x00000fa0      0x381 build/milestone1/production/_ext/1293195876/tasks.o
 .debug_abbrev  0x00001321       0x1b build/milestone1/production/_ext/1293195876/timers.o
 .debug_abbrev  0x0000133c      0x29a build/milestone1/production/_ext/1293195876/event_groups.o
 .debug_abbrev  0x000015d6      0x13f build/milestone1/production/_ext/878560967/heap_1.o
 .debug_abbrev  0x00001715      0x2cf build/milestone1/production/_ext/151966438/port.o
 .debug_abbrev  0x000019e4       0x14 build/milestone1/production/_ext/151966438/port_asm.o
 .debug_abbrev  0x000019f8      0x162 build/milestone1/production/_ext/1152747240/drv_oc_mapping.o
 .debug_abbrev  0x00001b5a      0x160 build/milestone1/production/_ext/1152747240/drv_oc_static.o
 .debug_abbrev  0x00001cba      0x314 build/milestone1/production/_ext/1864120335/drv_tmr_static.o
 .debug_abbrev  0x00001fce      0x2c2 build/milestone1/production/_ext/1864120335/drv_tmr_mapping.o
 .debug_abbrev  0x00002290      0x216 build/milestone1/production/_ext/192191419/drv_usart_mapping.o
 .debug_abbrev  0x000024a6      0x373 build/milestone1/production/_ext/192191419/drv_usart_static.o
 .debug_abbrev  0x00002819      0x24f build/milestone1/production/_ext/192191419/drv_usart_static_byte_model.o
 .debug_abbrev  0x00002a68      0x27b build/milestone1/production/_ext/383799649/sys_clk_static.o
 .debug_abbrev  0x00002ce3      0x222 build/milestone1/production/_ext/956857457/sys_ports_static.o
 .debug_abbrev  0x00002f05      0x216 build/milestone1/production/_ext/1555642536/system_init.o
 .debug_abbrev  0x0000311b      0x16c build/milestone1/production/_ext/1555642536/system_interrupt.o
 .debug_abbrev  0x00003287       0xa9 build/milestone1/production/_ext/1555642536/system_exceptions.o
 .debug_abbrev  0x00003330      0x13a build/milestone1/production/_ext/1555642536/system_tasks.o
 .debug_abbrev  0x0000346a       0x12 build/milestone1/production/_ext/1555642536/system_interrupt_a.o
 .debug_abbrev  0x0000347c       0x97 build/milestone1/production/_ext/1555642536/rtos_hooks.o
 .debug_abbrev  0x00003513       0x28 c:/program files (x86)/microchip/xc32/v1.42/bin/bin/../../lib/gcc/pic32mx/4.8.3/../../../../pic32mx/lib\libpic32.a(default-bootstrap-exception-handler.o)
 .debug_abbrev  0x0000353b       0x28 c:/program files (x86)/microchip/xc32/v1.42/bin/bin/../../lib/gcc/pic32mx/4.8.3/../../../../pic32mx/lib\libpic32.a(default-on-reset.o)
 .debug_abbrev  0x00003563       0x28 c:/program files (x86)/microchip/xc32/v1.42/bin/bin/../../lib/gcc/pic32mx/4.8.3/../../../../pic32mx/lib\libpic32.a(default-on-bootstrap.o)
 .debug_abbrev  0x0000358b       0x28 c:/program files (x86)/microchip/xc32/v1.42/bin/bin/../../lib/gcc/pic32mx/4.8.3/../../../../pic32mx/lib\libpic32.a(defaultinterrupt.o)

.debug_line     0x00000000     0x6d91
 *(.debug_line)
 .debug_line    0x00000000      0x3fc build/milestone1/production/_ext/1360937237/app.o
 .debug_line    0x000003fc       0xc7 build/milestone1/production/_ext/1360937237/main.o
 .debug_line    0x000004c3      0x2f5 build/milestone1/production/_ext/1360937237/debug.o
 .debug_line    0x000007b8      0x2bb build/milestone1/production/_ext/2105501065/osal_freertos.o
 .debug_line    0x00000a73      0x5c6 build/milestone1/production/_ext/1710693635/sys_devcon.o
 .debug_line    0x00001039      0x471 build/milestone1/production/_ext/1710693635/sys_devcon_pic32mx.o
 .debug_line    0x000014aa      0x38c build/milestone1/production/_ext/1955241161/sys_int_pic32.o
 .debug_line    0x00001836       0x1d build/milestone1/production/_ext/1293195876/croutine.o
 .debug_line    0x00001853      0x1dc build/milestone1/production/_ext/1293195876/list.o
 .debug_line    0x00001a2f      0x496 build/milestone1/production/_ext/1293195876/queue.o
 .debug_line    0x00001ec5      0x7ba build/milestone1/production/_ext/1293195876/tasks.o
 .debug_line    0x0000267f       0x1d build/milestone1/production/_ext/1293195876/timers.o
 .debug_line    0x0000269c      0x325 build/milestone1/production/_ext/1293195876/event_groups.o
 .debug_line    0x000029c1      0x217 build/milestone1/production/_ext/878560967/heap_1.o
 .debug_line    0x00002bd8      0x23a build/milestone1/production/_ext/151966438/port.o
 .debug_line    0x00002e12      0x126 build/milestone1/production/_ext/151966438/port_asm.o
 .debug_line    0x00002f38      0x23e build/milestone1/production/_ext/1152747240/drv_oc_mapping.o
 .debug_line    0x00003176      0x422 build/milestone1/production/_ext/1152747240/drv_oc_static.o
 .debug_line    0x00003598      0x6fd build/milestone1/production/_ext/1864120335/drv_tmr_static.o
 .debug_line    0x00003c95      0x50f build/milestone1/production/_ext/1864120335/drv_tmr_mapping.o
 .debug_line    0x000041a4      0x455 build/milestone1/production/_ext/192191419/drv_usart_mapping.o
 .debug_line    0x000045f9      0x6a7 build/milestone1/production/_ext/192191419/drv_usart_static.o
 .debug_line    0x00004ca0      0x429 build/milestone1/production/_ext/192191419/drv_usart_static_byte_model.o
 .debug_line    0x000050c9      0x41d build/milestone1/production/_ext/383799649/sys_clk_static.o
 .debug_line    0x000054e6      0x796 build/milestone1/production/_ext/956857457/sys_ports_static.o
 .debug_line    0x00005c7c      0x4be build/milestone1/production/_ext/1555642536/system_init.o
 .debug_line    0x0000613a      0x2c1 build/milestone1/production/_ext/1555642536/system_interrupt.o
 .debug_line    0x000063fb      0x1da build/milestone1/production/_ext/1555642536/system_exceptions.o
 .debug_line    0x000065d5      0x368 build/milestone1/production/_ext/1555642536/system_tasks.o
 .debug_line    0x0000693d       0x7e build/milestone1/production/_ext/1555642536/system_interrupt_a.o
 .debug_line    0x000069bb      0x155 build/milestone1/production/_ext/1555642536/rtos_hooks.o
 .debug_line    0x00006b10       0xa9 c:/program files (x86)/microchip/xc32/v1.42/bin/bin/../../lib/gcc/pic32mx/4.8.3/../../../../pic32mx/lib\libpic32.a(default-bootstrap-exception-handler.o)
 .debug_line    0x00006bb9       0x96 c:/program files (x86)/microchip/xc32/v1.42/bin/bin/../../lib/gcc/pic32mx/4.8.3/../../../../pic32mx/lib\libpic32.a(default-on-reset.o)
 .debug_line    0x00006c4f       0x9a c:/program files (x86)/microchip/xc32/v1.42/bin/bin/../../lib/gcc/pic32mx/4.8.3/../../../../pic32mx/lib\libpic32.a(default-on-bootstrap.o)
 .debug_line    0x00006ce9       0xa8 c:/program files (x86)/microchip/xc32/v1.42/bin/bin/../../lib/gcc/pic32mx/4.8.3/../../../../pic32mx/lib\libpic32.a(defaultinterrupt.o)

.debug_frame    0x00000000     0x1904
 *(.debug_frame)
 .debug_frame   0x00000000       0x60 build/milestone1/production/_ext/1360937237/app.o
 .debug_frame   0x00000060       0x28 build/milestone1/production/_ext/1360937237/main.o
 .debug_frame   0x00000088       0x70 build/milestone1/production/_ext/1360937237/debug.o
 .debug_frame   0x000000f8      0x150 build/milestone1/production/_ext/2105501065/osal_freertos.o
 .debug_frame   0x00000248       0xe8 build/milestone1/production/_ext/1710693635/sys_devcon.o
 .debug_frame   0x00000330       0x28 build/milestone1/production/_ext/1710693635/sys_devcon_pic32mx.o
 .debug_frame   0x00000358       0x90 build/milestone1/production/_ext/1955241161/sys_int_pic32.o
 .debug_frame   0x000003e8       0x60 build/milestone1/production/_ext/1293195876/list.o
 .debug_frame   0x00000448      0x218 build/milestone1/production/_ext/1293195876/queue.o
 .debug_frame   0x00000660      0x458 build/milestone1/production/_ext/1293195876/tasks.o
 .debug_frame   0x00000ab8      0x108 build/milestone1/production/_ext/1293195876/event_groups.o
 .debug_frame   0x00000bc0       0x5c build/milestone1/production/_ext/878560967/heap_1.o
 .debug_frame   0x00000c1c       0xc0 build/milestone1/production/_ext/151966438/port.o
 .debug_frame   0x00000cdc       0x70 build/milestone1/production/_ext/1152747240/drv_oc_mapping.o
 .debug_frame   0x00000d4c       0xd0 build/milestone1/production/_ext/1152747240/drv_oc_static.o
 .debug_frame   0x00000e1c       0xf8 build/milestone1/production/_ext/1864120335/drv_tmr_static.o
 .debug_frame   0x00000f14      0x26c build/milestone1/production/_ext/1864120335/drv_tmr_mapping.o
 .debug_frame   0x00001180      0x214 build/milestone1/production/_ext/192191419/drv_usart_mapping.o
 .debug_frame   0x00001394       0xc0 build/milestone1/production/_ext/192191419/drv_usart_static.o
 .debug_frame   0x00001454       0x80 build/milestone1/production/_ext/192191419/drv_usart_static_byte_model.o
 .debug_frame   0x000014d4       0xa0 build/milestone1/production/_ext/383799649/sys_clk_static.o
 .debug_frame   0x00001574      0x1f0 build/milestone1/production/_ext/956857457/sys_ports_static.o
 .debug_frame   0x00001764       0x28 build/milestone1/production/_ext/1555642536/system_init.o
 .debug_frame   0x0000178c       0x28 build/milestone1/production/_ext/1555642536/system_interrupt.o
 .debug_frame   0x000017b4       0x28 build/milestone1/production/_ext/1555642536/system_exceptions.o
 .debug_frame   0x000017dc       0x5c build/milestone1/production/_ext/1555642536/system_tasks.o
 .debug_frame   0x00001838       0x40 build/milestone1/production/_ext/1555642536/rtos_hooks.o
 .debug_frame   0x00001878       0x2c c:/program files (x86)/microchip/xc32/v1.42/bin/bin/../../lib/gcc/pic32mx/4.8.3/../../../../pic32mx/lib\libpic32.a(default-bootstrap-exception-handler.o)
 .debug_frame   0x000018a4       0x20 c:/program files (x86)/microchip/xc32/v1.42/bin/bin/../../lib/gcc/pic32mx/4.8.3/../../../../pic32mx/lib\libpic32.a(default-on-reset.o)
 .debug_frame   0x000018c4       0x20 c:/program files (x86)/microchip/xc32/v1.42/bin/bin/../../lib/gcc/pic32mx/4.8.3/../../../../pic32mx/lib\libpic32.a(default-on-bootstrap.o)
 .debug_frame   0x000018e4       0x20 c:/program files (x86)/microchip/xc32/v1.42/bin/bin/../../lib/gcc/pic32mx/4.8.3/../../../../pic32mx/lib\libpic32.a(defaultinterrupt.o)

.debug_str      0x00000000      0x793
 *(.debug_str)
 .debug_str     0x00000000        0x0 build/milestone1/production/_ext/1360937237/app.o
 .debug_str     0x00000000        0x0 build/milestone1/production/_ext/1360937237/main.o
 .debug_str     0x00000000        0x7 build/milestone1/production/_ext/1360937237/debug.o
 .debug_str     0x00000007       0x40 build/milestone1/production/_ext/2105501065/osal_freertos.o
 .debug_str     0x00000047       0x16 build/milestone1/production/_ext/1710693635/sys_devcon.o
 .debug_str     0x0000005d        0x6 build/milestone1/production/_ext/1710693635/sys_devcon_pic32mx.o
 .debug_str     0x00000063       0x2d build/milestone1/production/_ext/1955241161/sys_int_pic32.o
 .debug_str     0x00000090        0x0 build/milestone1/production/_ext/1293195876/croutine.o
 .debug_str     0x00000090       0x2b build/milestone1/production/_ext/1293195876/list.o
 .debug_str     0x000000bb      0x131 build/milestone1/production/_ext/1293195876/queue.o
 .debug_str     0x000001ec      0x186 build/milestone1/production/_ext/1293195876/tasks.o
 .debug_str     0x00000372        0x0 build/milestone1/production/_ext/1293195876/timers.o
 .debug_str     0x00000372       0xe6 build/milestone1/production/_ext/1293195876/event_groups.o
 .debug_str     0x00000458       0x1d build/milestone1/production/_ext/878560967/heap_1.o
 .debug_str     0x00000475       0x37 build/milestone1/production/_ext/151966438/port.o
 .debug_str     0x000004ac       0x9a build/milestone1/production/_ext/1152747240/drv_oc_mapping.o
 .debug_str     0x00000546       0x1a build/milestone1/production/_ext/1152747240/drv_oc_static.o
 .debug_str     0x00000560       0x4d build/milestone1/production/_ext/1864120335/drv_tmr_static.o
 .debug_str     0x000005ad        0xe build/milestone1/production/_ext/1864120335/drv_tmr_mapping.o
 .debug_str     0x000005bb       0x23 build/milestone1/production/_ext/192191419/drv_usart_mapping.o
 .debug_str     0x000005de       0xdb build/milestone1/production/_ext/192191419/drv_usart_static.o
 .debug_str     0x000006b9       0x12 build/milestone1/production/_ext/192191419/drv_usart_static_byte_model.o
 .debug_str     0x000006cb       0x39 build/milestone1/production/_ext/383799649/sys_clk_static.o
 .debug_str     0x00000704       0x55 build/milestone1/production/_ext/956857457/sys_ports_static.o
 .debug_str     0x00000759       0x31 build/milestone1/production/_ext/1555642536/system_init.o
 .debug_str     0x0000078a        0x0 build/milestone1/production/_ext/1555642536/system_interrupt.o
 .debug_str     0x0000078a        0x0 build/milestone1/production/_ext/1555642536/system_exceptions.o
 .debug_str     0x0000078a        0x0 build/milestone1/production/_ext/1555642536/system_tasks.o
 .debug_str     0x0000078a        0x9 build/milestone1/production/_ext/1555642536/rtos_hooks.o
 .debug_str     0x00000793        0x0 c:/program files (x86)/microchip/xc32/v1.42/bin/bin/../../lib/gcc/pic32mx/4.8.3/../../../../pic32mx/lib\libpic32.a(default-bootstrap-exception-handler.o)
 .debug_str     0x00000793        0x0 c:/program files (x86)/microchip/xc32/v1.42/bin/bin/../../lib/gcc/pic32mx/4.8.3/../../../../pic32mx/lib\libpic32.a(default-on-reset.o)
 .debug_str     0x00000793        0x0 c:/program files (x86)/microchip/xc32/v1.42/bin/bin/../../lib/gcc/pic32mx/4.8.3/../../../../pic32mx/lib\libpic32.a(default-on-bootstrap.o)
 .debug_str     0x00000793        0x0 c:/program files (x86)/microchip/xc32/v1.42/bin/bin/../../lib/gcc/pic32mx/4.8.3/../../../../pic32mx/lib\libpic32.a(defaultinterrupt.o)

.debug_loc      0x00000000     0x5831
 *(.debug_loc)
 .debug_loc     0x00000000       0x89 build/milestone1/production/_ext/1360937237/app.o
 .debug_loc     0x00000089       0xe5 build/milestone1/production/_ext/1360937237/debug.o
 .debug_loc     0x0000016e      0x40c build/milestone1/production/_ext/2105501065/osal_freertos.o
 .debug_loc     0x0000057a       0xf0 build/milestone1/production/_ext/1710693635/sys_devcon.o
 .debug_loc     0x0000066a       0xec build/milestone1/production/_ext/1710693635/sys_devcon_pic32mx.o
 .debug_loc     0x00000756       0x8d build/milestone1/production/_ext/1955241161/sys_int_pic32.o
 .debug_loc     0x000007e3       0x31 build/milestone1/production/_ext/1293195876/list.o
 .debug_loc     0x00000814      0xeb0 build/milestone1/production/_ext/1293195876/queue.o
 .debug_loc     0x000016c4     0x1471 build/milestone1/production/_ext/1293195876/tasks.o
 .debug_loc     0x00002b35      0x8ea build/milestone1/production/_ext/1293195876/event_groups.o
 .debug_loc     0x0000341f       0x49 build/milestone1/production/_ext/878560967/heap_1.o
 .debug_loc     0x00003468       0xea build/milestone1/production/_ext/151966438/port.o
 .debug_loc     0x00003552      0x220 build/milestone1/production/_ext/1152747240/drv_oc_mapping.o
 .debug_loc     0x00003772      0x305 build/milestone1/production/_ext/1864120335/drv_tmr_static.o
 .debug_loc     0x00003a77      0x38f build/milestone1/production/_ext/1864120335/drv_tmr_mapping.o
 .debug_loc     0x00003e06      0x63c build/milestone1/production/_ext/192191419/drv_usart_mapping.o
 .debug_loc     0x00004442      0x40e build/milestone1/production/_ext/192191419/drv_usart_static.o
 .debug_loc     0x00004850       0x74 build/milestone1/production/_ext/192191419/drv_usart_static_byte_model.o
 .debug_loc     0x000048c4       0x49 build/milestone1/production/_ext/383799649/sys_clk_static.o
 .debug_loc     0x0000490d      0xecf build/milestone1/production/_ext/956857457/sys_ports_static.o
 .debug_loc     0x000057dc       0x21 build/milestone1/production/_ext/1555642536/system_init.o
 .debug_loc     0x000057fd       0x34 build/milestone1/production/_ext/1555642536/rtos_hooks.o

.debug_macinfo
 *(.debug_macinfo)

.debug_weaknames
 *(.debug_weaknames)

.debug_funcnames
 *(.debug_funcnames)

.debug_typenames
 *(.debug_typenames)

.debug_varnames
 *(.debug_varnames)

.debug_pubtypes
 *(.debug_pubtypes)

.debug_ranges   0x00000000      0xb30
 *(.debug_ranges)
 .debug_ranges  0x00000000       0x50 build/milestone1/production/_ext/1360937237/app.o
 .debug_ranges  0x00000050       0x10 build/milestone1/production/_ext/1360937237/main.o
 .debug_ranges  0x00000060       0x30 build/milestone1/production/_ext/1360937237/debug.o
 .debug_ranges  0x00000090       0x78 build/milestone1/production/_ext/2105501065/osal_freertos.o
 .debug_ranges  0x00000108       0x68 build/milestone1/production/_ext/1710693635/sys_devcon.o
 .debug_ranges  0x00000170       0x10 build/milestone1/production/_ext/1710693635/sys_devcon_pic32mx.o
 .debug_ranges  0x00000180       0x50 build/milestone1/production/_ext/1955241161/sys_int_pic32.o
 .debug_ranges  0x000001d0       0x30 build/milestone1/production/_ext/1293195876/list.o
 .debug_ranges  0x00000200      0x130 build/milestone1/production/_ext/1293195876/queue.o
 .debug_ranges  0x00000330      0x1b0 build/milestone1/production/_ext/1293195876/tasks.o
 .debug_ranges  0x000004e0       0x98 build/milestone1/production/_ext/1293195876/event_groups.o
 .debug_ranges  0x00000578       0x28 build/milestone1/production/_ext/878560967/heap_1.o
 .debug_ranges  0x000005a0       0x48 build/milestone1/production/_ext/151966438/port.o
 .debug_ranges  0x000005e8       0x28 build/milestone1/production/_ext/1152747240/drv_oc_mapping.o
 .debug_ranges  0x00000610       0x68 build/milestone1/production/_ext/1152747240/drv_oc_static.o
 .debug_ranges  0x00000678       0x90 build/milestone1/production/_ext/1864120335/drv_tmr_static.o
 .debug_ranges  0x00000708       0xd8 build/milestone1/production/_ext/1864120335/drv_tmr_mapping.o
 .debug_ranges  0x000007e0       0x98 build/milestone1/production/_ext/192191419/drv_usart_mapping.o
 .debug_ranges  0x00000878       0x80 build/milestone1/production/_ext/192191419/drv_usart_static.o
 .debug_ranges  0x000008f8       0x38 build/milestone1/production/_ext/192191419/drv_usart_static_byte_model.o
 .debug_ranges  0x00000930       0x40 build/milestone1/production/_ext/383799649/sys_clk_static.o
 .debug_ranges  0x00000970       0xf8 build/milestone1/production/_ext/956857457/sys_ports_static.o
 .debug_ranges  0x00000a68       0x10 build/milestone1/production/_ext/1555642536/system_init.o
 .debug_ranges  0x00000a78       0x10 build/milestone1/production/_ext/1555642536/system_interrupt.o
 .debug_ranges  0x00000a88       0x10 build/milestone1/production/_ext/1555642536/system_exceptions.o
 .debug_ranges  0x00000a98       0x20 build/milestone1/production/_ext/1555642536/system_tasks.o
 .debug_ranges  0x00000ab8       0x20 build/milestone1/production/_ext/1555642536/system_interrupt_a.o
 .debug_ranges  0x00000ad8       0x18 build/milestone1/production/_ext/1555642536/rtos_hooks.o
 .debug_ranges  0x00000af0       0x10 c:/program files (x86)/microchip/xc32/v1.42/bin/bin/../../lib/gcc/pic32mx/4.8.3/../../../../pic32mx/lib\libpic32.a(default-bootstrap-exception-handler.o)
 .debug_ranges  0x00000b00       0x10 c:/program files (x86)/microchip/xc32/v1.42/bin/bin/../../lib/gcc/pic32mx/4.8.3/../../../../pic32mx/lib\libpic32.a(default-on-reset.o)
 .debug_ranges  0x00000b10       0x10 c:/program files (x86)/microchip/xc32/v1.42/bin/bin/../../lib/gcc/pic32mx/4.8.3/../../../../pic32mx/lib\libpic32.a(default-on-bootstrap.o)
 .debug_ranges  0x00000b20       0x10 c:/program files (x86)/microchip/xc32/v1.42/bin/bin/../../lib/gcc/pic32mx/4.8.3/../../../../pic32mx/lib\libpic32.a(defaultinterrupt.o)

.gnu.attributes
                0x00000000       0x10
 *(.gnu.attributes)
 .gnu.attributes
                0x00000000       0x10 build/milestone1/production/_ext/1360937237/app.o
 .gnu.attributes
                0x00000010       0x10 build/milestone1/production/_ext/1360937237/main.o
 .gnu.attributes
                0x00000020       0x10 build/milestone1/production/_ext/1360937237/debug.o
 .gnu.attributes
                0x00000030       0x10 build/milestone1/production/_ext/2105501065/osal_freertos.o
 .gnu.attributes
                0x00000040       0x10 build/milestone1/production/_ext/1710693635/sys_devcon.o
 .gnu.attributes
                0x00000050       0x10 build/milestone1/production/_ext/1710693635/sys_devcon_pic32mx.o
 .gnu.attributes
                0x00000060       0x10 build/milestone1/production/_ext/1955241161/sys_int_pic32.o
 .gnu.attributes
                0x00000070       0x10 build/milestone1/production/_ext/1293195876/croutine.o
 .gnu.attributes
                0x00000080       0x10 build/milestone1/production/_ext/1293195876/list.o
 .gnu.attributes
                0x00000090       0x10 build/milestone1/production/_ext/1293195876/queue.o
 .gnu.attributes
                0x000000a0       0x10 build/milestone1/production/_ext/1293195876/tasks.o
 .gnu.attributes
                0x000000b0       0x10 build/milestone1/production/_ext/1293195876/timers.o
 .gnu.attributes
                0x000000c0       0x10 build/milestone1/production/_ext/1293195876/event_groups.o
 .gnu.attributes
                0x000000d0       0x10 build/milestone1/production/_ext/878560967/heap_1.o
 .gnu.attributes
                0x000000e0       0x10 build/milestone1/production/_ext/151966438/port.o
 .gnu.attributes
                0x000000f0       0x10 build/milestone1/production/_ext/1152747240/drv_oc_mapping.o
 .gnu.attributes
                0x00000100       0x10 build/milestone1/production/_ext/1152747240/drv_oc_static.o
 .gnu.attributes
                0x00000110       0x10 build/milestone1/production/_ext/1864120335/drv_tmr_static.o
 .gnu.attributes
                0x00000120       0x10 build/milestone1/production/_ext/1864120335/drv_tmr_mapping.o
 .gnu.attributes
                0x00000130       0x10 build/milestone1/production/_ext/192191419/drv_usart_mapping.o
 .gnu.attributes
                0x00000140       0x10 build/milestone1/production/_ext/192191419/drv_usart_static.o
 .gnu.attributes
                0x00000150       0x10 build/milestone1/production/_ext/192191419/drv_usart_static_byte_model.o
 .gnu.attributes
                0x00000160       0x10 build/milestone1/production/_ext/383799649/sys_clk_static.o
 .gnu.attributes
                0x00000170       0x10 build/milestone1/production/_ext/956857457/sys_ports_static.o
 .gnu.attributes
                0x00000180       0x10 build/milestone1/production/_ext/1555642536/system_init.o
 .gnu.attributes
                0x00000190       0x10 build/milestone1/production/_ext/1555642536/system_interrupt.o
 .gnu.attributes
                0x000001a0       0x10 build/milestone1/production/_ext/1555642536/system_exceptions.o
 .gnu.attributes
                0x000001b0       0x10 build/milestone1/production/_ext/1555642536/system_tasks.o
 .gnu.attributes
                0x000001c0       0x10 build/milestone1/production/_ext/1555642536/rtos_hooks.o
 .gnu.attributes
                0x000001d0       0x10 c:/program files (x86)/microchip/xc32/v1.42/bin/bin/../../lib/gcc/pic32mx/4.8.3/../../../../pic32mx/lib\libpic32.a(default-bootstrap-exception-handler.o)
 .gnu.attributes
                0x000001e0       0x10 c:/program files (x86)/microchip/xc32/v1.42/bin/bin/../../lib/gcc/pic32mx/4.8.3/../../../../pic32mx/lib\libpic32.a(default-on-reset.o)
 .gnu.attributes
                0x000001f0       0x10 c:/program files (x86)/microchip/xc32/v1.42/bin/bin/../../lib/gcc/pic32mx/4.8.3/../../../../pic32mx/lib\libpic32.a(default-on-bootstrap.o)
 .gnu.attributes
                0x00000200       0x10 c:/program files (x86)/microchip/xc32/v1.42/bin/bin/../../lib/gcc/pic32mx/4.8.3/../../../../pic32mx/lib\libpic32.a(defaultinterrupt.o)
LOAD c:/program files (x86)/microchip/xc32/v1.42/bin/bin/../../lib/gcc/pic32mx/4.8.3\libgcc.a
START GROUP
LOAD c:/program files (x86)/microchip/xc32/v1.42/bin/bin/../../lib/gcc/pic32mx/4.8.3/../../../../pic32mx/lib\libpic32.a
LOAD c:/program files (x86)/microchip/xc32/v1.42/bin/bin/../../lib/gcc/pic32mx/4.8.3/../../../../pic32mx/lib\libdebug.a
LOAD c:/program files (x86)/microchip/xc32/v1.42/bin/bin/../../lib/gcc/pic32mx/4.8.3/../../../../pic32mx/lib\libpic32.a
LOAD c:/program files (x86)/microchip/xc32/v1.42/bin/bin/../../lib/gcc/pic32mx/4.8.3/../../../../pic32mx/lib\libm.a
LOAD c:/program files (x86)/microchip/xc32/v1.42/bin/bin/../../lib/gcc/pic32mx/4.8.3/../../../../pic32mx/lib\libe.a
LOAD c:/program files (x86)/microchip/xc32/v1.42/bin/bin/../../lib/gcc/pic32mx/4.8.3/../../../../pic32mx/lib\libdsp.a
LOAD c:/program files (x86)/microchip/xc32/v1.42/bin/bin/../../lib/gcc/pic32mx/4.8.3\libgcc.a
LOAD c:/program files (x86)/microchip/xc32/v1.42/bin/bin/../../lib/gcc/pic32mx/4.8.3/../../../../pic32mx/lib\libc.a
LOAD c:/program files (x86)/microchip/xc32/v1.42/bin/bin/../../lib/gcc/pic32mx/4.8.3/../../../../pic32mx/lib\libc.a
LOAD c:/program files (x86)/microchip/xc32/v1.42/bin/bin/../../lib/gcc/pic32mx/4.8.3/../../../../pic32mx/lib\libpic32.a
END GROUP
LOAD c:/program files (x86)/microchip/xc32/v1.42/bin/bin/../../lib/gcc/pic32mx/4.8.3\libgcc.a
OUTPUT(dist/milestone1/production/TestProject.X.production.elf elf32-tradlittlemips)
LOAD stack
LOAD data_init

.reginfo        0x00000000       0x18
 .reginfo       0x00000000       0x18 c:/program files (x86)/microchip/xc32/v1.42/bin/bin/../../lib/gcc/pic32mx/4.8.3/../../../../pic32mx/lib/./proc/32MX795F512L/crt0_mips32r2.o

.stack          0xa00197a8      0x400
 .stack         0xa00197a8      0x400 stack

.bss            0xa0000084    0x19708
 .bss           0xa0000084    0x19000 build/milestone1/production/_ext/878560967/heap_1.o
 .bss           0xa0019084      0x640 build/milestone1/production/_ext/151966438/port.o
                0xa0019084                xISRStack
 .bss           0xa00196c4       0xc8 build/milestone1/production/_ext/1293195876/tasks.o

._debug_exception
                0xbfc00480       0x2c
 ._debug_exception
                0xbfc00480       0x2c c:/program files (x86)/microchip/xc32/v1.42/bin/bin/../../lib/gcc/pic32mx/4.8.3/../../../../pic32mx/lib\debug-exception-return.o
                0xbfc00480                __DbgExecReturn

.text           0x9d000000      0x454
 .text          0x9d000000      0x454 build/milestone1/production/_ext/151966438/port_asm.o
                0x9d000000                vPortTickInterruptHandler
                0x9d0001ac                vPortStartFirstTask
                0x9d000274                vPortYieldISR

.text.xTaskCreate
                0x9d000454      0x2d0
 .text.xTaskCreate
                0x9d000454      0x2d0 build/milestone1/production/_ext/1293195876/tasks.o
                0x9d000454                xTaskCreate

.text.xQueueGenericReceive
                0x9d000724      0x264
 .text.xQueueGenericReceive
                0x9d000724      0x264 build/milestone1/production/_ext/1293195876/queue.o
                0x9d000724                xQueueGenericReceive

.text.xQueueGenericSend
                0x9d000988      0x20c
 .text.xQueueGenericSend
                0x9d000988      0x20c build/milestone1/production/_ext/1293195876/queue.o
                0x9d000988                xQueueGenericSend

.text.APP_Tasks
                0x9d000b94      0x1e4
 .text.APP_Tasks
                0x9d000b94      0x1e4 build/milestone1/production/_ext/1360937237/app.o
                0x9d000b94                APP_Tasks

.DrvTmrInstance0_vector_text
                0x9d000d78      0x1b4
 .DrvTmrInstance0_vector_text
                0x9d000d78      0x1b4 build/milestone1/production/_ext/1555642536/system_interrupt_a.o

.text.xTaskIncrementTick
                0x9d000f2c      0x198
 .text.xTaskIncrementTick
                0x9d000f2c      0x198 build/milestone1/production/_ext/1293195876/tasks.o
                0x9d000f2c                xTaskIncrementTick

.text           0x9d0010c4      0x168
 .text          0x9d0010c4      0x168 c:/program files (x86)/microchip/xc32/v1.42/bin/bin/../../lib/gcc/pic32mx/4.8.3/../../../../pic32mx/lib\libpic32.a(memcpy.o)
                0x9d0010c4                memcpy

.text.xTaskResumeAll
                0x9d00122c      0x148
 .text.xTaskResumeAll
                0x9d00122c      0x148 build/milestone1/production/_ext/1293195876/tasks.o
                0x9d00122c                xTaskResumeAll

.text.DRV_USART0_Initialize
                0x9d001374      0x144
 .text.DRV_USART0_Initialize
                0x9d001374      0x144 build/milestone1/production/_ext/192191419/drv_usart_static.o
                0x9d001374                DRV_USART0_Initialize

.text.vTaskPriorityInherit
                0x9d0014b8      0x12c
 .text.vTaskPriorityInherit
                0x9d0014b8      0x12c build/milestone1/production/_ext/1293195876/tasks.o
                0x9d0014b8                vTaskPriorityInherit

.rodata         0x9d0015e4      0x128
 .rodata        0x9d0015e4      0x128 build/milestone1/production/_ext/1555642536/system_exceptions.o

.text.prvUnlockQueue
                0x9d00170c       0xfc
 .text.prvUnlockQueue
                0x9d00170c       0xfc build/milestone1/production/_ext/1293195876/queue.o

.text.xTaskPriorityDisinherit
                0x9d001808       0xf8
 .text.xTaskPriorityDisinherit
                0x9d001808       0xf8 build/milestone1/production/_ext/1293195876/tasks.o
                0x9d001808                xTaskPriorityDisinherit

.text.prvCopyDataToQueue
                0x9d001900       0xf4
 .text.prvCopyDataToQueue
                0x9d001900       0xf4 build/milestone1/production/_ext/1293195876/queue.o

.text.dbgOutputVal
                0x9d0019f4       0xf0
 .text.dbgOutputVal
                0x9d0019f4       0xf0 build/milestone1/production/_ext/1360937237/debug.o
                0x9d0019f4                dbgOutputVal

.text.xQueueGenericSendFromISR
                0x9d001ae4       0xf0
 .text.xQueueGenericSendFromISR
                0x9d001ae4       0xf0 build/milestone1/production/_ext/1293195876/queue.o
                0x9d001ae4                xQueueGenericSendFromISR

.text.prvAddCurrentTaskToDelayedList
                0x9d001bd4       0xe4
 .text.prvAddCurrentTaskToDelayedList
                0x9d001bd4       0xe4 build/milestone1/production/_ext/1293195876/tasks.o

.text.vTaskSwitchContext
                0x9d001cb8       0xe0
 .text.vTaskSwitchContext
                0x9d001cb8       0xe0 build/milestone1/production/_ext/1293195876/tasks.o
                0x9d001cb8                vTaskSwitchContext

.text.SYS_DEVCON_PerformanceConfig
                0x9d001d98       0xdc
 .text.SYS_DEVCON_PerformanceConfig
                0x9d001d98       0xdc build/milestone1/production/_ext/1710693635/sys_devcon_pic32mx.o
                0x9d001d98                SYS_DEVCON_PerformanceConfig

.text.general_exception
                0x9d001e74       0xdc
 .text.general_exception
                0x9d001e74       0xdc c:/program files (x86)/microchip/xc32/v1.42/bin/bin/../../lib/gcc/pic32mx/4.8.3/../../../../pic32mx/lib\libpic32.a(general-exception.o)
                0x9d001e74                _general_exception_context

.text.xQueueGenericReset
                0x9d001f50       0xc0
 .text.xQueueGenericReset
                0x9d001f50       0xc0 build/milestone1/production/_ext/1293195876/queue.o
                0x9d001f50                xQueueGenericReset

.text.pvPortMalloc
                0x9d002010       0xc0
 .text.pvPortMalloc
                0x9d002010       0xc0 build/milestone1/production/_ext/878560967/heap_1.o
                0x9d002010                pvPortMalloc

.text.xTaskRemoveFromEventList
                0x9d0020d0       0xbc
 .text.xTaskRemoveFromEventList
                0x9d0020d0       0xbc build/milestone1/production/_ext/1293195876/tasks.o
                0x9d0020d0                xTaskRemoveFromEventList

.text.prvIdleTask
                0x9d00218c       0xb4
 .text.prvIdleTask
                0x9d00218c       0xb4 build/milestone1/production/_ext/1293195876/tasks.o

.text           0x9d002240       0xa8
 .text          0x9d002240       0xa8 c:/program files (x86)/microchip/xc32/v1.42/bin/bin/../../lib/gcc/pic32mx/4.8.3/../../../../pic32mx/lib\libpic32.a(memset.o)
                0x9d002240                memset

.text.xTaskCheckForTimeOut
                0x9d0022e8       0xa0
 .text.xTaskCheckForTimeOut
                0x9d0022e8       0xa0 build/milestone1/production/_ext/1293195876/tasks.o
                0x9d0022e8                xTaskCheckForTimeOut

.text.xQueueGenericCreate
                0x9d002388       0x94
 .text.xQueueGenericCreate
                0x9d002388       0x94 build/milestone1/production/_ext/1293195876/queue.o
                0x9d002388                xQueueGenericCreate

.dinit          0x9d00241c       0x90
 .dinit         0x9d00241c       0x90 data_init

.text.SYS_Initialize
                0x9d0024ac       0x8c
 .text.SYS_Initialize
                0x9d0024ac       0x8c build/milestone1/production/_ext/1555642536/system_init.o
                0x9d0024ac                SYS_Initialize

.text.vTaskStartScheduler
                0x9d002538       0x80
 .text.vTaskStartScheduler
                0x9d002538       0x80 build/milestone1/production/_ext/1293195876/tasks.o
                0x9d002538                vTaskStartScheduler

.text.DRV_TMR0_Initialize
                0x9d0025b8       0x74
 .text.DRV_TMR0_Initialize
                0x9d0025b8       0x74 build/milestone1/production/_ext/1864120335/drv_tmr_static.o
                0x9d0025b8                DRV_TMR0_Initialize

.text.vApplicationSetupTickTimerInterrupt
                0x9d00262c       0x6c
 .text.vApplicationSetupTickTimerInterrupt
                0x9d00262c       0x6c build/milestone1/production/_ext/151966438/port.o
                0x9d00262c                vApplicationSetupTickTimerInterrupt

.text.vTaskExitCritical
                0x9d002698       0x68
 .text.vTaskExitCritical
                0x9d002698       0x68 build/milestone1/production/_ext/1293195876/tasks.o
                0x9d002698                vTaskExitCritical

.text.SYS_Tasks
                0x9d002700       0x68
 .text.SYS_Tasks
                0x9d002700       0x68 build/milestone1/production/_ext/1555642536/system_tasks.o
                0x9d002700                SYS_Tasks

.text.DRV_OC_Initialize
                0x9d002768       0x60
 .text.DRV_OC_Initialize
                0x9d002768       0x60 build/milestone1/production/_ext/1152747240/drv_oc_mapping.o
                0x9d002768                DRV_OC_Initialize

.text.DRV_OC_Start
                0x9d0027c8       0x60
 .text.DRV_OC_Start
                0x9d0027c8       0x60 build/milestone1/production/_ext/1152747240/drv_oc_mapping.o
                0x9d0027c8                DRV_OC_Start

.text.vListInsert
                0x9d002828       0x5c
 .text.vListInsert
                0x9d002828       0x5c build/milestone1/production/_ext/1293195876/list.o
                0x9d002828                vListInsert

.text.xPortStartScheduler
                0x9d002884       0x5c
 .text.xPortStartScheduler
                0x9d002884       0x5c build/milestone1/production/_ext/151966438/port.o
                0x9d002884                xPortStartScheduler

.text.SYS_DEVCON_SystemUnlock
                0x9d0028e0       0x58
 .text.SYS_DEVCON_SystemUnlock
                0x9d0028e0       0x58 build/milestone1/production/_ext/1710693635/sys_devcon.o
                0x9d0028e0                SYS_DEVCON_SystemUnlock

.text.xQueueCreateMutex
                0x9d002938       0x58
 .text.xQueueCreateMutex
                0x9d002938       0x58 build/milestone1/production/_ext/1293195876/queue.o
                0x9d002938                xQueueCreateMutex

.text.SYS_CLK_Initialize
                0x9d002990       0x58
 .text.SYS_CLK_Initialize
                0x9d002990       0x58 build/milestone1/production/_ext/383799649/sys_clk_static.o
                0x9d002990                SYS_CLK_Initialize

.text.main_entry
                0x9d0029e8       0x54
 .text.main_entry
                0x9d0029e8       0x54 c:/program files (x86)/microchip/xc32/v1.42/bin/bin/../../lib/gcc/pic32mx/4.8.3/../../../../pic32mx/lib/./proc/32MX795F512L/crt0_mips32r2.o
                0x9d002a1c                __crt0_exit

.text.pxPortInitialiseStack
                0x9d002a3c       0x54
 .text.pxPortInitialiseStack
                0x9d002a3c       0x54 build/milestone1/production/_ext/151966438/port.o
                0x9d002a3c                pxPortInitialiseStack

.text.vPortIncrementTick
                0x9d002a90       0x54
 .text.vPortIncrementTick
                0x9d002a90       0x54 build/milestone1/production/_ext/151966438/port.o
                0x9d002a90                vPortIncrementTick

.text.DRV_OC0_Initialize
                0x9d002ae4       0x54
 .text.DRV_OC0_Initialize
                0x9d002ae4       0x54 build/milestone1/production/_ext/1152747240/drv_oc_static.o
                0x9d002ae4                DRV_OC0_Initialize

.text.DRV_USART0_WriteByte
                0x9d002b38       0x54
 .text.DRV_USART0_WriteByte
                0x9d002b38       0x54 build/milestone1/production/_ext/192191419/drv_usart_static_byte_model.o
                0x9d002b38                DRV_USART0_WriteByte

.text.prvCopyDataFromQueue
                0x9d002b8c       0x50