
Optional file libmchp_peripheral.a not found

Optional file libmchp_peripheral_32MX795F512L.a not found
Archive member included because of file (symbol)

c:/program files (x86)/microchip/xc32/v1.42/bin/bin/../../lib/gcc/pic32mx/4.8.3\libgcc.a(floatunsisf.o)
                              build/milestone1/production/_ext/1360937237/mapping.o (__floatunsisf)
c:/program files (x86)/microchip/xc32/v1.42/bin/bin/../../lib/gcc/pic32mx/4.8.3/../../../../pic32mx/lib\libpic32.a(memcpy.o)
                              build/milestone1/production/_ext/207208378/queue.o (memcpy)
c:/program files (x86)/microchip/xc32/v1.42/bin/bin/../../lib/gcc/pic32mx/4.8.3/../../../../pic32mx/lib\libpic32.a(memset.o)
                              build/milestone1/production/_ext/640947597/drv_i2c.o (memset)
c:/program files (x86)/microchip/xc32/v1.42/bin/bin/../../lib/gcc/pic32mx/4.8.3/../../../../pic32mx/lib\libpic32.a(strcpy.o)
                              build/milestone1/production/_ext/1360937237/communication.o (strcpy)
c:/program files (x86)/microchip/xc32/v1.42/bin/bin/../../lib/gcc/pic32mx/4.8.3/../../../../pic32mx/lib\libpic32.a(strlen.o)
                              build/milestone1/production/_ext/1360937237/communication.o (strlen)
c:/program files (x86)/microchip/xc32/v1.42/bin/bin/../../lib/gcc/pic32mx/4.8.3/../../../../pic32mx/lib\libpic32.a(default-bootstrap-exception-handler.o)
                              c:/program files (x86)/microchip/xc32/v1.42/bin/bin/../../lib/gcc/pic32mx/4.8.3/../../../../pic32mx/lib/./proc/32MX795F512L/crt0_mips32r2.o (_bootstrap_exception_handler)
c:/program files (x86)/microchip/xc32/v1.42/bin/bin/../../lib/gcc/pic32mx/4.8.3/../../../../pic32mx/lib\libpic32.a(default-on-reset.o)
                              c:/program files (x86)/microchip/xc32/v1.42/bin/bin/../../lib/gcc/pic32mx/4.8.3/../../../../pic32mx/lib/./proc/32MX795F512L/crt0_mips32r2.o (_on_reset)
c:/program files (x86)/microchip/xc32/v1.42/bin/bin/../../lib/gcc/pic32mx/4.8.3/../../../../pic32mx/lib\libpic32.a(default-on-bootstrap.o)
                              c:/program files (x86)/microchip/xc32/v1.42/bin/bin/../../lib/gcc/pic32mx/4.8.3/../../../../pic32mx/lib/./proc/32MX795F512L/crt0_mips32r2.o (_on_bootstrap)
c:/program files (x86)/microchip/xc32/v1.42/bin/bin/../../lib/gcc/pic32mx/4.8.3/../../../../pic32mx/lib\libpic32.a(default-nmi-handler.o)
                              c:/program files (x86)/microchip/xc32/v1.42/bin/bin/../../lib/gcc/pic32mx/4.8.3/../../../../pic32mx/lib/./proc/32MX795F512L/crt0_mips32r2.o (_nmi_handler)
c:/program files (x86)/microchip/xc32/v1.42/bin/bin/../../lib/gcc/pic32mx/4.8.3/../../../../pic32mx/lib\libpic32.a(general-exception.o)
                              c:/program files (x86)/microchip/xc32/v1.42/bin/bin/../../lib/gcc/pic32mx/4.8.3/../../../../pic32mx/lib/./proc/32MX795F512L/crt0_mips32r2.o (_general_exception_context)
c:/program files (x86)/microchip/xc32/v1.42/bin/bin/../../lib/gcc/pic32mx/4.8.3/../../../../pic32mx/lib\libpic32.a(vector0.o)
                              c:/program files (x86)/microchip/xc32/v1.42/bin/bin/../../lib/gcc/pic32mx/4.8.3/../../../../pic32mx/lib/./proc/32MX795F512L\default_isr_vectors.o (__vector_dispatch_0)
c:/program files (x86)/microchip/xc32/v1.42/bin/bin/../../lib/gcc/pic32mx/4.8.3/../../../../pic32mx/lib\libpic32.a(vector2.o)
                              c:/program files (x86)/microchip/xc32/v1.42/bin/bin/../../lib/gcc/pic32mx/4.8.3/../../../../pic32mx/lib/./proc/32MX795F512L\default_isr_vectors.o (__vector_dispatch_2)
c:/program files (x86)/microchip/xc32/v1.42/bin/bin/../../lib/gcc/pic32mx/4.8.3/../../../../pic32mx/lib\libpic32.a(vector3.o)
                              c:/program files (x86)/microchip/xc32/v1.42/bin/bin/../../lib/gcc/pic32mx/4.8.3/../../../../pic32mx/lib/./proc/32MX795F512L\default_isr_vectors.o (__vector_dispatch_3)
c:/program files (x86)/microchip/xc32/v1.42/bin/bin/../../lib/gcc/pic32mx/4.8.3/../../../../pic32mx/lib\libpic32.a(vector5.o)
                              c:/program files (x86)/microchip/xc32/v1.42/bin/bin/../../lib/gcc/pic32mx/4.8.3/../../../../pic32mx/lib/./proc/32MX795F512L\default_isr_vectors.o (__vector_dispatch_5)
c:/program files (x86)/microchip/xc32/v1.42/bin/bin/../../lib/gcc/pic32mx/4.8.3/../../../../pic32mx/lib\libpic32.a(vector6.o)
                              c:/program files (x86)/microchip/xc32/v1.42/bin/bin/../../lib/gcc/pic32mx/4.8.3/../../../../pic32mx/lib/./proc/32MX795F512L\default_isr_vectors.o (__vector_dispatch_6)
c:/program files (x86)/microchip/xc32/v1.42/bin/bin/../../lib/gcc/pic32mx/4.8.3/../../../../pic32mx/lib\libpic32.a(vector7.o)
                              c:/program files (x86)/microchip/xc32/v1.42/bin/bin/../../lib/gcc/pic32mx/4.8.3/../../../../pic32mx/lib/./proc/32MX795F512L\default_isr_vectors.o (__vector_dispatch_7)
[...]
Memory Configuration

Name             Origin             Length             Attributes
kseg0_program_mem 0x9d000000         0x00080000         xr
kseg0_boot_mem   0x9fc00490         0x00000970
exception_mem    0x9fc01000         0x00001000
kseg1_boot_mem   0xbfc00000         0x00000490
debug_exec_mem   0xbfc02000         0x00000ff0
config3          0xbfc02ff0         0x00000004
config2          0xbfc02ff4         0x00000004
config1          0xbfc02ff8         0x00000004
config0          0xbfc02ffc         0x00000004
kseg1_data_mem   0xa0000000         0x00020000         w !x
sfrs             0xbf800000         0x00100000
configsfrs       0xbfc02ff0         0x00000010
*default*        0x00000000         0xffffffff

Linker script and memory map

LOAD c:/program files (x86)/microchip/xc32/v1.42/bin/bin/../../lib/gcc/pic32mx/4.8.3/../../../../pic32mx/lib/./proc/32MX795F512L/crt0_mips32r2.o
LOAD c:/program files (x86)/microchip/xc32/v1.42/bin/bin/../../lib/gcc/pic32mx/4.8.3/../../../../pic32mx/lib\debug-exception-return.o
LOAD build/milestone1/production/_ext/1909904406/drv_adc_static.o
LOAD build/milestone1/production/_ext/1864120335/drv_tmr_static.o
LOAD build/milestone1/production/_ext/1864120335/drv_tmr_mapping.o
LOAD build/milestone1/production/_ext/192191419/drv_usart_mapping.o
LOAD build/milestone1/production/_ext/192191419/drv_usart_static.o
LOAD build/milestone1/production/_ext/192191419/drv_usart_static_byte_model.o
LOAD build/milestone1/production/_ext/383799649/sys_clk_static.o
LOAD build/milestone1/production/_ext/956857457/sys_ports_static.o
LOAD build/milestone1/production/_ext/1555642536/system_init.o
LOAD build/milestone1/production/_ext/1555642536/system_interrupt.o
LOAD build/milestone1/production/_ext/1555642536/system_exceptions.o
LOAD build/milestone1/production/_ext/1555642536/system_tasks.o
LOAD build/milestone1/production/_ext/1555642536/system_interrupt_a.o
LOAD build/milestone1/production/_ext/1555642536/rtos_hooks.o
LOAD build/milestone1/production/_ext/1360937237/app.o
LOAD build/milestone1/production/_ext/1360937237/main.o
LOAD build/milestone1/production/_ext/1360937237/navigation.o
LOAD build/milestone1/production/_ext/1360937237/mapping.o
LOAD build/milestone1/production/_ext/1360937237/communication.o
LOAD build/milestone1/production/_ext/1360937237/ms2test.o
LOAD build/milestone1/production/_ext/1360937237/linesensing.o
LOAD build/milestone1/production/_ext/640947597/drv_i2c.o
LOAD build/milestone1/production/_ext/1785267873/osal_freertos.o
LOAD build/milestone1/production/_ext/220938215/sys_devcon.o
LOAD build/milestone1/production/_ext/220938215/sys_devcon_pic32mx.o
LOAD build/milestone1/production/_ext/1272805407/sys_int_pic32.o
LOAD build/milestone1/production/_ext/38950237/heap_1.o
LOAD build/milestone1/production/_ext/833221424/port.o
LOAD build/milestone1/production/_ext/833221424/port_asm.o
LOAD build/milestone1/production/_ext/207208378/croutine.o
LOAD build/milestone1/production/_ext/207208378/list.o
LOAD build/milestone1/production/_ext/207208378/queue.o
LOAD build/milestone1/production/_ext/207208378/tasks.o
LOAD build/milestone1/production/_ext/207208378/timers.o
LOAD build/milestone1/production/_ext/207208378/event_groups.o
LOAD build/milestone1/production/_ext/1360937237/debug.o
LOAD build/milestone1/production/_ext/1360937237/motor.o
LOAD build/milestone1/production/_ext/1360937237/myjson.o
LOAD build/milestone1/production/_ext/1360937237/electromagnet.o
LOAD build/milestone1/production/_ext/1360937237/myi2c.o
LOAD ..\..\..\..\..\..\..\..\microchip\harmony\v1_09\bin\framework\peripheral\PIC32MX795F512L_peripherals.a
                0x00000001                __MPLAB_BUILD = 0x1
                0x00000000                _min_heap_size = 0x0
LOAD c:/program files (x86)/microchip/xc32/v1.42/bin/bin/../../lib/gcc/pic32mx/4.8.3/../../../../pic32mx/lib/./proc/32MX795F512L\default_isr_vectors.o
LOAD c:/program files (x86)/microchip/xc32/v1.42/bin/bin/../../lib/gcc/pic32mx/4.8.3/../../../../pic32mx/lib\pic32_software_reset.o
                0x00000400                PROVIDE (_min_stack_size, 0x400)
LOAD c:/program files (x86)/microchip/xc32/v1.42/bin/bin/../../lib/gcc/pic32mx/4.8.3/../../../../pic32mx/lib/./proc/32MX795F512L\processor.o
START GROUP
LOAD libmchp_peripheral.a
END GROUP
START GROUP
LOAD libmchp_peripheral_32MX795F512L.a
END GROUP
                0x00000001                PROVIDE (_vector_spacing, 0x1)
                0x9fc01000                PROVIDE (_ebase_address, 0x9fc01000)
                0xbfc00000                _RESET_ADDR = 0xbfc00000
                0xbfc00380                _BEV_EXCPT_ADDR = 0xbfc00380
                0xbfc00480                _DBG_EXCPT_ADDR = 0xbfc00480
                0xbfc02000                _DBG_CODE_ADDR = 0xbfc02000
                0x00000ff0                _DBG_CODE_SIZE = 0xff0
                0x9fc01180                _GEN_EXCPT_ADDR = (_ebase_address + 0x180)

.config_BFC02FF0
                0xbfc02ff0        0x4
 *(.config_BFC02FF0)
 .config_BFC02FF0
                0xbfc02ff0        0x4 build/milestone1/production/_ext/1555642536/system_init.o

.config_BFC02FF4
                0xbfc02ff4        0x4
 *(.config_BFC02FF4)
 .config_BFC02FF4
                0xbfc02ff4        0x4 build/milestone1/production/_ext/1555642536/system_init.o

.config_BFC02FF8
                0xbfc02ff8        0x4
 *(.config_BFC02FF8)
 .config_BFC02FF8
                0xbfc02ff8        0x4 build/milestone1/production/_ext/1555642536/system_init.o

.config_BFC02FFC
                0xbfc02ffc        0x4
 *(.config_BFC02FFC)
 .config_BFC02FFC
                0xbfc02ffc        0x4 build/milestone1/production/_ext/1555642536/system_init.o
                0xbfc02000                PROVIDE (_DBG_CODE_ADDR, 0xbfc02000)
                0x00000ff0                PROVIDE (_DBG_CODE_SIZE, 0xff0)

.reset          0xbfc00000      0x208
 *(.reset)
 .reset         0xbfc00000        0x8 c:/program files (x86)/microchip/xc32/v1.42/bin/bin/../../lib/gcc/pic32mx/4.8.3/../../../../pic32mx/lib/./proc/32MX795F512L/crt0_mips32r2.o
                0xbfc00000                _reset
 *(.reset.startup)
 .reset.startup
                0xbfc00008      0x200 c:/program files (x86)/microchip/xc32/v1.42/bin/bin/../../lib/gcc/pic32mx/4.8.3/../../../../pic32mx/lib/./proc/32MX795F512L/crt0_mips32r2.o

.bev_excpt      0xbfc00380       0x10
 *(.bev_handler)
 .bev_handler   0xbfc00380       0x10 c:/program files (x86)/microchip/xc32/v1.42/bin/bin/../../lib/gcc/pic32mx/4.8.3/../../../../pic32mx/lib/./proc/32MX795F512L/crt0_mips32r2.o

.dbg_excpt      0xbfc00480        0x0
                0xbfc00480                . = (. + DEFINED (_DEBUGGER)?0x8:0x0)

.dbg_code       0xbfc02000        0x0
                0xbfc02000                . = (. + DEFINED (_DEBUGGER)?_DBG_CODE_SIZE:0x0)

.app_excpt      0x9fc01180       0x10
 *(.gen_handler)
 .gen_handler   0x9fc01180       0x10 c:/program files (x86)/microchip/xc32/v1.42/bin/bin/../../lib/gcc/pic32mx/4.8.3/../../../../pic32mx/lib/./proc/32MX795F512L/crt0_mips32r2.o

.vector_0       0x9fc01200        0x8
 *(.vector_0)
 .vector_0      0x9fc01200        0x8 c:/program files (x86)/microchip/xc32/v1.42/bin/bin/../../lib/gcc/pic32mx/4.8.3/../../../../pic32mx/lib\libpic32.a(vector0.o)
                0x9fc01200                __vector_dispatch_0
                0x00000001                ASSERT (((_vector_spacing == 0x0) || (SIZEOF (.vector_0) <= (_vector_spacing << 0x5))), function at exception vector 0 too large)

.vector_1       0x9fc01220        0x8
 *(.vector_1)
 .vector_1      0x9fc01220        0x8 build/milestone1/production/_ext/833221424/port.o
                0x9fc01220                __vector_dispatch_1
                0x00000001                ASSERT (((_vector_spacing == 0x0) || (SIZEOF (.vector_1) <= (_vector_spacing << 0x5))), function at exception vector 1 too large)

.vector_2       0x9fc01240        0x8
 *(.vector_2)
 .vector_2      0x9fc01240        0x8 c:/program files (x86)/microchip/xc32/v1.42/bin/bin/../../lib/gcc/pic32mx/4.8.3/../../../../pic32mx/lib\libpic32.a(vector2.o)
                0x9fc01240                __vector_dispatch_2
                0x00000001                ASSERT (((_vector_spacing == 0x0) || (SIZEOF (.vector_2) <= (_vector_spacing << 0x5))), function at exception vector 2 too large)

.vector_3       0x9fc01260        0x8
 *(.vector_3)
 .vector_3      0x9fc01260        0x8 c:/program files (x86)/microchip/xc32/v1.42/bin/bin/../../lib/gcc/pic32mx/4.8.3/../../../../pic32mx/lib\libpic32.a(vector3.o)
                0x9fc01260                __vector_dispatch_3
                0x00000001                ASSERT (((_vector_spacing == 0x0) || (SIZEOF (.vector_3) <= (_vector_spacing << 0x5))), function at exception vector 3 too large)

.vector_4       0x9fc01280        0x8
 *(.vector_4)
 .vector_4      0x9fc01280        0x8 build/milestone1/production/_ext/833221424/port.o
                0x9fc01280                __vector_dispatch_4
                0x00000001                ASSERT (((_vector_spacing == 0x0) || (SIZEOF (.vector_4) <= (_vector_spacing << 0x5))), function at exception vector 4 too large)

.vector_5       0x9fc012a0        0x8
 *(.vector_5)
 .vector_5      0x9fc012a0        0x8 c:/program files (x86)/microchip/xc32/v1.42/bin/bin/../../lib/gcc/pic32mx/4.8.3/../../../../pic32mx/lib\libpic32.a(vector5.o)
                0x9fc012a0                __vector_dispatch_5
                0x00000001                ASSERT (((_vector_spacing == 0x0) || (SIZEOF (.vector_5) <= (_vector_spacing << 0x5))), function at exception vector 5 too large)

.vector_6       0x9fc012c0        0x8
 *(.vector_6)
 .vector_6      0x9fc012c0        0x8 c:/program files (x86)/microchip/xc32/v1.42/bin/bin/../../lib/gcc/pic32mx/4.8.3/../../../../pic32mx/lib\libpic32.a(vector6.o)
                0x9fc012c0                __vector_dispatch_6
                0x00000001                ASSERT (((_vector_spacing == 0x0) || (SIZEOF (.vector_6) <= (_vector_spacing << 0x5))), function at exception vector 6 too large)

.vector_7       0x9fc012e0        0x8
 *(.vector_7)
 .vector_7      0x9fc012e0        0x8 c:/program files (x86)/microchip/xc32/v1.42/bin/bin/../../lib/gcc/pic32mx/4.8.3/../../../../pic32mx/lib\libpic32.a(vector7.o)
                0x9fc012e0                __vector_dispatch_7
                0x00000001                ASSERT (((_vector_spacing == 0x0) || (SIZEOF (.vector_7) <= (_vector_spacing << 0x5))), function at exception vector 7 too large)

.vector_8       0x9fc01300       0x10
 *(.vector_8)
 .vector_8      0x9fc01300       0x10 build/milestone1/production/_ext/1555642536/system_interrupt_a.o
                0x9fc01300                __vector_dispatch_8
                0x00000001                ASSERT (((_vector_spacing == 0x0) || (SIZEOF (.vector_8) <= (_vector_spacing << 0x5))), function at exception vector 8 too large)

.vector_9       0x9fc01320        0x8
 *(.vector_9)
 .vector_9      0x9fc01320        0x8 c:/program files (x86)/microchip/xc32/v1.42/bin/bin/../../lib/gcc/pic32mx/4.8.3/../../../../pic32mx/lib\libpic32.a(vector9.o)
                0x9fc01320                __vector_dispatch_9
                0x00000001                ASSERT (((_vector_spacing == 0x0) || (SIZEOF (.vector_9) <= (_vector_spacing << 0x5))), function at exception vector 9 too large)

.vector_10      0x9fc01340        0x8
 *(.vector_10)
 .vector_10     0x9fc01340        0x8 c:/program files (x86)/microchip/xc32/v1.42/bin/bin/../../lib/gcc/pic32mx/4.8.3/../../../../pic32mx/lib\libpic32.a(vector10.o)
                0x9fc01340                __vector_dispatch_10
                0x00000001                ASSERT (((_vector_spacing == 0x0) || (SIZEOF (.vector_10) <= (_vector_spacing << 0x5))), function at exception vector 10 too large)

.vector_11      0x9fc01360        0x8
 *(.vector_11)
 .vector_11     0x9fc01360        0x8 c:/program files (x86)/microchip/xc32/v1.42/bin/bin/../../lib/gcc/pic32mx/4.8.3/../../../../pic32mx/lib\libpic32.a(vector11.o)
                0x9fc01360                __vector_dispatch_11
                0x00000001                ASSERT (((_vector_spacing == 0x0) || (SIZEOF (.vector_11) <= (_vector_spacing << 0x5))), function at exception vector 11 too large)

.vector_12      0x9fc01380       0x10
 *(.vector_12)
 .vector_12     0x9fc01380       0x10 build/milestone1/production/_ext/1555642536/system_interrupt_a.o
                0x9fc01380                __vector_dispatch_12
                0x00000001                ASSERT (((_vector_spacing == 0x0) || (SIZEOF (.vector_12) <= (_vector_spacing << 0x5))), function at exception vector 12 too large)

.vector_13      0x9fc013a0        0x8
 *(.vector_13)
 .vector_13     0x9fc013a0        0x8 c:/program files (x86)/microchip/xc32/v1.42/bin/bin/../../lib/gcc/pic32mx/4.8.3/../../../../pic32mx/lib\libpic32.a(vector13.o)
                0x9fc013a0                __vector_dispatch_13
                0x00000001                ASSERT (((_vector_spacing == 0x0) || (SIZEOF (.vector_13) <= (_vector_spacing << 0x5))), function at exception vector 13 too large)

.vector_14      0x9fc013c0        0x8
 *(.vector_14)
 .vector_14     0x9fc013c0        0x8 c:/program files (x86)/microchip/xc32/v1.42/bin/bin/../../lib/gcc/pic32mx/4.8.3/../../../../pic32mx/lib\libpic32.a(vector14.o)
                0x9fc013c0                __vector_dispatch_14
                0x00000001                ASSERT (((_vector_spacing == 0x0) || (SIZEOF (.vector_14) <= (_vector_spacing << 0x5))), function at exception vector 14 too large)

.vector_15      0x9fc013e0        0x8
 *(.vector_15)
 .vector_15     0x9fc013e0        0x8 c:/program files (x86)/microchip/xc32/v1.42/bin/bin/../../lib/gcc/pic32mx/4.8.3/../../../../pic32mx/lib\libpic32.a(vector15.o)
                0x9fc013e0                __vector_dispatch_15
                0x00000001                ASSERT (((_vector_spacing == 0x0) || (SIZEOF (.vector_15) <= (_vector_spacing << 0x5))), function at exception vector 15 too large)

.vector_16      0x9fc01400       0x10
 *(.vector_16)
 .vector_16     0x9fc01400       0x10 build/milestone1/production/_ext/1555642536/system_interrupt_a.o
                0x9fc01400                __vector_dispatch_16
                0x00000001                ASSERT (((_vector_spacing == 0x0) || (SIZEOF (.vector_16) <= (_vector_spacing << 0x5))), function at exception vector 16 too large)

.vector_17      0x9fc01420        0x8
 *(.vector_17)
 .vector_17     0x9fc01420        0x8 c:/program files (x86)/microchip/xc32/v1.42/bin/bin/../../lib/gcc/pic32mx/4.8.3/../../../../pic32mx/lib\libpic32.a(vector17.o)
                0x9fc01420                __vector_dispatch_17
                0x00000001                ASSERT (((_vector_spacing == 0x0) || (SIZEOF (.vector_17) <= (_vector_spacing << 0x5))), function at exception vector 17 too large)

.vector_18      0x9fc01440        0x8
 *(.vector_18)
 .vector_18     0x9fc01440        0x8 c:/program files (x86)/microchip/xc32/v1.42/bin/bin/../../lib/gcc/pic32mx/4.8.3/../../../../pic32mx/lib\libpic32.a(vector18.o)
                0x9fc01440                __vector_dispatch_18
                0x00000001                ASSERT (((_vector_spacing == 0x0) || (SIZEOF (.vector_18) <= (_vector_spacing << 0x5))), function at exception vector 18 too large)

.vector_19      0x9fc01460        0x8
 *(.vector_19)
 .vector_19     0x9fc01460        0x8 c:/program files (x86)/microchip/xc32/v1.42/bin/bin/../../lib/gcc/pic32mx/4.8.3/../../../../pic32mx/lib\libpic32.a(vector19.o)
                0x9fc01460                __vector_dispatch_19
                0x00000001                ASSERT (((_vector_spacing == 0x0) || (SIZEOF (.vector_19) <= (_vector_spacing << 0x5))), function at exception vector 19 too large)

.vector_20      0x9fc01480       0x10
 *(.vector_20)
 .vector_20     0x9fc01480       0x10 build/milestone1/production/_ext/1555642536/system_interrupt_a.o
                0x9fc01480                __vector_dispatch_20
                0x00000001                ASSERT (((_vector_spacing == 0x0) || (SIZEOF (.vector_20) <= (_vector_spacing << 0x5))), function at exception vector 20 too large)

.vector_21      0x9fc014a0        0x8
 *(.vector_21)
 .vector_21     0x9fc014a0        0x8 c:/program files (x86)/microchip/xc32/v1.42/bin/bin/../../lib/gcc/pic32mx/4.8.3/../../../../pic32mx/lib\libpic32.a(vector21.o)
                0x9fc014a0                __vector_dispatch_21
                0x00000001                ASSERT (((_vector_spacing == 0x0) || (SIZEOF (.vector_21) <= (_vector_spacing << 0x5))), function at exception vector 21 too large)

.vector_22      0x9fc014c0        0x8
 *(.vector_22)
 .vector_22     0x9fc014c0        0x8 c:/program files (x86)/microchip/xc32/v1.42/bin/bin/../../lib/gcc/pic32mx/4.8.3/../../../../pic32mx/lib\libpic32.a(vector22.o)
                0x9fc014c0                __vector_dispatch_22
                0x00000001                ASSERT (((_vector_spacing == 0x0) || (SIZEOF (.vector_22) <= (_vector_spacing << 0x5))), function at exception vector 22 too large)

.vector_23      0x9fc014e0        0x8
 *(.vector_23)
 .vector_23     0x9fc014e0        0x8 c:/program files (x86)/microchip/xc32/v1.42/bin/bin/../../lib/gcc/pic32mx/4.8.3/../../../../pic32mx/lib\libpic32.a(vector23.o)
                0x9fc014e0                __vector_dispatch_23
                0x00000001                ASSERT (((_vector_spacing == 0x0) || (SIZEOF (.vector_23) <= (_vector_spacing << 0x5))), function at exception vector 23 too large)

.vector_24      0x9fc01500       0x10
 *(.vector_24)
 .vector_24     0x9fc01500       0x10 build/milestone1/production/_ext/1555642536/system_interrupt_a.o
                0x9fc01500                __vector_dispatch_24
                0x00000001                ASSERT (((_vector_spacing == 0x0) || (SIZEOF (.vector_24) <= (_vector_spacing << 0x5))), function at exception vector 24 too large)

.vector_25      0x9fc01520       0x10
 *(.vector_25)
 .vector_25     0x9fc01520       0x10 build/milestone1/production/_ext/1555642536/system_interrupt_a.o
                0x9fc01520                __vector_dispatch_25
                0x00000001                ASSERT (((_vector_spacing == 0x0) || (SIZEOF (.vector_25) <= (_vector_spacing << 0x5))), function at exception vector 25 too large)

.vector_26      0x9fc01540        0x8
 *(.vector_26)
 .vector_26     0x9fc01540        0x8 c:/program files (x86)/microchip/xc32/v1.42/bin/bin/../../lib/gcc/pic32mx/4.8.3/../../../../pic32mx/lib\libpic32.a(vector26.o)
                0x9fc01540                __vector_dispatch_26
                0x00000001                ASSERT (((_vector_spacing == 0x0) || (SIZEOF (.vector_26) <= (_vector_spacing << 0x5))), function at exception vector 26 too large)

.vector_27      0x9fc01560       0x10
 *(.vector_27)
 .vector_27     0x9fc01560       0x10 build/milestone1/production/_ext/1555642536/system_interrupt_a.o
                0x9fc01560                __vector_dispatch_27
                0x00000001                ASSERT (((_vector_spacing == 0x0) || (SIZEOF (.vector_27) <= (_vector_spacing << 0x5))), function at exception vector 27 too large)

.vector_28      0x9fc01580        0x8
 *(.vector_28)
 .vector_28     0x9fc01580        0x8 c:/program files (x86)/microchip/xc32/v1.42/bin/bin/../../lib/gcc/pic32mx/4.8.3/../../../../pic32mx/lib\libpic32.a(vector28.o)
                0x9fc01580                __vector_dispatch_28
                0x00000001                ASSERT (((_vector_spacing == 0x0) || (SIZEOF (.vector_28) <= (_vector_spacing << 0x5))), function at exception vector 28 too large)

.vector_29      0x9fc015a0        0x8
 *(.vector_29)
 .vector_29     0x9fc015a0        0x8 c:/program files (x86)/microchip/xc32/v1.42/bin/bin/../../lib/gcc/pic32mx/4.8.3/../../../../pic32mx/lib\libpic32.a(vector29.o)
                0x9fc015a0                __vector_dispatch_29
                0x00000001                ASSERT (((_vector_spacing == 0x0) || (SIZEOF (.vector_29) <= (_vector_spacing << 0x5))), function at exception vector 29 too large)

.vector_30      0x9fc015c0        0x8
 *(.vector_30)
 .vector_30     0x9fc015c0        0x8 c:/program files (x86)/microchip/xc32/v1.42/bin/bin/../../lib/gcc/pic32mx/4.8.3/../../../../pic32mx/lib\libpic32.a(vector30.o)
                0x9fc015c0                __vector_dispatch_30
                0x00000001                ASSERT (((_vector_spacing == 0x0) || (SIZEOF (.vector_30) <= (_vector_spacing << 0x5))), function at exception vector 30 too large)

.vector_31      0x9fc015e0       0x10
 *(.vector_31)
 .vector_31     0x9fc015e0       0x10 build/milestone1/production/_ext/1555642536/system_interrupt_a.o
                0x9fc015e0                __vector_dispatch_31
                0x00000001                ASSERT (((_vector_spacing == 0x0) || (SIZEOF (.vector_31) <= (_vector_spacing << 0x5))), function at exception vector 31 too large)

.vector_32      0x9fc01600       0x10
 *(.vector_32)
 .vector_32     0x9fc01600       0x10 build/milestone1/production/_ext/1555642536/system_interrupt_a.o
                0x9fc01600                __vector_dispatch_32
                0x00000001                ASSERT (((_vector_spacing == 0x0) || (SIZEOF (.vector_32) <= (_vector_spacing << 0x5))), function at exception vector 32 too large)

.vector_33      0x9fc01620       0x10
 *(.vector_33)
 .vector_33     0x9fc01620       0x10 build/milestone1/production/_ext/1555642536/system_interrupt_a.o
                0x9fc01620                __vector_dispatch_33
                0x00000001                ASSERT (((_vector_spacing == 0x0) || (SIZEOF (.vector_33) <= (_vector_spacing << 0x5))), function at exception vector 33 too large)

.vector_34      0x9fc01640        0x8
 *(.vector_34)
 .vector_34     0x9fc01640        0x8 c:/program files (x86)/microchip/xc32/v1.42/bin/bin/../../lib/gcc/pic32mx/4.8.3/../../../../pic32mx/lib\libpic32.a(vector34.o)
                0x9fc01640                __vector_dispatch_34
                0x00000001                ASSERT (((_vector_spacing == 0x0) || (SIZEOF (.vector_34) <= (_vector_spacing << 0x5))), function at exception vector 34 too large)

.vector_35      0x9fc01660        0x8
 *(.vector_35)
 .vector_35     0x9fc01660        0x8 c:/program files (x86)/microchip/xc32/v1.42/bin/bin/../../lib/gcc/pic32mx/4.8.3/../../../../pic32mx/lib\libpic32.a(vector35.o)
                0x9fc01660                __vector_dispatch_35
                0x00000001                ASSERT (((_vector_spacing == 0x0) || (SIZEOF (.vector_35) <= (_vector_spacing << 0x5))), function at exception vector 35 too large)

.vector_36      0x9fc01680        0x8
 *(.vector_36)
 .vector_36     0x9fc01680        0x8 c:/program files (x86)/microchip/xc32/v1.42/bin/bin/../../lib/gcc/pic32mx/4.8.3/../../../../pic32mx/lib\libpic32.a(vector36.o)
                0x9fc01680                __vector_dispatch_36
                0x00000001                ASSERT (((_vector_spacing == 0x0) || (SIZEOF (.vector_36) <= (_vector_spacing << 0x5))), function at exception vector 36 too large)

.vector_37      0x9fc016a0        0x8
 *(.vector_37)
 .vector_37     0x9fc016a0        0x8 c:/program files (x86)/microchip/xc32/v1.42/bin/bin/../../lib/gcc/pic32mx/4.8.3/../../../../pic32mx/lib\libpic32.a(vector37.o)
                0x9fc016a0                __vector_dispatch_37
                0x00000001                ASSERT (((_vector_spacing == 0x0) || (SIZEOF (.vector_37) <= (_vector_spacing << 0x5))), function at exception vector 37 too large)

.vector_38      0x9fc016c0        0x8
 *(.vector_38)
 .vector_38     0x9fc016c0        0x8 c:/program files (x86)/microchip/xc32/v1.42/bin/bin/../../lib/gcc/pic32mx/4.8.3/../../../../pic32mx/lib\libpic32.a(vector38.o)
                0x9fc016c0                __vector_dispatch_38
                0x00000001                ASSERT (((_vector_spacing == 0x0) || (SIZEOF (.vector_38) <= (_vector_spacing << 0x5))), function at exception vector 38 too large)

.vector_39      0x9fc016e0        0x8
 *(.vector_39)
 .vector_39     0x9fc016e0        0x8 c:/program files (x86)/microchip/xc32/v1.42/bin/bin/../../lib/gcc/pic32mx/4.8.3/../../../../pic32mx/lib\libpic32.a(vector39.o)
                0x9fc016e0                __vector_dispatch_39
                0x00000001                ASSERT (((_vector_spacing == 0x0) || (SIZEOF (.vector_39) <= (_vector_spacing << 0x5))), function at exception vector 39 too large)

.vector_40      0x9fc01700        0x8
 *(.vector_40)
 .vector_40     0x9fc01700        0x8 c:/program files (x86)/microchip/xc32/v1.42/bin/bin/../../lib/gcc/pic32mx/4.8.3/../../../../pic32mx/lib\libpic32.a(vector40.o)
                0x9fc01700                __vector_dispatch_40
                0x00000001                ASSERT (((_vector_spacing == 0x0) || (SIZEOF (.vector_40) <= (_vector_spacing << 0x5))), function at exception vector 40 too large)

.vector_41      0x9fc01720        0x8
 *(.vector_41)
 .vector_41     0x9fc01720        0x8 c:/program files (x86)/microchip/xc32/v1.42/bin/bin/../../lib/gcc/pic32mx/4.8.3/../../../../pic32mx/lib\libpic32.a(vector41.o)
                0x9fc01720                __vector_dispatch_41
                0x00000001                ASSERT (((_vector_spacing == 0x0) || (SIZEOF (.vector_41) <= (_vector_spacing << 0x5))), function at exception vector 41 too large)

.vector_42      0x9fc01740        0x8
 *(.vector_42)
 .vector_42     0x9fc01740        0x8 c:/program files (x86)/microchip/xc32/v1.42/bin/bin/../../lib/gcc/pic32mx/4.8.3/../../../../pic32mx/lib\libpic32.a(vector42.o)
                0x9fc01740                __vector_dispatch_42
                0x00000001                ASSERT (((_vector_spacing == 0x0) || (SIZEOF (.vector_42) <= (_vector_spacing << 0x5))), function at exception vector 42 too large)

.vector_43      0x9fc01760        0x8
 *(.vector_43)
 .vector_43     0x9fc01760        0x8 c:/program files (x86)/microchip/xc32/v1.42/bin/bin/../../lib/gcc/pic32mx/4.8.3/../../../../pic32mx/lib\libpic32.a(vector43.o)
                0x9fc01760                __vector_dispatch_43
                0x00000001                ASSERT (((_vector_spacing == 0x0) || (SIZEOF (.vector_43) <= (_vector_spacing << 0x5))), function at exception vector 43 too large)

.vector_44      0x9fc01780        0x8
 *(.vector_44)
 .vector_44     0x9fc01780        0x8 c:/program files (x86)/microchip/xc32/v1.42/bin/bin/../../lib/gcc/pic32mx/4.8.3/../../../../pic32mx/lib\libpic32.a(vector44.o)
                0x9fc01780                __vector_dispatch_44
                0x00000001                ASSERT (((_vector_spacing == 0x0) || (SIZEOF (.vector_44) <= (_vector_spacing << 0x5))), function at exception vector 44 too large)

.vector_45      0x9fc017a0        0x8
 *(.vector_45)
 .vector_45     0x9fc017a0        0x8 c:/program files (x86)/microchip/xc32/v1.42/bin/bin/../../lib/gcc/pic32mx/4.8.3/../../../../pic32mx/lib\libpic32.a(vector45.o)
                0x9fc017a0                __vector_dispatch_45
                0x00000001                ASSERT (((_vector_spacing == 0x0) || (SIZEOF (.vector_45) <= (_vector_spacing << 0x5))), function at exception vector 45 too large)

.vector_46      0x9fc017c0        0x8
 *(.vector_46)
 .vector_46     0x9fc017c0        0x8 c:/program files (x86)/microchip/xc32/v1.42/bin/bin/../../lib/gcc/pic32mx/4.8.3/../../../../pic32mx/lib\libpic32.a(vector46.o)
                0x9fc017c0                __vector_dispatch_46
                0x00000001                ASSERT (((_vector_spacing == 0x0) || (SIZEOF (.vector_46) <= (_vector_spacing << 0x5))), function at exception vector 46 too large)

.vector_47      0x9fc017e0        0x8
 *(.vector_47)
 .vector_47     0x9fc017e0        0x8 c:/program files (x86)/microchip/xc32/v1.42/bin/bin/../../lib/gcc/pic32mx/4.8.3/../../../../pic32mx/lib\libpic32.a(vector47.o)
                0x9fc017e0                __vector_dispatch_47
                0x00000001                ASSERT (((_vector_spacing == 0x0) || (SIZEOF (.vector_47) <= (_vector_spacing << 0x5))), function at exception vector 47 too large)

.vector_48      0x9fc01800        0x8
 *(.vector_48)
 .vector_48     0x9fc01800        0x8 c:/program files (x86)/microchip/xc32/v1.42/bin/bin/../../lib/gcc/pic32mx/4.8.3/../../../../pic32mx/lib\libpic32.a(vector48.o)
                0x9fc01800                __vector_dispatch_48
                0x00000001                ASSERT (((_vector_spacing == 0x0) || (SIZEOF (.vector_48) <= (_vector_spacing << 0x5))), function at exception vector 48 too large)

.vector_49      0x9fc01820        0x8
 *(.vector_49)
 .vector_49     0x9fc01820        0x8 c:/program files (x86)/microchip/xc32/v1.42/bin/bin/../../lib/gcc/pic32mx/4.8.3/../../../../pic32mx/lib\libpic32.a(vector49.o)
                0x9fc01820                __vector_dispatch_49
                0x00000001                ASSERT (((_vector_spacing == 0x0) || (SIZEOF (.vector_49) <= (_vector_spacing << 0x5))), function at exception vector 49 too large)

.vector_50      0x9fc01840        0x8
 *(.vector_50)
 .vector_50     0x9fc01840        0x8 c:/program files (x86)/microchip/xc32/v1.42/bin/bin/../../lib/gcc/pic32mx/4.8.3/../../../../pic32mx/lib\libpic32.a(vector50.o)
                0x9fc01840                __vector_dispatch_50
                0x00000001                ASSERT (((_vector_spacing == 0x0) || (SIZEOF (.vector_50) <= (_vector_spacing << 0x5))), function at exception vector 50 too large)

.vector_51      0x9fc01860        0x8
 *(.vector_51)
 .vector_51     0x9fc01860        0x8 c:/program files (x86)/microchip/xc32/v1.42/bin/bin/../../lib/gcc/pic32mx/4.8.3/../../../../pic32mx/lib\libpic32.a(vector51.o)
                0x9fc01860                __vector_dispatch_51
                0x00000001                ASSERT (((_vector_spacing == 0x0) || (SIZEOF (.vector_51) <= (_vector_spacing << 0x5))), function at exception vector 51 too large)

.vector_52      0x9fc01880        0x0
 *(.vector_52)
                0x00000001                ASSERT (((_vector_spacing == 0x0) || (SIZEOF (.vector_52) <= (_vector_spacing << 0x5))), function at exception vector 52 too large)

.vector_53      0x9fc018a0        0x0
 *(.vector_53)
                0x00000001                ASSERT (((_vector_spacing == 0x0) || (SIZEOF (.vector_53) <= (_vector_spacing << 0x5))), function at exception vector 53 too large)

.vector_54      0x9fc018c0        0x0
 *(.vector_54)
                0x00000001                ASSERT (((_vector_spacing == 0x0) || (SIZEOF (.vector_54) <= (_vector_spacing << 0x5))), function at exception vector 54 too large)

.vector_55      0x9fc018e0        0x0
 *(.vector_55)
                0x00000001                ASSERT (((_vector_spacing == 0x0) || (SIZEOF (.vector_55) <= (_vector_spacing << 0x5))), function at exception vector 55 too large)

.vector_56      0x9fc01900        0x0
 *(.vector_56)
                0x00000001                ASSERT (((_vector_spacing == 0x0) || (SIZEOF (.vector_56) <= (_vector_spacing << 0x5))), function at exception vector 56 too large)

.vector_57      0x9fc01920        0x0
 *(.vector_57)
                0x00000001                ASSERT (((_vector_spacing == 0x0) || (SIZEOF (.vector_57) <= (_vector_spacing << 0x5))), function at exception vector 57 too large)

.vector_58      0x9fc01940        0x0
 *(.vector_58)
                0x00000001                ASSERT (((_vector_spacing == 0x0) || (SIZEOF (.vector_58) <= (_vector_spacing << 0x5))), function at exception vector 58 too large)

.vector_59      0x9fc01960        0x0
 *(.vector_59)
                0x00000001                ASSERT (((_vector_spacing == 0x0) || (SIZEOF (.vector_59) <= (_vector_spacing << 0x5))), function at exception vector 59 too large)

.vector_60      0x9fc01980        0x0
 *(.vector_60)
                0x00000001                ASSERT (((_vector_spacing == 0x0) || (SIZEOF (.vector_60) <= (_vector_spacing << 0x5))), function at exception vector 60 too large)

.vector_61      0x9fc019a0        0x0
 *(.vector_61)
                0x00000001                ASSERT (((_vector_spacing == 0x0) || (SIZEOF (.vector_61) <= (_vector_spacing << 0x5))), function at exception vector 61 too large)

.vector_62      0x9fc019c0        0x0
 *(.vector_62)
                0x00000001                ASSERT (((_vector_spacing == 0x0) || (SIZEOF (.vector_62) <= (_vector_spacing << 0x5))), function at exception vector 62 too large)

.vector_63      0x9fc019e0        0x0
 *(.vector_63)
                0x00000001                ASSERT (((_vector_spacing == 0x0) || (SIZEOF (.vector_63) <= (_vector_spacing << 0x5))), function at exception vector 63 too large)

.startup
 *(.startup)

.text           0x9d000000        0x0
 *(.stub .gnu.linkonce.t.*)
 *(.text.*personality*)
 *(.mips16.fn.*)
 *(.mips16.call.*)
 *(.gnu.warning)
                0x9d000000                . = ALIGN (0x4)

.init           0x9d000000        0x0
 *crti.o(.init)
 *crtbegin.o(.init)
 *(EXCLUDE_FILE(*crtn.o *crtend?.o *crtend.o) .init)
 *crtend.o(.init)
 *crtn.o(.init)
                0x9d000000                . = ALIGN (0x4)

.fini           0x9d000000        0x0
 *(.fini)
                0x9d000000                . = ALIGN (0x4)

.preinit_array  0x9d000000        0x0
                0x9d000000                PROVIDE (__preinit_array_start, .)
 *(.preinit_array)
                0x9d000000                PROVIDE (__preinit_array_end, .)
                0x9d000000                . = ALIGN (0x4)

.init_array     0x9d000000        0x0
                0x9d000000                PROVIDE (__init_array_start, .)
 *(SORT(.init_array.*))
 *(.init_array)
                0x9d000000                PROVIDE (__init_array_end, .)
                0x9d000000                . = ALIGN (0x4)

.fini_array     0x9d000000        0x0
                0x9d000000                PROVIDE (__fini_array_start, .)
 *(SORT(.fini_array.*))
 *(.fini_array)
                0x9d000000                PROVIDE (__fini_array_end, .)
                0x9d000000                . = ALIGN (0x4)

.ctors          0x9d000000        0x0
 *crtbegin.o(.ctors)
 *crtbegin?.o(.ctors)
 *(EXCLUDE_FILE(*crtend?.o *crtend.o) .ctors)
 *(SORT(.ctors.*))
 *(.ctors)
                0x9d000000                . = ALIGN (0x4)

.dtors          0x9d000000        0x0
 *crtbegin.o(.dtors)
 *crtbegin?.o(.dtors)
 *(EXCLUDE_FILE(*crtend?.o *crtend.o) .dtors)
 *(SORT(.dtors.*))
 *(.dtors)
                0x9d000000                . = ALIGN (0x4)

.rodata         0x9d000000        0x0
 *(.gnu.linkonce.r.*)
 *(.rodata1)
                0x9d000000                . = ALIGN (0x4)

.sdata2         0x9fc00490        0x0
 *(.sdata2 .sdata2.* .gnu.linkonce.s2.*)
                0x9fc00490                . = ALIGN (0x4)

.sbss2          0x9fc00490        0x0
 *(.sbss2 .sbss2.* .gnu.linkonce.sb2.*)
                0x9fc00490                . = ALIGN (0x4)

.eh_frame_hdr
 *(.eh_frame_hdr)
                0x9fc00490                . = ALIGN (0x4)

.eh_frame
 *(.eh_frame)
                0x9fc00490                . = ALIGN (0x4)

.gcc_except_table
 *(.gcc_except_table .gcc_except_table.*)
                0x9fc00490                . = ALIGN (0x4)

.dbg_data       0xa0000000        0x0
                0xa0000000                . = (. + DEFINED (_DEBUGGER)?0x200:0x0)

.jcr            0xa0000000        0x0
 *(.jcr)
                0xa0000000                . = ALIGN (0x4)

.eh_frame
 *(.eh_frame)
                0xa0000000                . = ALIGN (0x4)

.gcc_except_table
 *(.gcc_except_table .gcc_except_table.*)
                0xa0000000                . = ALIGN (0x4)

.persist        0xa0000000        0x0
                0xa0000000                _persist_begin = .
 *(.persist .persist.*)
 *(.pbss .pbss.*)
                0xa0000000                . = ALIGN (0x4)
                0xa0000000                _persist_end = .

.data           0xa0000000        0x0
 *(.gnu.linkonce.d.*)
 *(.data1)
                0xa0000000                . = ALIGN (0x4)
                0xa0000000                . = .
                0xa0007ff0                _gp = (ALIGN (0x10) + 0x7ff0)

.got            0xa0000000        0x0
 *(.got.plt)
 *(.got)
                0xa0000000                . = ALIGN (0x4)

.sdata          0xa0000000       0x38
                0xa0000000                _sdata_begin = .
 *(.sdata .sdata.* .gnu.linkonce.s.*)
 .sdata         0xa0000000       0x10 build/milestone1/production/_ext/1360937237/navigation.o
                0xa0000000                expectingBack
                0xa0000001                orientBackwards
                0xa0000004                ignoreTapeMax
                0xa0000008                moveMaxIdx
                0xa000000c                moveGoalIdx
 .sdata         0xa0000010        0x4 build/milestone1/production/_ext/1360937237/communication.o
                0xa0000010                SeqNum
 .sdata         0xa0000014        0x4 build/milestone1/production/_ext/833221424/port.o
                0xa0000014                uxInterruptNesting
 .sdata         0xa0000018       0x1c build/milestone1/production/_ext/1360937237/motor.o
                0xa0000018                angleOffsetRight
                0xa000001c                angleOffsetLeft
                0xa0000020                forwardOffset
                0xa0000024                TicksPerCM
                0xa0000028                TicksPerInch
                0xa000002c                TicksPerDegree
                0xa0000030                currentDirection
 .sdata         0xa0000034        0x4 c:/program files (x86)/microchip/xc32/v1.42/bin/bin/../../lib/gcc/pic32mx/4.8.3/../../../../pic32mx/lib\libpic32.a(xc32_uart.o)
                0xa0000034                __XC_UART
                0xa0000038                . = ALIGN (0x4)
                0xa0000038                _sdata_end = .

.lit8
 *(.lit8)

.lit4
 *(.lit4)
                0xa0000038                . = ALIGN (0x4)
                0xa0000038                _data_end = .
                0xa0000038                _bss_begin = .

.sbss           0xa0000038      0x15c
                0xa0000038                _sbss_begin = .
 *(.dynsbss)
 *(.sbss .sbss.* .gnu.linkonce.sb.*)
 .sbss          0xa0000038        0x4 build/milestone1/production/_ext/1864120335/drv_tmr_static.o
 .sbss          0xa000003c        0x8 build/milestone1/production/_ext/1555642536/system_interrupt.o
                0xa000003c                objMapCnt
                0xa000003d                flagDetected
                0xa000003e                sensorToggle
                0xa0000040                incr
 .sbss          0xa0000044        0xc build/milestone1/production/_ext/1555642536/system_exceptions.o
 .sbss          0xa0000050        0x4 build/milestone1/production/_ext/1360937237/app.o
 .sbss          0xa0000054       0x44 build/milestone1/production/_ext/1360937237/navigation.o
                0xa0000054                readyToSample
                0xa0000055                farLineSet
                0xa0000056                midLine1Set
                0xa0000057                midLine0Set
                0xa0000058                farLine
                0xa0000059                midLine1
                0xa000005a                midLine0
                0xa000005b                currDirectionBool
                0xa000005c                numberOfLines
                0xa000005d                movingOriented
                0xa000005e                oriented
                0xa0000060                pwmCount
                0xa0000064                previousValue2
                0xa0000068                previousValue1
                0xa000006c                orientAttempts
                0xa0000070                cs4OnTape
                0xa0000071                cs3OnTape
                0xa0000072                cs2OnTape
                0xa0000073                cs1OnTape
                0xa0000074                ignoreTapeCount
                0xa0000078                ignoringTape
                0xa000007c                ticksRemaining
                0xa0000080                desiredSpeed
                0xa0000084                roverStopped
                0xa0000088                moveLastIdx
                0xa000008c                moveCurrentIdx
                0xa0000090                moveFirstIdx
 .sbss          0xa0000098        0xc build/milestone1/production/_ext/1360937237/mapping.o
                0xa000009c                ir0Out
                0xa000009e                son0Out
                0xa00000a0                roverListTop
                0xa00000a1                deletedObjectListTop
                0xa00000a2                finalObjectListTop
                0xa00000a3                tempObjectListTop
 .sbss          0xa00000a4       0x18 build/milestone1/production/_ext/1360937237/communication.o
                0xa00000a4                receiveFromWifiBufferIdx
                0xa00000a8                bufferToWrite2Idx
                0xa00000ac                NumDroppedMessages
                0xa00000b0                NumBadChecksums
 .sbss          0xa00000bc        0x8 build/milestone1/production/_ext/1360937237/ms2test.o
                0xa00000bc                testCount
                0xa00000c0                speedTotal
 .sbss          0xa00000c4        0x4 build/milestone1/production/_ext/640947597/drv_i2c.o
 .sbss          0xa00000c8        0x8 build/milestone1/production/_ext/38950237/heap_1.o
 .sbss          0xa00000d0        0x4 build/milestone1/production/_ext/833221424/port.o
                0xa00000d0                uxSavedTaskStackPointer
 .sbss          0xa00000d4       0x3c build/milestone1/production/_ext/207208378/tasks.o
                0xa000010c                pxCurrentTCB
 .sbss          0xa0000110       0x18 build/milestone1/production/_ext/1360937237/motor.o
                0xa0000110                Is_Testing
                0xa0000114                PID2_Out
                0xa0000118                PID1_Out
                0xa000011c                currentPositionY
                0xa0000120                currentPositionX
                0xa0000124                currentOrientation
 *(.scommon)
 .scommon       0xa0000128        0x8 build/milestone1/production/_ext/192191419/drv_usart_mapping.o
                0xa0000128                flagAngleFromStart
                0xa000012c                movementState
 .scommon       0xa0000130        0x4 build/milestone1/production/_ext/192191419/drv_usart_static.o
                0xa0000130                gDrvUSART0Obj
 .scommon       0xa0000134        0x0 build/milestone1/production/_ext/192191419/drv_usart_static_byte_model.o
 .scommon       0xa0000134        0x0 build/milestone1/production/_ext/383799649/sys_clk_static.o
 .scommon       0xa0000134        0x0 build/milestone1/production/_ext/1555642536/system_init.o
 .scommon       0xa0000134        0x0 build/milestone1/production/_ext/1555642536/system_interrupt.o
 .scommon       0xa0000134        0x0 build/milestone1/production/_ext/1555642536/system_exceptions.o
 .scommon       0xa0000134        0x0 build/milestone1/production/_ext/1555642536/system_tasks.o
 .scommon       0xa0000134        0x8 build/milestone1/production/_ext/1360937237/app.o
                0xa0000134                appData
                0xa0000138                app1Iter
 .scommon       0xa000013c       0x18 build/milestone1/production/_ext/1360937237/navigation.o
                0xa000013c                receivemsg
                0xa0000140                m1PID
                0xa0000144                speed2
                0xa0000148                speed1
                0xa000014c                m2PID
                0xa0000150                navigationData
 .scommon       0xa0000154        0x8 build/milestone1/production/_ext/1360937237/mapping.o
                0xa0000154                biggest
 .scommon       0xa000015c        0x4 build/milestone1/production/_ext/1360937237/communication.o
                0xa000015c                communicationData
 .scommon       0xa0000160        0x0 build/milestone1/production/_ext/1360937237/ms2test.o
 .scommon       0xa0000160        0x0 build/milestone1/production/_ext/1360937237/linesensing.o
 .scommon       0xa0000160        0x8 build/milestone1/production/_ext/220938215/sys_devcon.o
                0xa0000160                sysDevconObj
 .scommon       0xa0000168        0x4 build/milestone1/production/_ext/1360937237/debug.o
                0xa0000168                global_data
 .scommon       0xa000016c        0x0 build/milestone1/production/_ext/1360937237/motor.o
 .scommon       0xa000016c        0x0 build/milestone1/production/_ext/1360937237/myjson.o
 .scommon       0xa000016c        0x0 build/milestone1/production/_ext/1360937237/electromagnet.o
 .scommon       0xa000016c       0x28 build/milestone1/production/_ext/1360937237/myi2c.o
                0xa000016c                ColorData4
                0xa0000174                ColorData1
                0xa000017c                ColorData2
                0xa0000184                ColorData3
                0xa000018c                navMsg
                0xa0000190                OnBlueTape
                0xa0000194                _sbss_end = .
                0xa0000194                . = ALIGN (0x4)

.bss            0xa0000194     0x66d4
 *(.dynbss)
 *(COMMON)
 COMMON         0xa0000194       0x28 build/milestone1/production/_ext/1555642536/system_init.o
                0xa0000194                sysObj
 COMMON         0xa00001bc        0xf build/milestone1/production/_ext/1555642536/system_interrupt.o
                0xa00001bc                startObjToMap
 *fill*         0xa00001cb        0x1 
 COMMON         0xa00001cc      0x1f4 build/milestone1/production/_ext/1360937237/navigation.o
                0xa00001cc                moveType
                0xa0000230                moveAmount
 COMMON         0xa00003c0     0x62b8 build/milestone1/production/_ext/1360937237/mapping.o
                0xa00003c0                gridOut
                0xa0000498                finalObjectList
                0xa0000538                tempObjectList
                0xa00005d8                deletedObjectList
                0xa000060c                mappingData
                0xa0006650                roverList
 COMMON         0xa0006678      0x1b4 build/milestone1/production/_ext/1360937237/communication.o
                0xa0006678                bufferToWrite2
                0xa0006754                receiveFromWifiBuffer
 COMMON         0xa000682c        0xc build/milestone1/production/_ext/640947597/drv_i2c.o
                0xa000682c                gDrvI2CCommonDataObj
 COMMON         0xa0006838       0x30 build/milestone1/production/_ext/1360937237/myi2c.o
                0xa0006838                HandlerState
                0xa0006848                PreviousState
                0xa0006858                BufferHandle
                0xa0006868                . = ALIGN ((. != 0x0)?0x4:0x1)
                0xa0006868                . = ALIGN (0x4)
                0xa0006868                _end = .
                0xa0006868                _bss_end = .
                0x00020000                _bmxdudba_address = 0x20000
                0x00020000                _bmxdupba_address = 0x20000

/DISCARD/
 *(.pdr)
 *(.rel.dyn)
 *(.note.GNU-stack)
 *(.note.GNU-stack)
 *(.gnu_debuglink)
 *(.gnu.lto_*)
 *(.discard)

.gptab.sdata
 *(.gptab.data)
 *(.gptab.sdata)

.gptab.sbss
 *(.gptab.bss)
 *(.gptab.sbss)

.mdebug.abi32   0xa0006868        0x0
 *(.mdebug.abi32)
 .mdebug.abi32  0xa0006868        0x0 build/milestone1/production/_ext/1909904406/drv_adc_static.o
 .mdebug.abi32  0xa0006868        0x0 build/milestone1/production/_ext/1864120335/drv_tmr_static.o
 .mdebug.abi32  0xa0006868        0x0 build/milestone1/production/_ext/1864120335/drv_tmr_mapping.o
 .mdebug.abi32  0xa0006868        0x0 build/milestone1/production/_ext/192191419/drv_usart_mapping.o
 .mdebug.abi32  0xa0006868        0x0 build/milestone1/production/_ext/192191419/drv_usart_static.o
 .mdebug.abi32  0xa0006868        0x0 build/milestone1/production/_ext/192191419/drv_usart_static_byte_model.o
 .mdebug.abi32  0xa0006868        0x0 build/milestone1/production/_ext/383799649/sys_clk_static.o
 .mdebug.abi32  0xa0006868        0x0 build/milestone1/production/_ext/956857457/sys_ports_static.o
 .mdebug.abi32  0xa0006868        0x0 build/milestone1/production/_ext/1555642536/system_init.o
 .mdebug.abi32  0xa0006868        0x0 build/milestone1/production/_ext/1555642536/system_interrupt.o
 .mdebug.abi32  0xa0006868        0x0 build/milestone1/production/_ext/1555642536/system_exceptions.o
 .mdebug.abi32  0xa0006868        0x0 build/milestone1/production/_ext/1555642536/system_tasks.o
 .mdebug.abi32  0xa0006868        0x0 build/milestone1/production/_ext/1555642536/rtos_hooks.o
 .mdebug.abi32  0xa0006868        0x0 build/milestone1/production/_ext/1360937237/app.o
 .mdebug.abi32  0xa0006868        0x0 build/milestone1/production/_ext/1360937237/main.o
 .mdebug.abi32  0xa0006868        0x0 build/milestone1/production/_ext/1360937237/navigation.o
 .mdebug.abi32  0xa0006868        0x0 build/milestone1/production/_ext/1360937237/mapping.o
 .mdebug.abi32  0xa0006868        0x0 build/milestone1/production/_ext/1360937237/communication.o
 .mdebug.abi32  0xa0006868        0x0 build/milestone1/production/_ext/1360937237/ms2test.o
 .mdebug.abi32  0xa0006868        0x0 build/milestone1/production/_ext/1360937237/linesensing.o
 .mdebug.abi32  0xa0006868        0x0 build/milestone1/production/_ext/640947597/drv_i2c.o
 .mdebug.abi32  0xa0006868        0x0 build/milestone1/production/_ext/1785267873/osal_freertos.o
 .mdebug.abi32  0xa0006868        0x0 build/milestone1/production/_ext/220938215/sys_devcon.o
 .mdebug.abi32  0xa0006868        0x0 build/milestone1/production/_ext/220938215/sys_devcon_pic32mx.o
 .mdebug.abi32  0xa0006868        0x0 build/milestone1/production/_ext/1272805407/sys_int_pic32.o
 .mdebug.abi32  0xa0006868        0x0 build/milestone1/production/_ext/38950237/heap_1.o
 .mdebug.abi32  0xa0006868        0x0 build/milestone1/production/_ext/833221424/port.o
 .mdebug.abi32  0xa0006868        0x0 build/milestone1/production/_ext/207208378/croutine.o
 .mdebug.abi32  0xa0006868        0x0 build/milestone1/production/_ext/207208378/list.o
 .mdebug.abi32  0xa0006868        0x0 build/milestone1/production/_ext/207208378/queue.o
 .mdebug.abi32  0xa0006868        0x0 build/milestone1/production/_ext/207208378/tasks.o
 .mdebug.abi32  0xa0006868        0x0 build/milestone1/production/_ext/207208378/timers.o
 .mdebug.abi32  0xa0006868        0x0 build/milestone1/production/_ext/207208378/event_groups.o
 .mdebug.abi32  0xa0006868        0x0 build/milestone1/production/_ext/1360937237/debug.o
 .mdebug.abi32  0xa0006868        0x0 build/milestone1/production/_ext/1360937237/motor.o
 .mdebug.abi32  0xa0006868        0x0 build/milestone1/production/_ext/1360937237/myjson.o
 .mdebug.abi32  0xa0006868        0x0 build/milestone1/production/_ext/1360937237/electromagnet.o
 .mdebug.abi32  0xa0006868        0x0 build/milestone1/production/_ext/1360937237/myi2c.o
 .mdebug.abi32  0xa0006868        0x0 c:/program files (x86)/microchip/xc32/v1.42/bin/bin/../../lib/gcc/pic32mx/4.8.3\libgcc.a(floatunsisf.o)
 .mdebug.abi32  0xa0006868        0x0 c:/program files (x86)/microchip/xc32/v1.42/bin/bin/../../lib/gcc/pic32mx/4.8.3/../../../../pic32mx/lib\libpic32.a(default-bootstrap-exception-handler.o)
 .mdebug.abi32  0xa0006868        0x0 c:/program files (x86)/microchip/xc32/v1.42/bin/bin/../../lib/gcc/pic32mx/4.8.3/../../../../pic32mx/lib\libpic32.a(default-on-reset.o)
 .mdebug.abi32  0xa0006868        0x0 c:/program files (x86)/microchip/xc32/v1.42/bin/bin/../../lib/gcc/pic32mx/4.8.3/../../../../pic32mx/lib\libpic32.a(default-on-bootstrap.o)
 .mdebug.abi32  0xa0006868        0x0 c:/program files (x86)/microchip/xc32/v1.42/bin/bin/../../lib/gcc/pic32mx/4.8.3/../../../../pic32mx/lib\libpic32.a(defaultinterrupt.o)
 .mdebug.abi32  0xa0006868        0x0 c:/program files (x86)/microchip/xc32/v1.42/bin/bin/../../lib/gcc/pic32mx/4.8.3/../../../../pic32mx/lib\libm.a(w_atan2f.o)
 .mdebug.abi32  0xa0006868        0x0 c:/program files (x86)/microchip/xc32/v1.42/bin/bin/../../lib/gcc/pic32mx/4.8.3/../../../../pic32mx/lib\libm.a(w_powf.o)
 .mdebug.abi32  0xa0006868        0x0 c:/program files (x86)/microchip/xc32/v1.42/bin/bin/../../lib/gcc/pic32mx/4.8.3/../../../../pic32mx/lib\libm.a(w_sqrtf.o)
 .mdebug.abi32  0xa0006868        0x0 c:/program files (x86)/microchip/xc32/v1.42/bin/bin/../../lib/gcc/pic32mx/4.8.3/../../../../pic32mx/lib\libm.a(support.o)
 .mdebug.abi32  0xa0006868        0x0 c:/program files (x86)/microchip/xc32/v1.42/bin/bin/../../lib/gcc/pic32mx/4.8.3/../../../../pic32mx/lib\libm.a(s_lib_ver.o)
 .mdebug.abi32  0xa0006868        0x0 c:/program files (x86)/microchip/xc32/v1.42/bin/bin/../../lib/gcc/pic32mx/4.8.3/../../../../pic32mx/lib\libc.a(atoi.o)
 .mdebug.abi32  0xa0006868        0x0 c:/program files (x86)/microchip/xc32/v1.42/bin/bin/../../lib/gcc/pic32mx/4.8.3/../../../../pic32mx/lib\libc.a(ctype.o)
 .mdebug.abi32  0xa0006868        0x0 c:/program files (x86)/microchip/xc32/v1.42/bin/bin/../../lib/gcc/pic32mx/4.8.3/../../../../pic32mx/lib\libc.a(errno.o)
 .mdebug.abi32  0xa0006868        0x0 c:/program files (x86)/microchip/xc32/v1.42/bin/bin/../../lib/gcc/pic32mx/4.8.3/../../../../pic32mx/lib\libc.a(strcat.o)
 .mdebug.abi32  0xa0006868        0x0 c:/program files (x86)/microchip/xc32/v1.42/bin/bin/../../lib/gcc/pic32mx/4.8.3/../../../../pic32mx/lib\libc.a(sprintf_cdnopuxX.eo)
 .mdebug.abi32  0xa0006868        0x0 c:/program files (x86)/microchip/xc32/v1.42/bin/bin/../../lib/gcc/pic32mx/4.8.3/../../../../pic32mx/lib\libc.a(doprnt_cdnopuxX.eo)
 .mdebug.abi32  0xa0006868        0x0 c:/program files (x86)/microchip/xc32/v1.42/bin/bin/../../lib/gcc/pic32mx/4.8.3/../../../../pic32mx/lib\libc.a(_fputc_simple.o)
 .mdebug.abi32  0xa0006868        0x0 c:/program files (x86)/microchip/xc32/v1.42/bin/bin/../../lib/gcc/pic32mx/4.8.3/../../../../pic32mx/lib\libc.a(_iob.o)
 .mdebug.abi32  0xa0006868        0x0 c:/program files (x86)/microchip/xc32/v1.42/bin/bin/../../lib/gcc/pic32mx/4.8.3/../../../../pic32mx/lib\libc.a(_flsbuf_simple.o)
 .mdebug.abi32  0xa0006868        0x0 c:/program files (x86)/microchip/xc32/v1.42/bin/bin/../../lib/gcc/pic32mx/4.8.3/../../../../pic32mx/lib\libpic32.a(write.o)
 .mdebug.abi32  0xa0006868        0x0 c:/program files (x86)/microchip/xc32/v1.42/bin/bin/../../lib/gcc/pic32mx/4.8.3/../../../../pic32mx/lib\libpic32.a(isinf.o)
 .mdebug.abi32  0xa0006868        0x0 c:/program files (x86)/microchip/xc32/v1.42/bin/bin/../../lib/gcc/pic32mx/4.8.3/../../../../pic32mx/lib\libpic32.a(_mon_putc.o)
 .mdebug.abi32  0xa0006868        0x0 c:/program files (x86)/microchip/xc32/v1.42/bin/bin/../../lib/gcc/pic32mx/4.8.3/../../../../pic32mx/lib\libpic32.a(xc32_uart.o)
 .mdebug.abi32  0xa0006868        0x0 c:/program files (x86)/microchip/xc32/v1.42/bin/bin/../../lib/gcc/pic32mx/4.8.3/../../../../pic32mx/lib\libe.a(_unorddf2.o)
 .mdebug.abi32  0xa0006868        0x0 c:/program files (x86)/microchip/xc32/v1.42/bin/bin/../../lib/gcc/pic32mx/4.8.3\libgcc.a(_udivdi3.o)
 .mdebug.abi32  0xa0006868        0x0 c:/program files (x86)/microchip/xc32/v1.42/bin/bin/../../lib/gcc/pic32mx/4.8.3\libgcc.a(_umoddi3.o)

.mdebug.abiN32
 *(.mdebug.abiN32)

.mdebug.abi64
 *(.mdebug.abi64)

.mdebug.abiO64
 *(.mdebug.abiO64)

.mdebug.eabi32
 *(.mdebug.eabi32)

.mdebug.eabi64
 *(.mdebug.eabi64)

.gcc_compiled_long32
 *(.gcc_compiled_long32)

.gcc_compiled_long64
 *(.gcc_compiled_long64)

.stab
 *(.stab)

.stabstr
 *(.stabstr)

.stab.excl
 *(.stab.excl)

.stab.exclstr
 *(.stab.exclstr)

.stab.index
 *(.stab.index)

.stab.indexstr
 *(.stab.indexstr)

.comment        0x00000000      0x109
 *(.comment)
 .comment       0x00000000       0x3c build/milestone1/production/_ext/1909904406/drv_adc_static.o
                                 0x3d (size before relaxing)
 .comment       0x00000000       0x3d build/milestone1/production/_ext/1864120335/drv_tmr_static.o
 .comment       0x00000000       0x3d build/milestone1/production/_ext/1864120335/drv_tmr_mapping.o
 .comment       0x00000000       0x3d build/milestone1/production/_ext/192191419/drv_usart_mapping.o
 .comment       0x00000000       0x3d build/milestone1/production/_ext/192191419/drv_usart_static.o
 .comment       0x00000000       0x3d build/milestone1/production/_ext/192191419/drv_usart_static_byte_model.o
 .comment       0x00000000       0x3d build/milestone1/production/_ext/383799649/sys_clk_static.o
 .comment       0x00000000       0x3d build/milestone1/production/_ext/956857457/sys_ports_static.o
 .comment       0x00000000       0x3d build/milestone1/production/_ext/1555642536/system_init.o
 .comment       0x00000000       0x3d build/milestone1/production/_ext/1555642536/system_interrupt.o
 .comment       0x00000000       0x3d build/milestone1/production/_ext/1555642536/system_exceptions.o
 .comment       0x00000000       0x3d build/milestone1/production/_ext/1555642536/system_tasks.o
 .comment       0x00000000       0x3d build/milestone1/production/_ext/1555642536/rtos_hooks.o
 .comment       0x00000000       0x3d build/milestone1/production/_ext/1360937237/app.o
 .comment       0x00000000       0x3d build/milestone1/production/_ext/1360937237/main.o
 .comment       0x00000000       0x3d build/milestone1/production/_ext/1360937237/navigation.o
 .comment       0x00000000       0x3d build/milestone1/production/_ext/1360937237/mapping.o
 .comment       0x00000000       0x3d build/milestone1/production/_ext/1360937237/communication.o
 .comment       0x00000000       0x3d build/milestone1/production/_ext/1360937237/ms2test.o
 .comment       0x00000000       0x3d build/milestone1/production/_ext/1360937237/linesensing.o
 .comment       0x00000000       0x3d build/milestone1/production/_ext/640947597/drv_i2c.o
 .comment       0x00000000       0x3d build/milestone1/production/_ext/1785267873/osal_freertos.o
 .comment       0x00000000       0x3d build/milestone1/production/_ext/220938215/sys_devcon.o
 .comment       0x00000000       0x3d build/milestone1/production/_ext/220938215/sys_devcon_pic32mx.o
 .comment       0x00000000       0x3d build/milestone1/production/_ext/1272805407/sys_int_pic32.o
 .comment       0x00000000       0x3d build/milestone1/production/_ext/38950237/heap_1.o
 .comment       0x00000000       0x3d build/milestone1/production/_ext/833221424/port.o
 .comment       0x00000000       0x3d build/milestone1/production/_ext/207208378/croutine.o
 .comment       0x00000000       0x3d build/milestone1/production/_ext/207208378/list.o
 .comment       0x00000000       0x3d build/milestone1/production/_ext/207208378/queue.o
 .comment       0x00000000       0x3d build/milestone1/production/_ext/207208378/tasks.o
 .comment       0x00000000       0x3d build/milestone1/production/_ext/207208378/timers.o
 .comment       0x00000000       0x3d build/milestone1/production/_ext/207208378/event_groups.o
 .comment       0x00000000       0x3d build/milestone1/production/_ext/1360937237/debug.o
 .comment       0x00000000       0x3d build/milestone1/production/_ext/1360937237/motor.o
 .comment       0x00000000       0x3d build/milestone1/production/_ext/1360937237/myjson.o
 .comment       0x00000000       0x3d build/milestone1/production/_ext/1360937237/electromagnet.o
 .comment       0x00000000       0x3d build/milestone1/production/_ext/1360937237/myi2c.o
 .comment       0x00000000       0x3d c:/program files (x86)/microchip/xc32/v1.42/bin/bin/../../lib/gcc/pic32mx/4.8.3\libgcc.a(floatunsisf.o)
 .comment       0x0000003c       0x18 c:/program files (x86)/microchip/xc32/v1.42/bin/bin/../../lib/gcc/pic32mx/4.8.3/../../../../pic32mx/lib\libpic32.a(memset.o)
                                 0x19 (size before relaxing)
 .comment       0x00000054       0x19 c:/program files (x86)/microchip/xc32/v1.42/bin/bin/../../lib/gcc/pic32mx/4.8.3/../../../../pic32mx/lib\libpic32.a(strlen.o)
                                 0x1a (size before relaxing)
 .comment       0x00000000       0x3d c:/program files (x86)/microchip/xc32/v1.42/bin/bin/../../lib/gcc/pic32mx/4.8.3/../../../../pic32mx/lib\libpic32.a(default-bootstrap-exception-handler.o)
 .comment       0x00000000       0x3d c:/program files (x86)/microchip/xc32/v1.42/bin/bin/../../lib/gcc/pic32mx/4.8.3/../../../../pic32mx/lib\libpic32.a(default-on-reset.o)
 .comment       0x00000000       0x3d c:/program files (x86)/microchip/xc32/v1.42/bin/bin/../../lib/gcc/pic32mx/4.8.3/../../../../pic32mx/lib\libpic32.a(default-on-bootstrap.o)
 .comment       0x00000000       0x3d c:/program files (x86)/microchip/xc32/v1.42/bin/bin/../../lib/gcc/pic32mx/4.8.3/../../../../pic32mx/lib\libpic32.a(defaultinterrupt.o)
 .comment       0x00000000       0x3d c:/program files (x86)/microchip/xc32/v1.42/bin/bin/../../lib/gcc/pic32mx/4.8.3/../../../../pic32mx/lib\libm.a(w_atan2f.o)
 .comment       0x00000000       0x3d c:/program files (x86)/microchip/xc32/v1.42/bin/bin/../../lib/gcc/pic32mx/4.8.3/../../../../pic32mx/lib\libm.a(w_powf.o)
 .comment       0x00000000       0x3d c:/program files (x86)/microchip/xc32/v1.42/bin/bin/../../lib/gcc/pic32mx/4.8.3/../../../../pic32mx/lib\libm.a(w_sqrtf.o)
 .comment       0x00000000       0x3d c:/program files (x86)/microchip/xc32/v1.42/bin/bin/../../lib/gcc/pic32mx/4.8.3/../../../../pic32mx/lib\libm.a(support.o)
 .comment       0x00000000       0x3d c:/program files (x86)/microchip/xc32/v1.42/bin/bin/../../lib/gcc/pic32mx/4.8.3/../../../../pic32mx/lib\libm.a(s_lib_ver.o)
 .comment       0x00000000       0x3d c:/program files (x86)/microchip/xc32/v1.42/bin/bin/../../lib/gcc/pic32mx/4.8.3/../../../../pic32mx/lib\libc.a(atoi.o)
 .comment       0x0000006d       0x4e c:/program files (x86)/microchip/xc32/v1.42/bin/bin/../../lib/gcc/pic32mx/4.8.3/../../../../pic32mx/lib\libc.a(ctype.o)
                                 0x8b (size before relaxing)
 .comment       0x00000000       0x3d c:/program files (x86)/microchip/xc32/v1.42/bin/bin/../../lib/gcc/pic32mx/4.8.3/../../../../pic32mx/lib\libc.a(errno.o)
 .comment       0x00000000       0x3d c:/program files (x86)/microchip/xc32/v1.42/bin/bin/../../lib/gcc/pic32mx/4.8.3/../../../../pic32mx/lib\libc.a(strcat.o)
 .comment       0x00000000       0x3d c:/program files (x86)/microchip/xc32/v1.42/bin/bin/../../lib/gcc/pic32mx/4.8.3/../../../../pic32mx/lib\libc.a(sprintf_cdnopuxX.eo)
 .comment       0x00000000       0x3d c:/program files (x86)/microchip/xc32/v1.42/bin/bin/../../lib/gcc/pic32mx/4.8.3/../../../../pic32mx/lib\libc.a(doprnt_cdnopuxX.eo)
 .comment       0x00000000       0x3d c:/program files (x86)/microchip/xc32/v1.42/bin/bin/../../lib/gcc/pic32mx/4.8.3/../../../../pic32mx/lib\libc.a(_fputc_simple.o)
 .comment       0x00000000       0x3d c:/program files (x86)/microchip/xc32/v1.42/bin/bin/../../lib/gcc/pic32mx/4.8.3/../../../../pic32mx/lib\libc.a(_iob.o)
 .comment       0x00000000       0x3d c:/program files (x86)/microchip/xc32/v1.42/bin/bin/../../lib/gcc/pic32mx/4.8.3/../../../../pic32mx/lib\libc.a(_flsbuf_simple.o)
 .comment       0x00000000       0x3d c:/program files (x86)/microchip/xc32/v1.42/bin/bin/../../lib/gcc/pic32mx/4.8.3/../../../../pic32mx/lib\libpic32.a(write.o)
 .comment       0x00000000       0x3d c:/program files (x86)/microchip/xc32/v1.42/bin/bin/../../lib/gcc/pic32mx/4.8.3/../../../../pic32mx/lib\libpic32.a(isinf.o)
 .comment       0x00000000       0x3d c:/program files (x86)/microchip/xc32/v1.42/bin/bin/../../lib/gcc/pic32mx/4.8.3/../../../../pic32mx/lib\libpic32.a(_mon_putc.o)
 .comment       0x00000000       0x3d c:/program files (x86)/microchip/xc32/v1.42/bin/bin/../../lib/gcc/pic32mx/4.8.3/../../../../pic32mx/lib\libpic32.a(xc32_uart.o)
 .comment       0x000000bb       0x4e c:/program files (x86)/microchip/xc32/v1.42/bin/bin/../../lib/gcc/pic32mx/4.8.3/../../../../pic32mx/lib\libe.a(_unorddf2.o)
                                 0x8b (size before relaxing)
 .comment       0x00000000       0x3d c:/program files (x86)/microchip/xc32/v1.42/bin/bin/../../lib/gcc/pic32mx/4.8.3\libgcc.a(_udivdi3.o)
 .comment       0x00000000       0x3d c:/program files (x86)/microchip/xc32/v1.42/bin/bin/../../lib/gcc/pic32mx/4.8.3\libgcc.a(_umoddi3.o)

.debug
 *(.debug)

.line
 *(.line)

.debug_srcinfo
 *(.debug_srcinfo)

.debug_sfnames
 *(.debug_sfnames)

.debug_aranges  0x00000000     0x16e8
 *(.debug_aranges)
 .debug_aranges
                0x00000000       0x78 build/milestone1/production/_ext/1909904406/drv_adc_static.o
 .debug_aranges
                0x00000078      0x1d8 build/milestone1/production/_ext/1864120335/drv_tmr_static.o
 .debug_aranges
                0x00000250       0xc8 build/milestone1/production/_ext/1864120335/drv_tmr_mapping.o
 .debug_aranges
                0x00000318       0xa8 build/milestone1/production/_ext/192191419/drv_usart_mapping.o
 .debug_aranges
                0x000003c0       0x78 build/milestone1/production/_ext/192191419/drv_usart_static.o
 .debug_aranges
                0x00000438       0x48 build/milestone1/production/_ext/192191419/drv_usart_static_byte_model.o
 .debug_aranges
                0x00000480       0x50 build/milestone1/production/_ext/383799649/sys_clk_static.o
 .debug_aranges
                0x000004d0      0x108 build/milestone1/production/_ext/956857457/sys_ports_static.o
 .debug_aranges
                0x000005d8       0x20 build/milestone1/production/_ext/1555642536/system_init.o
 .debug_aranges
                0x000005f8       0x68 build/milestone1/production/_ext/1555642536/system_interrupt.o
 .debug_aranges
                0x00000660       0x20 build/milestone1/production/_ext/1555642536/system_exceptions.o
 .debug_aranges
                0x00000680       0x48 build/milestone1/production/_ext/1555642536/system_tasks.o
 .debug_aranges
                0x000006c8       0xb8 build/milestone1/production/_ext/1555642536/system_interrupt_a.o
 .debug_aranges
                0x00000780       0x28 build/milestone1/production/_ext/1555642536/rtos_hooks.o
 .debug_aranges
                0x000007a8       0x30 build/milestone1/production/_ext/1360937237/app.o
 .debug_aranges
                0x000007d8       0x20 build/milestone1/production/_ext/1360937237/main.o
 .debug_aranges
                0x000007f8       0x80 build/milestone1/production/_ext/1360937237/navigation.o
 .debug_aranges
                0x00000878       0xc0 build/milestone1/production/_ext/1360937237/mapping.o
 .debug_aranges
                0x00000938       0xb8 build/milestone1/production/_ext/1360937237/communication.o
 .debug_aranges
                0x000009f0       0x70 build/milestone1/production/_ext/1360937237/ms2test.o
 .debug_aranges
                0x00000a60       0x20 build/milestone1/production/_ext/1360937237/linesensing.o
 .debug_aranges
                0x00000a80      0x100 build/milestone1/production/_ext/640947597/drv_i2c.o
 .debug_aranges
                0x00000b80       0x88 build/milestone1/production/_ext/1785267873/osal_freertos.o
 .debug_aranges
                0x00000c08       0x78 build/milestone1/production/_ext/220938215/sys_devcon.o
 .debug_aranges
                0x00000c80       0x20 build/milestone1/production/_ext/220938215/sys_devcon_pic32mx.o
 .debug_aranges
                0x00000ca0       0x48 build/milestone1/production/_ext/1272805407/sys_int_pic32.o
 .debug_aranges
                0x00000ce8       0x38 build/milestone1/production/_ext/38950237/heap_1.o
 .debug_aranges
                0x00000d20       0x58 build/milestone1/production/_ext/833221424/port.o
 .debug_aranges
                0x00000d78       0x20 build/milestone1/production/_ext/833221424/port_asm.o
 .debug_aranges
                0x00000d98       0x18 build/milestone1/production/_ext/207208378/croutine.o
 .debug_aranges
                0x00000db0       0x40 build/milestone1/production/_ext/207208378/list.o
 .debug_aranges
                0x00000df0       0xb0 build/milestone1/production/_ext/207208378/queue.o
 .debug_aranges
                0x00000ea0      0x178 build/milestone1/production/_ext/207208378/tasks.o
 .debug_aranges
                0x00001018       0x18 build/milestone1/production/_ext/207208378/timers.o
 .debug_aranges
                0x00001030       0x60 build/milestone1/production/_ext/207208378/event_groups.o
 .debug_aranges
                0x00001090       0x48 build/milestone1/production/_ext/1360937237/debug.o
 .debug_aranges
                0x000010d8      0x168 build/milestone1/production/_ext/1360937237/motor.o
 .debug_aranges
                0x00001240       0x98 build/milestone1/production/_ext/1360937237/myjson.o
 .debug_aranges
                0x000012d8       0x38 build/milestone1/production/_ext/1360937237/electromagnet.o
 .debug_aranges
                0x00001310       0xb8 build/milestone1/production/_ext/1360937237/myi2c.o
 .debug_aranges
                0x000013c8       0x20 c:/program files (x86)/microchip/xc32/v1.42/bin/bin/../../lib/gcc/pic32mx/4.8.3\libgcc.a(floatunsisf.o)
 .debug_aranges
                0x000013e8       0x20 c:/program files (x86)/microchip/xc32/v1.42/bin/bin/../../lib/gcc/pic32mx/4.8.3/../../../../pic32mx/lib\libpic32.a(default-bootstrap-exception-handler.o)
 .debug_aranges
                0x00001408       0x20 c:/program files (x86)/microchip/xc32/v1.42/bin/bin/../../lib/gcc/pic32mx/4.8.3/../../../../pic32mx/lib\libpic32.a(default-on-reset.o)
 .debug_aranges
                0x00001428       0x20 c:/program files (x86)/microchip/xc32/v1.42/bin/bin/../../lib/gcc/pic32mx/4.8.3/../../../../pic32mx/lib\libpic32.a(default-on-bootstrap.o)
 .debug_aranges
                0x00001448       0x20 c:/program files (x86)/microchip/xc32/v1.42/bin/bin/../../lib/gcc/pic32mx/4.8.3/../../../../pic32mx/lib\libpic32.a(defaultinterrupt.o)
 .debug_aranges
                0x00001468       0x20 c:/program files (x86)/microchip/xc32/v1.42/bin/bin/../../lib/gcc/pic32mx/4.8.3/../../../../pic32mx/lib\libm.a(w_atan2f.o)
 .debug_aranges
                0x00001488       0x20 c:/program files (x86)/microchip/xc32/v1.42/bin/bin/../../lib/gcc/pic32mx/4.8.3/../../../../pic32mx/lib\libm.a(w_powf.o)
 .debug_aranges
                0x000014a8       0x20 c:/program files (x86)/microchip/xc32/v1.42/bin/bin/../../lib/gcc/pic32mx/4.8.3/../../../../pic32mx/lib\libm.a(w_sqrtf.o)
 .debug_aranges
                0x000014c8       0x78 c:/program files (x86)/microchip/xc32/v1.42/bin/bin/../../lib/gcc/pic32mx/4.8.3/../../../../pic32mx/lib\libm.a(support.o)
 .debug_aranges
                0x00001540       0x20 c:/program files (x86)/microchip/xc32/v1.42/bin/bin/../../lib/gcc/pic32mx/4.8.3/../../../../pic32mx/lib\libc.a(atoi.o)
 .debug_aranges
                0x00001560       0x20 c:/program files (x86)/microchip/xc32/v1.42/bin/bin/../../lib/gcc/pic32mx/4.8.3/../../../../pic32mx/lib\libc.a(strcat.o)
 .debug_aranges
                0x00001580       0x20 c:/program files (x86)/microchip/xc32/v1.42/bin/bin/../../lib/gcc/pic32mx/4.8.3/../../../../pic32mx/lib\libc.a(sprintf_cdnopuxX.eo)
 .debug_aranges
                0x000015a0       0x20 c:/program files (x86)/microchip/xc32/v1.42/bin/bin/../../lib/gcc/pic32mx/4.8.3/../../../../pic32mx/lib\libc.a(doprnt_cdnopuxX.eo)
 .debug_aranges
                0x000015c0       0x20 c:/program files (x86)/microchip/xc32/v1.42/bin/bin/../../lib/gcc/pic32mx/4.8.3/../../../../pic32mx/lib\libc.a(_fputc_simple.o)
 .debug_aranges
                0x000015e0       0x20 c:/program files (x86)/microchip/xc32/v1.42/bin/bin/../../lib/gcc/pic32mx/4.8.3/../../../../pic32mx/lib\libc.a(_flsbuf_simple.o)
 .debug_aranges
                0x00001600       0x20 c:/program files (x86)/microchip/xc32/v1.42/bin/bin/../../lib/gcc/pic32mx/4.8.3/../../../../pic32mx/lib\libpic32.a(write.o)
 .debug_aranges
                0x00001620       0x48 c:/program files (x86)/microchip/xc32/v1.42/bin/bin/../../lib/gcc/pic32mx/4.8.3/../../../../pic32mx/lib\libpic32.a(isinf.o)
 .debug_aranges
                0x00001668       0x20 c:/program files (x86)/microchip/xc32/v1.42/bin/bin/../../lib/gcc/pic32mx/4.8.3/../../../../pic32mx/lib\libpic32.a(_mon_putc.o)
 .debug_aranges
                0x00001688       0x20 c:/program files (x86)/microchip/xc32/v1.42/bin/bin/../../lib/gcc/pic32mx/4.8.3/../../../../pic32mx/lib\libe.a(_unorddf2.o)
 .debug_aranges
                0x000016a8       0x20 c:/program files (x86)/microchip/xc32/v1.42/bin/bin/../../lib/gcc/pic32mx/4.8.3\libgcc.a(_udivdi3.o)
 .debug_aranges
                0x000016c8       0x20 c:/program files (x86)/microchip/xc32/v1.42/bin/bin/../../lib/gcc/pic32mx/4.8.3\libgcc.a(_umoddi3.o)

.debug_pubnames
 *(.debug_pubnames)

.debug_info     0x00000000    0x821f6
 *(.debug_info .gnu.linkonce.wi.*)
 .debug_info    0x00000000     0x433e build/milestone1/production/_ext/1909904406/drv_adc_static.o
 .debug_info    0x0000433e     0x554b build/milestone1/production/_ext/1864120335/drv_tmr_static.o
 .debug_info    0x00009889     0x170f build/milestone1/production/_ext/1864120335/drv_tmr_mapping.o
 .debug_info    0x0000af98     0x483c build/milestone1/production/_ext/192191419/drv_usart_mapping.o
 .debug_info    0x0000f7d4     0x6937 build/milestone1/production/_ext/192191419/drv_usart_static.o
 .debug_info    0x0001610b     0x4d28 build/milestone1/production/_ext/192191419/drv_usart_static_byte_model.o
 .debug_info    0x0001ae33     0x4661 build/milestone1/production/_ext/383799649/sys_clk_static.o
 .debug_info    0x0001f494     0x3ae8 build/milestone1/production/_ext/956857457/sys_ports_static.o
 .debug_info    0x00022f7c     0x5eb8 build/milestone1/production/_ext/1555642536/system_init.o
 .debug_info    0x00028e34     0x5747 build/milestone1/production/_ext/1555642536/system_interrupt.o
 .debug_info    0x0002e57b     0x39cc build/milestone1/production/_ext/1555642536/system_exceptions.o
 .debug_info    0x00031f47     0x3dbb build/milestone1/production/_ext/1555642536/system_tasks.o
 .debug_info    0x00035d02       0xaf build/milestone1/production/_ext/1555642536/system_interrupt_a.o
 .debug_info    0x00035db1      0x265 build/milestone1/production/_ext/1555642536/rtos_hooks.o
 .debug_info    0x00036016     0x3e53 build/milestone1/production/_ext/1360937237/app.o
 .debug_info    0x00039e69      0x1ba build/milestone1/production/_ext/1360937237/main.o
 .debug_info    0x0003a023     0x61ee build/milestone1/production/_ext/1360937237/navigation.o
 .debug_info    0x00040211     0x4c0e build/milestone1/production/_ext/1360937237/mapping.o
 .debug_info    0x00044e1f     0x5ef3 build/milestone1/production/_ext/1360937237/communication.o
 .debug_info    0x0004ad12     0x4165 build/milestone1/production/_ext/1360937237/ms2test.o
 .debug_info    0x0004ee77     0x39ae build/milestone1/production/_ext/1360937237/linesensing.o
 .debug_info    0x00052825     0xb35a build/milestone1/production/_ext/640947597/drv_i2c.o
 .debug_info    0x0005db7f      0xac2 build/milestone1/production/_ext/1785267873/osal_freertos.o
 .debug_info    0x0005e641     0x1182 build/milestone1/production/_ext/220938215/sys_devcon.o
 .debug_info    0x0005f7c3      0xd73 build/milestone1/production/_ext/220938215/sys_devcon_pic32mx.o
 .debug_info    0x00060536     0x15da build/milestone1/production/_ext/1272805407/sys_int_pic32.o
 .debug_info    0x00061b10      0x3a9 build/milestone1/production/_ext/38950237/heap_1.o
 .debug_info    0x00061eb9     0x11d2 build/milestone1/production/_ext/833221424/port.o
 .debug_info    0x0006308b       0xf1 build/milestone1/production/_ext/833221424/port_asm.o
 .debug_info    0x0006317c      0x1a3 build/milestone1/production/_ext/207208378/croutine.o
 .debug_info    0x0006331f      0x49f build/milestone1/production/_ext/207208378/list.o
 .debug_info    0x000637be     0x1952 build/milestone1/production/_ext/207208378/queue.o
 .debug_info    0x00065110     0x2941 build/milestone1/production/_ext/207208378/tasks.o
 .debug_info    0x00067a51      0x1a1 build/milestone1/production/_ext/207208378/timers.o
 .debug_info    0x00067bf2      0xd76 build/milestone1/production/_ext/207208378/event_groups.o
 .debug_info    0x00068968     0x3c8f build/milestone1/production/_ext/1360937237/debug.o
 .debug_info    0x0006c5f7     0x5054 build/milestone1/production/_ext/1360937237/motor.o
 .debug_info    0x0007164b     0x439d build/milestone1/production/_ext/1360937237/myjson.o
 .debug_info    0x000759e8     0x3bd5 build/milestone1/production/_ext/1360937237/electromagnet.o
 .debug_info    0x000795bd     0x6bf9 build/milestone1/production/_ext/1360937237/myi2c.o
 .debug_info    0x000801b6      0x131 c:/program files (x86)/microchip/xc32/v1.42/bin/bin/../../lib/gcc/pic32mx/4.8.3\libgcc.a(floatunsisf.o)
 .debug_info    0x000802e7       0xf5 c:/program files (x86)/microchip/xc32/v1.42/bin/bin/../../lib/gcc/pic32mx/4.8.3/../../../../pic32mx/lib\libpic32.a(default-bootstrap-exception-handler.o)
 .debug_info    0x000803dc       0xcf c:/program files (x86)/microchip/xc32/v1.42/bin/bin/../../lib/gcc/pic32mx/4.8.3/../../../../pic32mx/lib\libpic32.a(default-on-reset.o)
 .debug_info    0x000804ab       0xd7 c:/program files (x86)/microchip/xc32/v1.42/bin/bin/../../lib/gcc/pic32mx/4.8.3/../../../../pic32mx/lib\libpic32.a(default-on-bootstrap.o)
 .debug_info    0x00080582       0xe9 c:/program files (x86)/microchip/xc32/v1.42/bin/bin/../../lib/gcc/pic32mx/4.8.3/../../../../pic32mx/lib\libpic32.a(defaultinterrupt.o)
 .debug_info    0x0008066b       0xdd c:/program files (x86)/microchip/xc32/v1.42/bin/bin/../../lib/gcc/pic32mx/4.8.3/../../../../pic32mx/lib\libm.a(w_atan2f.o)
 .debug_info    0x00080748       0xbd c:/program files (x86)/microchip/xc32/v1.42/bin/bin/../../lib/gcc/pic32mx/4.8.3/../../../../pic32mx/lib\libm.a(w_powf.o)
 .debug_info    0x00080805       0xbf c:/program files (x86)/microchip/xc32/v1.42/bin/bin/../../lib/gcc/pic32mx/4.8.3/../../../../pic32mx/lib\libm.a(w_sqrtf.o)
 .debug_info    0x000808c4      0x1c6 c:/program files (x86)/microchip/xc32/v1.42/bin/bin/../../lib/gcc/pic32mx/4.8.3/../../../../pic32mx/lib\libm.a(support.o)
 .debug_info    0x00080a8a       0xc4 c:/program files (x86)/microchip/xc32/v1.42/bin/bin/../../lib/gcc/pic32mx/4.8.3/../../../../pic32mx/lib\libc.a(atoi.o)
 .debug_info    0x00080b4e       0xc8 c:/program files (x86)/microchip/xc32/v1.42/bin/bin/../../lib/gcc/pic32mx/4.8.3/../../../../pic32mx/lib\libc.a(strcat.o)
 .debug_info    0x00080c16       0xd4 c:/program files (x86)/microchip/xc32/v1.42/bin/bin/../../lib/gcc/pic32mx/4.8.3/../../../../pic32mx/lib\libc.a(sprintf_cdnopuxX.eo)
 .debug_info    0x00080cea       0xd5 c:/program files (x86)/microchip/xc32/v1.42/bin/bin/../../lib/gcc/pic32mx/4.8.3/../../../../pic32mx/lib\libc.a(doprnt_cdnopuxX.eo)
 .debug_info    0x00080dbf       0xc6 c:/program files (x86)/microchip/xc32/v1.42/bin/bin/../../lib/gcc/pic32mx/4.8.3/../../../../pic32mx/lib\libc.a(_fputc_simple.o)
 .debug_info    0x00080e85       0xc9 c:/program files (x86)/microchip/xc32/v1.42/bin/bin/../../lib/gcc/pic32mx/4.8.3/../../../../pic32mx/lib\libc.a(_flsbuf_simple.o)
 .debug_info    0x00080f4e       0xc0 c:/program files (x86)/microchip/xc32/v1.42/bin/bin/../../lib/gcc/pic32mx/4.8.3/../../../../pic32mx/lib\libpic32.a(write.o)
 .debug_info    0x0008100e      0x12d c:/program files (x86)/microchip/xc32/v1.42/bin/bin/../../lib/gcc/pic32mx/4.8.3/../../../../pic32mx/lib\libpic32.a(isinf.o)
 .debug_info    0x0008113b       0xc8 c:/program files (x86)/microchip/xc32/v1.42/bin/bin/../../lib/gcc/pic32mx/4.8.3/../../../../pic32mx/lib\libpic32.a(_mon_putc.o)
 .debug_info    0x00081203       0xd0 c:/program files (x86)/microchip/xc32/v1.42/bin/bin/../../lib/gcc/pic32mx/4.8.3/../../../../pic32mx/lib\libe.a(_unorddf2.o)
 .debug_info    0x000812d3      0x773 c:/program files (x86)/microchip/xc32/v1.42/bin/bin/../../lib/gcc/pic32mx/4.8.3\libgcc.a(_udivdi3.o)
 .debug_info    0x00081a46      0x7b0 c:/program files (x86)/microchip/xc32/v1.42/bin/bin/../../lib/gcc/pic32mx/4.8.3\libgcc.a(_umoddi3.o)

.debug_abbrev   0x00000000     0x5961
 *(.debug_abbrev)
 .debug_abbrev  0x00000000      0x1ed build/milestone1/production/_ext/1909904406/drv_adc_static.o
 .debug_abbrev  0x000001ed      0x34a build/milestone1/production/_ext/1864120335/drv_tmr_static.o
 .debug_abbrev  0x00000537      0x268 build/milestone1/production/_ext/1864120335/drv_tmr_mapping.o
 .debug_abbrev  0x0000079f      0x232 build/milestone1/production/_ext/192191419/drv_usart_mapping.o
 .debug_abbrev  0x000009d1      0x393 build/milestone1/production/_ext/192191419/drv_usart_static.o
 .debug_abbrev  0x00000d64      0x260 build/milestone1/production/_ext/192191419/drv_usart_static_byte_model.o
 .debug_abbrev  0x00000fc4      0x28c build/milestone1/production/_ext/383799649/sys_clk_static.o
 .debug_abbrev  0x00001250      0x222 build/milestone1/production/_ext/956857457/sys_ports_static.o
 .debug_abbrev  0x00001472      0x309 build/milestone1/production/_ext/1555642536/system_init.o
 .debug_abbrev  0x0000177b      0x2cd build/milestone1/production/_ext/1555642536/system_interrupt.o
 .debug_abbrev  0x00001a48       0xba build/milestone1/production/_ext/1555642536/system_exceptions.o
 .debug_abbrev  0x00001b02      0x161 build/milestone1/production/_ext/1555642536/system_tasks.o
 .debug_abbrev  0x00001c63       0x12 build/milestone1/production/_ext/1555642536/system_interrupt_a.o
 .debug_abbrev  0x00001c75       0x97 build/milestone1/production/_ext/1555642536/rtos_hooks.o
 .debug_abbrev  0x00001d0c      0x1ba build/milestone1/production/_ext/1360937237/app.o
 .debug_abbrev  0x00001ec6       0x93 build/milestone1/production/_ext/1360937237/main.o
 .debug_abbrev  0x00001f59      0x2ed build/milestone1/production/_ext/1360937237/navigation.o
 .debug_abbrev  0x00002246      0x3d9 build/milestone1/production/_ext/1360937237/mapping.o
 .debug_abbrev  0x0000261f      0x40c build/milestone1/production/_ext/1360937237/communication.o
 .debug_abbrev  0x00002a2b      0x199 build/milestone1/production/_ext/1360937237/ms2test.o
 .debug_abbrev  0x00002bc4       0xc9 build/milestone1/production/_ext/1360937237/linesensing.o
 .debug_abbrev  0x00002c8d      0x3f1 build/milestone1/production/_ext/640947597/drv_i2c.o
 .debug_abbrev  0x0000307e      0x1fe build/milestone1/production/_ext/1785267873/osal_freertos.o
 .debug_abbrev  0x0000327c      0x26d build/milestone1/production/_ext/220938215/sys_devcon.o
 .debug_abbrev  0x000034e9      0x16d build/milestone1/production/_ext/220938215/sys_devcon_pic32mx.o
 .debug_abbrev  0x00003656      0x1d0 build/milestone1/production/_ext/1272805407/sys_int_pic32.o
 .debug_abbrev  0x00003826      0x13f build/milestone1/production/_ext/38950237/heap_1.o
 .debug_abbrev  0x00003965      0x2cf build/milestone1/production/_ext/833221424/port.o
 .debug_abbrev  0x00003c34       0x14 build/milestone1/production/_ext/833221424/port_asm.o
 .debug_abbrev  0x00003c48       0x1b build/milestone1/production/_ext/207208378/croutine.o
 .debug_abbrev  0x00003c63       0xf1 build/milestone1/production/_ext/207208378/list.o
 .debug_abbrev  0x00003d54      0x2f4 build/milestone1/production/_ext/207208378/queue.o
 .debug_abbrev  0x00004048      0x381 build/milestone1/production/_ext/207208378/tasks.o
 .debug_abbrev  0x000043c9       0x1b build/milestone1/production/_ext/207208378/timers.o
 .debug_abbrev  0x000043e4      0x29a build/milestone1/production/_ext/207208378/event_groups.o
 .debug_abbrev  0x0000467e      0x1ad build/milestone1/production/_ext/1360937237/debug.o
 .debug_abbrev  0x0000482b      0x3f9 build/milestone1/production/_ext/1360937237/motor.o
 .debug_abbrev  0x00004c24      0x21e build/milestone1/production/_ext/1360937237/myjson.o
 .debug_abbrev  0x00004e42      0x177 build/milestone1/production/_ext/1360937237/electromagnet.o
 .debug_abbrev  0x00004fb9      0x373 build/milestone1/production/_ext/1360937237/myi2c.o
 .debug_abbrev  0x0000532c       0x62 c:/program files (x86)/microchip/xc32/v1.42/bin/bin/../../lib/gcc/pic32mx/4.8.3\libgcc.a(floatunsisf.o)
 .debug_abbrev  0x0000538e       0x28 c:/program files (x86)/microchip/xc32/v1.42/bin/bin/../../lib/gcc/pic32mx/4.8.3/../../../../pic32mx/lib\libpic32.a(default-bootstrap-exception-handler.o)
 .debug_abbrev  0x000053b6       0x28 c:/program files (x86)/microchip/xc32/v1.42/bin/bin/../../lib/gcc/pic32mx/4.8.3/../../../../pic32mx/lib\libpic32.a(default-on-reset.o)
 .debug_abbrev  0x000053de       0x28 c:/program files (x86)/microchip/xc32/v1.42/bin/bin/../../lib/gcc/pic32mx/4.8.3/../../../../pic32mx/lib\libpic32.a(default-on-bootstrap.o)
 .debug_abbrev  0x00005406       0x28 c:/program files (x86)/microchip/xc32/v1.42/bin/bin/../../lib/gcc/pic32mx/4.8.3/../../../../pic32mx/lib\libpic32.a(defaultinterrupt.o)
 .debug_abbrev  0x0000542e       0x44 c:/program files (x86)/microchip/xc32/v1.42/bin/bin/../../lib/gcc/pic32mx/4.8.3/../../../../pic32mx/lib\libm.a(w_atan2f.o)
 .debug_abbrev  0x00005472       0x28 c:/program files (x86)/microchip/xc32/v1.42/bin/bin/../../lib/gcc/pic32mx/4.8.3/../../../../pic32mx/lib\libm.a(w_powf.o)
 .debug_abbrev  0x0000549a       0x28 c:/program files (x86)/microchip/xc32/v1.42/bin/bin/../../lib/gcc/pic32mx/4.8.3/../../../../pic32mx/lib\libm.a(w_sqrtf.o)
 .debug_abbrev  0x000054c2       0x6d c:/program files (x86)/microchip/xc32/v1.42/bin/bin/../../lib/gcc/pic32mx/4.8.3/../../../../pic32mx/lib\libm.a(support.o)
 .debug_abbrev  0x0000552f       0x28 c:/program files (x86)/microchip/xc32/v1.42/bin/bin/../../lib/gcc/pic32mx/4.8.3/../../../../pic32mx/lib\libc.a(atoi.o)
 .debug_abbrev  0x00005557       0x28 c:/program files (x86)/microchip/xc32/v1.42/bin/bin/../../lib/gcc/pic32mx/4.8.3/../../../../pic32mx/lib\libc.a(strcat.o)
 .debug_abbrev  0x0000557f       0x28 c:/program files (x86)/microchip/xc32/v1.42/bin/bin/../../lib/gcc/pic32mx/4.8.3/../../../../pic32mx/lib\libc.a(sprintf_cdnopuxX.eo)
 .debug_abbrev  0x000055a7       0x28 c:/program files (x86)/microchip/xc32/v1.42/bin/bin/../../lib/gcc/pic32mx/4.8.3/../../../../pic32mx/lib\libc.a(doprnt_cdnopuxX.eo)
 .debug_abbrev  0x000055cf       0x28 c:/program files (x86)/microchip/xc32/v1.42/bin/bin/../../lib/gcc/pic32mx/4.8.3/../../../../pic32mx/lib\libc.a(_fputc_simple.o)
 .debug_abbrev  0x000055f7       0x28 c:/program files (x86)/microchip/xc32/v1.42/bin/bin/../../lib/gcc/pic32mx/4.8.3/../../../../pic32mx/lib\libc.a(_flsbuf_simple.o)
 .debug_abbrev  0x0000561f       0x28 c:/program files (x86)/microchip/xc32/v1.42/bin/bin/../../lib/gcc/pic32mx/4.8.3/../../../../pic32mx/lib\libpic32.a(write.o)
 .debug_abbrev  0x00005647       0x3e c:/program files (x86)/microchip/xc32/v1.42/bin/bin/../../lib/gcc/pic32mx/4.8.3/../../../../pic32mx/lib\libpic32.a(isinf.o)
 .debug_abbrev  0x00005685       0x28 c:/program files (x86)/microchip/xc32/v1.42/bin/bin/../../lib/gcc/pic32mx/4.8.3/../../../../pic32mx/lib\libpic32.a(_mon_putc.o)
 .debug_abbrev  0x000056ad       0x35 c:/program files (x86)/microchip/xc32/v1.42/bin/bin/../../lib/gcc/pic32mx/4.8.3/../../../../pic32mx/lib\libe.a(_unorddf2.o)
 .debug_abbrev  0x000056e2      0x138 c:/program files (x86)/microchip/xc32/v1.42/bin/bin/../../lib/gcc/pic32mx/4.8.3\libgcc.a(_udivdi3.o)
 .debug_abbrev  0x0000581a      0x147 c:/program files (x86)/microchip/xc32/v1.42/bin/bin/../../lib/gcc/pic32mx/4.8.3\libgcc.a(_umoddi3.o)

.debug_line     0x00000000     0xee9d
 *(.debug_line)
 .debug_line    0x00000000      0x802 build/milestone1/production/_ext/1909904406/drv_adc_static.o
 .debug_line    0x00000802      0xca9 build/milestone1/production/_ext/1864120335/drv_tmr_static.o
 .debug_line    0x000014ab      0x52e build/milestone1/production/_ext/1864120335/drv_tmr_mapping.o
 .debug_line    0x000019d9      0x569 build/milestone1/production/_ext/192191419/drv_usart_mapping.o
 .debug_line    0x00001f42      0x916 build/milestone1/production/_ext/192191419/drv_usart_static.o
 .debug_line    0x00002858      0x606 build/milestone1/production/_ext/192191419/drv_usart_static_byte_model.o
 .debug_line    0x00002e5e      0x565 build/milestone1/production/_ext/383799649/sys_clk_static.o
 .debug_line    0x000033c3      0x796 build/milestone1/production/_ext/956857457/sys_ports_static.o
 .debug_line    0x00003b59      0x7fb build/milestone1/production/_ext/1555642536/system_init.o
 .debug_line    0x00004354      0x794 build/milestone1/production/_ext/1555642536/system_interrupt.o
 .debug_line    0x00004ae8      0x28a build/milestone1/production/_ext/1555642536/system_exceptions.o
 .debug_line    0x00004d72      0x47d build/milestone1/production/_ext/1555642536/system_tasks.o
 .debug_line    0x000051ef      0x1f8 build/milestone1/production/_ext/1555642536/system_interrupt_a.o
 .debug_line    0x000053e7      0x155 build/milestone1/production/_ext/1555642536/rtos_hooks.o
 .debug_line    0x0000553c      0x413 build/milestone1/production/_ext/1360937237/app.o
 .debug_line    0x0000594f       0xc7 build/milestone1/production/_ext/1360937237/main.o
 .debug_line    0x00005a16      0x7b5 build/milestone1/production/_ext/1360937237/navigation.o
 .debug_line    0x000061cb      0x6a2 build/milestone1/production/_ext/1360937237/mapping.o
 .debug_line    0x0000686d      0x7ae build/milestone1/production/_ext/1360937237/communication.o
 .debug_line    0x0000701b      0x389 build/milestone1/production/_ext/1360937237/ms2test.o
 .debug_line    0x000073a4      0x223 build/milestone1/production/_ext/1360937237/linesensing.o
 .debug_line    0x000075c7     0x26e3 build/milestone1/production/_ext/640947597/drv_i2c.o
 .debug_line    0x00009caa      0x2bb build/milestone1/production/_ext/1785267873/osal_freertos.o
 .debug_line    0x00009f65      0x5c6 build/milestone1/production/_ext/220938215/sys_devcon.o
 .debug_line    0x0000a52b      0x471 build/milestone1/production/_ext/220938215/sys_devcon_pic32mx.o
 .debug_line    0x0000a99c      0x38c build/milestone1/production/_ext/1272805407/sys_int_pic32.o
 .debug_line    0x0000ad28      0x217 build/milestone1/production/_ext/38950237/heap_1.o
 .debug_line    0x0000af3f      0x23a build/milestone1/production/_ext/833221424/port.o
 .debug_line    0x0000b179      0x126 build/milestone1/production/_ext/833221424/port_asm.o
 .debug_line    0x0000b29f       0x1d build/milestone1/production/_ext/207208378/croutine.o
 .debug_line    0x0000b2bc      0x1dc build/milestone1/production/_ext/207208378/list.o
 .debug_line    0x0000b498      0x496 build/milestone1/production/_ext/207208378/queue.o
 .debug_line    0x0000b92e      0x7ba build/milestone1/production/_ext/207208378/tasks.o
 .debug_line    0x0000c0e8       0x1d build/milestone1/production/_ext/207208378/timers.o
 .debug_line    0x0000c105      0x325 build/milestone1/production/_ext/207208378/event_groups.o
 .debug_line    0x0000c42a      0x374 build/milestone1/production/_ext/1360937237/debug.o
 .debug_line    0x0000c79e      0x6fc build/milestone1/production/_ext/1360937237/motor.o
 .debug_line    0x0000ce9a      0x468 build/milestone1/production/_ext/1360937237/myjson.o
 .debug_line    0x0000d302      0x2cf build/milestone1/production/_ext/1360937237/electromagnet.o
 .debug_line    0x0000d5d1      0xc39 build/milestone1/production/_ext/1360937237/myi2c.o
 .debug_line    0x0000e20a       0x9c c:/program files (x86)/microchip/xc32/v1.42/bin/bin/../../lib/gcc/pic32mx/4.8.3\libgcc.a(floatunsisf.o)
 .debug_line    0x0000e2a6       0xa9 c:/program files (x86)/microchip/xc32/v1.42/bin/bin/../../lib/gcc/pic32mx/4.8.3/../../../../pic32mx/lib\libpic32.a(default-bootstrap-exception-handler.o)
 .debug_line    0x0000e34f       0x96 c:/program files (x86)/microchip/xc32/v1.42/bin/bin/../../lib/gcc/pic32mx/4.8.3/../../../../pic32mx/lib\libpic32.a(default-on-reset.o)
 .debug_line    0x0000e3e5       0x9a c:/program files (x86)/microchip/xc32/v1.42/bin/bin/../../lib/gcc/pic32mx/4.8.3/../../../../pic32mx/lib\libpic32.a(default-on-bootstrap.o)
 .debug_line    0x0000e47f       0xa8 c:/program files (x86)/microchip/xc32/v1.42/bin/bin/../../lib/gcc/pic32mx/4.8.3/../../../../pic32mx/lib\libpic32.a(defaultinterrupt.o)
 .debug_line    0x0000e527       0x8b c:/program files (x86)/microchip/xc32/v1.42/bin/bin/../../lib/gcc/pic32mx/4.8.3/../../../../pic32mx/lib\libm.a(w_atan2f.o)
 .debug_line    0x0000e5b2       0x89 c:/program files (x86)/microchip/xc32/v1.42/bin/bin/../../lib/gcc/pic32mx/4.8.3/../../../../pic32mx/lib\libm.a(w_powf.o)
 .debug_line    0x0000e63b       0x8a c:/program files (x86)/microchip/xc32/v1.42/bin/bin/../../lib/gcc/pic32mx/4.8.3/../../../../pic32mx/lib\libm.a(w_sqrtf.o)
 .debug_line    0x0000e6c5       0x88 c:/program files (x86)/microchip/xc32/v1.42/bin/bin/../../lib/gcc/pic32mx/4.8.3/../../../../pic32mx/lib\libm.a(support.o)
 .debug_line    0x0000e74d        0x0 c:/program files (x86)/microchip/xc32/v1.42/bin/bin/../../lib/gcc/pic32mx/4.8.3/../../../../pic32mx/lib\libm.a(s_lib_ver.o)
 .debug_line    0x0000e74d       0x80 c:/program files (x86)/microchip/xc32/v1.42/bin/bin/../../lib/gcc/pic32mx/4.8.3/../../../../pic32mx/lib\libc.a(atoi.o)
 .debug_line    0x0000e7cd        0x0 c:/program files (x86)/microchip/xc32/v1.42/bin/bin/../../lib/gcc/pic32mx/4.8.3/../../../../pic32mx/lib\libc.a(ctype.o)
 .debug_line    0x0000e7cd        0x0 c:/program files (x86)/microchip/xc32/v1.42/bin/bin/../../lib/gcc/pic32mx/4.8.3/../../../../pic32mx/lib\libc.a(errno.o)
 .debug_line    0x0000e7cd       0x82 c:/program files (x86)/microchip/xc32/v1.42/bin/bin/../../lib/gcc/pic32mx/4.8.3/../../../../pic32mx/lib\libc.a(strcat.o)