
Optional file libmchp_peripheral.a not found

Optional file libmchp_peripheral_32MX795F512L.a not found
Archive member included because of file (symbol)

c:/program files (x86)/microchip/xc32/v1.42/bin/bin/../../lib/gcc/pic32mx/4.8.3/../../../../pic32mx/lib\libpic32.a(memcpy.o)
                              build/milestone1/production/_ext/943189478/queue.o (memcpy)
c:/program files (x86)/microchip/xc32/v1.42/bin/bin/../../lib/gcc/pic32mx/4.8.3/../../../../pic32mx/lib\libpic32.a(memset.o)
                              build/milestone1/production/_ext/943189478/tasks.o (memset)
c:/program files (x86)/microchip/xc32/v1.42/bin/bin/../../lib/gcc/pic32mx/4.8.3/../../../../pic32mx/lib\libpic32.a(strlen.o)
                              build/milestone1/production/_ext/1360937237/communication.o (strlen)
c:/program files (x86)/microchip/xc32/v1.42/bin/bin/../../lib/gcc/pic32mx/4.8.3/../../../../pic32mx/lib\libpic32.a(default-bootstrap-exception-handler.o)
                              c:/program files (x86)/microchip/xc32/v1.42/bin/bin/../../lib/gcc/pic32mx/4.8.3/../../../../pic32mx/lib/./proc/32MX795F512L/crt0_mips32r2.o (_bootstrap_exception_handler)
c:/program files (x86)/microchip/xc32/v1.42/bin/bin/../../lib/gcc/pic32mx/4.8.3/../../../../pic32mx/lib\libpic32.a(default-on-reset.o)
                              c:/program files (x86)/microchip/xc32/v1.42/bin/bin/../../lib/gcc/pic32mx/4.8.3/../../../../pic32mx/lib/./proc/32MX795F512L/crt0_mips32r2.o (_on_reset)
c:/program files (x86)/microchip/xc32/v1.42/bin/bin/../../lib/gcc/pic32mx/4.8.3/../../../../pic32mx/lib\libpic32.a(default-on-bootstrap.o)
                              c:/program files (x86)/microchip/xc32/v1.42/bin/bin/../../lib/gcc/pic32mx/4.8.3/../../../../pic32mx/lib/./proc/32MX795F512L/crt0_mips32r2.o (_on_bootstrap)
c:/program files (x86)/microchip/xc32/v1.42/bin/bin/../../lib/gcc/pic32mx/4.8.3/../../../../pic32mx/lib\libpic32.a(default-nmi-handler.o)
                              c:/program files (x86)/microchip/xc32/v1.42/bin/bin/../../lib/gcc/pic32mx/4.8.3/../../../../pic32mx/lib/./proc/32MX795F512L/crt0_mips32r2.o (_nmi_handler)
c:/program files (x86)/microchip/xc32/v1.42/bin/bin/../../lib/gcc/pic32mx/4.8.3/../../../../pic32mx/lib\libpic32.a(general-exception.o)
                              c:/program files (x86)/microchip/xc32/v1.42/bin/bin/../../lib/gcc/pic32mx/4.8.3/../../../../pic32mx/lib/./proc/32MX795F512L/crt0_mips32r2.o (_general_exception_context)
c:/program files (x86)/microchip/xc32/v1.42/bin/bin/../../lib/gcc/pic32mx/4.8.3/../../../../pic32mx/lib\libpic32.a(vector0.o)
                              c:/program files (x86)/microchip/xc32/v1.42/bin/bin/../../lib/gcc/pic32mx/4.8.3/../../../../pic32mx/lib/./proc/32MX795F512L\default_isr_vectors.o (__vector_dispatch_0)
c:/program files (x86)/microchip/xc32/v1.42/bin/bin/../../lib/gcc/pic32mx/4.8.3/../../../../pic32mx/lib\libpic32.a(vector2.o)
                              c:/program files (x86)/microchip/xc32/v1.42/bin/bin/../../lib/gcc/pic32mx/4.8.3/../../../../pic32mx/lib/./proc/32MX795F512L\default_isr_vectors.o (__vector_dispatch_2)
c:/program files (x86)/microchip/xc32/v1.42/bin/bin/../../lib/gcc/pic32mx/4.8.3/../../../../pic32mx/lib\libpic32.a(vector3.o)
                              c:/program files (x86)/microchip/xc32/v1.42/bin/bin/../../lib/gcc/pic32mx/4.8.3/../../../../pic32mx/lib/./proc/32MX795F512L\default_isr_vectors.o (__vector_dispatch_3)
c:/program files (x86)/microchip/xc32/v1.42/bin/bin/../../lib/gcc/pic32mx/4.8.3/../../../../pic32mx/lib\libpic32.a(vector5.o)
                              c:/program files (x86)/microchip/xc32/v1.42/bin/bin/../../lib/gcc/pic32mx/4.8.3/../../../../pic32mx/lib/./proc/32MX795F512L\default_isr_vectors.o (__vector_dispatch_5)
c:/program files (x86)/microchip/xc32/v1.42/bin/bin/../../lib/gcc/pic32mx/4.8.3/../../../../pic32mx/lib\libpic32.a(vector6.o)
                              c:/program files (x86)/microchip/xc32/v1.42/bin/bin/../../lib/gcc/pic32mx/4.8.3/../../../../pic32mx/lib/./proc/32MX795F512L\default_isr_vectors.o (__vector_dispatch_6)
c:/program files (x86)/microchip/xc32/v1.42/bin/bin/../../lib/gcc/pic32mx/4.8.3/../../../../pic32mx/lib\libpic32.a(vector7.o)
                              c:/program files (x86)/microchip/xc32/v1.42/bin/bin/../../lib/gcc/pic32mx/4.8.3/../../../../pic32mx/lib/./proc/32MX795F512L\default_isr_vectors.o (__vector_dispatch_7)
c:/program files (x86)/microchip/xc32/v1.42/bin/bin/../../lib/gcc/pic32mx/4.8.3/../../../../pic32mx/lib\libpic32.a(vector9.o)
                              c:/program files (x86)/microchip/xc32/v1.42/bin/bin/../../lib/gcc/pic32mx/4.8.3/../../../../pic32mx/lib/./proc/32MX795F512L\default_isr_vectors.o (__vector_dispatch_9)
c:/program files (x86)/microchip/xc32/v1.42/bin/bin/../../lib/gcc/pic32mx/4.8.3/../../../../pic32mx/lib\libpic32.a(vector10.o)
[...]
Memory Configuration

Name             Origin             Length             Attributes
kseg0_program_mem 0x9d000000         0x00080000         xr
kseg0_boot_mem   0x9fc00490         0x00000970
exception_mem    0x9fc01000         0x00001000
kseg1_boot_mem   0xbfc00000         0x00000490
debug_exec_mem   0xbfc02000         0x00000ff0
config3          0xbfc02ff0         0x00000004
config2          0xbfc02ff4         0x00000004
config1          0xbfc02ff8         0x00000004
config0          0xbfc02ffc         0x00000004
kseg1_data_mem   0xa0000000         0x00020000         w !x
sfrs             0xbf800000         0x00100000
configsfrs       0xbfc02ff0         0x00000010
*default*        0x00000000         0xffffffff

Linker script and memory map

LOAD c:/program files (x86)/microchip/xc32/v1.42/bin/bin/../../lib/gcc/pic32mx/4.8.3/../../../../pic32mx/lib/./proc/32MX795F512L/crt0_mips32r2.o
LOAD c:/program files (x86)/microchip/xc32/v1.42/bin/bin/../../lib/gcc/pic32mx/4.8.3/../../../../pic32mx/lib\debug-exception-return.o
LOAD build/milestone1/production/_ext/1360937237/app.o
LOAD build/milestone1/production/_ext/1360937237/main.o
LOAD build/milestone1/production/_ext/1360937237/navigation.o
LOAD build/milestone1/production/_ext/1360937237/mapping.o
LOAD build/milestone1/production/_ext/1360937237/communication.o
LOAD build/milestone1/production/_ext/1360937237/ms2test.o
LOAD build/milestone1/production/_ext/1360937237/debug.o
LOAD build/milestone1/production/_ext/1360937237/motor.o
LOAD build/milestone1/production/_ext/1304759361/osal_freertos.o
LOAD build/milestone1/production/_ext/873795193/sys_devcon.o
LOAD build/milestone1/production/_ext/873795193/sys_devcon_pic32mx.o
LOAD build/milestone1/production/_ext/831247745/sys_int_pic32.o
LOAD build/milestone1/production/_ext/943189478/croutine.o
LOAD build/milestone1/production/_ext/943189478/list.o
LOAD build/milestone1/production/_ext/943189478/queue.o
LOAD build/milestone1/production/_ext/943189478/tasks.o
LOAD build/milestone1/production/_ext/943189478/timers.o
LOAD build/milestone1/production/_ext/943189478/event_groups.o
LOAD build/milestone1/production/_ext/1025664067/heap_1.o
LOAD build/milestone1/production/_ext/394333808/port.o
LOAD build/milestone1/production/_ext/394333808/port_asm.o
LOAD build/milestone1/production/_ext/1152747240/drv_oc_mapping.o
LOAD build/milestone1/production/_ext/1152747240/drv_oc_static.o
LOAD build/milestone1/production/_ext/1864120335/drv_tmr_static.o
LOAD build/milestone1/production/_ext/1864120335/drv_tmr_mapping.o
LOAD build/milestone1/production/_ext/192191419/drv_usart_mapping.o
LOAD build/milestone1/production/_ext/192191419/drv_usart_static.o
LOAD build/milestone1/production/_ext/192191419/drv_usart_static_byte_model.o
LOAD build/milestone1/production/_ext/383799649/sys_clk_static.o
LOAD build/milestone1/production/_ext/956857457/sys_ports_static.o
LOAD build/milestone1/production/_ext/1555642536/system_init.o
LOAD build/milestone1/production/_ext/1555642536/system_interrupt.o
LOAD build/milestone1/production/_ext/1555642536/system_exceptions.o
LOAD build/milestone1/production/_ext/1555642536/system_tasks.o
LOAD build/milestone1/production/_ext/1555642536/system_interrupt_a.o
LOAD build/milestone1/production/_ext/1555642536/rtos_hooks.o
LOAD ..\..\..\..\..\..\microchip\harmony\v1_09\bin\framework\peripheral\PIC32MX795F512L_peripherals.a
                0x00000001                __MPLAB_BUILD = 0x1
                0x00000000                _min_heap_size = 0x0
LOAD c:/program files (x86)/microchip/xc32/v1.42/bin/bin/../../lib/gcc/pic32mx/4.8.3/../../../../pic32mx/lib/./proc/32MX795F512L\default_isr_vectors.o
LOAD c:/program files (x86)/microchip/xc32/v1.42/bin/bin/../../lib/gcc/pic32mx/4.8.3/../../../../pic32mx/lib\pic32_software_reset.o
                0x00000400                PROVIDE (_min_stack_size, 0x400)
LOAD c:/program files (x86)/microchip/xc32/v1.42/bin/bin/../../lib/gcc/pic32mx/4.8.3/../../../../pic32mx/lib/./proc/32MX795F512L\processor.o
START GROUP
LOAD libmchp_peripheral.a
END GROUP
START GROUP
LOAD libmchp_peripheral_32MX795F512L.a
END GROUP
                0x00000001                PROVIDE (_vector_spacing, 0x1)
                0x9fc01000                PROVIDE (_ebase_address, 0x9fc01000)
                0xbfc00000                _RESET_ADDR = 0xbfc00000
                0xbfc00380                _BEV_EXCPT_ADDR = 0xbfc00380
                0xbfc00480                _DBG_EXCPT_ADDR = 0xbfc00480
                0xbfc02000                _DBG_CODE_ADDR = 0xbfc02000
                0x00000ff0                _DBG_CODE_SIZE = 0xff0
                0x9fc01180                _GEN_EXCPT_ADDR = (_ebase_address + 0x180)

.config_BFC02FF0
                0xbfc02ff0        0x4
 *(.config_BFC02FF0)
 .config_BFC02FF0
                0xbfc02ff0        0x4 build/milestone1/production/_ext/1555642536/system_init.o

.config_BFC02FF4
                0xbfc02ff4        0x4
 *(.config_BFC02FF4)
 .config_BFC02FF4
                0xbfc02ff4        0x4 build/milestone1/production/_ext/1555642536/system_init.o

.config_BFC02FF8
                0xbfc02ff8        0x4
 *(.config_BFC02FF8)
 .config_BFC02FF8
                0xbfc02ff8        0x4 build/milestone1/production/_ext/1555642536/system_init.o

.config_BFC02FFC
                0xbfc02ffc        0x4
 *(.config_BFC02FFC)
 .config_BFC02FFC
                0xbfc02ffc        0x4 build/milestone1/production/_ext/1555642536/system_init.o
                0xbfc02000                PROVIDE (_DBG_CODE_ADDR, 0xbfc02000)
                0x00000ff0                PROVIDE (_DBG_CODE_SIZE, 0xff0)

.reset          0xbfc00000      0x208
 *(.reset)
 .reset         0xbfc00000        0x8 c:/program files (x86)/microchip/xc32/v1.42/bin/bin/../../lib/gcc/pic32mx/4.8.3/../../../../pic32mx/lib/./proc/32MX795F512L/crt0_mips32r2.o
                0xbfc00000                _reset
 *(.reset.startup)
 .reset.startup
                0xbfc00008      0x200 c:/program files (x86)/microchip/xc32/v1.42/bin/bin/../../lib/gcc/pic32mx/4.8.3/../../../../pic32mx/lib/./proc/32MX795F512L/crt0_mips32r2.o

.bev_excpt      0xbfc00380       0x10
 *(.bev_handler)
 .bev_handler   0xbfc00380       0x10 c:/program files (x86)/microchip/xc32/v1.42/bin/bin/../../lib/gcc/pic32mx/4.8.3/../../../../pic32mx/lib/./proc/32MX795F512L/crt0_mips32r2.o

.dbg_excpt      0xbfc00480        0x0
                0xbfc00480                . = (. + DEFINED (_DEBUGGER)?0x8:0x0)

.dbg_code       0xbfc02000        0x0
                0xbfc02000                . = (. + DEFINED (_DEBUGGER)?_DBG_CODE_SIZE:0x0)

.app_excpt      0x9fc01180       0x10
 *(.gen_handler)
 .gen_handler   0x9fc01180       0x10 c:/program files (x86)/microchip/xc32/v1.42/bin/bin/../../lib/gcc/pic32mx/4.8.3/../../../../pic32mx/lib/./proc/32MX795F512L/crt0_mips32r2.o

.vector_0       0x9fc01200        0x8
 *(.vector_0)
 .vector_0      0x9fc01200        0x8 c:/program files (x86)/microchip/xc32/v1.42/bin/bin/../../lib/gcc/pic32mx/4.8.3/../../../../pic32mx/lib\libpic32.a(vector0.o)
                0x9fc01200                __vector_dispatch_0
                0x00000001                ASSERT (((_vector_spacing == 0x0) || (SIZEOF (.vector_0) <= (_vector_spacing << 0x5))), function at exception vector 0 too large)

.vector_1       0x9fc01220        0x8
 *(.vector_1)
 .vector_1      0x9fc01220        0x8 build/milestone1/production/_ext/394333808/port.o
                0x9fc01220                __vector_dispatch_1
                0x00000001                ASSERT (((_vector_spacing == 0x0) || (SIZEOF (.vector_1) <= (_vector_spacing << 0x5))), function at exception vector 1 too large)

.vector_2       0x9fc01240        0x8
 *(.vector_2)
 .vector_2      0x9fc01240        0x8 c:/program files (x86)/microchip/xc32/v1.42/bin/bin/../../lib/gcc/pic32mx/4.8.3/../../../../pic32mx/lib\libpic32.a(vector2.o)
                0x9fc01240                __vector_dispatch_2
                0x00000001                ASSERT (((_vector_spacing == 0x0) || (SIZEOF (.vector_2) <= (_vector_spacing << 0x5))), function at exception vector 2 too large)

.vector_3       0x9fc01260        0x8
 *(.vector_3)
 .vector_3      0x9fc01260        0x8 c:/program files (x86)/microchip/xc32/v1.42/bin/bin/../../lib/gcc/pic32mx/4.8.3/../../../../pic32mx/lib\libpic32.a(vector3.o)
                0x9fc01260                __vector_dispatch_3
                0x00000001                ASSERT (((_vector_spacing == 0x0) || (SIZEOF (.vector_3) <= (_vector_spacing << 0x5))), function at exception vector 3 too large)

.vector_4       0x9fc01280        0x8
 *(.vector_4)
 .vector_4      0x9fc01280        0x8 build/milestone1/production/_ext/394333808/port.o
                0x9fc01280                __vector_dispatch_4
                0x00000001                ASSERT (((_vector_spacing == 0x0) || (SIZEOF (.vector_4) <= (_vector_spacing << 0x5))), function at exception vector 4 too large)

.vector_5       0x9fc012a0        0x8
 *(.vector_5)
 .vector_5      0x9fc012a0        0x8 c:/program files (x86)/microchip/xc32/v1.42/bin/bin/../../lib/gcc/pic32mx/4.8.3/../../../../pic32mx/lib\libpic32.a(vector5.o)
                0x9fc012a0                __vector_dispatch_5
                0x00000001                ASSERT (((_vector_spacing == 0x0) || (SIZEOF (.vector_5) <= (_vector_spacing << 0x5))), function at exception vector 5 too large)

.vector_6       0x9fc012c0        0x8
 *(.vector_6)
 .vector_6      0x9fc012c0        0x8 c:/program files (x86)/microchip/xc32/v1.42/bin/bin/../../lib/gcc/pic32mx/4.8.3/../../../../pic32mx/lib\libpic32.a(vector6.o)
                0x9fc012c0                __vector_dispatch_6
                0x00000001                ASSERT (((_vector_spacing == 0x0) || (SIZEOF (.vector_6) <= (_vector_spacing << 0x5))), function at exception vector 6 too large)

.vector_7       0x9fc012e0        0x8
 *(.vector_7)
 .vector_7      0x9fc012e0        0x8 c:/program files (x86)/microchip/xc32/v1.42/bin/bin/../../lib/gcc/pic32mx/4.8.3/../../../../pic32mx/lib\libpic32.a(vector7.o)
                0x9fc012e0                __vector_dispatch_7
                0x00000001                ASSERT (((_vector_spacing == 0x0) || (SIZEOF (.vector_7) <= (_vector_spacing << 0x5))), function at exception vector 7 too large)

.vector_8       0x9fc01300       0x10
 *(.vector_8)
 .vector_8      0x9fc01300       0x10 build/milestone1/production/_ext/1555642536/system_interrupt_a.o
                0x9fc01300                __vector_dispatch_8
                0x00000001                ASSERT (((_vector_spacing == 0x0) || (SIZEOF (.vector_8) <= (_vector_spacing << 0x5))), function at exception vector 8 too large)

.vector_9       0x9fc01320        0x8
 *(.vector_9)
 .vector_9      0x9fc01320        0x8 c:/program files (x86)/microchip/xc32/v1.42/bin/bin/../../lib/gcc/pic32mx/4.8.3/../../../../pic32mx/lib\libpic32.a(vector9.o)
                0x9fc01320                __vector_dispatch_9
                0x00000001                ASSERT (((_vector_spacing == 0x0) || (SIZEOF (.vector_9) <= (_vector_spacing << 0x5))), function at exception vector 9 too large)

.vector_10      0x9fc01340        0x8
 *(.vector_10)
 .vector_10     0x9fc01340        0x8 c:/program files (x86)/microchip/xc32/v1.42/bin/bin/../../lib/gcc/pic32mx/4.8.3/../../../../pic32mx/lib\libpic32.a(vector10.o)
                0x9fc01340                __vector_dispatch_10
                0x00000001                ASSERT (((_vector_spacing == 0x0) || (SIZEOF (.vector_10) <= (_vector_spacing << 0x5))), function at exception vector 10 too large)

.vector_11      0x9fc01360        0x8
 *(.vector_11)
 .vector_11     0x9fc01360        0x8 c:/program files (x86)/microchip/xc32/v1.42/bin/bin/../../lib/gcc/pic32mx/4.8.3/../../../../pic32mx/lib\libpic32.a(vector11.o)
                0x9fc01360                __vector_dispatch_11
                0x00000001                ASSERT (((_vector_spacing == 0x0) || (SIZEOF (.vector_11) <= (_vector_spacing << 0x5))), function at exception vector 11 too large)

.vector_12      0x9fc01380       0x10
 *(.vector_12)
 .vector_12     0x9fc01380       0x10 build/milestone1/production/_ext/1555642536/system_interrupt_a.o
                0x9fc01380                __vector_dispatch_12
                0x00000001                ASSERT (((_vector_spacing == 0x0) || (SIZEOF (.vector_12) <= (_vector_spacing << 0x5))), function at exception vector 12 too large)

.vector_13      0x9fc013a0        0x8
 *(.vector_13)
 .vector_13     0x9fc013a0        0x8 c:/program files (x86)/microchip/xc32/v1.42/bin/bin/../../lib/gcc/pic32mx/4.8.3/../../../../pic32mx/lib\libpic32.a(vector13.o)
                0x9fc013a0                __vector_dispatch_13
                0x00000001                ASSERT (((_vector_spacing == 0x0) || (SIZEOF (.vector_13) <= (_vector_spacing << 0x5))), function at exception vector 13 too large)

.vector_14      0x9fc013c0        0x8
 *(.vector_14)
 .vector_14     0x9fc013c0        0x8 c:/program files (x86)/microchip/xc32/v1.42/bin/bin/../../lib/gcc/pic32mx/4.8.3/../../../../pic32mx/lib\libpic32.a(vector14.o)
                0x9fc013c0                __vector_dispatch_14
                0x00000001                ASSERT (((_vector_spacing == 0x0) || (SIZEOF (.vector_14) <= (_vector_spacing << 0x5))), function at exception vector 14 too large)

.vector_15      0x9fc013e0        0x8
 *(.vector_15)
 .vector_15     0x9fc013e0        0x8 c:/program files (x86)/microchip/xc32/v1.42/bin/bin/../../lib/gcc/pic32mx/4.8.3/../../../../pic32mx/lib\libpic32.a(vector15.o)
                0x9fc013e0                __vector_dispatch_15
                0x00000001                ASSERT (((_vector_spacing == 0x0) || (SIZEOF (.vector_15) <= (_vector_spacing << 0x5))), function at exception vector 15 too large)

.vector_16      0x9fc01400       0x10
 *(.vector_16)
 .vector_16     0x9fc01400       0x10 build/milestone1/production/_ext/1555642536/system_interrupt_a.o
                0x9fc01400                __vector_dispatch_16
                0x00000001                ASSERT (((_vector_spacing == 0x0) || (SIZEOF (.vector_16) <= (_vector_spacing << 0x5))), function at exception vector 16 too large)

.vector_17      0x9fc01420        0x8
 *(.vector_17)
 .vector_17     0x9fc01420        0x8 c:/program files (x86)/microchip/xc32/v1.42/bin/bin/../../lib/gcc/pic32mx/4.8.3/../../../../pic32mx/lib\libpic32.a(vector17.o)
                0x9fc01420                __vector_dispatch_17
                0x00000001                ASSERT (((_vector_spacing == 0x0) || (SIZEOF (.vector_17) <= (_vector_spacing << 0x5))), function at exception vector 17 too large)

.vector_18      0x9fc01440        0x8
 *(.vector_18)
 .vector_18     0x9fc01440        0x8 c:/program files (x86)/microchip/xc32/v1.42/bin/bin/../../lib/gcc/pic32mx/4.8.3/../../../../pic32mx/lib\libpic32.a(vector18.o)
                0x9fc01440                __vector_dispatch_18
                0x00000001                ASSERT (((_vector_spacing == 0x0) || (SIZEOF (.vector_18) <= (_vector_spacing << 0x5))), function at exception vector 18 too large)

.vector_19      0x9fc01460        0x8
 *(.vector_19)
 .vector_19     0x9fc01460        0x8 c:/program files (x86)/microchip/xc32/v1.42/bin/bin/../../lib/gcc/pic32mx/4.8.3/../../../../pic32mx/lib\libpic32.a(vector19.o)
                0x9fc01460                __vector_dispatch_19
                0x00000001                ASSERT (((_vector_spacing == 0x0) || (SIZEOF (.vector_19) <= (_vector_spacing << 0x5))), function at exception vector 19 too large)

.vector_20      0x9fc01480       0x10
 *(.vector_20)
 .vector_20     0x9fc01480       0x10 build/milestone1/production/_ext/1555642536/system_interrupt_a.o
                0x9fc01480                __vector_dispatch_20
                0x00000001                ASSERT (((_vector_spacing == 0x0) || (SIZEOF (.vector_20) <= (_vector_spacing << 0x5))), function at exception vector 20 too large)

.vector_21      0x9fc014a0        0x8
 *(.vector_21)
 .vector_21     0x9fc014a0        0x8 c:/program files (x86)/microchip/xc32/v1.42/bin/bin/../../lib/gcc/pic32mx/4.8.3/../../../../pic32mx/lib\libpic32.a(vector21.o)
                0x9fc014a0                __vector_dispatch_21
                0x00000001                ASSERT (((_vector_spacing == 0x0) || (SIZEOF (.vector_21) <= (_vector_spacing << 0x5))), function at exception vector 21 too large)

.vector_22      0x9fc014c0        0x8
 *(.vector_22)
 .vector_22     0x9fc014c0        0x8 c:/program files (x86)/microchip/xc32/v1.42/bin/bin/../../lib/gcc/pic32mx/4.8.3/../../../../pic32mx/lib\libpic32.a(vector22.o)
                0x9fc014c0                __vector_dispatch_22
                0x00000001                ASSERT (((_vector_spacing == 0x0) || (SIZEOF (.vector_22) <= (_vector_spacing << 0x5))), function at exception vector 22 too large)

.vector_23      0x9fc014e0        0x8
 *(.vector_23)
 .vector_23     0x9fc014e0        0x8 c:/program files (x86)/microchip/xc32/v1.42/bin/bin/../../lib/gcc/pic32mx/4.8.3/../../../../pic32mx/lib\libpic32.a(vector23.o)
                0x9fc014e0                __vector_dispatch_23
                0x00000001                ASSERT (((_vector_spacing == 0x0) || (SIZEOF (.vector_23) <= (_vector_spacing << 0x5))), function at exception vector 23 too large)

.vector_24      0x9fc01500       0x10
 *(.vector_24)
 .vector_24     0x9fc01500       0x10 build/milestone1/production/_ext/1555642536/system_interrupt_a.o
                0x9fc01500                __vector_dispatch_24
                0x00000001                ASSERT (((_vector_spacing == 0x0) || (SIZEOF (.vector_24) <= (_vector_spacing << 0x5))), function at exception vector 24 too large)

.vector_25      0x9fc01520        0x8
 *(.vector_25)
 .vector_25     0x9fc01520        0x8 c:/program files (x86)/microchip/xc32/v1.42/bin/bin/../../lib/gcc/pic32mx/4.8.3/../../../../pic32mx/lib\libpic32.a(vector25.o)
                0x9fc01520                __vector_dispatch_25
                0x00000001                ASSERT (((_vector_spacing == 0x0) || (SIZEOF (.vector_25) <= (_vector_spacing << 0x5))), function at exception vector 25 too large)

.vector_26      0x9fc01540        0x8
 *(.vector_26)
 .vector_26     0x9fc01540        0x8 c:/program files (x86)/microchip/xc32/v1.42/bin/bin/../../lib/gcc/pic32mx/4.8.3/../../../../pic32mx/lib\libpic32.a(vector26.o)
                0x9fc01540                __vector_dispatch_26
                0x00000001                ASSERT (((_vector_spacing == 0x0) || (SIZEOF (.vector_26) <= (_vector_spacing << 0x5))), function at exception vector 26 too large)

.vector_27      0x9fc01560        0x8
 *(.vector_27)
 .vector_27     0x9fc01560        0x8 c:/program files (x86)/microchip/xc32/v1.42/bin/bin/../../lib/gcc/pic32mx/4.8.3/../../../../pic32mx/lib\libpic32.a(vector27.o)
                0x9fc01560                __vector_dispatch_27
                0x00000001                ASSERT (((_vector_spacing == 0x0) || (SIZEOF (.vector_27) <= (_vector_spacing << 0x5))), function at exception vector 27 too large)

.vector_28      0x9fc01580        0x8
 *(.vector_28)
 .vector_28     0x9fc01580        0x8 c:/program files (x86)/microchip/xc32/v1.42/bin/bin/../../lib/gcc/pic32mx/4.8.3/../../../../pic32mx/lib\libpic32.a(vector28.o)
                0x9fc01580                __vector_dispatch_28
                0x00000001                ASSERT (((_vector_spacing == 0x0) || (SIZEOF (.vector_28) <= (_vector_spacing << 0x5))), function at exception vector 28 too large)

.vector_29      0x9fc015a0        0x8
 *(.vector_29)
 .vector_29     0x9fc015a0        0x8 c:/program files (x86)/microchip/xc32/v1.42/bin/bin/../../lib/gcc/pic32mx/4.8.3/../../../../pic32mx/lib\libpic32.a(vector29.o)
                0x9fc015a0                __vector_dispatch_29
                0x00000001                ASSERT (((_vector_spacing == 0x0) || (SIZEOF (.vector_29) <= (_vector_spacing << 0x5))), function at exception vector 29 too large)

.vector_30      0x9fc015c0        0x8
 *(.vector_30)
 .vector_30     0x9fc015c0        0x8 c:/program files (x86)/microchip/xc32/v1.42/bin/bin/../../lib/gcc/pic32mx/4.8.3/../../../../pic32mx/lib\libpic32.a(vector30.o)
                0x9fc015c0                __vector_dispatch_30
                0x00000001                ASSERT (((_vector_spacing == 0x0) || (SIZEOF (.vector_30) <= (_vector_spacing << 0x5))), function at exception vector 30 too large)

.vector_31      0x9fc015e0        0x8
 *(.vector_31)
 .vector_31     0x9fc015e0        0x8 c:/program files (x86)/microchip/xc32/v1.42/bin/bin/../../lib/gcc/pic32mx/4.8.3/../../../../pic32mx/lib\libpic32.a(vector31.o)
                0x9fc015e0                __vector_dispatch_31
                0x00000001                ASSERT (((_vector_spacing == 0x0) || (SIZEOF (.vector_31) <= (_vector_spacing << 0x5))), function at exception vector 31 too large)

.vector_32      0x9fc01600        0x8
 *(.vector_32)
 .vector_32     0x9fc01600        0x8 c:/program files (x86)/microchip/xc32/v1.42/bin/bin/../../lib/gcc/pic32mx/4.8.3/../../../../pic32mx/lib\libpic32.a(vector32.o)
                0x9fc01600                __vector_dispatch_32
                0x00000001                ASSERT (((_vector_spacing == 0x0) || (SIZEOF (.vector_32) <= (_vector_spacing << 0x5))), function at exception vector 32 too large)

.vector_33      0x9fc01620        0x8
 *(.vector_33)
 .vector_33     0x9fc01620        0x8 c:/program files (x86)/microchip/xc32/v1.42/bin/bin/../../lib/gcc/pic32mx/4.8.3/../../../../pic32mx/lib\libpic32.a(vector33.o)
                0x9fc01620                __vector_dispatch_33
                0x00000001                ASSERT (((_vector_spacing == 0x0) || (SIZEOF (.vector_33) <= (_vector_spacing << 0x5))), function at exception vector 33 too large)

.vector_34      0x9fc01640        0x8
 *(.vector_34)
 .vector_34     0x9fc01640        0x8 c:/program files (x86)/microchip/xc32/v1.42/bin/bin/../../lib/gcc/pic32mx/4.8.3/../../../../pic32mx/lib\libpic32.a(vector34.o)
                0x9fc01640                __vector_dispatch_34
                0x00000001                ASSERT (((_vector_spacing == 0x0) || (SIZEOF (.vector_34) <= (_vector_spacing << 0x5))), function at exception vector 34 too large)

.vector_35      0x9fc01660        0x8
 *(.vector_35)
 .vector_35     0x9fc01660        0x8 c:/program files (x86)/microchip/xc32/v1.42/bin/bin/../../lib/gcc/pic32mx/4.8.3/../../../../pic32mx/lib\libpic32.a(vector35.o)
                0x9fc01660                __vector_dispatch_35
                0x00000001                ASSERT (((_vector_spacing == 0x0) || (SIZEOF (.vector_35) <= (_vector_spacing << 0x5))), function at exception vector 35 too large)

.vector_36      0x9fc01680        0x8
 *(.vector_36)
 .vector_36     0x9fc01680        0x8 c:/program files (x86)/microchip/xc32/v1.42/bin/bin/../../lib/gcc/pic32mx/4.8.3/../../../../pic32mx/lib\libpic32.a(vector36.o)
                0x9fc01680                __vector_dispatch_36
                0x00000001                ASSERT (((_vector_spacing == 0x0) || (SIZEOF (.vector_36) <= (_vector_spacing << 0x5))), function at exception vector 36 too large)

.vector_37      0x9fc016a0        0x8
 *(.vector_37)
 .vector_37     0x9fc016a0        0x8 c:/program files (x86)/microchip/xc32/v1.42/bin/bin/../../lib/gcc/pic32mx/4.8.3/../../../../pic32mx/lib\libpic32.a(vector37.o)
                0x9fc016a0                __vector_dispatch_37
                0x00000001                ASSERT (((_vector_spacing == 0x0) || (SIZEOF (.vector_37) <= (_vector_spacing << 0x5))), function at exception vector 37 too large)

.vector_38      0x9fc016c0        0x8
 *(.vector_38)
 .vector_38     0x9fc016c0        0x8 c:/program files (x86)/microchip/xc32/v1.42/bin/bin/../../lib/gcc/pic32mx/4.8.3/../../../../pic32mx/lib\libpic32.a(vector38.o)
                0x9fc016c0                __vector_dispatch_38
                0x00000001                ASSERT (((_vector_spacing == 0x0) || (SIZEOF (.vector_38) <= (_vector_spacing << 0x5))), function at exception vector 38 too large)

.vector_39      0x9fc016e0        0x8
 *(.vector_39)
 .vector_39     0x9fc016e0        0x8 c:/program files (x86)/microchip/xc32/v1.42/bin/bin/../../lib/gcc/pic32mx/4.8.3/../../../../pic32mx/lib\libpic32.a(vector39.o)
                0x9fc016e0                __vector_dispatch_39
                0x00000001                ASSERT (((_vector_spacing == 0x0) || (SIZEOF (.vector_39) <= (_vector_spacing << 0x5))), function at exception vector 39 too large)

.vector_40      0x9fc01700        0x8
 *(.vector_40)
 .vector_40     0x9fc01700        0x8 c:/program files (x86)/microchip/xc32/v1.42/bin/bin/../../lib/gcc/pic32mx/4.8.3/../../../../pic32mx/lib\libpic32.a(vector40.o)
                0x9fc01700                __vector_dispatch_40
                0x00000001                ASSERT (((_vector_spacing == 0x0) || (SIZEOF (.vector_40) <= (_vector_spacing << 0x5))), function at exception vector 40 too large)

.vector_41      0x9fc01720        0x8
 *(.vector_41)
 .vector_41     0x9fc01720        0x8 c:/program files (x86)/microchip/xc32/v1.42/bin/bin/../../lib/gcc/pic32mx/4.8.3/../../../../pic32mx/lib\libpic32.a(vector41.o)
                0x9fc01720                __vector_dispatch_41
                0x00000001                ASSERT (((_vector_spacing == 0x0) || (SIZEOF (.vector_41) <= (_vector_spacing << 0x5))), function at exception vector 41 too large)

.vector_42      0x9fc01740        0x8
 *(.vector_42)
 .vector_42     0x9fc01740        0x8 c:/program files (x86)/microchip/xc32/v1.42/bin/bin/../../lib/gcc/pic32mx/4.8.3/../../../../pic32mx/lib\libpic32.a(vector42.o)
                0x9fc01740                __vector_dispatch_42
                0x00000001                ASSERT (((_vector_spacing == 0x0) || (SIZEOF (.vector_42) <= (_vector_spacing << 0x5))), function at exception vector 42 too large)

.vector_43      0x9fc01760        0x8
 *(.vector_43)
 .vector_43     0x9fc01760        0x8 c:/program files (x86)/microchip/xc32/v1.42/bin/bin/../../lib/gcc/pic32mx/4.8.3/../../../../pic32mx/lib\libpic32.a(vector43.o)
                0x9fc01760                __vector_dispatch_43
                0x00000001                ASSERT (((_vector_spacing == 0x0) || (SIZEOF (.vector_43) <= (_vector_spacing << 0x5))), function at exception vector 43 too large)

.vector_44      0x9fc01780        0x8
 *(.vector_44)
 .vector_44     0x9fc01780        0x8 c:/program files (x86)/microchip/xc32/v1.42/bin/bin/../../lib/gcc/pic32mx/4.8.3/../../../../pic32mx/lib\libpic32.a(vector44.o)
                0x9fc01780                __vector_dispatch_44
                0x00000001                ASSERT (((_vector_spacing == 0x0) || (SIZEOF (.vector_44) <= (_vector_spacing << 0x5))), function at exception vector 44 too large)

.vector_45      0x9fc017a0        0x8
 *(.vector_45)
 .vector_45     0x9fc017a0        0x8 c:/program files (x86)/microchip/xc32/v1.42/bin/bin/../../lib/gcc/pic32mx/4.8.3/../../../../pic32mx/lib\libpic32.a(vector45.o)
                0x9fc017a0                __vector_dispatch_45
                0x00000001                ASSERT (((_vector_spacing == 0x0) || (SIZEOF (.vector_45) <= (_vector_spacing << 0x5))), function at exception vector 45 too large)

.vector_46      0x9fc017c0        0x8
 *(.vector_46)
 .vector_46     0x9fc017c0        0x8 c:/program files (x86)/microchip/xc32/v1.42/bin/bin/../../lib/gcc/pic32mx/4.8.3/../../../../pic32mx/lib\libpic32.a(vector46.o)
                0x9fc017c0                __vector_dispatch_46
                0x00000001                ASSERT (((_vector_spacing == 0x0) || (SIZEOF (.vector_46) <= (_vector_spacing << 0x5))), function at exception vector 46 too large)

.vector_47      0x9fc017e0        0x8
 *(.vector_47)
 .vector_47     0x9fc017e0        0x8 c:/program files (x86)/microchip/xc32/v1.42/bin/bin/../../lib/gcc/pic32mx/4.8.3/../../../../pic32mx/lib\libpic32.a(vector47.o)
                0x9fc017e0                __vector_dispatch_47
                0x00000001                ASSERT (((_vector_spacing == 0x0) || (SIZEOF (.vector_47) <= (_vector_spacing << 0x5))), function at exception vector 47 too large)

.vector_48      0x9fc01800        0x8
 *(.vector_48)
 .vector_48     0x9fc01800        0x8 c:/program files (x86)/microchip/xc32/v1.42/bin/bin/../../lib/gcc/pic32mx/4.8.3/../../../../pic32mx/lib\libpic32.a(vector48.o)
                0x9fc01800                __vector_dispatch_48
                0x00000001                ASSERT (((_vector_spacing == 0x0) || (SIZEOF (.vector_48) <= (_vector_spacing << 0x5))), function at exception vector 48 too large)

.vector_49      0x9fc01820        0x8
 *(.vector_49)
 .vector_49     0x9fc01820        0x8 c:/program files (x86)/microchip/xc32/v1.42/bin/bin/../../lib/gcc/pic32mx/4.8.3/../../../../pic32mx/lib\libpic32.a(vector49.o)
                0x9fc01820                __vector_dispatch_49
                0x00000001                ASSERT (((_vector_spacing == 0x0) || (SIZEOF (.vector_49) <= (_vector_spacing << 0x5))), function at exception vector 49 too large)

.vector_50      0x9fc01840        0x8
 *(.vector_50)
 .vector_50     0x9fc01840        0x8 c:/program files (x86)/microchip/xc32/v1.42/bin/bin/../../lib/gcc/pic32mx/4.8.3/../../../../pic32mx/lib\libpic32.a(vector50.o)
                0x9fc01840                __vector_dispatch_50
                0x00000001                ASSERT (((_vector_spacing == 0x0) || (SIZEOF (.vector_50) <= (_vector_spacing << 0x5))), function at exception vector 50 too large)

.vector_51      0x9fc01860        0x8
 *(.vector_51)
 .vector_51     0x9fc01860        0x8 c:/program files (x86)/microchip/xc32/v1.42/bin/bin/../../lib/gcc/pic32mx/4.8.3/../../../../pic32mx/lib\libpic32.a(vector51.o)
                0x9fc01860                __vector_dispatch_51
                0x00000001                ASSERT (((_vector_spacing == 0x0) || (SIZEOF (.vector_51) <= (_vector_spacing << 0x5))), function at exception vector 51 too large)

.vector_52      0x9fc01880        0x0
 *(.vector_52)
                0x00000001                ASSERT (((_vector_spacing == 0x0) || (SIZEOF (.vector_52) <= (_vector_spacing << 0x5))), function at exception vector 52 too large)

.vector_53      0x9fc018a0        0x0
 *(.vector_53)
                0x00000001                ASSERT (((_vector_spacing == 0x0) || (SIZEOF (.vector_53) <= (_vector_spacing << 0x5))), function at exception vector 53 too large)

.vector_54      0x9fc018c0        0x0
 *(.vector_54)
                0x00000001                ASSERT (((_vector_spacing == 0x0) || (SIZEOF (.vector_54) <= (_vector_spacing << 0x5))), function at exception vector 54 too large)

.vector_55      0x9fc018e0        0x0
 *(.vector_55)
                0x00000001                ASSERT (((_vector_spacing == 0x0) || (SIZEOF (.vector_55) <= (_vector_spacing << 0x5))), function at exception vector 55 too large)

.vector_56      0x9fc01900        0x0
 *(.vector_56)
                0x00000001                ASSERT (((_vector_spacing == 0x0) || (SIZEOF (.vector_56) <= (_vector_spacing << 0x5))), function at exception vector 56 too large)

.vector_57      0x9fc01920        0x0
 *(.vector_57)
                0x00000001                ASSERT (((_vector_spacing == 0x0) || (SIZEOF (.vector_57) <= (_vector_spacing << 0x5))), function at exception vector 57 too large)

.vector_58      0x9fc01940        0x0
 *(.vector_58)
                0x00000001                ASSERT (((_vector_spacing == 0x0) || (SIZEOF (.vector_58) <= (_vector_spacing << 0x5))), function at exception vector 58 too large)

.vector_59      0x9fc01960        0x0
 *(.vector_59)
                0x00000001                ASSERT (((_vector_spacing == 0x0) || (SIZEOF (.vector_59) <= (_vector_spacing << 0x5))), function at exception vector 59 too large)

.vector_60      0x9fc01980        0x0
 *(.vector_60)
                0x00000001                ASSERT (((_vector_spacing == 0x0) || (SIZEOF (.vector_60) <= (_vector_spacing << 0x5))), function at exception vector 60 too large)

.vector_61      0x9fc019a0        0x0
 *(.vector_61)
                0x00000001                ASSERT (((_vector_spacing == 0x0) || (SIZEOF (.vector_61) <= (_vector_spacing << 0x5))), function at exception vector 61 too large)

.vector_62      0x9fc019c0        0x0
 *(.vector_62)
                0x00000001                ASSERT (((_vector_spacing == 0x0) || (SIZEOF (.vector_62) <= (_vector_spacing << 0x5))), function at exception vector 62 too large)

.vector_63      0x9fc019e0        0x0
 *(.vector_63)
                0x00000001                ASSERT (((_vector_spacing == 0x0) || (SIZEOF (.vector_63) <= (_vector_spacing << 0x5))), function at exception vector 63 too large)

.startup
 *(.startup)

.text           0x9d000000        0x0
 *(.stub .gnu.linkonce.t.*)
 *(.text.*personality*)
 *(.mips16.fn.*)
 *(.mips16.call.*)
 *(.gnu.warning)
                0x9d000000                . = ALIGN (0x4)

.init           0x9d000000        0x0
 *crti.o(.init)
 *crtbegin.o(.init)
 *(EXCLUDE_FILE(*crtn.o *crtend?.o *crtend.o) .init)
 *crtend.o(.init)
 *crtn.o(.init)
                0x9d000000                . = ALIGN (0x4)

.fini           0x9d000000        0x0
 *(.fini)
                0x9d000000                . = ALIGN (0x4)

.preinit_array  0x9d000000        0x0
                0x9d000000                PROVIDE (__preinit_array_start, .)
 *(.preinit_array)
                0x9d000000                PROVIDE (__preinit_array_end, .)
                0x9d000000                . = ALIGN (0x4)

.init_array     0x9d000000        0x0
                0x9d000000                PROVIDE (__init_array_start, .)
 *(SORT(.init_array.*))
 *(.init_array)
                0x9d000000                PROVIDE (__init_array_end, .)
                0x9d000000                . = ALIGN (0x4)

.fini_array     0x9d000000        0x0
                0x9d000000                PROVIDE (__fini_array_start, .)
 *(SORT(.fini_array.*))
 *(.fini_array)
                0x9d000000                PROVIDE (__fini_array_end, .)
                0x9d000000                . = ALIGN (0x4)

.ctors          0x9d000000        0x0
 *crtbegin.o(.ctors)
 *crtbegin?.o(.ctors)
 *(EXCLUDE_FILE(*crtend?.o *crtend.o) .ctors)
 *(SORT(.ctors.*))
 *(.ctors)
                0x9d000000                . = ALIGN (0x4)

.dtors          0x9d000000        0x0
 *crtbegin.o(.dtors)
 *crtbegin?.o(.dtors)
 *(EXCLUDE_FILE(*crtend?.o *crtend.o) .dtors)
 *(SORT(.dtors.*))
 *(.dtors)
                0x9d000000                . = ALIGN (0x4)

.rodata         0x9d000000        0x0
 *(.gnu.linkonce.r.*)
 *(.rodata1)
                0x9d000000                . = ALIGN (0x4)

.sdata2         0x9fc00490        0x0
 *(.sdata2 .sdata2.* .gnu.linkonce.s2.*)
                0x9fc00490                . = ALIGN (0x4)

.sbss2          0x9fc00490        0x0
 *(.sbss2 .sbss2.* .gnu.linkonce.sb2.*)
                0x9fc00490                . = ALIGN (0x4)

.eh_frame_hdr
 *(.eh_frame_hdr)
                0x9fc00490                . = ALIGN (0x4)

.eh_frame
 *(.eh_frame)
                0x9fc00490                . = ALIGN (0x4)

.gcc_except_table
 *(.gcc_except_table .gcc_except_table.*)
                0x9fc00490                . = ALIGN (0x4)

.dbg_data       0xa0000000        0x0
                0xa0000000                . = (. + DEFINED (_DEBUGGER)?0x200:0x0)

.jcr            0xa0000000        0x0
 *(.jcr)
                0xa0000000                . = ALIGN (0x4)

.eh_frame
 *(.eh_frame)
                0xa0000000                . = ALIGN (0x4)

.gcc_except_table
 *(.gcc_except_table .gcc_except_table.*)
                0xa0000000                . = ALIGN (0x4)

.persist        0xa0000000        0x0
                0xa0000000                _persist_begin = .
 *(.persist .persist.*)
 *(.pbss .pbss.*)
                0xa0000000                . = ALIGN (0x4)
                0xa0000000                _persist_end = .

.data           0xa0000000        0x0
 *(.gnu.linkonce.d.*)
 *(.data1)
                0xa0000000                . = ALIGN (0x4)
                0xa0000000                . = .
                0xa0007ff0                _gp = (ALIGN (0x10) + 0x7ff0)

.got            0xa0000000        0x0
 *(.got.plt)
 *(.got)
                0xa0000000                . = ALIGN (0x4)

.sdata          0xa0000000        0x4
                0xa0000000                _sdata_begin = .
 *(.sdata .sdata.* .gnu.linkonce.s.*)
 .sdata         0xa0000000        0x4 build/milestone1/production/_ext/394333808/port.o
                0xa0000000                uxInterruptNesting
                0xa0000004                . = ALIGN (0x4)
                0xa0000004                _sdata_end = .

.lit8
 *(.lit8)

.lit4
 *(.lit4)
                0xa0000004                . = ALIGN (0x4)
                0xa0000004                _data_end = .
                0xa0000004                _bss_begin = .

.sbss           0xa0000004       0x98
                0xa0000004                _sbss_begin = .
 *(.dynsbss)
 *(.sbss .sbss.* .gnu.linkonce.sb.*)
 .sbss          0xa0000004        0x4 build/milestone1/production/_ext/1360937237/app.o
 .sbss          0xa0000008        0x4 build/milestone1/production/_ext/1360937237/navigation.o
 .sbss          0xa000000c        0x4 build/milestone1/production/_ext/1360937237/mapping.o
 .sbss          0xa0000010        0x8 build/milestone1/production/_ext/1360937237/communication.o
 .sbss          0xa0000018        0x8 build/milestone1/production/_ext/1360937237/ms2test.o
                0xa0000018                testCount
                0xa000001c                speedTotal
 .sbss          0xa0000020       0x3c build/milestone1/production/_ext/943189478/tasks.o
                0xa0000058                pxCurrentTCB
 .sbss          0xa000005c        0x8 build/milestone1/production/_ext/1025664067/heap_1.o
 .sbss          0xa0000064        0x4 build/milestone1/production/_ext/394333808/port.o
                0xa0000064                uxSavedTaskStackPointer
 .sbss          0xa0000068        0x4 build/milestone1/production/_ext/1864120335/drv_tmr_static.o
 .sbss          0xa000006c        0xc build/milestone1/production/_ext/1555642536/system_exceptions.o
 *(.scommon)
 .scommon       0xa0000078        0x8 build/milestone1/production/_ext/1360937237/app.o
                0xa0000078                appData
                0xa000007c                app1Iter
 .scommon       0xa0000080        0x4 build/milestone1/production/_ext/1360937237/navigation.o
                0xa0000080                navigationData
 .scommon       0xa0000084        0x4 build/milestone1/production/_ext/1360937237/mapping.o
                0xa0000084                mappingData
 .scommon       0xa0000088        0x4 build/milestone1/production/_ext/1360937237/communication.o
                0xa0000088                communicationData
 .scommon       0xa000008c        0x4 build/milestone1/production/_ext/1360937237/debug.o
                0xa000008c                global_data
 .scommon       0xa0000090        0x8 build/milestone1/production/_ext/873795193/sys_devcon.o
                0xa0000090                sysDevconObj
 .scommon       0xa0000098        0x4 build/milestone1/production/_ext/192191419/drv_usart_static.o
                0xa0000098                gDrvUSART0Obj
                0xa000009c                _sbss_end = .
                0xa000009c                . = ALIGN (0x4)

.bss            0xa000009c       0x18
 *(.dynbss)
 *(COMMON)
 COMMON         0xa000009c       0x18 build/milestone1/production/_ext/1555642536/system_init.o
                0xa000009c                sysObj
                0xa00000b4                . = ALIGN ((. != 0x0)?0x4:0x1)
                0xa00000b4                . = ALIGN (0x4)
                0xa00000b4                _end = .
                0xa00000b4                _bss_end = .
                0x00020000                _bmxdudba_address = 0x20000
                0x00020000                _bmxdupba_address = 0x20000

/DISCARD/
 *(.pdr)
 *(.rel.dyn)
 *(.note.GNU-stack)
 *(.note.GNU-stack)
 *(.gnu_debuglink)
 *(.gnu.lto_*)
 *(.discard)

.gptab.sdata
 *(.gptab.data)
 *(.gptab.sdata)

.gptab.sbss
 *(.gptab.bss)
 *(.gptab.sbss)

.mdebug.abi32   0xa00000b4        0x0
 *(.mdebug.abi32)
 .mdebug.abi32  0xa00000b4        0x0 build/milestone1/production/_ext/1360937237/app.o
 .mdebug.abi32  0xa00000b4        0x0 build/milestone1/production/_ext/1360937237/main.o
 .mdebug.abi32  0xa00000b4        0x0 build/milestone1/production/_ext/1360937237/navigation.o
 .mdebug.abi32  0xa00000b4        0x0 build/milestone1/production/_ext/1360937237/mapping.o
 .mdebug.abi32  0xa00000b4        0x0 build/milestone1/production/_ext/1360937237/communication.o
 .mdebug.abi32  0xa00000b4        0x0 build/milestone1/production/_ext/1360937237/ms2test.o
 .mdebug.abi32  0xa00000b4        0x0 build/milestone1/production/_ext/1360937237/debug.o
 .mdebug.abi32  0xa00000b4        0x0 build/milestone1/production/_ext/1360937237/motor.o
 .mdebug.abi32  0xa00000b4        0x0 build/milestone1/production/_ext/1304759361/osal_freertos.o
 .mdebug.abi32  0xa00000b4        0x0 build/milestone1/production/_ext/873795193/sys_devcon.o
 .mdebug.abi32  0xa00000b4        0x0 build/milestone1/production/_ext/873795193/sys_devcon_pic32mx.o
 .mdebug.abi32  0xa00000b4        0x0 build/milestone1/production/_ext/831247745/sys_int_pic32.o
 .mdebug.abi32  0xa00000b4        0x0 build/milestone1/production/_ext/943189478/croutine.o
 .mdebug.abi32  0xa00000b4        0x0 build/milestone1/production/_ext/943189478/list.o
 .mdebug.abi32  0xa00000b4        0x0 build/milestone1/production/_ext/943189478/queue.o
 .mdebug.abi32  0xa00000b4        0x0 build/milestone1/production/_ext/943189478/tasks.o
 .mdebug.abi32  0xa00000b4        0x0 build/milestone1/production/_ext/943189478/timers.o
 .mdebug.abi32  0xa00000b4        0x0 build/milestone1/production/_ext/943189478/event_groups.o
 .mdebug.abi32  0xa00000b4        0x0 build/milestone1/production/_ext/1025664067/heap_1.o
 .mdebug.abi32  0xa00000b4        0x0 build/milestone1/production/_ext/394333808/port.o
 .mdebug.abi32  0xa00000b4        0x0 build/milestone1/production/_ext/1152747240/drv_oc_mapping.o
 .mdebug.abi32  0xa00000b4        0x0 build/milestone1/production/_ext/1152747240/drv_oc_static.o
 .mdebug.abi32  0xa00000b4        0x0 build/milestone1/production/_ext/1864120335/drv_tmr_static.o
 .mdebug.abi32  0xa00000b4        0x0 build/milestone1/production/_ext/1864120335/drv_tmr_mapping.o
 .mdebug.abi32  0xa00000b4        0x0 build/milestone1/production/_ext/192191419/drv_usart_mapping.o
 .mdebug.abi32  0xa00000b4        0x0 build/milestone1/production/_ext/192191419/drv_usart_static.o
 .mdebug.abi32  0xa00000b4        0x0 build/milestone1/production/_ext/192191419/drv_usart_static_byte_model.o
 .mdebug.abi32  0xa00000b4        0x0 build/milestone1/production/_ext/383799649/sys_clk_static.o
 .mdebug.abi32  0xa00000b4        0x0 build/milestone1/production/_ext/956857457/sys_ports_static.o
 .mdebug.abi32  0xa00000b4        0x0 build/milestone1/production/_ext/1555642536/system_init.o
 .mdebug.abi32  0xa00000b4        0x0 build/milestone1/production/_ext/1555642536/system_interrupt.o
 .mdebug.abi32  0xa00000b4        0x0 build/milestone1/production/_ext/1555642536/system_exceptions.o
 .mdebug.abi32  0xa00000b4        0x0 build/milestone1/production/_ext/1555642536/system_tasks.o
 .mdebug.abi32  0xa00000b4        0x0 build/milestone1/production/_ext/1555642536/rtos_hooks.o
 .mdebug.abi32  0xa00000b4        0x0 c:/program files (x86)/microchip/xc32/v1.42/bin/bin/../../lib/gcc/pic32mx/4.8.3/../../../../pic32mx/lib\libpic32.a(default-bootstrap-exception-handler.o)
 .mdebug.abi32  0xa00000b4        0x0 c:/program files (x86)/microchip/xc32/v1.42/bin/bin/../../lib/gcc/pic32mx/4.8.3/../../../../pic32mx/lib\libpic32.a(default-on-reset.o)
 .mdebug.abi32  0xa00000b4        0x0 c:/program files (x86)/microchip/xc32/v1.42/bin/bin/../../lib/gcc/pic32mx/4.8.3/../../../../pic32mx/lib\libpic32.a(default-on-bootstrap.o)
 .mdebug.abi32  0xa00000b4        0x0 c:/program files (x86)/microchip/xc32/v1.42/bin/bin/../../lib/gcc/pic32mx/4.8.3/../../../../pic32mx/lib\libpic32.a(defaultinterrupt.o)

.mdebug.abiN32
 *(.mdebug.abiN32)

.mdebug.abi64
 *(.mdebug.abi64)

.mdebug.abiO64
 *(.mdebug.abiO64)

.mdebug.eabi32
 *(.mdebug.eabi32)

.mdebug.eabi64
 *(.mdebug.eabi64)

.gcc_compiled_long32
 *(.gcc_compiled_long32)

.gcc_compiled_long64
 *(.gcc_compiled_long64)

.stab
 *(.stab)

.stabstr
 *(.stabstr)

.stab.excl
 *(.stab.excl)

.stab.exclstr
 *(.stab.exclstr)

.stab.index
 *(.stab.index)

.stab.indexstr
 *(.stab.indexstr)

.comment        0x00000000       0x6d
 *(.comment)
 .comment       0x00000000       0x3c build/milestone1/production/_ext/1360937237/app.o
                                 0x3d (size before relaxing)
 .comment       0x00000000       0x3d build/milestone1/production/_ext/1360937237/main.o
 .comment       0x00000000       0x3d build/milestone1/production/_ext/1360937237/navigation.o
 .comment       0x00000000       0x3d build/milestone1/production/_ext/1360937237/mapping.o
 .comment       0x00000000       0x3d build/milestone1/production/_ext/1360937237/communication.o
 .comment       0x00000000       0x3d build/milestone1/production/_ext/1360937237/ms2test.o
 .comment       0x00000000       0x3d build/milestone1/production/_ext/1360937237/debug.o
 .comment       0x00000000       0x3d build/milestone1/production/_ext/1360937237/motor.o
 .comment       0x00000000       0x3d build/milestone1/production/_ext/1304759361/osal_freertos.o
 .comment       0x00000000       0x3d build/milestone1/production/_ext/873795193/sys_devcon.o
 .comment       0x00000000       0x3d build/milestone1/production/_ext/873795193/sys_devcon_pic32mx.o
 .comment       0x00000000       0x3d build/milestone1/production/_ext/831247745/sys_int_pic32.o
 .comment       0x00000000       0x3d build/milestone1/production/_ext/943189478/croutine.o
 .comment       0x00000000       0x3d build/milestone1/production/_ext/943189478/list.o
 .comment       0x00000000       0x3d build/milestone1/production/_ext/943189478/queue.o
 .comment       0x00000000       0x3d build/milestone1/production/_ext/943189478/tasks.o
 .comment       0x00000000       0x3d build/milestone1/production/_ext/943189478/timers.o
 .comment       0x00000000       0x3d build/milestone1/production/_ext/943189478/event_groups.o
 .comment       0x00000000       0x3d build/milestone1/production/_ext/1025664067/heap_1.o
 .comment       0x00000000       0x3d build/milestone1/production/_ext/394333808/port.o
 .comment       0x00000000       0x3d build/milestone1/production/_ext/1152747240/drv_oc_mapping.o
 .comment       0x00000000       0x3d build/milestone1/production/_ext/1152747240/drv_oc_static.o
 .comment       0x00000000       0x3d build/milestone1/production/_ext/1864120335/drv_tmr_static.o
 .comment       0x00000000       0x3d build/milestone1/production/_ext/1864120335/drv_tmr_mapping.o
 .comment       0x00000000       0x3d build/milestone1/production/_ext/192191419/drv_usart_mapping.o
 .comment       0x00000000       0x3d build/milestone1/production/_ext/192191419/drv_usart_static.o
 .comment       0x00000000       0x3d build/milestone1/production/_ext/192191419/drv_usart_static_byte_model.o
 .comment       0x00000000       0x3d build/milestone1/production/_ext/383799649/sys_clk_static.o
 .comment       0x00000000       0x3d build/milestone1/production/_ext/956857457/sys_ports_static.o
 .comment       0x00000000       0x3d build/milestone1/production/_ext/1555642536/system_init.o
 .comment       0x00000000       0x3d build/milestone1/production/_ext/1555642536/system_interrupt.o
 .comment       0x00000000       0x3d build/milestone1/production/_ext/1555642536/system_exceptions.o
 .comment       0x00000000       0x3d build/milestone1/production/_ext/1555642536/system_tasks.o
 .comment       0x00000000       0x3d build/milestone1/production/_ext/1555642536/rtos_hooks.o
 .comment       0x0000003c       0x18 c:/program files (x86)/microchip/xc32/v1.42/bin/bin/../../lib/gcc/pic32mx/4.8.3/../../../../pic32mx/lib\libpic32.a(memset.o)
                                 0x19 (size before relaxing)
 .comment       0x00000054       0x19 c:/program files (x86)/microchip/xc32/v1.42/bin/bin/../../lib/gcc/pic32mx/4.8.3/../../../../pic32mx/lib\libpic32.a(strlen.o)
                                 0x1a (size before relaxing)
 .comment       0x00000000       0x3d c:/program files (x86)/microchip/xc32/v1.42/bin/bin/../../lib/gcc/pic32mx/4.8.3/../../../../pic32mx/lib\libpic32.a(default-bootstrap-exception-handler.o)
 .comment       0x00000000       0x3d c:/program files (x86)/microchip/xc32/v1.42/bin/bin/../../lib/gcc/pic32mx/4.8.3/../../../../pic32mx/lib\libpic32.a(default-on-reset.o)
 .comment       0x00000000       0x3d c:/program files (x86)/microchip/xc32/v1.42/bin/bin/../../lib/gcc/pic32mx/4.8.3/../../../../pic32mx/lib\libpic32.a(default-on-bootstrap.o)
 .comment       0x00000000       0x3d c:/program files (x86)/microchip/xc32/v1.42/bin/bin/../../lib/gcc/pic32mx/4.8.3/../../../../pic32mx/lib\libpic32.a(defaultinterrupt.o)

.debug
 *(.debug)

.line
 *(.line)

.debug_srcinfo
 *(.debug_srcinfo)

.debug_sfnames
 *(.debug_sfnames)

.debug_aranges  0x00000000      0xec0
 *(.debug_aranges)
 .debug_aranges
                0x00000000       0x30 build/milestone1/production/_ext/1360937237/app.o
 .debug_aranges
                0x00000030       0x20 build/milestone1/production/_ext/1360937237/main.o
 .debug_aranges
                0x00000050       0x40 build/milestone1/production/_ext/1360937237/navigation.o
 .debug_aranges
                0x00000090       0x40 build/milestone1/production/_ext/1360937237/mapping.o
 .debug_aranges
                0x000000d0       0x68 build/milestone1/production/_ext/1360937237/communication.o
 .debug_aranges
                0x00000138       0x70 build/milestone1/production/_ext/1360937237/ms2test.o
 .debug_aranges
                0x000001a8       0x48 build/milestone1/production/_ext/1360937237/debug.o
 .debug_aranges
                0x000001f0       0x38 build/milestone1/production/_ext/1360937237/motor.o
 .debug_aranges
                0x00000228       0x88 build/milestone1/production/_ext/1304759361/osal_freertos.o
 .debug_aranges
                0x000002b0       0x78 build/milestone1/production/_ext/873795193/sys_devcon.o
 .debug_aranges
                0x00000328       0x20 build/milestone1/production/_ext/873795193/sys_devcon_pic32mx.o
 .debug_aranges
                0x00000348       0x48 build/milestone1/production/_ext/831247745/sys_int_pic32.o
 .debug_aranges
                0x00000390       0x18 build/milestone1/production/_ext/943189478/croutine.o
 .debug_aranges
                0x000003a8       0x40 build/milestone1/production/_ext/943189478/list.o
 .debug_aranges
                0x000003e8       0xb0 build/milestone1/production/_ext/943189478/queue.o
 .debug_aranges
                0x00000498      0x178 build/milestone1/production/_ext/943189478/tasks.o
 .debug_aranges
                0x00000610       0x18 build/milestone1/production/_ext/943189478/timers.o
 .debug_aranges
                0x00000628       0x60 build/milestone1/production/_ext/943189478/event_groups.o
 .debug_aranges
                0x00000688       0x38 build/milestone1/production/_ext/1025664067/heap_1.o
 .debug_aranges
                0x000006c0       0x58 build/milestone1/production/_ext/394333808/port.o
 .debug_aranges
                0x00000718       0x20 build/milestone1/production/_ext/394333808/port_asm.o
 .debug_aranges
                0x00000738       0x38 build/milestone1/production/_ext/1152747240/drv_oc_mapping.o
 .debug_aranges
                0x00000770       0x18 build/milestone1/production/_ext/1152747240/drv_oc_static.o
 .debug_aranges
                0x00000788      0x1d8 build/milestone1/production/_ext/1864120335/drv_tmr_static.o
 .debug_aranges
                0x00000960       0xc8 build/milestone1/production/_ext/1864120335/drv_tmr_mapping.o
 .debug_aranges
                0x00000a28       0xa8 build/milestone1/production/_ext/192191419/drv_usart_mapping.o
 .debug_aranges
                0x00000ad0       0x78 build/milestone1/production/_ext/192191419/drv_usart_static.o
 .debug_aranges
                0x00000b48       0x48 build/milestone1/production/_ext/192191419/drv_usart_static_byte_model.o
 .debug_aranges
                0x00000b90       0x50 build/milestone1/production/_ext/383799649/sys_clk_static.o
 .debug_aranges
                0x00000be0      0x108 build/milestone1/production/_ext/956857457/sys_ports_static.o
 .debug_aranges
                0x00000ce8       0x20 build/milestone1/production/_ext/1555642536/system_init.o
 .debug_aranges
                0x00000d08       0x40 build/milestone1/production/_ext/1555642536/system_interrupt.o
 .debug_aranges
                0x00000d48       0x20 build/milestone1/production/_ext/1555642536/system_exceptions.o
 .debug_aranges
                0x00000d68       0x48 build/milestone1/production/_ext/1555642536/system_tasks.o
 .debug_aranges
                0x00000db0       0x68 build/milestone1/production/_ext/1555642536/system_interrupt_a.o
 .debug_aranges
                0x00000e18       0x28 build/milestone1/production/_ext/1555642536/rtos_hooks.o
 .debug_aranges
                0x00000e40       0x20 c:/program files (x86)/microchip/xc32/v1.42/bin/bin/../../lib/gcc/pic32mx/4.8.3/../../../../pic32mx/lib\libpic32.a(default-bootstrap-exception-handler.o)
 .debug_aranges
                0x00000e60       0x20 c:/program files (x86)/microchip/xc32/v1.42/bin/bin/../../lib/gcc/pic32mx/4.8.3/../../../../pic32mx/lib\libpic32.a(default-on-reset.o)
 .debug_aranges
                0x00000e80       0x20 c:/program files (x86)/microchip/xc32/v1.42/bin/bin/../../lib/gcc/pic32mx/4.8.3/../../../../pic32mx/lib\libpic32.a(default-on-bootstrap.o)
 .debug_aranges
                0x00000ea0       0x20 c:/program files (x86)/microchip/xc32/v1.42/bin/bin/../../lib/gcc/pic32mx/4.8.3/../../../../pic32mx/lib\libpic32.a(defaultinterrupt.o)

.debug_pubnames
 *(.debug_pubnames)

.debug_info     0x00000000    0x52b0c
 *(.debug_info .gnu.linkonce.wi.*)
 .debug_info    0x00000000     0x3692 build/milestone1/production/_ext/1360937237/app.o
 .debug_info    0x00003692      0x1a0 build/milestone1/production/_ext/1360937237/main.o
 .debug_info    0x00003832     0x38ef build/milestone1/production/_ext/1360937237/navigation.o
 .debug_info    0x00007121     0x3853 build/milestone1/production/_ext/1360937237/mapping.o
 .debug_info    0x0000a974     0x489b build/milestone1/production/_ext/1360937237/communication.o
 .debug_info    0x0000f20f     0x39a4 build/milestone1/production/_ext/1360937237/ms2test.o
 .debug_info    0x00012bb3     0x34ce build/milestone1/production/_ext/1360937237/debug.o
 .debug_info    0x00016081     0x3088 build/milestone1/production/_ext/1360937237/motor.o
 .debug_info    0x00019109      0xaa2 build/milestone1/production/_ext/1304759361/osal_freertos.o
 .debug_info    0x00019bab     0x1162 build/milestone1/production/_ext/873795193/sys_devcon.o
 .debug_info    0x0001ad0d      0xd53 build/milestone1/production/_ext/873795193/sys_devcon_pic32mx.o
 .debug_info    0x0001ba60     0x15ba build/milestone1/production/_ext/831247745/sys_int_pic32.o
 .debug_info    0x0001d01a      0x183 build/milestone1/production/_ext/943189478/croutine.o
 .debug_info    0x0001d19d      0x47f build/milestone1/production/_ext/943189478/list.o
 .debug_info    0x0001d61c     0x1932 build/milestone1/production/_ext/943189478/queue.o
 .debug_info    0x0001ef4e     0x2921 build/milestone1/production/_ext/943189478/tasks.o
 .debug_info    0x0002186f      0x181 build/milestone1/production/_ext/943189478/timers.o
 .debug_info    0x000219f0      0xd56 build/milestone1/production/_ext/943189478/event_groups.o
 .debug_info    0x00022746      0x389 build/milestone1/production/_ext/1025664067/heap_1.o
 .debug_info    0x00022acf     0x11b2 build/milestone1/production/_ext/394333808/port.o
 .debug_info    0x00023c81       0xd1 build/milestone1/production/_ext/394333808/port_asm.o
 .debug_info    0x00023d52     0x31fb build/milestone1/production/_ext/1152747240/drv_oc_mapping.o
 .debug_info    0x00026f4d      0x256 build/milestone1/production/_ext/1152747240/drv_oc_static.o
 .debug_info    0x000271a3     0x5531 build/milestone1/production/_ext/1864120335/drv_tmr_static.o
 .debug_info    0x0002c6d4     0x16f5 build/milestone1/production/_ext/1864120335/drv_tmr_mapping.o
 .debug_info    0x0002ddc9     0x3f60 build/milestone1/production/_ext/192191419/drv_usart_mapping.o
 .debug_info    0x00031d29     0x6176 build/milestone1/production/_ext/192191419/drv_usart_static.o
 .debug_info    0x00037e9f     0x4301 build/milestone1/production/_ext/192191419/drv_usart_static_byte_model.o
 .debug_info    0x0003c1a0     0x3c3a build/milestone1/production/_ext/383799649/sys_clk_static.o
 .debug_info    0x0003fdda     0x3ace build/milestone1/production/_ext/956857457/sys_ports_static.o
 .debug_info    0x000438a8     0x40a6 build/milestone1/production/_ext/1555642536/system_init.o
 .debug_info    0x0004794e     0x4603 build/milestone1/production/_ext/1555642536/system_interrupt.o
 .debug_info    0x0004bf51     0x320b build/milestone1/production/_ext/1555642536/system_exceptions.o
 .debug_info    0x0004f15c     0x334c build/milestone1/production/_ext/1555642536/system_tasks.o
 .debug_info    0x000524a8       0x95 build/milestone1/production/_ext/1555642536/system_interrupt_a.o
 .debug_info    0x0005253d      0x24b build/milestone1/production/_ext/1555642536/rtos_hooks.o
 .debug_info    0x00052788       0xf5 c:/program files (x86)/microchip/xc32/v1.42/bin/bin/../../lib/gcc/pic32mx/4.8.3/../../../../pic32mx/lib\libpic32.a(default-bootstrap-exception-handler.o)
 .debug_info    0x0005287d       0xcf c:/program files (x86)/microchip/xc32/v1.42/bin/bin/../../lib/gcc/pic32mx/4.8.3/../../../../pic32mx/lib\libpic32.a(default-on-reset.o)
 .debug_info    0x0005294c       0xd7 c:/program files (x86)/microchip/xc32/v1.42/bin/bin/../../lib/gcc/pic32mx/4.8.3/../../../../pic32mx/lib\libpic32.a(default-on-bootstrap.o)
 .debug_info    0x00052a23       0xe9 c:/program files (x86)/microchip/xc32/v1.42/bin/bin/../../lib/gcc/pic32mx/4.8.3/../../../../pic32mx/lib\libpic32.a(defaultinterrupt.o)

.debug_abbrev   0x00000000     0x3f40
 *(.debug_abbrev)
 .debug_abbrev  0x00000000      0x1ba build/milestone1/production/_ext/1360937237/app.o
 .debug_abbrev  0x000001ba       0x93 build/milestone1/production/_ext/1360937237/main.o
 .debug_abbrev  0x0000024d      0x21c build/milestone1/production/_ext/1360937237/navigation.o
 .debug_abbrev  0x00000469      0x1ef build/milestone1/production/_ext/1360937237/mapping.o
 .debug_abbrev  0x00000658      0x350 build/milestone1/production/_ext/1360937237/communication.o
 .debug_abbrev  0x000009a8      0x199 build/milestone1/production/_ext/1360937237/ms2test.o
 .debug_abbrev  0x00000b41      0x1ad build/milestone1/production/_ext/1360937237/debug.o
 .debug_abbrev  0x00000cee       0x82 build/milestone1/production/_ext/1360937237/motor.o
 .debug_abbrev  0x00000d70      0x1fe build/milestone1/production/_ext/1304759361/osal_freertos.o
 .debug_abbrev  0x00000f6e      0x26d build/milestone1/production/_ext/873795193/sys_devcon.o
 .debug_abbrev  0x000011db      0x16d build/milestone1/production/_ext/873795193/sys_devcon_pic32mx.o
 .debug_abbrev  0x00001348      0x1d0 build/milestone1/production/_ext/831247745/sys_int_pic32.o
 .debug_abbrev  0x00001518       0x1b build/milestone1/production/_ext/943189478/croutine.o
 .debug_abbrev  0x00001533       0xf1 build/milestone1/production/_ext/943189478/list.o
 .debug_abbrev  0x00001624      0x2f4 build/milestone1/production/_ext/943189478/queue.o
 .debug_abbrev  0x00001918      0x381 build/milestone1/production/_ext/943189478/tasks.o
 .debug_abbrev  0x00001c99       0x1b build/milestone1/production/_ext/943189478/timers.o
 .debug_abbrev  0x00001cb4      0x29a build/milestone1/production/_ext/943189478/event_groups.o
 .debug_abbrev  0x00001f4e      0x13f build/milestone1/production/_ext/1025664067/heap_1.o
 .debug_abbrev  0x0000208d      0x2cf build/milestone1/production/_ext/394333808/port.o
 .debug_abbrev  0x0000235c       0x14 build/milestone1/production/_ext/394333808/port_asm.o
 .debug_abbrev  0x00002370      0x129 build/milestone1/production/_ext/1152747240/drv_oc_mapping.o
 .debug_abbrev  0x00002499       0x33 build/milestone1/production/_ext/1152747240/drv_oc_static.o
 .debug_abbrev  0x000024cc      0x34a build/milestone1/production/_ext/1864120335/drv_tmr_static.o
 .debug_abbrev  0x00002816      0x268 build/milestone1/production/_ext/1864120335/drv_tmr_mapping.o
 .debug_abbrev  0x00002a7e      0x221 build/milestone1/production/_ext/192191419/drv_usart_mapping.o
 .debug_abbrev  0x00002c9f      0x393 build/milestone1/production/_ext/192191419/drv_usart_static.o
 .debug_abbrev  0x00003032      0x24f build/milestone1/production/_ext/192191419/drv_usart_static_byte_model.o
 .debug_abbrev  0x00003281      0x27b build/milestone1/production/_ext/383799649/sys_clk_static.o
 .debug_abbrev  0x000034fc      0x222 build/milestone1/production/_ext/956857457/sys_ports_static.o
 .debug_abbrev  0x0000371e      0x2c1 build/milestone1/production/_ext/1555642536/system_init.o
 .debug_abbrev  0x000039df      0x235 build/milestone1/production/_ext/1555642536/system_interrupt.o
 .debug_abbrev  0x00003c14       0xa9 build/milestone1/production/_ext/1555642536/system_exceptions.o
 .debug_abbrev  0x00003cbd      0x13a build/milestone1/production/_ext/1555642536/system_tasks.o
 .debug_abbrev  0x00003df7       0x12 build/milestone1/production/_ext/1555642536/system_interrupt_a.o
 .debug_abbrev  0x00003e09       0x97 build/milestone1/production/_ext/1555642536/rtos_hooks.o
 .debug_abbrev  0x00003ea0       0x28 c:/program files (x86)/microchip/xc32/v1.42/bin/bin/../../lib/gcc/pic32mx/4.8.3/../../../../pic32mx/lib\libpic32.a(default-bootstrap-exception-handler.o)
 .debug_abbrev  0x00003ec8       0x28 c:/program files (x86)/microchip/xc32/v1.42/bin/bin/../../lib/gcc/pic32mx/4.8.3/../../../../pic32mx/lib\libpic32.a(default-on-reset.o)
 .debug_abbrev  0x00003ef0       0x28 c:/program files (x86)/microchip/xc32/v1.42/bin/bin/../../lib/gcc/pic32mx/4.8.3/../../../../pic32mx/lib\libpic32.a(default-on-bootstrap.o)
 .debug_abbrev  0x00003f18       0x28 c:/program files (x86)/microchip/xc32/v1.42/bin/bin/../../lib/gcc/pic32mx/4.8.3/../../../../pic32mx/lib\libpic32.a(defaultinterrupt.o)

.debug_line     0x00000000     0x840a
 *(.debug_line)
 .debug_line    0x00000000      0x380 build/milestone1/production/_ext/1360937237/app.o
 .debug_line    0x00000380       0xad build/milestone1/production/_ext/1360937237/main.o
 .debug_line    0x0000042d      0x374 build/milestone1/production/_ext/1360937237/navigation.o
 .debug_line    0x000007a1      0x379 build/milestone1/production/_ext/1360937237/mapping.o
 .debug_line    0x00000b1a      0x5a6 build/milestone1/production/_ext/1360937237/communication.o
 .debug_line    0x000010c0      0x30a build/milestone1/production/_ext/1360937237/ms2test.o
 .debug_line    0x000013ca      0x2db build/milestone1/production/_ext/1360937237/debug.o
 .debug_line    0x000016a5       0xfb build/milestone1/production/_ext/1360937237/motor.o
 .debug_line    0x000017a0      0x2bb build/milestone1/production/_ext/1304759361/osal_freertos.o
 .debug_line    0x00001a5b      0x5c6 build/milestone1/production/_ext/873795193/sys_devcon.o
 .debug_line    0x00002021      0x471 build/milestone1/production/_ext/873795193/sys_devcon_pic32mx.o
 .debug_line    0x00002492      0x38c build/milestone1/production/_ext/831247745/sys_int_pic32.o
 .debug_line    0x0000281e       0x1d build/milestone1/production/_ext/943189478/croutine.o
 .debug_line    0x0000283b      0x1dc build/milestone1/production/_ext/943189478/list.o
 .debug_line    0x00002a17      0x496 build/milestone1/production/_ext/943189478/queue.o
 .debug_line    0x00002ead      0x7ba build/milestone1/production/_ext/943189478/tasks.o
 .debug_line    0x00003667       0x1d build/milestone1/production/_ext/943189478/timers.o
 .debug_line    0x00003684      0x325 build/milestone1/production/_ext/943189478/event_groups.o
 .debug_line    0x000039a9      0x217 build/milestone1/production/_ext/1025664067/heap_1.o
 .debug_line    0x00003bc0      0x23a build/milestone1/production/_ext/394333808/port.o
 .debug_line    0x00003dfa      0x120 build/milestone1/production/_ext/394333808/port_asm.o
 .debug_line    0x00003f1a      0x204 build/milestone1/production/_ext/1152747240/drv_oc_mapping.o
 .debug_line    0x0000411e       0x71 build/milestone1/production/_ext/1152747240/drv_oc_static.o
 .debug_line    0x0000418f      0xc8f build/milestone1/production/_ext/1864120335/drv_tmr_static.o
 .debug_line    0x00004e1e      0x4fa build/milestone1/production/_ext/1864120335/drv_tmr_mapping.o
 .debug_line    0x00005318      0x42c build/milestone1/production/_ext/192191419/drv_usart_mapping.o
 .debug_line    0x00005744      0x84c build/milestone1/production/_ext/192191419/drv_usart_static.o
 .debug_line    0x00005f90      0x4ba build/milestone1/production/_ext/192191419/drv_usart_static_byte_model.o
 .debug_line    0x0000644a      0x403 build/milestone1/production/_ext/383799649/sys_clk_static.o
 .debug_line    0x0000684d      0x77c build/milestone1/production/_ext/956857457/sys_ports_static.o
 .debug_line    0x00006fc9      0x5b2 build/milestone1/production/_ext/1555642536/system_init.o
 .debug_line    0x0000757b      0x491 build/milestone1/production/_ext/1555642536/system_interrupt.o
 .debug_line    0x00007a0c      0x1c0 build/milestone1/production/_ext/1555642536/system_exceptions.o
 .debug_line    0x00007bcc      0x35c build/milestone1/production/_ext/1555642536/system_tasks.o
 .debug_line    0x00007f28      0x126 build/milestone1/production/_ext/1555642536/system_interrupt_a.o
 .debug_line    0x0000804e      0x13b build/milestone1/production/_ext/1555642536/rtos_hooks.o
 .debug_line    0x00008189       0xa9 c:/program files (x86)/microchip/xc32/v1.42/bin/bin/../../lib/gcc/pic32mx/4.8.3/../../../../pic32mx/lib\libpic32.a(default-bootstrap-exception-handler.o)
 .debug_line    0x00008232       0x96 c:/program files (x86)/microchip/xc32/v1.42/bin/bin/../../lib/gcc/pic32mx/4.8.3/../../../../pic32mx/lib\libpic32.a(default-on-reset.o)
 .debug_line    0x000082c8       0x9a c:/program files (x86)/microchip/xc32/v1.42/bin/bin/../../lib/gcc/pic32mx/4.8.3/../../../../pic32mx/lib\libpic32.a(default-on-bootstrap.o)
 .debug_line    0x00008362       0xa8 c:/program files (x86)/microchip/xc32/v1.42/bin/bin/../../lib/gcc/pic32mx/4.8.3/../../../../pic32mx/lib\libpic32.a(defaultinterrupt.o)

.debug_frame    0x00000000     0x1ebc
 *(.debug_frame)
 .debug_frame   0x00000000       0x5c build/milestone1/production/_ext/1360937237/app.o
 .debug_frame   0x0000005c       0x28 build/milestone1/production/_ext/1360937237/main.o
 .debug_frame   0x00000084       0x88 build/milestone1/production/_ext/1360937237/navigation.o
 .debug_frame   0x0000010c       0x88 build/milestone1/production/_ext/1360937237/mapping.o
 .debug_frame   0x00000194      0x10c build/milestone1/production/_ext/1360937237/communication.o
 .debug_frame   0x000002a0      0x110 build/milestone1/production/_ext/1360937237/ms2test.o
 .debug_frame   0x000003b0       0x94 build/milestone1/production/_ext/1360937237/debug.o
 .debug_frame   0x00000444       0x50 build/milestone1/production/_ext/1360937237/motor.o
 .debug_frame   0x00000494      0x150 build/milestone1/production/_ext/1304759361/osal_freertos.o
 .debug_frame   0x000005e4       0xe8 build/milestone1/production/_ext/873795193/sys_devcon.o
 .debug_frame   0x000006cc       0x28 build/milestone1/production/_ext/873795193/sys_devcon_pic32mx.o
 .debug_frame   0x000006f4       0x90 build/milestone1/production/_ext/831247745/sys_int_pic32.o
 .debug_frame   0x00000784       0x60 build/milestone1/production/_ext/943189478/list.o
 .debug_frame   0x000007e4      0x218 build/milestone1/production/_ext/943189478/queue.o
 .debug_frame   0x000009fc      0x458 build/milestone1/production/_ext/943189478/tasks.o
 .debug_frame   0x00000e54      0x108 build/milestone1/production/_ext/943189478/event_groups.o
 .debug_frame   0x00000f5c       0x5c build/milestone1/production/_ext/1025664067/heap_1.o
 .debug_frame   0x00000fb8       0xc0 build/milestone1/production/_ext/394333808/port.o
 .debug_frame   0x00001078       0x50 build/milestone1/production/_ext/1152747240/drv_oc_mapping.o
 .debug_frame   0x000010c8      0x3a0 build/milestone1/production/_ext/1864120335/drv_tmr_static.o
 .debug_frame   0x00001468      0x1c8 build/milestone1/production/_ext/1864120335/drv_tmr_mapping.o
 .debug_frame   0x00001630      0x238 build/milestone1/production/_ext/192191419/drv_usart_mapping.o
 .debug_frame   0x00001868       0xfc build/milestone1/production/_ext/192191419/drv_usart_static.o
 .debug_frame   0x00001964       0x80 build/milestone1/production/_ext/192191419/drv_usart_static_byte_model.o
 .debug_frame   0x000019e4       0xa0 build/milestone1/production/_ext/383799649/sys_clk_static.o
 .debug_frame   0x00001a84      0x1f0 build/milestone1/production/_ext/956857457/sys_ports_static.o
 .debug_frame   0x00001c74       0x28 build/milestone1/production/_ext/1555642536/system_init.o
 .debug_frame   0x00001c9c       0x8c build/milestone1/production/_ext/1555642536/system_interrupt.o
 .debug_frame   0x00001d28       0x28 build/milestone1/production/_ext/1555642536/system_exceptions.o
 .debug_frame   0x00001d50       0xa0 build/milestone1/production/_ext/1555642536/system_tasks.o
 .debug_frame   0x00001df0       0x40 build/milestone1/production/_ext/1555642536/rtos_hooks.o
 .debug_frame   0x00001e30       0x2c c:/program files (x86)/microchip/xc32/v1.42/bin/bin/../../lib/gcc/pic32mx/4.8.3/../../../../pic32mx/lib\libpic32.a(default-bootstrap-exception-handler.o)
 .debug_frame   0x00001e5c       0x20 c:/program files (x86)/microchip/xc32/v1.42/bin/bin/../../lib/gcc/pic32mx/4.8.3/../../../../pic32mx/lib\libpic32.a(default-on-reset.o)
 .debug_frame   0x00001e7c       0x20 c:/program files (x86)/microchip/xc32/v1.42/bin/bin/../../lib/gcc/pic32mx/4.8.3/../../../../pic32mx/lib\libpic32.a(default-on-bootstrap.o)
 .debug_frame   0x00001e9c       0x20 c:/program files (x86)/microchip/xc32/v1.42/bin/bin/../../lib/gcc/pic32mx/4.8.3/../../../../pic32mx/lib\libpic32.a(defaultinterrupt.o)

.debug_str      0x00000000      0x7cc
 *(.debug_str)
 .debug_str     0x00000000        0x0 build/milestone1/production/_ext/1360937237/app.o
 .debug_str     0x00000000        0x0 build/milestone1/production/_ext/1360937237/main.o
 .debug_str     0x00000000       0x19 build/milestone1/production/_ext/1360937237/navigation.o
 .debug_str     0x00000019       0x19 build/milestone1/production/_ext/1360937237/mapping.o
 .debug_str     0x00000032       0x30 build/milestone1/production/_ext/1360937237/communication.o
 .debug_str     0x00000062       0x18 build/milestone1/production/_ext/1360937237/ms2test.o
 .debug_str     0x0000007a        0x7 build/milestone1/production/_ext/1360937237/debug.o
 .debug_str     0x00000081        0xa build/milestone1/production/_ext/1360937237/motor.o
 .debug_str     0x0000008b       0x40 build/milestone1/production/_ext/1304759361/osal_freertos.o
 .debug_str     0x000000cb       0x16 build/milestone1/production/_ext/873795193/sys_devcon.o
 .debug_str     0x000000e1        0x6 build/milestone1/production/_ext/873795193/sys_devcon_pic32mx.o
 .debug_str     0x000000e7       0x2d build/milestone1/production/_ext/831247745/sys_int_pic32.o
 .debug_str     0x00000114        0x0 build/milestone1/production/_ext/943189478/croutine.o
 .debug_str     0x00000114       0x2b build/milestone1/production/_ext/943189478/list.o
 .debug_str     0x0000013f      0x131 build/milestone1/production/_ext/943189478/queue.o
 .debug_str     0x00000270      0x186 build/milestone1/production/_ext/943189478/tasks.o
 .debug_str     0x000003f6        0x0 build/milestone1/production/_ext/943189478/timers.o
 .debug_str     0x000003f6       0xe6 build/milestone1/production/_ext/943189478/event_groups.o
 .debug_str     0x000004dc       0x1d build/milestone1/production/_ext/1025664067/heap_1.o
 .debug_str     0x000004f9       0x37 build/milestone1/production/_ext/394333808/port.o
 .debug_str     0x00000530        0xc build/milestone1/production/_ext/1152747240/drv_oc_mapping.o
 .debug_str     0x0000053c        0x0 build/milestone1/production/_ext/1152747240/drv_oc_static.o
 .debug_str     0x0000053c       0x80 build/milestone1/production/_ext/1864120335/drv_tmr_static.o
 .debug_str     0x000005bc        0x7 build/milestone1/production/_ext/1864120335/drv_tmr_mapping.o
 .debug_str     0x000005c3       0x23 build/milestone1/production/_ext/192191419/drv_usart_mapping.o
 .debug_str     0x000005e6       0xe2 build/milestone1/production/_ext/192191419/drv_usart_static.o
 .debug_str     0x000006c8       0x12 build/milestone1/production/_ext/192191419/drv_usart_static_byte_model.o
 .debug_str     0x000006da       0x39 build/milestone1/production/_ext/383799649/sys_clk_static.o
 .debug_str     0x00000713       0x55 build/milestone1/production/_ext/956857457/sys_ports_static.o
 .debug_str     0x00000768       0x36 build/milestone1/production/_ext/1555642536/system_init.o
 .debug_str     0x0000079e       0x25 build/milestone1/production/_ext/1555642536/system_interrupt.o
 .debug_str     0x000007c3        0x0 build/milestone1/production/_ext/1555642536/system_exceptions.o
 .debug_str     0x000007c3        0x0 build/milestone1/production/_ext/1555642536/system_tasks.o
 .debug_str     0x000007c3        0x9 build/milestone1/production/_ext/1555642536/rtos_hooks.o
 .debug_str     0x000007cc        0x0 c:/program files (x86)/microchip/xc32/v1.42/bin/bin/../../lib/gcc/pic32mx/4.8.3/../../../../pic32mx/lib\libpic32.a(default-bootstrap-exception-handler.o)
 .debug_str     0x000007cc        0x0 c:/program files (x86)/microchip/xc32/v1.42/bin/bin/../../lib/gcc/pic32mx/4.8.3/../../../../pic32mx/lib\libpic32.a(default-on-reset.o)
 .debug_str     0x000007cc        0x0 c:/program files (x86)/microchip/xc32/v1.42/bin/bin/../../lib/gcc/pic32mx/4.8.3/../../../../pic32mx/lib\libpic32.a(default-on-bootstrap.o)
 .debug_str     0x000007cc        0x0 c:/program files (x86)/microchip/xc32/v1.42/bin/bin/../../lib/gcc/pic32mx/4.8.3/../../../../pic32mx/lib\libpic32.a(defaultinterrupt.o)

.debug_loc      0x00000000     0x6e40
 *(.debug_loc)
 .debug_loc     0x00000000       0x89 build/milestone1/production/_ext/1360937237/app.o
 .debug_loc     0x00000089      0x2a6 build/milestone1/production/_ext/1360937237/navigation.o
 .debug_loc     0x0000032f      0x27c build/milestone1/production/_ext/1360937237/mapping.o
 .debug_loc     0x000005ab      0x394 build/milestone1/production/_ext/1360937237/communication.o
 .debug_loc     0x0000093f      0x11f build/milestone1/production/_ext/1360937237/ms2test.o
 .debug_loc     0x00000a5e      0x18a build/milestone1/production/_ext/1360937237/debug.o
 .debug_loc     0x00000be8       0x84 build/milestone1/production/_ext/1360937237/motor.o
 .debug_loc     0x00000c6c      0x40c build/milestone1/production/_ext/1304759361/osal_freertos.o
 .debug_loc     0x00001078       0xf0 build/milestone1/production/_ext/873795193/sys_devcon.o
 .debug_loc     0x00001168       0xec build/milestone1/production/_ext/873795193/sys_devcon_pic32mx.o
 .debug_loc     0x00001254       0x8d build/milestone1/production/_ext/831247745/sys_int_pic32.o
 .debug_loc     0x000012e1       0x31 build/milestone1/production/_ext/943189478/list.o
 .debug_loc     0x00001312      0xeb0 build/milestone1/production/_ext/943189478/queue.o
 .debug_loc     0x000021c2     0x1471 build/milestone1/production/_ext/943189478/tasks.o
 .debug_loc     0x00003633      0x8ea build/milestone1/production/_ext/943189478/event_groups.o
 .debug_loc     0x00003f1d       0x49 build/milestone1/production/_ext/1025664067/heap_1.o
 .debug_loc     0x00003f66       0xea build/milestone1/production/_ext/394333808/port.o
 .debug_loc     0x00004050      0xb52 build/milestone1/production/_ext/1864120335/drv_tmr_static.o
 .debug_loc     0x00004ba2      0x5cf build/milestone1/production/_ext/1864120335/drv_tmr_mapping.o
 .debug_loc     0x00005171      0x69f build/milestone1/production/_ext/192191419/drv_usart_mapping.o
 .debug_loc     0x00005810      0x575 build/milestone1/production/_ext/192191419/drv_usart_static.o
 .debug_loc     0x00005d85       0x74 build/milestone1/production/_ext/192191419/drv_usart_static_byte_model.o
 .debug_loc     0x00005df9       0x49 build/milestone1/production/_ext/383799649/sys_clk_static.o
 .debug_loc     0x00005e42      0xecf build/milestone1/production/_ext/956857457/sys_ports_static.o
 .debug_loc     0x00006d11       0x21 build/milestone1/production/_ext/1555642536/system_init.o
 .debug_loc     0x00006d32       0xda build/milestone1/production/_ext/1555642536/system_interrupt.o
 .debug_loc     0x00006e0c       0x34 build/milestone1/production/_ext/1555642536/rtos_hooks.o

.debug_macinfo
 *(.debug_macinfo)

.debug_weaknames
 *(.debug_weaknames)

.debug_funcnames
 *(.debug_funcnames)

.debug_typenames
 *(.debug_typenames)

.debug_varnames
 *(.debug_varnames)

.debug_pubtypes
 *(.debug_pubtypes)

.debug_ranges   0x00000000      0xec0
 *(.debug_ranges)
 .debug_ranges  0x00000000       0x20 build/milestone1/production/_ext/1360937237/app.o
 .debug_ranges  0x00000020       0x10 build/milestone1/production/_ext/1360937237/main.o
 .debug_ranges  0x00000030       0x48 build/milestone1/production/_ext/1360937237/navigation.o
 .debug_ranges  0x00000078       0x60 build/milestone1/production/_ext/1360937237/mapping.o
 .debug_ranges  0x000000d8       0xb8 build/milestone1/production/_ext/1360937237/communication.o
 .debug_ranges  0x00000190       0x60 build/milestone1/production/_ext/1360937237/ms2test.o
 .debug_ranges  0x000001f0       0x38 build/milestone1/production/_ext/1360937237/debug.o
 .debug_ranges  0x00000228       0x28 build/milestone1/production/_ext/1360937237/motor.o
 .debug_ranges  0x00000250       0x78 build/milestone1/production/_ext/1304759361/osal_freertos.o
 .debug_ranges  0x000002c8       0x68 build/milestone1/production/_ext/873795193/sys_devcon.o
 .debug_ranges  0x00000330       0x10 build/milestone1/production/_ext/873795193/sys_devcon_pic32mx.o
 .debug_ranges  0x00000340       0x50 build/milestone1/production/_ext/831247745/sys_int_pic32.o
 .debug_ranges  0x00000390       0x30 build/milestone1/production/_ext/943189478/list.o
 .debug_ranges  0x000003c0      0x130 build/milestone1/production/_ext/943189478/queue.o
 .debug_ranges  0x000004f0      0x1b0 build/milestone1/production/_ext/943189478/tasks.o
 .debug_ranges  0x000006a0       0x98 build/milestone1/production/_ext/943189478/event_groups.o
 .debug_ranges  0x00000738       0x28 build/milestone1/production/_ext/1025664067/heap_1.o
 .debug_ranges  0x00000760       0x48 build/milestone1/production/_ext/394333808/port.o
 .debug_ranges  0x000007a8       0x28 build/milestone1/production/_ext/1152747240/drv_oc_mapping.o
 .debug_ranges  0x000007d0      0x228 build/milestone1/production/_ext/1864120335/drv_tmr_static.o
 .debug_ranges  0x000009f8       0xb8 build/milestone1/production/_ext/1864120335/drv_tmr_mapping.o
 .debug_ranges  0x00000ab0       0x98 build/milestone1/production/_ext/192191419/drv_usart_mapping.o
 .debug_ranges  0x00000b48       0x98 build/milestone1/production/_ext/192191419/drv_usart_static.o
 .debug_ranges  0x00000be0       0x38 build/milestone1/production/_ext/192191419/drv_usart_static_byte_model.o
 .debug_ranges  0x00000c18       0x40 build/milestone1/production/_ext/383799649/sys_clk_static.o
 .debug_ranges  0x00000c58       0xf8 build/milestone1/production/_ext/956857457/sys_ports_static.o
 .debug_ranges  0x00000d50       0x10 build/milestone1/production/_ext/1555642536/system_init.o
 .debug_ranges  0x00000d60       0x60 build/milestone1/production/_ext/1555642536/system_interrupt.o
 .debug_ranges  0x00000dc0       0x10 build/milestone1/production/_ext/1555642536/system_exceptions.o
 .debug_ranges  0x00000dd0       0x38 build/milestone1/production/_ext/1555642536/system_tasks.o
 .debug_ranges  0x00000e08       0x60 build/milestone1/production/_ext/1555642536/system_interrupt_a.o
 .debug_ranges  0x00000e68       0x18 build/milestone1/production/_ext/1555642536/rtos_hooks.o
 .debug_ranges  0x00000e80       0x10 c:/program files (x86)/microchip/xc32/v1.42/bin/bin/../../lib/gcc/pic32mx/4.8.3/../../../../pic32mx/lib\libpic32.a(default-bootstrap-exception-handler.o)
 .debug_ranges  0x00000e90       0x10 c:/program files (x86)/microchip/xc32/v1.42/bin/bin/../../lib/gcc/pic32mx/4.8.3/../../../../pic32mx/lib\libpic32.a(default-on-reset.o)
 .debug_ranges  0x00000ea0       0x10 c:/program files (x86)/microchip/xc32/v1.42/bin/bin/../../lib/gcc/pic32mx/4.8.3/../../../../pic32mx/lib\libpic32.a(default-on-bootstrap.o)
 .debug_ranges  0x00000eb0       0x10 c:/program files (x86)/microchip/xc32/v1.42/bin/bin/../../lib/gcc/pic32mx/4.8.3/../../../../pic32mx/lib\libpic32.a(defaultinterrupt.o)

.gnu.attributes
                0x00000000       0x10
 *(.gnu.attributes)
 .gnu.attributes
                0x00000000       0x10 build/milestone1/production/_ext/1360937237/app.o
 .gnu.attributes
                0x00000010       0x10 build/milestone1/production/_ext/1360937237/main.o
 .gnu.attributes
                0x00000020       0x10 build/milestone1/production/_ext/1360937237/navigation.o
 .gnu.attributes
                0x00000030       0x10 build/milestone1/production/_ext/1360937237/mapping.o
 .gnu.attributes
                0x00000040       0x10 build/milestone1/production/_ext/1360937237/communication.o
 .gnu.attributes
                0x00000050       0x10 build/milestone1/production/_ext/1360937237/ms2test.o
 .gnu.attributes
                0x00000060       0x10 build/milestone1/production/_ext/1360937237/debug.o
 .gnu.attributes
                0x00000070       0x10 build/milestone1/production/_ext/1360937237/motor.o
 .gnu.attributes
                0x00000080       0x10 build/milestone1/production/_ext/1304759361/osal_freertos.o
 .gnu.attributes
                0x00000090       0x10 build/milestone1/production/_ext/873795193/sys_devcon.o
 .gnu.attributes
                0x000000a0       0x10 build/milestone1/production/_ext/873795193/sys_devcon_pic32mx.o
 .gnu.attributes
                0x000000b0       0x10 build/milestone1/production/_ext/831247745/sys_int_pic32.o
 .gnu.attributes
                0x000000c0       0x10 build/milestone1/production/_ext/943189478/croutine.o
 .gnu.attributes
                0x000000d0       0x10 build/milestone1/production/_ext/943189478/list.o
 .gnu.attributes
                0x000000e0       0x10 build/milestone1/production/_ext/943189478/queue.o
 .gnu.attributes
                0x000000f0       0x10 build/milestone1/production/_ext/943189478/tasks.o
 .gnu.attributes
                0x00000100       0x10 build/milestone1/production/_ext/943189478/timers.o
 .gnu.attributes
                0x00000110       0x10 build/milestone1/production/_ext/943189478/event_groups.o
 .gnu.attributes
                0x00000120       0x10 build/milestone1/production/_ext/1025664067/heap_1.o
 .gnu.attributes
                0x00000130       0x10 build/milestone1/production/_ext/394333808/port.o
 .gnu.attributes
                0x00000140       0x10 build/milestone1/production/_ext/1152747240/drv_oc_mapping.o
 .gnu.attributes
                0x00000150       0x10 build/milestone1/production/_ext/1152747240/drv_oc_static.o
 .gnu.attributes
                0x00000160       0x10 build/milestone1/production/_ext/1864120335/drv_tmr_static.o
 .gnu.attributes
                0x00000170       0x10 build/milestone1/production/_ext/1864120335/drv_tmr_mapping.o
 .gnu.attributes
                0x00000180       0x10 build/milestone1/production/_ext/192191419/drv_usart_mapping.o
 .gnu.attributes
                0x00000190       0x10 build/milestone1/production/_ext/192191419/drv_usart_static.o
 .gnu.attributes
                0x000001a0       0x10 build/milestone1/production/_ext/192191419/drv_usart_static_byte_model.o
 .gnu.attributes
                0x000001b0       0x10 build/milestone1/production/_ext/383799649/sys_clk_static.o
 .gnu.attributes
                0x000001c0       0x10 build/milestone1/production/_ext/956857457/sys_ports_static.o
 .gnu.attributes
                0x000001d0       0x10 build/milestone1/production/_ext/1555642536/system_init.o
 .gnu.attributes
                0x000001e0       0x10 build/milestone1/production/_ext/1555642536/system_interrupt.o
 .gnu.attributes
                0x000001f0       0x10 build/milestone1/production/_ext/1555642536/system_exceptions.o
 .gnu.attributes
                0x00000200       0x10 build/milestone1/production/_ext/1555642536/system_tasks.o
 .gnu.attributes
                0x00000210       0x10 build/milestone1/production/_ext/1555642536/rtos_hooks.o
 .gnu.attributes
                0x00000220       0x10 c:/program files (x86)/microchip/xc32/v1.42/bin/bin/../../lib/gcc/pic32mx/4.8.3/../../../../pic32mx/lib\libpic32.a(default-bootstrap-exception-handler.o)
 .gnu.attributes
                0x00000230       0x10 c:/program files (x86)/microchip/xc32/v1.42/bin/bin/../../lib/gcc/pic32mx/4.8.3/../../../../pic32mx/lib\libpic32.a(default-on-reset.o)
 .gnu.attributes
                0x00000240       0x10 c:/program files (x86)/microchip/xc32/v1.42/bin/bin/../../lib/gcc/pic32mx/4.8.3/../../../../pic32mx/lib\libpic32.a(default-on-bootstrap.o)
 .gnu.attributes
                0x00000250       0x10 c:/program files (x86)/microchip/xc32/v1.42/bin/bin/../../lib/gcc/pic32mx/4.8.3/../../../../pic32mx/lib\libpic32.a(defaultinterrupt.o)
LOAD c:/program files (x86)/microchip/xc32/v1.42/bin/bin/../../lib/gcc/pic32mx/4.8.3\libgcc.a
START GROUP
LOAD c:/program files (x86)/microchip/xc32/v1.42/bin/bin/../../lib/gcc/pic32mx/4.8.3/../../../../pic32mx/lib\libpic32.a
LOAD c:/program files (x86)/microchip/xc32/v1.42/bin/bin/../../lib/gcc/pic32mx/4.8.3/../../../../pic32mx/lib\libdebug.a
LOAD c:/program files (x86)/microchip/xc32/v1.42/bin/bin/../../lib/gcc/pic32mx/4.8.3/../../../../pic32mx/lib\libpic32.a
LOAD c:/program files (x86)/microchip/xc32/v1.42/bin/bin/../../lib/gcc/pic32mx/4.8.3/../../../../pic32mx/lib\libm.a
LOAD c:/program files (x86)/microchip/xc32/v1.42/bin/bin/../../lib/gcc/pic32mx/4.8.3/../../../../pic32mx/lib\libe.a
LOAD c:/program files (x86)/microchip/xc32/v1.42/bin/bin/../../lib/gcc/pic32mx/4.8.3/../../../../pic32mx/lib\libdsp.a
LOAD c:/program files (x86)/microchip/xc32/v1.42/bin/bin/../../lib/gcc/pic32mx/4.8.3\libgcc.a
LOAD c:/program files (x86)/microchip/xc32/v1.42/bin/bin/../../lib/gcc/pic32mx/4.8.3/../../../../pic32mx/lib\libc.a
LOAD c:/program files (x86)/microchip/xc32/v1.42/bin/bin/../../lib/gcc/pic32mx/4.8.3/../../../../pic32mx/lib\libc.a
LOAD c:/program files (x86)/microchip/xc32/v1.42/bin/bin/../../lib/gcc/pic32mx/4.8.3/../../../../pic32mx/lib\libpic32.a
END GROUP
LOAD c:/program files (x86)/microchip/xc32/v1.42/bin/bin/../../lib/gcc/pic32mx/4.8.3\libgcc.a
OUTPUT(dist/milestone1/production/TestProject.X.production.elf elf32-tradlittlemips)
LOAD stack
LOAD data_init

.reginfo        0x00000000       0x18
 .reginfo       0x00000000       0x18 c:/program files (x86)/microchip/xc32/v1.42/bin/bin/../../lib/gcc/pic32mx/4.8.3/../../../../pic32mx/lib/./proc/32MX795F512L/crt0_mips32r2.o

.stack          0xa00197d8      0x400
 .stack         0xa00197d8      0x400 stack

.bss            0xa00000b4    0x19708
 .bss           0xa00000b4    0x19000 build/milestone1/production/_ext/1025664067/heap_1.o
 .bss           0xa00190b4      0x640 build/milestone1/production/_ext/394333808/port.o
                0xa00190b4                xISRStack
 .bss           0xa00196f4       0xc8 build/milestone1/production/_ext/943189478/tasks.o

._debug_exception
                0xbfc00480       0x2c
 ._debug_exception
                0xbfc00480       0x2c c:/program files (x86)/microchip/xc32/v1.42/bin/bin/../../lib/gcc/pic32mx/4.8.3/../../../../pic32mx/lib\debug-exception-return.o
                0xbfc00480                __DbgExecReturn

.text           0x9d000000      0x454
 .text          0x9d000000      0x454 build/milestone1/production/_ext/394333808/port_asm.o
                0x9d000000                vPortTickInterruptHandler
                0x9d0001ac                vPortStartFirstTask
                0x9d000274                vPortYieldISR

.text.xTaskCreate
                0x9d000454      0x2d0
 .text.xTaskCreate
                0x9d000454      0x2d0 build/milestone1/production/_ext/943189478/tasks.o
                0x9d000454                xTaskCreate

.text.xQueueGenericReceive
                0x9d000724      0x264
 .text.xQueueGenericReceive
                0x9d000724      0x264 build/milestone1/production/_ext/943189478/queue.o
                0x9d000724                xQueueGenericReceive

.text.xQueueGenericSend
                0x9d000988      0x20c
 .text.xQueueGenericSend
                0x9d000988      0x20c build/milestone1/production/_ext/943189478/queue.o
                0x9d000988                xQueueGenericSend

.text.NAVIGATION_Tasks
                0x9d000b94      0x1d4
 .text.NAVIGATION_Tasks
                0x9d000b94      0x1d4 build/milestone1/production/_ext/1360937237/navigation.o
                0x9d000b94                NAVIGATION_Tasks

.text.MAPPING_Tasks
                0x9d000d68      0x1b4
 .text.MAPPING_Tasks
                0x9d000d68      0x1b4 build/milestone1/production/_ext/1360937237/mapping.o
                0x9d000d68                MAPPING_Tasks

.DrvTmrInstance0_vector_text
                0x9d000f1c      0x1b4
 .DrvTmrInstance0_vector_text
                0x9d000f1c      0x1b4 build/milestone1/production/_ext/1555642536/system_interrupt_a.o

.DrvTmrInstance1_vector_text
                0x9d0010d0      0x1b4
 .DrvTmrInstance1_vector_text
                0x9d0010d0      0x1b4 build/milestone1/production/_ext/1555642536/system_interrupt_a.o

.DrvTmrInstance2_vector_text
                0x9d001284      0x1b4
 .DrvTmrInstance2_vector_text
                0x9d001284      0x1b4 build/milestone1/production/_ext/1555642536/system_interrupt_a.o

.DrvTmrInstance3_vector_text
                0x9d001438      0x1b4
 .DrvTmrInstance3_vector_text
                0x9d001438      0x1b4 build/milestone1/production/_ext/1555642536/system_interrupt_a.o

.DrvUsartInstance0_vector_text
                0x9d0015ec      0x1b4
 .DrvUsartInstance0_vector_text
                0x9d0015ec      0x1b4 build/milestone1/production/_ext/1555642536/system_interrupt_a.o

.text.xTaskIncrementTick
                0x9d0017a0      0x198
 .text.xTaskIncrementTick
                0x9d0017a0      0x198 build/milestone1/production/_ext/943189478/tasks.o
                0x9d0017a0                xTaskIncrementTick

.text.DRV_USART0_Initialize
                0x9d001938      0x174
 .text.DRV_USART0_Initialize
                0x9d001938      0x174 build/milestone1/production/_ext/192191419/drv_usart_static.o
                0x9d001938                DRV_USART0_Initialize

.text           0x9d001aac      0x2d0
 .text          0x9d001aac      0x168 c:/program files (x86)/microchip/xc32/v1.42/bin/bin/../../lib/gcc/pic32mx/4.8.3/../../../../pic32mx/lib\libpic32.a(memcpy.o)
                0x9d001aac                memcpy
 .text          0x9d001c14      0x168 c:/program files (x86)/microchip/xc32/v1.42/bin/bin/../../lib/gcc/pic32mx/4.8.3/../../../../pic32mx/lib\libpic32.a(strlen.o)
                0x9d001c14                strlen

.text.xTaskResumeAll
                0x9d001d7c      0x148
 .text.xTaskResumeAll
                0x9d001d7c      0x148 build/milestone1/production/_ext/943189478/tasks.o
                0x9d001d7c                xTaskResumeAll

.text.vTaskPriorityInherit
                0x9d001ec4      0x12c
 .text.vTaskPriorityInherit
                0x9d001ec4      0x12c build/milestone1/production/_ext/943189478/tasks.o
                0x9d001ec4                vTaskPriorityInherit

.text.COMMUNICATION_Tasks
                0x9d001ff0      0x128
 .text.COMMUNICATION_Tasks
                0x9d001ff0      0x128 build/milestone1/production/_ext/1360937237/communication.o
                0x9d001ff0                COMMUNICATION_Tasks

.rodata         0x9d002118      0x128
 .rodata        0x9d002118      0x128 build/milestone1/production/_ext/1555642536/system_exceptions.o

.text.IntHandlerDrvUsartInstance0
                0x9d002240      0x114
 .text.IntHandlerDrvUsartInstance0
                0x9d002240      0x114 build/milestone1/production/_ext/1555642536/system_interrupt.o
                0x9d002240                IntHandlerDrvUsartInstance0

.text.prvUnlockQueue
                0x9d002354       0xfc
 .text.prvUnlockQueue
                0x9d002354       0xfc build/milestone1/production/_ext/943189478/queue.o

.text.APP_Tasks
                0x9d002450       0xf8
 .text.APP_Tasks
                0x9d002450       0xf8 build/milestone1/production/_ext/1360937237/app.o
                0x9d002450                APP_Tasks

.text.xTaskPriorityDisinherit
                0x9d002548       0xf8
 .text.xTaskPriorityDisinherit