
Optional file libmchp_peripheral.a not found

Optional file libmchp_peripheral_32MX795F512L.a not found
Archive member included because of file (symbol)

c:/program files (x86)/microchip/xc32/v1.42/bin/bin/../../lib/gcc/pic32mx/4.8.3/../../../../pic32mx/lib\libpic32.a(memcpy.o)
                              build/milestone1/production/_ext/1241959881/queue.o (memcpy)
c:/program files (x86)/microchip/xc32/v1.42/bin/bin/../../lib/gcc/pic32mx/4.8.3/../../../../pic32mx/lib\libpic32.a(memset.o)
                              build/milestone1/production/_ext/1241959881/tasks.o (memset)
c:/program files (x86)/microchip/xc32/v1.42/bin/bin/../../lib/gcc/pic32mx/4.8.3/../../../../pic32mx/lib\libpic32.a(strcpy.o)
                              build/milestone1/production/_ext/1360937237/communication.o (strcpy)
c:/program files (x86)/microchip/xc32/v1.42/bin/bin/../../lib/gcc/pic32mx/4.8.3/../../../../pic32mx/lib\libpic32.a(strlen.o)
                              build/milestone1/production/_ext/1360937237/communication.o (strlen)
c:/program files (x86)/microchip/xc32/v1.42/bin/bin/../../lib/gcc/pic32mx/4.8.3/../../../../pic32mx/lib\libpic32.a(default-bootstrap-exception-handler.o)
                              c:/program files (x86)/microchip/xc32/v1.42/bin/bin/../../lib/gcc/pic32mx/4.8.3/../../../../pic32mx/lib/./proc/32MX795F512L/crt0_mips32r2.o (_bootstrap_exception_handler)
c:/program files (x86)/microchip/xc32/v1.42/bin/bin/../../lib/gcc/pic32mx/4.8.3/../../../../pic32mx/lib\libpic32.a(default-on-reset.o)
                              c:/program files (x86)/microchip/xc32/v1.42/bin/bin/../../lib/gcc/pic32mx/4.8.3/../../../../pic32mx/lib/./proc/32MX795F512L/crt0_mips32r2.o (_on_reset)
c:/program files (x86)/microchip/xc32/v1.42/bin/bin/../../lib/gcc/pic32mx/4.8.3/../../../../pic32mx/lib\libpic32.a(default-on-bootstrap.o)
                              c:/program files (x86)/microchip/xc32/v1.42/bin/bin/../../lib/gcc/pic32mx/4.8.3/../../../../pic32mx/lib/./proc/32MX795F512L/crt0_mips32r2.o (_on_bootstrap)
c:/program files (x86)/microchip/xc32/v1.42/bin/bin/../../lib/gcc/pic32mx/4.8.3/../../../../pic32mx/lib\libpic32.a(default-nmi-handler.o)
                              c:/program files (x86)/microchip/xc32/v1.42/bin/bin/../../lib/gcc/pic32mx/4.8.3/../../../../pic32mx/lib/./proc/32MX795F512L/crt0_mips32r2.o (_nmi_handler)
c:/program files (x86)/microchip/xc32/v1.42/bin/bin/../../lib/gcc/pic32mx/4.8.3/../../../../pic32mx/lib\libpic32.a(general-exception.o)
                              c:/program files (x86)/microchip/xc32/v1.42/bin/bin/../../lib/gcc/pic32mx/4.8.3/../../../../pic32mx/lib/./proc/32MX795F512L/crt0_mips32r2.o (_general_exception_context)
c:/program files (x86)/microchip/xc32/v1.42/bin/bin/../../lib/gcc/pic32mx/4.8.3/../../../../pic32mx/lib\libpic32.a(vector0.o)
                              c:/program files (x86)/microchip/xc32/v1.42/bin/bin/../../lib/gcc/pic32mx/4.8.3/../../../../pic32mx/lib/./proc/32MX795F512L\default_isr_vectors.o (__vector_dispatch_0)
c:/program files (x86)/microchip/xc32/v1.42/bin/bin/../../lib/gcc/pic32mx/4.8.3/../../../../pic32mx/lib\libpic32.a(vector2.o)
                              c:/program files (x86)/microchip/xc32/v1.42/bin/bin/../../lib/gcc/pic32mx/4.8.3/../../../../pic32mx/lib/./proc/32MX795F512L\default_isr_vectors.o (__vector_dispatch_2)
c:/program files (x86)/microchip/xc32/v1.42/bin/bin/../../lib/gcc/pic32mx/4.8.3/../../../../pic32mx/lib\libpic32.a(vector3.o)
                              c:/program files (x86)/microchip/xc32/v1.42/bin/bin/../../lib/gcc/pic32mx/4.8.3/../../../../pic32mx/lib/./proc/32MX795F512L\default_isr_vectors.o (__vector_dispatch_3)
c:/program files (x86)/microchip/xc32/v1.42/bin/bin/../../lib/gcc/pic32mx/4.8.3/../../../../pic32mx/lib\libpic32.a(vector5.o)
                              c:/program files (x86)/microchip/xc32/v1.42/bin/bin/../../lib/gcc/pic32mx/4.8.3/../../../../pic32mx/lib/./proc/32MX795F512L\default_isr_vectors.o (__vector_dispatch_5)
c:/program files (x86)/microchip/xc32/v1.42/bin/bin/../../lib/gcc/pic32mx/4.8.3/../../../../pic32mx/lib\libpic32.a(vector6.o)
                              c:/program files (x86)/microchip/xc32/v1.42/bin/bin/../../lib/gcc/pic32mx/4.8.3/../../../../pic32mx/lib/./proc/32MX795F512L\default_isr_vectors.o (__vector_dispatch_6)
c:/program files (x86)/microchip/xc32/v1.42/bin/bin/../../lib/gcc/pic32mx/4.8.3/../../../../pic32mx/lib\libpic32.a(vector7.o)
                              c:/program files (x86)/microchip/xc32/v1.42/bin/bin/../../lib/gcc/pic32mx/4.8.3/../../../../pic32mx/lib/./proc/32MX795F512L\default_isr_vectors.o (__vector_dispatch_7)
c:/program files (x86)/microchip/xc32/v1.42/bin/bin/../../lib/gcc/pic32mx/4.8.3/../../../../pic32mx/lib\libpic32.a(vector9.o)
                              c:/program files (x86)/microchip/xc32/v1.42/bin/bin/../../lib/gcc/pic32mx/4.8.3/../../../../pic32mx/lib/./proc/32MX795F512L\default_isr_vectors.o (__vector_dispatch_9)
[...]
Memory Configuration

Name             Origin             Length             Attributes
kseg0_program_mem 0x9d000000         0x00080000         xr
kseg0_boot_mem   0x9fc00490         0x00000970
exception_mem    0x9fc01000         0x00001000
kseg1_boot_mem   0xbfc00000         0x00000490
debug_exec_mem   0xbfc02000         0x00000ff0
config3          0xbfc02ff0         0x00000004
config2          0xbfc02ff4         0x00000004
config1          0xbfc02ff8         0x00000004
config0          0xbfc02ffc         0x00000004
kseg1_data_mem   0xa0000000         0x00020000         w !x
sfrs             0xbf800000         0x00100000
configsfrs       0xbfc02ff0         0x00000010
*default*        0x00000000         0xffffffff

Linker script and memory map

LOAD c:/program files (x86)/microchip/xc32/v1.42/bin/bin/../../lib/gcc/pic32mx/4.8.3/../../../../pic32mx/lib/./proc/32MX795F512L/crt0_mips32r2.o
LOAD c:/program files (x86)/microchip/xc32/v1.42/bin/bin/../../lib/gcc/pic32mx/4.8.3/../../../../pic32mx/lib\debug-exception-return.o
LOAD build/milestone1/production/_ext/1864120335/drv_tmr_static.o
LOAD build/milestone1/production/_ext/1864120335/drv_tmr_mapping.o
LOAD build/milestone1/production/_ext/192191419/drv_usart_mapping.o
LOAD build/milestone1/production/_ext/192191419/drv_usart_static.o
LOAD build/milestone1/production/_ext/192191419/drv_usart_static_byte_model.o
LOAD build/milestone1/production/_ext/383799649/sys_clk_static.o
LOAD build/milestone1/production/_ext/956857457/sys_ports_static.o
LOAD build/milestone1/production/_ext/1555642536/system_init.o
LOAD build/milestone1/production/_ext/1555642536/system_interrupt.o
LOAD build/milestone1/production/_ext/1555642536/system_exceptions.o
LOAD build/milestone1/production/_ext/1555642536/system_tasks.o
LOAD build/milestone1/production/_ext/1555642536/system_interrupt_a.o
LOAD build/milestone1/production/_ext/1555642536/rtos_hooks.o
LOAD build/milestone1/production/_ext/1360937237/app.o
LOAD build/milestone1/production/_ext/1360937237/main.o
LOAD build/milestone1/production/_ext/1360937237/navigation.o
LOAD build/milestone1/production/_ext/1360937237/mapping.o
LOAD build/milestone1/production/_ext/1360937237/communication.o
LOAD build/milestone1/production/_ext/1360937237/ms2test.o
LOAD build/milestone1/production/_ext/1423261102/osal_freertos.o
LOAD build/milestone1/production/_ext/2019779704/sys_devcon.o
LOAD build/milestone1/production/_ext/2019779704/sys_devcon_pic32mx.o
LOAD build/milestone1/production/_ext/1620769490/sys_int_pic32.o
LOAD build/milestone1/production/_ext/1366647692/heap_1.o
LOAD build/milestone1/production/_ext/1475386849/port.o
LOAD build/milestone1/production/_ext/1475386849/port_asm.o
LOAD build/milestone1/production/_ext/1241959881/croutine.o
LOAD build/milestone1/production/_ext/1241959881/list.o
LOAD build/milestone1/production/_ext/1241959881/queue.o
LOAD build/milestone1/production/_ext/1241959881/tasks.o
LOAD build/milestone1/production/_ext/1241959881/timers.o
LOAD build/milestone1/production/_ext/1241959881/event_groups.o
LOAD build/milestone1/production/_ext/1360937237/debug.o
LOAD build/milestone1/production/_ext/1360937237/motor.o
LOAD build/milestone1/production/_ext/1360937237/myjson.o
LOAD ..\..\..\..\..\..\..\microchip\harmony\v1_09\bin\framework\peripheral\PIC32MX795F512L_peripherals.a
                0x00000001                __MPLAB_BUILD = 0x1
                0x00000000                _min_heap_size = 0x0
LOAD c:/program files (x86)/microchip/xc32/v1.42/bin/bin/../../lib/gcc/pic32mx/4.8.3/../../../../pic32mx/lib/./proc/32MX795F512L\default_isr_vectors.o
LOAD c:/program files (x86)/microchip/xc32/v1.42/bin/bin/../../lib/gcc/pic32mx/4.8.3/../../../../pic32mx/lib\pic32_software_reset.o
                0x00000400                PROVIDE (_min_stack_size, 0x400)
LOAD c:/program files (x86)/microchip/xc32/v1.42/bin/bin/../../lib/gcc/pic32mx/4.8.3/../../../../pic32mx/lib/./proc/32MX795F512L\processor.o
START GROUP
LOAD libmchp_peripheral.a
END GROUP
START GROUP
LOAD libmchp_peripheral_32MX795F512L.a
END GROUP
                0x00000001                PROVIDE (_vector_spacing, 0x1)
                0x9fc01000                PROVIDE (_ebase_address, 0x9fc01000)
                0xbfc00000                _RESET_ADDR = 0xbfc00000
                0xbfc00380                _BEV_EXCPT_ADDR = 0xbfc00380
                0xbfc00480                _DBG_EXCPT_ADDR = 0xbfc00480
                0xbfc02000                _DBG_CODE_ADDR = 0xbfc02000
                0x00000ff0                _DBG_CODE_SIZE = 0xff0
                0x9fc01180                _GEN_EXCPT_ADDR = (_ebase_address + 0x180)

.config_BFC02FF0
                0xbfc02ff0        0x4
 *(.config_BFC02FF0)
 .config_BFC02FF0
                0xbfc02ff0        0x4 build/milestone1/production/_ext/1555642536/system_init.o

.config_BFC02FF4
                0xbfc02ff4        0x4
 *(.config_BFC02FF4)
 .config_BFC02FF4
                0xbfc02ff4        0x4 build/milestone1/production/_ext/1555642536/system_init.o

.config_BFC02FF8
                0xbfc02ff8        0x4
 *(.config_BFC02FF8)
 .config_BFC02FF8
                0xbfc02ff8        0x4 build/milestone1/production/_ext/1555642536/system_init.o

.config_BFC02FFC
                0xbfc02ffc        0x4
 *(.config_BFC02FFC)
 .config_BFC02FFC
                0xbfc02ffc        0x4 build/milestone1/production/_ext/1555642536/system_init.o
                0xbfc02000                PROVIDE (_DBG_CODE_ADDR, 0xbfc02000)
                0x00000ff0                PROVIDE (_DBG_CODE_SIZE, 0xff0)

.reset          0xbfc00000      0x208
 *(.reset)
 .reset         0xbfc00000        0x8 c:/program files (x86)/microchip/xc32/v1.42/bin/bin/../../lib/gcc/pic32mx/4.8.3/../../../../pic32mx/lib/./proc/32MX795F512L/crt0_mips32r2.o
                0xbfc00000                _reset
 *(.reset.startup)
 .reset.startup
                0xbfc00008      0x200 c:/program files (x86)/microchip/xc32/v1.42/bin/bin/../../lib/gcc/pic32mx/4.8.3/../../../../pic32mx/lib/./proc/32MX795F512L/crt0_mips32r2.o

.bev_excpt      0xbfc00380       0x10
 *(.bev_handler)
 .bev_handler   0xbfc00380       0x10 c:/program files (x86)/microchip/xc32/v1.42/bin/bin/../../lib/gcc/pic32mx/4.8.3/../../../../pic32mx/lib/./proc/32MX795F512L/crt0_mips32r2.o

.dbg_excpt      0xbfc00480        0x0
                0xbfc00480                . = (. + DEFINED (_DEBUGGER)?0x8:0x0)

.dbg_code       0xbfc02000        0x0
                0xbfc02000                . = (. + DEFINED (_DEBUGGER)?_DBG_CODE_SIZE:0x0)

.app_excpt      0x9fc01180       0x10
 *(.gen_handler)
 .gen_handler   0x9fc01180       0x10 c:/program files (x86)/microchip/xc32/v1.42/bin/bin/../../lib/gcc/pic32mx/4.8.3/../../../../pic32mx/lib/./proc/32MX795F512L/crt0_mips32r2.o

.vector_0       0x9fc01200        0x8
 *(.vector_0)
 .vector_0      0x9fc01200        0x8 c:/program files (x86)/microchip/xc32/v1.42/bin/bin/../../lib/gcc/pic32mx/4.8.3/../../../../pic32mx/lib\libpic32.a(vector0.o)
                0x9fc01200                __vector_dispatch_0
                0x00000001                ASSERT (((_vector_spacing == 0x0) || (SIZEOF (.vector_0) <= (_vector_spacing << 0x5))), function at exception vector 0 too large)

.vector_1       0x9fc01220        0x8
 *(.vector_1)
 .vector_1      0x9fc01220        0x8 build/milestone1/production/_ext/1475386849/port.o
                0x9fc01220                __vector_dispatch_1
                0x00000001                ASSERT (((_vector_spacing == 0x0) || (SIZEOF (.vector_1) <= (_vector_spacing << 0x5))), function at exception vector 1 too large)

.vector_2       0x9fc01240        0x8
 *(.vector_2)
 .vector_2      0x9fc01240        0x8 c:/program files (x86)/microchip/xc32/v1.42/bin/bin/../../lib/gcc/pic32mx/4.8.3/../../../../pic32mx/lib\libpic32.a(vector2.o)
                0x9fc01240                __vector_dispatch_2
                0x00000001                ASSERT (((_vector_spacing == 0x0) || (SIZEOF (.vector_2) <= (_vector_spacing << 0x5))), function at exception vector 2 too large)

.vector_3       0x9fc01260        0x8
 *(.vector_3)
 .vector_3      0x9fc01260        0x8 c:/program files (x86)/microchip/xc32/v1.42/bin/bin/../../lib/gcc/pic32mx/4.8.3/../../../../pic32mx/lib\libpic32.a(vector3.o)
                0x9fc01260                __vector_dispatch_3
                0x00000001                ASSERT (((_vector_spacing == 0x0) || (SIZEOF (.vector_3) <= (_vector_spacing << 0x5))), function at exception vector 3 too large)

.vector_4       0x9fc01280        0x8
 *(.vector_4)
 .vector_4      0x9fc01280        0x8 build/milestone1/production/_ext/1475386849/port.o
                0x9fc01280                __vector_dispatch_4
                0x00000001                ASSERT (((_vector_spacing == 0x0) || (SIZEOF (.vector_4) <= (_vector_spacing << 0x5))), function at exception vector 4 too large)

.vector_5       0x9fc012a0        0x8
 *(.vector_5)
 .vector_5      0x9fc012a0        0x8 c:/program files (x86)/microchip/xc32/v1.42/bin/bin/../../lib/gcc/pic32mx/4.8.3/../../../../pic32mx/lib\libpic32.a(vector5.o)
                0x9fc012a0                __vector_dispatch_5
                0x00000001                ASSERT (((_vector_spacing == 0x0) || (SIZEOF (.vector_5) <= (_vector_spacing << 0x5))), function at exception vector 5 too large)

.vector_6       0x9fc012c0        0x8
 *(.vector_6)
 .vector_6      0x9fc012c0        0x8 c:/program files (x86)/microchip/xc32/v1.42/bin/bin/../../lib/gcc/pic32mx/4.8.3/../../../../pic32mx/lib\libpic32.a(vector6.o)
                0x9fc012c0                __vector_dispatch_6
                0x00000001                ASSERT (((_vector_spacing == 0x0) || (SIZEOF (.vector_6) <= (_vector_spacing << 0x5))), function at exception vector 6 too large)

.vector_7       0x9fc012e0        0x8
 *(.vector_7)
 .vector_7      0x9fc012e0        0x8 c:/program files (x86)/microchip/xc32/v1.42/bin/bin/../../lib/gcc/pic32mx/4.8.3/../../../../pic32mx/lib\libpic32.a(vector7.o)
                0x9fc012e0                __vector_dispatch_7
                0x00000001                ASSERT (((_vector_spacing == 0x0) || (SIZEOF (.vector_7) <= (_vector_spacing << 0x5))), function at exception vector 7 too large)

.vector_8       0x9fc01300       0x10
 *(.vector_8)
 .vector_8      0x9fc01300       0x10 build/milestone1/production/_ext/1555642536/system_interrupt_a.o
                0x9fc01300                __vector_dispatch_8
                0x00000001                ASSERT (((_vector_spacing == 0x0) || (SIZEOF (.vector_8) <= (_vector_spacing << 0x5))), function at exception vector 8 too large)

.vector_9       0x9fc01320        0x8
 *(.vector_9)
 .vector_9      0x9fc01320        0x8 c:/program files (x86)/microchip/xc32/v1.42/bin/bin/../../lib/gcc/pic32mx/4.8.3/../../../../pic32mx/lib\libpic32.a(vector9.o)
                0x9fc01320                __vector_dispatch_9
                0x00000001                ASSERT (((_vector_spacing == 0x0) || (SIZEOF (.vector_9) <= (_vector_spacing << 0x5))), function at exception vector 9 too large)

.vector_10      0x9fc01340        0x8
 *(.vector_10)
 .vector_10     0x9fc01340        0x8 c:/program files (x86)/microchip/xc32/v1.42/bin/bin/../../lib/gcc/pic32mx/4.8.3/../../../../pic32mx/lib\libpic32.a(vector10.o)
                0x9fc01340                __vector_dispatch_10
                0x00000001                ASSERT (((_vector_spacing == 0x0) || (SIZEOF (.vector_10) <= (_vector_spacing << 0x5))), function at exception vector 10 too large)

.vector_11      0x9fc01360        0x8
 *(.vector_11)
 .vector_11     0x9fc01360        0x8 c:/program files (x86)/microchip/xc32/v1.42/bin/bin/../../lib/gcc/pic32mx/4.8.3/../../../../pic32mx/lib\libpic32.a(vector11.o)
                0x9fc01360                __vector_dispatch_11
                0x00000001                ASSERT (((_vector_spacing == 0x0) || (SIZEOF (.vector_11) <= (_vector_spacing << 0x5))), function at exception vector 11 too large)

.vector_12      0x9fc01380       0x10
 *(.vector_12)
 .vector_12     0x9fc01380       0x10 build/milestone1/production/_ext/1555642536/system_interrupt_a.o
                0x9fc01380                __vector_dispatch_12
                0x00000001                ASSERT (((_vector_spacing == 0x0) || (SIZEOF (.vector_12) <= (_vector_spacing << 0x5))), function at exception vector 12 too large)

.vector_13      0x9fc013a0        0x8
 *(.vector_13)
 .vector_13     0x9fc013a0        0x8 c:/program files (x86)/microchip/xc32/v1.42/bin/bin/../../lib/gcc/pic32mx/4.8.3/../../../../pic32mx/lib\libpic32.a(vector13.o)
                0x9fc013a0                __vector_dispatch_13
                0x00000001                ASSERT (((_vector_spacing == 0x0) || (SIZEOF (.vector_13) <= (_vector_spacing << 0x5))), function at exception vector 13 too large)

.vector_14      0x9fc013c0        0x8
 *(.vector_14)
 .vector_14     0x9fc013c0        0x8 c:/program files (x86)/microchip/xc32/v1.42/bin/bin/../../lib/gcc/pic32mx/4.8.3/../../../../pic32mx/lib\libpic32.a(vector14.o)
                0x9fc013c0                __vector_dispatch_14
                0x00000001                ASSERT (((_vector_spacing == 0x0) || (SIZEOF (.vector_14) <= (_vector_spacing << 0x5))), function at exception vector 14 too large)

.vector_15      0x9fc013e0        0x8
 *(.vector_15)
 .vector_15     0x9fc013e0        0x8 c:/program files (x86)/microchip/xc32/v1.42/bin/bin/../../lib/gcc/pic32mx/4.8.3/../../../../pic32mx/lib\libpic32.a(vector15.o)
                0x9fc013e0                __vector_dispatch_15
                0x00000001                ASSERT (((_vector_spacing == 0x0) || (SIZEOF (.vector_15) <= (_vector_spacing << 0x5))), function at exception vector 15 too large)

.vector_16      0x9fc01400       0x10
 *(.vector_16)
 .vector_16     0x9fc01400       0x10 build/milestone1/production/_ext/1555642536/system_interrupt_a.o
                0x9fc01400                __vector_dispatch_16
                0x00000001                ASSERT (((_vector_spacing == 0x0) || (SIZEOF (.vector_16) <= (_vector_spacing << 0x5))), function at exception vector 16 too large)

.vector_17      0x9fc01420        0x8
 *(.vector_17)
 .vector_17     0x9fc01420        0x8 c:/program files (x86)/microchip/xc32/v1.42/bin/bin/../../lib/gcc/pic32mx/4.8.3/../../../../pic32mx/lib\libpic32.a(vector17.o)
                0x9fc01420                __vector_dispatch_17
                0x00000001                ASSERT (((_vector_spacing == 0x0) || (SIZEOF (.vector_17) <= (_vector_spacing << 0x5))), function at exception vector 17 too large)

.vector_18      0x9fc01440        0x8
 *(.vector_18)
 .vector_18     0x9fc01440        0x8 c:/program files (x86)/microchip/xc32/v1.42/bin/bin/../../lib/gcc/pic32mx/4.8.3/../../../../pic32mx/lib\libpic32.a(vector18.o)
                0x9fc01440                __vector_dispatch_18
                0x00000001                ASSERT (((_vector_spacing == 0x0) || (SIZEOF (.vector_18) <= (_vector_spacing << 0x5))), function at exception vector 18 too large)

.vector_19      0x9fc01460        0x8
 *(.vector_19)
 .vector_19     0x9fc01460        0x8 c:/program files (x86)/microchip/xc32/v1.42/bin/bin/../../lib/gcc/pic32mx/4.8.3/../../../../pic32mx/lib\libpic32.a(vector19.o)
                0x9fc01460                __vector_dispatch_19
                0x00000001                ASSERT (((_vector_spacing == 0x0) || (SIZEOF (.vector_19) <= (_vector_spacing << 0x5))), function at exception vector 19 too large)

.vector_20      0x9fc01480       0x10
 *(.vector_20)
 .vector_20     0x9fc01480       0x10 build/milestone1/production/_ext/1555642536/system_interrupt_a.o
                0x9fc01480                __vector_dispatch_20
                0x00000001                ASSERT (((_vector_spacing == 0x0) || (SIZEOF (.vector_20) <= (_vector_spacing << 0x5))), function at exception vector 20 too large)

.vector_21      0x9fc014a0        0x8
 *(.vector_21)
 .vector_21     0x9fc014a0        0x8 c:/program files (x86)/microchip/xc32/v1.42/bin/bin/../../lib/gcc/pic32mx/4.8.3/../../../../pic32mx/lib\libpic32.a(vector21.o)
                0x9fc014a0                __vector_dispatch_21
                0x00000001                ASSERT (((_vector_spacing == 0x0) || (SIZEOF (.vector_21) <= (_vector_spacing << 0x5))), function at exception vector 21 too large)

.vector_22      0x9fc014c0        0x8
 *(.vector_22)
 .vector_22     0x9fc014c0        0x8 c:/program files (x86)/microchip/xc32/v1.42/bin/bin/../../lib/gcc/pic32mx/4.8.3/../../../../pic32mx/lib\libpic32.a(vector22.o)
                0x9fc014c0                __vector_dispatch_22
                0x00000001                ASSERT (((_vector_spacing == 0x0) || (SIZEOF (.vector_22) <= (_vector_spacing << 0x5))), function at exception vector 22 too large)

.vector_23      0x9fc014e0        0x8
 *(.vector_23)
 .vector_23     0x9fc014e0        0x8 c:/program files (x86)/microchip/xc32/v1.42/bin/bin/../../lib/gcc/pic32mx/4.8.3/../../../../pic32mx/lib\libpic32.a(vector23.o)
                0x9fc014e0                __vector_dispatch_23
                0x00000001                ASSERT (((_vector_spacing == 0x0) || (SIZEOF (.vector_23) <= (_vector_spacing << 0x5))), function at exception vector 23 too large)

.vector_24      0x9fc01500       0x10
 *(.vector_24)
 .vector_24     0x9fc01500       0x10 build/milestone1/production/_ext/1555642536/system_interrupt_a.o
                0x9fc01500                __vector_dispatch_24
                0x00000001                ASSERT (((_vector_spacing == 0x0) || (SIZEOF (.vector_24) <= (_vector_spacing << 0x5))), function at exception vector 24 too large)

.vector_25      0x9fc01520        0x8
 *(.vector_25)
 .vector_25     0x9fc01520        0x8 c:/program files (x86)/microchip/xc32/v1.42/bin/bin/../../lib/gcc/pic32mx/4.8.3/../../../../pic32mx/lib\libpic32.a(vector25.o)
                0x9fc01520                __vector_dispatch_25
                0x00000001                ASSERT (((_vector_spacing == 0x0) || (SIZEOF (.vector_25) <= (_vector_spacing << 0x5))), function at exception vector 25 too large)

.vector_26      0x9fc01540        0x8
 *(.vector_26)
 .vector_26     0x9fc01540        0x8 c:/program files (x86)/microchip/xc32/v1.42/bin/bin/../../lib/gcc/pic32mx/4.8.3/../../../../pic32mx/lib\libpic32.a(vector26.o)
                0x9fc01540                __vector_dispatch_26
                0x00000001                ASSERT (((_vector_spacing == 0x0) || (SIZEOF (.vector_26) <= (_vector_spacing << 0x5))), function at exception vector 26 too large)

.vector_27      0x9fc01560        0x8
 *(.vector_27)
 .vector_27     0x9fc01560        0x8 c:/program files (x86)/microchip/xc32/v1.42/bin/bin/../../lib/gcc/pic32mx/4.8.3/../../../../pic32mx/lib\libpic32.a(vector27.o)
                0x9fc01560                __vector_dispatch_27
                0x00000001                ASSERT (((_vector_spacing == 0x0) || (SIZEOF (.vector_27) <= (_vector_spacing << 0x5))), function at exception vector 27 too large)

.vector_28      0x9fc01580        0x8
 *(.vector_28)
 .vector_28     0x9fc01580        0x8 c:/program files (x86)/microchip/xc32/v1.42/bin/bin/../../lib/gcc/pic32mx/4.8.3/../../../../pic32mx/lib\libpic32.a(vector28.o)
                0x9fc01580                __vector_dispatch_28
                0x00000001                ASSERT (((_vector_spacing == 0x0) || (SIZEOF (.vector_28) <= (_vector_spacing << 0x5))), function at exception vector 28 too large)

.vector_29      0x9fc015a0        0x8
 *(.vector_29)
 .vector_29     0x9fc015a0        0x8 c:/program files (x86)/microchip/xc32/v1.42/bin/bin/../../lib/gcc/pic32mx/4.8.3/../../../../pic32mx/lib\libpic32.a(vector29.o)
                0x9fc015a0                __vector_dispatch_29
                0x00000001                ASSERT (((_vector_spacing == 0x0) || (SIZEOF (.vector_29) <= (_vector_spacing << 0x5))), function at exception vector 29 too large)

.vector_30      0x9fc015c0        0x8
 *(.vector_30)
 .vector_30     0x9fc015c0        0x8 c:/program files (x86)/microchip/xc32/v1.42/bin/bin/../../lib/gcc/pic32mx/4.8.3/../../../../pic32mx/lib\libpic32.a(vector30.o)
                0x9fc015c0                __vector_dispatch_30
                0x00000001                ASSERT (((_vector_spacing == 0x0) || (SIZEOF (.vector_30) <= (_vector_spacing << 0x5))), function at exception vector 30 too large)

.vector_31      0x9fc015e0        0x8
 *(.vector_31)
 .vector_31     0x9fc015e0        0x8 c:/program files (x86)/microchip/xc32/v1.42/bin/bin/../../lib/gcc/pic32mx/4.8.3/../../../../pic32mx/lib\libpic32.a(vector31.o)
                0x9fc015e0                __vector_dispatch_31
                0x00000001                ASSERT (((_vector_spacing == 0x0) || (SIZEOF (.vector_31) <= (_vector_spacing << 0x5))), function at exception vector 31 too large)

.vector_32      0x9fc01600        0x8
 *(.vector_32)
 .vector_32     0x9fc01600        0x8 c:/program files (x86)/microchip/xc32/v1.42/bin/bin/../../lib/gcc/pic32mx/4.8.3/../../../../pic32mx/lib\libpic32.a(vector32.o)
                0x9fc01600                __vector_dispatch_32
                0x00000001                ASSERT (((_vector_spacing == 0x0) || (SIZEOF (.vector_32) <= (_vector_spacing << 0x5))), function at exception vector 32 too large)

.vector_33      0x9fc01620        0x8
 *(.vector_33)
 .vector_33     0x9fc01620        0x8 c:/program files (x86)/microchip/xc32/v1.42/bin/bin/../../lib/gcc/pic32mx/4.8.3/../../../../pic32mx/lib\libpic32.a(vector33.o)
                0x9fc01620                __vector_dispatch_33
                0x00000001                ASSERT (((_vector_spacing == 0x0) || (SIZEOF (.vector_33) <= (_vector_spacing << 0x5))), function at exception vector 33 too large)

.vector_34      0x9fc01640        0x8
 *(.vector_34)
 .vector_34     0x9fc01640        0x8 c:/program files (x86)/microchip/xc32/v1.42/bin/bin/../../lib/gcc/pic32mx/4.8.3/../../../../pic32mx/lib\libpic32.a(vector34.o)
                0x9fc01640                __vector_dispatch_34
                0x00000001                ASSERT (((_vector_spacing == 0x0) || (SIZEOF (.vector_34) <= (_vector_spacing << 0x5))), function at exception vector 34 too large)

.vector_35      0x9fc01660        0x8
 *(.vector_35)
 .vector_35     0x9fc01660        0x8 c:/program files (x86)/microchip/xc32/v1.42/bin/bin/../../lib/gcc/pic32mx/4.8.3/../../../../pic32mx/lib\libpic32.a(vector35.o)
                0x9fc01660                __vector_dispatch_35
                0x00000001                ASSERT (((_vector_spacing == 0x0) || (SIZEOF (.vector_35) <= (_vector_spacing << 0x5))), function at exception vector 35 too large)

.vector_36      0x9fc01680        0x8
 *(.vector_36)
 .vector_36     0x9fc01680        0x8 c:/program files (x86)/microchip/xc32/v1.42/bin/bin/../../lib/gcc/pic32mx/4.8.3/../../../../pic32mx/lib\libpic32.a(vector36.o)
                0x9fc01680                __vector_dispatch_36
                0x00000001                ASSERT (((_vector_spacing == 0x0) || (SIZEOF (.vector_36) <= (_vector_spacing << 0x5))), function at exception vector 36 too large)

.vector_37      0x9fc016a0        0x8
 *(.vector_37)
 .vector_37     0x9fc016a0        0x8 c:/program files (x86)/microchip/xc32/v1.42/bin/bin/../../lib/gcc/pic32mx/4.8.3/../../../../pic32mx/lib\libpic32.a(vector37.o)
                0x9fc016a0                __vector_dispatch_37
                0x00000001                ASSERT (((_vector_spacing == 0x0) || (SIZEOF (.vector_37) <= (_vector_spacing << 0x5))), function at exception vector 37 too large)

.vector_38      0x9fc016c0        0x8
 *(.vector_38)
 .vector_38     0x9fc016c0        0x8 c:/program files (x86)/microchip/xc32/v1.42/bin/bin/../../lib/gcc/pic32mx/4.8.3/../../../../pic32mx/lib\libpic32.a(vector38.o)
                0x9fc016c0                __vector_dispatch_38
                0x00000001                ASSERT (((_vector_spacing == 0x0) || (SIZEOF (.vector_38) <= (_vector_spacing << 0x5))), function at exception vector 38 too large)

.vector_39      0x9fc016e0        0x8
 *(.vector_39)
 .vector_39     0x9fc016e0        0x8 c:/program files (x86)/microchip/xc32/v1.42/bin/bin/../../lib/gcc/pic32mx/4.8.3/../../../../pic32mx/lib\libpic32.a(vector39.o)
                0x9fc016e0                __vector_dispatch_39
                0x00000001                ASSERT (((_vector_spacing == 0x0) || (SIZEOF (.vector_39) <= (_vector_spacing << 0x5))), function at exception vector 39 too large)

.vector_40      0x9fc01700        0x8
 *(.vector_40)
 .vector_40     0x9fc01700        0x8 c:/program files (x86)/microchip/xc32/v1.42/bin/bin/../../lib/gcc/pic32mx/4.8.3/../../../../pic32mx/lib\libpic32.a(vector40.o)
                0x9fc01700                __vector_dispatch_40
                0x00000001                ASSERT (((_vector_spacing == 0x0) || (SIZEOF (.vector_40) <= (_vector_spacing << 0x5))), function at exception vector 40 too large)

.vector_41      0x9fc01720        0x8
 *(.vector_41)
 .vector_41     0x9fc01720        0x8 c:/program files (x86)/microchip/xc32/v1.42/bin/bin/../../lib/gcc/pic32mx/4.8.3/../../../../pic32mx/lib\libpic32.a(vector41.o)
                0x9fc01720                __vector_dispatch_41
                0x00000001                ASSERT (((_vector_spacing == 0x0) || (SIZEOF (.vector_41) <= (_vector_spacing << 0x5))), function at exception vector 41 too large)

.vector_42      0x9fc01740        0x8
 *(.vector_42)
 .vector_42     0x9fc01740        0x8 c:/program files (x86)/microchip/xc32/v1.42/bin/bin/../../lib/gcc/pic32mx/4.8.3/../../../../pic32mx/lib\libpic32.a(vector42.o)
                0x9fc01740                __vector_dispatch_42
                0x00000001                ASSERT (((_vector_spacing == 0x0) || (SIZEOF (.vector_42) <= (_vector_spacing << 0x5))), function at exception vector 42 too large)

.vector_43      0x9fc01760        0x8
 *(.vector_43)
 .vector_43     0x9fc01760        0x8 c:/program files (x86)/microchip/xc32/v1.42/bin/bin/../../lib/gcc/pic32mx/4.8.3/../../../../pic32mx/lib\libpic32.a(vector43.o)
                0x9fc01760                __vector_dispatch_43
                0x00000001                ASSERT (((_vector_spacing == 0x0) || (SIZEOF (.vector_43) <= (_vector_spacing << 0x5))), function at exception vector 43 too large)

.vector_44      0x9fc01780        0x8
 *(.vector_44)
 .vector_44     0x9fc01780        0x8 c:/program files (x86)/microchip/xc32/v1.42/bin/bin/../../lib/gcc/pic32mx/4.8.3/../../../../pic32mx/lib\libpic32.a(vector44.o)
                0x9fc01780                __vector_dispatch_44
                0x00000001                ASSERT (((_vector_spacing == 0x0) || (SIZEOF (.vector_44) <= (_vector_spacing << 0x5))), function at exception vector 44 too large)

.vector_45      0x9fc017a0        0x8
 *(.vector_45)
 .vector_45     0x9fc017a0        0x8 c:/program files (x86)/microchip/xc32/v1.42/bin/bin/../../lib/gcc/pic32mx/4.8.3/../../../../pic32mx/lib\libpic32.a(vector45.o)
                0x9fc017a0                __vector_dispatch_45
                0x00000001                ASSERT (((_vector_spacing == 0x0) || (SIZEOF (.vector_45) <= (_vector_spacing << 0x5))), function at exception vector 45 too large)

.vector_46      0x9fc017c0        0x8
 *(.vector_46)
 .vector_46     0x9fc017c0        0x8 c:/program files (x86)/microchip/xc32/v1.42/bin/bin/../../lib/gcc/pic32mx/4.8.3/../../../../pic32mx/lib\libpic32.a(vector46.o)
                0x9fc017c0                __vector_dispatch_46
                0x00000001                ASSERT (((_vector_spacing == 0x0) || (SIZEOF (.vector_46) <= (_vector_spacing << 0x5))), function at exception vector 46 too large)

.vector_47      0x9fc017e0        0x8
 *(.vector_47)
 .vector_47     0x9fc017e0        0x8 c:/program files (x86)/microchip/xc32/v1.42/bin/bin/../../lib/gcc/pic32mx/4.8.3/../../../../pic32mx/lib\libpic32.a(vector47.o)
                0x9fc017e0                __vector_dispatch_47
                0x00000001                ASSERT (((_vector_spacing == 0x0) || (SIZEOF (.vector_47) <= (_vector_spacing << 0x5))), function at exception vector 47 too large)

.vector_48      0x9fc01800        0x8
 *(.vector_48)
 .vector_48     0x9fc01800        0x8 c:/program files (x86)/microchip/xc32/v1.42/bin/bin/../../lib/gcc/pic32mx/4.8.3/../../../../pic32mx/lib\libpic32.a(vector48.o)
                0x9fc01800                __vector_dispatch_48
                0x00000001                ASSERT (((_vector_spacing == 0x0) || (SIZEOF (.vector_48) <= (_vector_spacing << 0x5))), function at exception vector 48 too large)

.vector_49      0x9fc01820        0x8
 *(.vector_49)
 .vector_49     0x9fc01820        0x8 c:/program files (x86)/microchip/xc32/v1.42/bin/bin/../../lib/gcc/pic32mx/4.8.3/../../../../pic32mx/lib\libpic32.a(vector49.o)
                0x9fc01820                __vector_dispatch_49
                0x00000001                ASSERT (((_vector_spacing == 0x0) || (SIZEOF (.vector_49) <= (_vector_spacing << 0x5))), function at exception vector 49 too large)

.vector_50      0x9fc01840        0x8
 *(.vector_50)
 .vector_50     0x9fc01840        0x8 c:/program files (x86)/microchip/xc32/v1.42/bin/bin/../../lib/gcc/pic32mx/4.8.3/../../../../pic32mx/lib\libpic32.a(vector50.o)
                0x9fc01840                __vector_dispatch_50
                0x00000001                ASSERT (((_vector_spacing == 0x0) || (SIZEOF (.vector_50) <= (_vector_spacing << 0x5))), function at exception vector 50 too large)

.vector_51      0x9fc01860        0x8
 *(.vector_51)
 .vector_51     0x9fc01860        0x8 c:/program files (x86)/microchip/xc32/v1.42/bin/bin/../../lib/gcc/pic32mx/4.8.3/../../../../pic32mx/lib\libpic32.a(vector51.o)
                0x9fc01860                __vector_dispatch_51
                0x00000001                ASSERT (((_vector_spacing == 0x0) || (SIZEOF (.vector_51) <= (_vector_spacing << 0x5))), function at exception vector 51 too large)

.vector_52      0x9fc01880        0x0
 *(.vector_52)
                0x00000001                ASSERT (((_vector_spacing == 0x0) || (SIZEOF (.vector_52) <= (_vector_spacing << 0x5))), function at exception vector 52 too large)

.vector_53      0x9fc018a0        0x0
 *(.vector_53)
                0x00000001                ASSERT (((_vector_spacing == 0x0) || (SIZEOF (.vector_53) <= (_vector_spacing << 0x5))), function at exception vector 53 too large)

.vector_54      0x9fc018c0        0x0
 *(.vector_54)
                0x00000001                ASSERT (((_vector_spacing == 0x0) || (SIZEOF (.vector_54) <= (_vector_spacing << 0x5))), function at exception vector 54 too large)

.vector_55      0x9fc018e0        0x0
 *(.vector_55)
                0x00000001                ASSERT (((_vector_spacing == 0x0) || (SIZEOF (.vector_55) <= (_vector_spacing << 0x5))), function at exception vector 55 too large)

.vector_56      0x9fc01900        0x0
 *(.vector_56)
                0x00000001                ASSERT (((_vector_spacing == 0x0) || (SIZEOF (.vector_56) <= (_vector_spacing << 0x5))), function at exception vector 56 too large)

.vector_57      0x9fc01920        0x0
 *(.vector_57)
                0x00000001                ASSERT (((_vector_spacing == 0x0) || (SIZEOF (.vector_57) <= (_vector_spacing << 0x5))), function at exception vector 57 too large)

.vector_58      0x9fc01940        0x0
 *(.vector_58)
                0x00000001                ASSERT (((_vector_spacing == 0x0) || (SIZEOF (.vector_58) <= (_vector_spacing << 0x5))), function at exception vector 58 too large)

.vector_59      0x9fc01960        0x0
 *(.vector_59)
                0x00000001                ASSERT (((_vector_spacing == 0x0) || (SIZEOF (.vector_59) <= (_vector_spacing << 0x5))), function at exception vector 59 too large)

.vector_60      0x9fc01980        0x0
 *(.vector_60)
                0x00000001                ASSERT (((_vector_spacing == 0x0) || (SIZEOF (.vector_60) <= (_vector_spacing << 0x5))), function at exception vector 60 too large)

.vector_61      0x9fc019a0        0x0
 *(.vector_61)
                0x00000001                ASSERT (((_vector_spacing == 0x0) || (SIZEOF (.vector_61) <= (_vector_spacing << 0x5))), function at exception vector 61 too large)

.vector_62      0x9fc019c0        0x0
 *(.vector_62)
                0x00000001                ASSERT (((_vector_spacing == 0x0) || (SIZEOF (.vector_62) <= (_vector_spacing << 0x5))), function at exception vector 62 too large)

.vector_63      0x9fc019e0        0x0
 *(.vector_63)
                0x00000001                ASSERT (((_vector_spacing == 0x0) || (SIZEOF (.vector_63) <= (_vector_spacing << 0x5))), function at exception vector 63 too large)

.startup
 *(.startup)

.text           0x9d000000        0x0
 *(.stub .gnu.linkonce.t.*)
 *(.text.*personality*)
 *(.mips16.fn.*)
 *(.mips16.call.*)
 *(.gnu.warning)
                0x9d000000                . = ALIGN (0x4)

.init           0x9d000000        0x0
 *crti.o(.init)
 *crtbegin.o(.init)
 *(EXCLUDE_FILE(*crtn.o *crtend?.o *crtend.o) .init)
 *crtend.o(.init)
 *crtn.o(.init)
                0x9d000000                . = ALIGN (0x4)

.fini           0x9d000000        0x0
 *(.fini)
                0x9d000000                . = ALIGN (0x4)

.preinit_array  0x9d000000        0x0
                0x9d000000                PROVIDE (__preinit_array_start, .)
 *(.preinit_array)
                0x9d000000                PROVIDE (__preinit_array_end, .)
                0x9d000000                . = ALIGN (0x4)

.init_array     0x9d000000        0x0
                0x9d000000                PROVIDE (__init_array_start, .)
 *(SORT(.init_array.*))
 *(.init_array)
                0x9d000000                PROVIDE (__init_array_end, .)
                0x9d000000                . = ALIGN (0x4)

.fini_array     0x9d000000        0x0
                0x9d000000                PROVIDE (__fini_array_start, .)
 *(SORT(.fini_array.*))
 *(.fini_array)
                0x9d000000                PROVIDE (__fini_array_end, .)
                0x9d000000                . = ALIGN (0x4)

.ctors          0x9d000000        0x0
 *crtbegin.o(.ctors)
 *crtbegin?.o(.ctors)
 *(EXCLUDE_FILE(*crtend?.o *crtend.o) .ctors)
 *(SORT(.ctors.*))
 *(.ctors)
                0x9d000000                . = ALIGN (0x4)

.dtors          0x9d000000        0x0
 *crtbegin.o(.dtors)
 *crtbegin?.o(.dtors)
 *(EXCLUDE_FILE(*crtend?.o *crtend.o) .dtors)
 *(SORT(.dtors.*))
 *(.dtors)
                0x9d000000                . = ALIGN (0x4)

.rodata         0x9d000000        0x0
 *(.gnu.linkonce.r.*)
 *(.rodata1)
                0x9d000000                . = ALIGN (0x4)

.sdata2         0x9fc00490        0x0
 *(.sdata2 .sdata2.* .gnu.linkonce.s2.*)
                0x9fc00490                . = ALIGN (0x4)

.sbss2          0x9fc00490        0x0
 *(.sbss2 .sbss2.* .gnu.linkonce.sb2.*)
                0x9fc00490                . = ALIGN (0x4)

.eh_frame_hdr
 *(.eh_frame_hdr)
                0x9fc00490                . = ALIGN (0x4)

.eh_frame
 *(.eh_frame)
                0x9fc00490                . = ALIGN (0x4)

.gcc_except_table
 *(.gcc_except_table .gcc_except_table.*)
                0x9fc00490                . = ALIGN (0x4)

.dbg_data       0xa0000000        0x0
                0xa0000000                . = (. + DEFINED (_DEBUGGER)?0x200:0x0)

.jcr            0xa0000000        0x0
 *(.jcr)
                0xa0000000                . = ALIGN (0x4)

.eh_frame
 *(.eh_frame)
                0xa0000000                . = ALIGN (0x4)

.gcc_except_table
 *(.gcc_except_table .gcc_except_table.*)
                0xa0000000                . = ALIGN (0x4)

.persist        0xa0000000        0x0
                0xa0000000                _persist_begin = .
 *(.persist .persist.*)
 *(.pbss .pbss.*)
                0xa0000000                . = ALIGN (0x4)
                0xa0000000                _persist_end = .

.data           0xa0000000        0x0
 *(.gnu.linkonce.d.*)
 *(.data1)
                0xa0000000                . = ALIGN (0x4)
                0xa0000000                . = .
                0xa0007ff0                _gp = (ALIGN (0x10) + 0x7ff0)

.got            0xa0000000        0x0
 *(.got.plt)
 *(.got)
                0xa0000000                . = ALIGN (0x4)

.sdata          0xa0000000       0x24
                0xa0000000                _sdata_begin = .
 *(.sdata .sdata.* .gnu.linkonce.s.*)
 .sdata         0xa0000000        0x4 build/milestone1/production/_ext/1360937237/communication.o
                0xa0000000                SeqNum
 .sdata         0xa0000004        0x4 build/milestone1/production/_ext/1475386849/port.o
                0xa0000004                uxInterruptNesting
 .sdata         0xa0000008       0x18 build/milestone1/production/_ext/1360937237/motor.o
                0xa0000008                errorDiv
                0xa000000c                PIDDiv
                0xa0000010                PIDOffsetDiv
                0xa0000014                dt
                0xa0000018                Td
                0xa000001c                Ti
 .sdata         0xa0000020        0x4 c:/program files (x86)/microchip/xc32/v1.42/bin/bin/../../lib/gcc/pic32mx/4.8.3/../../../../pic32mx/lib\libpic32.a(xc32_uart.o)
                0xa0000020                __XC_UART
                0xa0000024                . = ALIGN (0x4)
                0xa0000024                _sdata_end = .

.lit8
 *(.lit8)

.lit4
 *(.lit4)
                0xa0000024                . = ALIGN (0x4)
                0xa0000024                _data_end = .
                0xa0000024                _bss_begin = .

.sbss           0xa0000024       0xcc
                0xa0000024                _sbss_begin = .
 *(.dynsbss)
 *(.sbss .sbss.* .gnu.linkonce.sb.*)
 .sbss          0xa0000024        0x4 build/milestone1/production/_ext/1864120335/drv_tmr_static.o
 .sbss          0xa0000028        0xc build/milestone1/production/_ext/1555642536/system_exceptions.o
 .sbss          0xa0000034        0x4 build/milestone1/production/_ext/1360937237/app.o
 .sbss          0xa0000038        0x4 build/milestone1/production/_ext/1360937237/navigation.o
 .sbss          0xa000003c        0x4 build/milestone1/production/_ext/1360937237/mapping.o
 .sbss          0xa0000040       0x18 build/milestone1/production/_ext/1360937237/communication.o
                0xa0000040                receiveFromWifiBufferIdx
                0xa0000044                bufferToWrite2Idx
                0xa0000048                NumDroppedMessages
                0xa000004c                NumBadChecksums
 .sbss          0xa0000058        0x8 build/milestone1/production/_ext/1360937237/ms2test.o
                0xa0000058                testCount
                0xa000005c                speedTotal
 .sbss          0xa0000060        0x8 build/milestone1/production/_ext/1366647692/heap_1.o
 .sbss          0xa0000068        0x4 build/milestone1/production/_ext/1475386849/port.o
                0xa0000068                uxSavedTaskStackPointer
 .sbss          0xa000006c       0x3c build/milestone1/production/_ext/1241959881/tasks.o
                0xa00000a4                pxCurrentTCB
 .sbss          0xa00000a8       0x24 build/milestone1/production/_ext/1360937237/motor.o
                0xa00000a8                PID2_Out
                0xa00000ac                PID2_I
                0xa00000b0                PID2_PreviousError
                0xa00000b4                PID1_Out
                0xa00000b8                PID1_I
                0xa00000bc                PID1_PreviousError
                0xa00000c0                Kd
                0xa00000c4                Ki
                0xa00000c8                Kp
 *(.scommon)
 .scommon       0xa00000cc        0x4 build/milestone1/production/_ext/192191419/drv_usart_static.o
                0xa00000cc                gDrvUSART0Obj
 .scommon       0xa00000d0        0x8 build/milestone1/production/_ext/1360937237/app.o
                0xa00000d0                appData
                0xa00000d4                app1Iter
 .scommon       0xa00000d8        0x4 build/milestone1/production/_ext/1360937237/navigation.o
                0xa00000d8                navigationData
 .scommon       0xa00000dc        0x4 build/milestone1/production/_ext/1360937237/mapping.o
                0xa00000dc                mappingData
 .scommon       0xa00000e0        0x4 build/milestone1/production/_ext/1360937237/communication.o
                0xa00000e0                communicationData
 .scommon       0xa00000e4        0x8 build/milestone1/production/_ext/2019779704/sys_devcon.o
                0xa00000e4                sysDevconObj
 .scommon       0xa00000ec        0x4 build/milestone1/production/_ext/1360937237/debug.o
                0xa00000ec                global_data
                0xa00000f0                _sbss_end = .
                0xa00000f0                . = ALIGN (0x4)

.bss            0xa00000f0      0x1cc
 *(.dynbss)
 *(COMMON)
 COMMON         0xa00000f0       0x18 build/milestone1/production/_ext/1555642536/system_init.o
                0xa00000f0                sysObj
 COMMON         0xa0000108      0x1b4 build/milestone1/production/_ext/1360937237/communication.o
                0xa0000108                bufferToWrite2
                0xa00001e4                receiveFromWifiBuffer
                0xa00002bc                . = ALIGN ((. != 0x0)?0x4:0x1)
                0xa00002bc                . = ALIGN (0x4)
                0xa00002bc                _end = .
                0xa00002bc                _bss_end = .
                0x00020000                _bmxdudba_address = 0x20000
                0x00020000                _bmxdupba_address = 0x20000

/DISCARD/
 *(.pdr)
 *(.rel.dyn)
 *(.note.GNU-stack)
 *(.note.GNU-stack)
 *(.gnu_debuglink)
 *(.gnu.lto_*)
 *(.discard)

.gptab.sdata
 *(.gptab.data)
 *(.gptab.sdata)

.gptab.sbss
 *(.gptab.bss)
 *(.gptab.sbss)

.mdebug.abi32   0xa00002bc        0x0
 *(.mdebug.abi32)
 .mdebug.abi32  0xa00002bc        0x0 build/milestone1/production/_ext/1864120335/drv_tmr_static.o
 .mdebug.abi32  0xa00002bc        0x0 build/milestone1/production/_ext/1864120335/drv_tmr_mapping.o
 .mdebug.abi32  0xa00002bc        0x0 build/milestone1/production/_ext/192191419/drv_usart_mapping.o
 .mdebug.abi32  0xa00002bc        0x0 build/milestone1/production/_ext/192191419/drv_usart_static.o
 .mdebug.abi32  0xa00002bc        0x0 build/milestone1/production/_ext/192191419/drv_usart_static_byte_model.o
 .mdebug.abi32  0xa00002bc        0x0 build/milestone1/production/_ext/383799649/sys_clk_static.o
 .mdebug.abi32  0xa00002bc        0x0 build/milestone1/production/_ext/956857457/sys_ports_static.o
 .mdebug.abi32  0xa00002bc        0x0 build/milestone1/production/_ext/1555642536/system_init.o
 .mdebug.abi32  0xa00002bc        0x0 build/milestone1/production/_ext/1555642536/system_interrupt.o
 .mdebug.abi32  0xa00002bc        0x0 build/milestone1/production/_ext/1555642536/system_exceptions.o
 .mdebug.abi32  0xa00002bc        0x0 build/milestone1/production/_ext/1555642536/system_tasks.o
 .mdebug.abi32  0xa00002bc        0x0 build/milestone1/production/_ext/1555642536/rtos_hooks.o
 .mdebug.abi32  0xa00002bc        0x0 build/milestone1/production/_ext/1360937237/app.o
 .mdebug.abi32  0xa00002bc        0x0 build/milestone1/production/_ext/1360937237/main.o
 .mdebug.abi32  0xa00002bc        0x0 build/milestone1/production/_ext/1360937237/navigation.o
 .mdebug.abi32  0xa00002bc        0x0 build/milestone1/production/_ext/1360937237/mapping.o
 .mdebug.abi32  0xa00002bc        0x0 build/milestone1/production/_ext/1360937237/communication.o
 .mdebug.abi32  0xa00002bc        0x0 build/milestone1/production/_ext/1360937237/ms2test.o
 .mdebug.abi32  0xa00002bc        0x0 build/milestone1/production/_ext/1423261102/osal_freertos.o
 .mdebug.abi32  0xa00002bc        0x0 build/milestone1/production/_ext/2019779704/sys_devcon.o
 .mdebug.abi32  0xa00002bc        0x0 build/milestone1/production/_ext/2019779704/sys_devcon_pic32mx.o
 .mdebug.abi32  0xa00002bc        0x0 build/milestone1/production/_ext/1620769490/sys_int_pic32.o
 .mdebug.abi32  0xa00002bc        0x0 build/milestone1/production/_ext/1366647692/heap_1.o
 .mdebug.abi32  0xa00002bc        0x0 build/milestone1/production/_ext/1475386849/port.o
 .mdebug.abi32  0xa00002bc        0x0 build/milestone1/production/_ext/1241959881/croutine.o
 .mdebug.abi32  0xa00002bc        0x0 build/milestone1/production/_ext/1241959881/list.o
 .mdebug.abi32  0xa00002bc        0x0 build/milestone1/production/_ext/1241959881/queue.o
 .mdebug.abi32  0xa00002bc        0x0 build/milestone1/production/_ext/1241959881/tasks.o
 .mdebug.abi32  0xa00002bc        0x0 build/milestone1/production/_ext/1241959881/timers.o
 .mdebug.abi32  0xa00002bc        0x0 build/milestone1/production/_ext/1241959881/event_groups.o
 .mdebug.abi32  0xa00002bc        0x0 build/milestone1/production/_ext/1360937237/debug.o
 .mdebug.abi32  0xa00002bc        0x0 build/milestone1/production/_ext/1360937237/motor.o
 .mdebug.abi32  0xa00002bc        0x0 build/milestone1/production/_ext/1360937237/myjson.o
 .mdebug.abi32  0xa00002bc        0x0 c:/program files (x86)/microchip/xc32/v1.42/bin/bin/../../lib/gcc/pic32mx/4.8.3/../../../../pic32mx/lib\libpic32.a(default-bootstrap-exception-handler.o)
 .mdebug.abi32  0xa00002bc        0x0 c:/program files (x86)/microchip/xc32/v1.42/bin/bin/../../lib/gcc/pic32mx/4.8.3/../../../../pic32mx/lib\libpic32.a(default-on-reset.o)
 .mdebug.abi32  0xa00002bc        0x0 c:/program files (x86)/microchip/xc32/v1.42/bin/bin/../../lib/gcc/pic32mx/4.8.3/../../../../pic32mx/lib\libpic32.a(default-on-bootstrap.o)
 .mdebug.abi32  0xa00002bc        0x0 c:/program files (x86)/microchip/xc32/v1.42/bin/bin/../../lib/gcc/pic32mx/4.8.3/../../../../pic32mx/lib\libpic32.a(defaultinterrupt.o)
 .mdebug.abi32  0xa00002bc        0x0 c:/program files (x86)/microchip/xc32/v1.42/bin/bin/../../lib/gcc/pic32mx/4.8.3/../../../../pic32mx/lib\libc.a(atoi.o)
 .mdebug.abi32  0xa00002bc        0x0 c:/program files (x86)/microchip/xc32/v1.42/bin/bin/../../lib/gcc/pic32mx/4.8.3/../../../../pic32mx/lib\libc.a(ctype.o)
 .mdebug.abi32  0xa00002bc        0x0 c:/program files (x86)/microchip/xc32/v1.42/bin/bin/../../lib/gcc/pic32mx/4.8.3/../../../../pic32mx/lib\libc.a(strcat.o)
 .mdebug.abi32  0xa00002bc        0x0 c:/program files (x86)/microchip/xc32/v1.42/bin/bin/../../lib/gcc/pic32mx/4.8.3/../../../../pic32mx/lib\libc.a(sprintf_cdnopuxX.eo)
 .mdebug.abi32  0xa00002bc        0x0 c:/program files (x86)/microchip/xc32/v1.42/bin/bin/../../lib/gcc/pic32mx/4.8.3/../../../../pic32mx/lib\libc.a(doprnt_cdnopuxX.eo)
 .mdebug.abi32  0xa00002bc        0x0 c:/program files (x86)/microchip/xc32/v1.42/bin/bin/../../lib/gcc/pic32mx/4.8.3/../../../../pic32mx/lib\libc.a(_fputc_simple.o)
 .mdebug.abi32  0xa00002bc        0x0 c:/program files (x86)/microchip/xc32/v1.42/bin/bin/../../lib/gcc/pic32mx/4.8.3/../../../../pic32mx/lib\libc.a(_iob.o)
 .mdebug.abi32  0xa00002bc        0x0 c:/program files (x86)/microchip/xc32/v1.42/bin/bin/../../lib/gcc/pic32mx/4.8.3/../../../../pic32mx/lib\libc.a(_flsbuf_simple.o)
 .mdebug.abi32  0xa00002bc        0x0 c:/program files (x86)/microchip/xc32/v1.42/bin/bin/../../lib/gcc/pic32mx/4.8.3/../../../../pic32mx/lib\libpic32.a(write.o)
 .mdebug.abi32  0xa00002bc        0x0 c:/program files (x86)/microchip/xc32/v1.42/bin/bin/../../lib/gcc/pic32mx/4.8.3/../../../../pic32mx/lib\libpic32.a(_mon_putc.o)
 .mdebug.abi32  0xa00002bc        0x0 c:/program files (x86)/microchip/xc32/v1.42/bin/bin/../../lib/gcc/pic32mx/4.8.3/../../../../pic32mx/lib\libpic32.a(xc32_uart.o)
 .mdebug.abi32  0xa00002bc        0x0 c:/program files (x86)/microchip/xc32/v1.42/bin/bin/../../lib/gcc/pic32mx/4.8.3\libgcc.a(_udivdi3.o)
 .mdebug.abi32  0xa00002bc        0x0 c:/program files (x86)/microchip/xc32/v1.42/bin/bin/../../lib/gcc/pic32mx/4.8.3\libgcc.a(_umoddi3.o)

.mdebug.abiN32
 *(.mdebug.abiN32)

.mdebug.abi64
 *(.mdebug.abi64)

.mdebug.abiO64
 *(.mdebug.abiO64)

.mdebug.eabi32
 *(.mdebug.eabi32)

.mdebug.eabi64
 *(.mdebug.eabi64)

.gcc_compiled_long32
 *(.gcc_compiled_long32)

.gcc_compiled_long64
 *(.gcc_compiled_long64)

.stab
 *(.stab)

.stabstr
 *(.stabstr)

.stab.excl
 *(.stab.excl)

.stab.exclstr
 *(.stab.exclstr)

.stab.index
 *(.stab.index)

.stab.indexstr
 *(.stab.indexstr)

.comment        0x00000000       0xbb
 *(.comment)
 .comment       0x00000000       0x3c build/milestone1/production/_ext/1864120335/drv_tmr_static.o
                                 0x3d (size before relaxing)
 .comment       0x00000000       0x3d build/milestone1/production/_ext/1864120335/drv_tmr_mapping.o
 .comment       0x00000000       0x3d build/milestone1/production/_ext/192191419/drv_usart_mapping.o
 .comment       0x00000000       0x3d build/milestone1/production/_ext/192191419/drv_usart_static.o
 .comment       0x00000000       0x3d build/milestone1/production/_ext/192191419/drv_usart_static_byte_model.o
 .comment       0x00000000       0x3d build/milestone1/production/_ext/383799649/sys_clk_static.o
 .comment       0x00000000       0x3d build/milestone1/production/_ext/956857457/sys_ports_static.o
 .comment       0x00000000       0x3d build/milestone1/production/_ext/1555642536/system_init.o
 .comment       0x00000000       0x3d build/milestone1/production/_ext/1555642536/system_interrupt.o
 .comment       0x00000000       0x3d build/milestone1/production/_ext/1555642536/system_exceptions.o
 .comment       0x00000000       0x3d build/milestone1/production/_ext/1555642536/system_tasks.o
 .comment       0x00000000       0x3d build/milestone1/production/_ext/1555642536/rtos_hooks.o
 .comment       0x00000000       0x3d build/milestone1/production/_ext/1360937237/app.o
 .comment       0x00000000       0x3d build/milestone1/production/_ext/1360937237/main.o
 .comment       0x00000000       0x3d build/milestone1/production/_ext/1360937237/navigation.o
 .comment       0x00000000       0x3d build/milestone1/production/_ext/1360937237/mapping.o
 .comment       0x00000000       0x3d build/milestone1/production/_ext/1360937237/communication.o
 .comment       0x00000000       0x3d build/milestone1/production/_ext/1360937237/ms2test.o
 .comment       0x00000000       0x3d build/milestone1/production/_ext/1423261102/osal_freertos.o
 .comment       0x00000000       0x3d build/milestone1/production/_ext/2019779704/sys_devcon.o
 .comment       0x00000000       0x3d build/milestone1/production/_ext/2019779704/sys_devcon_pic32mx.o
 .comment       0x00000000       0x3d build/milestone1/production/_ext/1620769490/sys_int_pic32.o
 .comment       0x00000000       0x3d build/milestone1/production/_ext/1366647692/heap_1.o
 .comment       0x00000000       0x3d build/milestone1/production/_ext/1475386849/port.o
 .comment       0x00000000       0x3d build/milestone1/production/_ext/1241959881/croutine.o
 .comment       0x00000000       0x3d build/milestone1/production/_ext/1241959881/list.o
 .comment       0x00000000       0x3d build/milestone1/production/_ext/1241959881/queue.o
 .comment       0x00000000       0x3d build/milestone1/production/_ext/1241959881/tasks.o
 .comment       0x00000000       0x3d build/milestone1/production/_ext/1241959881/timers.o
 .comment       0x00000000       0x3d build/milestone1/production/_ext/1241959881/event_groups.o
 .comment       0x00000000       0x3d build/milestone1/production/_ext/1360937237/debug.o
 .comment       0x00000000       0x3d build/milestone1/production/_ext/1360937237/motor.o
 .comment       0x00000000       0x3d build/milestone1/production/_ext/1360937237/myjson.o
 .comment       0x0000003c       0x18 c:/program files (x86)/microchip/xc32/v1.42/bin/bin/../../lib/gcc/pic32mx/4.8.3/../../../../pic32mx/lib\libpic32.a(memset.o)
                                 0x19 (size before relaxing)
 .comment       0x00000054       0x19 c:/program files (x86)/microchip/xc32/v1.42/bin/bin/../../lib/gcc/pic32mx/4.8.3/../../../../pic32mx/lib\libpic32.a(strlen.o)
                                 0x1a (size before relaxing)
 .comment       0x00000000       0x3d c:/program files (x86)/microchip/xc32/v1.42/bin/bin/../../lib/gcc/pic32mx/4.8.3/../../../../pic32mx/lib\libpic32.a(default-bootstrap-exception-handler.o)
 .comment       0x00000000       0x3d c:/program files (x86)/microchip/xc32/v1.42/bin/bin/../../lib/gcc/pic32mx/4.8.3/../../../../pic32mx/lib\libpic32.a(default-on-reset.o)
 .comment       0x00000000       0x3d c:/program files (x86)/microchip/xc32/v1.42/bin/bin/../../lib/gcc/pic32mx/4.8.3/../../../../pic32mx/lib\libpic32.a(default-on-bootstrap.o)
 .comment       0x00000000       0x3d c:/program files (x86)/microchip/xc32/v1.42/bin/bin/../../lib/gcc/pic32mx/4.8.3/../../../../pic32mx/lib\libpic32.a(defaultinterrupt.o)
 .comment       0x00000000       0x3d c:/program files (x86)/microchip/xc32/v1.42/bin/bin/../../lib/gcc/pic32mx/4.8.3/../../../../pic32mx/lib\libc.a(atoi.o)
 .comment       0x0000006d       0x4e c:/program files (x86)/microchip/xc32/v1.42/bin/bin/../../lib/gcc/pic32mx/4.8.3/../../../../pic32mx/lib\libc.a(ctype.o)
                                 0x8b (size before relaxing)
 .comment       0x00000000       0x3d c:/program files (x86)/microchip/xc32/v1.42/bin/bin/../../lib/gcc/pic32mx/4.8.3/../../../../pic32mx/lib\libc.a(strcat.o)
 .comment       0x00000000       0x3d c:/program files (x86)/microchip/xc32/v1.42/bin/bin/../../lib/gcc/pic32mx/4.8.3/../../../../pic32mx/lib\libc.a(sprintf_cdnopuxX.eo)
 .comment       0x00000000       0x3d c:/program files (x86)/microchip/xc32/v1.42/bin/bin/../../lib/gcc/pic32mx/4.8.3/../../../../pic32mx/lib\libc.a(doprnt_cdnopuxX.eo)
 .comment       0x00000000       0x3d c:/program files (x86)/microchip/xc32/v1.42/bin/bin/../../lib/gcc/pic32mx/4.8.3/../../../../pic32mx/lib\libc.a(_fputc_simple.o)
 .comment       0x00000000       0x3d c:/program files (x86)/microchip/xc32/v1.42/bin/bin/../../lib/gcc/pic32mx/4.8.3/../../../../pic32mx/lib\libc.a(_iob.o)
 .comment       0x00000000       0x3d c:/program files (x86)/microchip/xc32/v1.42/bin/bin/../../lib/gcc/pic32mx/4.8.3/../../../../pic32mx/lib\libc.a(_flsbuf_simple.o)
 .comment       0x00000000       0x3d c:/program files (x86)/microchip/xc32/v1.42/bin/bin/../../lib/gcc/pic32mx/4.8.3/../../../../pic32mx/lib\libpic32.a(write.o)
 .comment       0x00000000       0x3d c:/program files (x86)/microchip/xc32/v1.42/bin/bin/../../lib/gcc/pic32mx/4.8.3/../../../../pic32mx/lib\libpic32.a(_mon_putc.o)
 .comment       0x00000000       0x3d c:/program files (x86)/microchip/xc32/v1.42/bin/bin/../../lib/gcc/pic32mx/4.8.3/../../../../pic32mx/lib\libpic32.a(xc32_uart.o)
 .comment       0x00000000       0x3d c:/program files (x86)/microchip/xc32/v1.42/bin/bin/../../lib/gcc/pic32mx/4.8.3\libgcc.a(_udivdi3.o)
 .comment       0x00000000       0x3d c:/program files (x86)/microchip/xc32/v1.42/bin/bin/../../lib/gcc/pic32mx/4.8.3\libgcc.a(_umoddi3.o)

.debug
 *(.debug)

.line
 *(.line)

.debug_srcinfo
 *(.debug_srcinfo)

.debug_sfnames
 *(.debug_sfnames)

.debug_aranges  0x00000000     0x10a0
 *(.debug_aranges)
 .debug_aranges
                0x00000000      0x1d8 build/milestone1/production/_ext/1864120335/drv_tmr_static.o
 .debug_aranges
                0x000001d8       0xc8 build/milestone1/production/_ext/1864120335/drv_tmr_mapping.o
 .debug_aranges
                0x000002a0       0xa8 build/milestone1/production/_ext/192191419/drv_usart_mapping.o
 .debug_aranges
                0x00000348       0x78 build/milestone1/production/_ext/192191419/drv_usart_static.o
 .debug_aranges
                0x000003c0       0x48 build/milestone1/production/_ext/192191419/drv_usart_static_byte_model.o
 .debug_aranges
                0x00000408       0x50 build/milestone1/production/_ext/383799649/sys_clk_static.o
 .debug_aranges
                0x00000458      0x108 build/milestone1/production/_ext/956857457/sys_ports_static.o
 .debug_aranges
                0x00000560       0x20 build/milestone1/production/_ext/1555642536/system_init.o
 .debug_aranges
                0x00000580       0x40 build/milestone1/production/_ext/1555642536/system_interrupt.o
 .debug_aranges
                0x000005c0       0x20 build/milestone1/production/_ext/1555642536/system_exceptions.o
 .debug_aranges
                0x000005e0       0x48 build/milestone1/production/_ext/1555642536/system_tasks.o
 .debug_aranges
                0x00000628       0x68 build/milestone1/production/_ext/1555642536/system_interrupt_a.o
 .debug_aranges
                0x00000690       0x28 build/milestone1/production/_ext/1555642536/rtos_hooks.o
 .debug_aranges
                0x000006b8       0x30 build/milestone1/production/_ext/1360937237/app.o
 .debug_aranges
                0x000006e8       0x20 build/milestone1/production/_ext/1360937237/main.o
 .debug_aranges
                0x00000708       0x40 build/milestone1/production/_ext/1360937237/navigation.o
 .debug_aranges
                0x00000748       0x40 build/milestone1/production/_ext/1360937237/mapping.o
 .debug_aranges
                0x00000788       0xb0 build/milestone1/production/_ext/1360937237/communication.o
 .debug_aranges
                0x00000838       0x70 build/milestone1/production/_ext/1360937237/ms2test.o
 .debug_aranges
                0x000008a8       0x88 build/milestone1/production/_ext/1423261102/osal_freertos.o
 .debug_aranges
                0x00000930       0x78 build/milestone1/production/_ext/2019779704/sys_devcon.o
 .debug_aranges
                0x000009a8       0x20 build/milestone1/production/_ext/2019779704/sys_devcon_pic32mx.o
 .debug_aranges
                0x000009c8       0x48 build/milestone1/production/_ext/1620769490/sys_int_pic32.o
 .debug_aranges
                0x00000a10       0x38 build/milestone1/production/_ext/1366647692/heap_1.o
 .debug_aranges
                0x00000a48       0x58 build/milestone1/production/_ext/1475386849/port.o
 .debug_aranges
                0x00000aa0       0x20 build/milestone1/production/_ext/1475386849/port_asm.o
 .debug_aranges
                0x00000ac0       0x18 build/milestone1/production/_ext/1241959881/croutine.o
 .debug_aranges
                0x00000ad8       0x40 build/milestone1/production/_ext/1241959881/list.o
 .debug_aranges
                0x00000b18       0xb0 build/milestone1/production/_ext/1241959881/queue.o
 .debug_aranges
                0x00000bc8      0x178 build/milestone1/production/_ext/1241959881/tasks.o
 .debug_aranges
                0x00000d40       0x18 build/milestone1/production/_ext/1241959881/timers.o
 .debug_aranges
                0x00000d58       0x60 build/milestone1/production/_ext/1241959881/event_groups.o
 .debug_aranges
                0x00000db8       0x48 build/milestone1/production/_ext/1360937237/debug.o
 .debug_aranges
                0x00000e00       0x50 build/milestone1/production/_ext/1360937237/motor.o
 .debug_aranges
                0x00000e50       0x90 build/milestone1/production/_ext/1360937237/myjson.o
 .debug_aranges
                0x00000ee0       0x20 c:/program files (x86)/microchip/xc32/v1.42/bin/bin/../../lib/gcc/pic32mx/4.8.3/../../../../pic32mx/lib\libpic32.a(default-bootstrap-exception-handler.o)
 .debug_aranges
                0x00000f00       0x20 c:/program files (x86)/microchip/xc32/v1.42/bin/bin/../../lib/gcc/pic32mx/4.8.3/../../../../pic32mx/lib\libpic32.a(default-on-reset.o)
 .debug_aranges
                0x00000f20       0x20 c:/program files (x86)/microchip/xc32/v1.42/bin/bin/../../lib/gcc/pic32mx/4.8.3/../../../../pic32mx/lib\libpic32.a(default-on-bootstrap.o)
 .debug_aranges
                0x00000f40       0x20 c:/program files (x86)/microchip/xc32/v1.42/bin/bin/../../lib/gcc/pic32mx/4.8.3/../../../../pic32mx/lib\libpic32.a(defaultinterrupt.o)
 .debug_aranges
                0x00000f60       0x20 c:/program files (x86)/microchip/xc32/v1.42/bin/bin/../../lib/gcc/pic32mx/4.8.3/../../../../pic32mx/lib\libc.a(atoi.o)
 .debug_aranges
                0x00000f80       0x20 c:/program files (x86)/microchip/xc32/v1.42/bin/bin/../../lib/gcc/pic32mx/4.8.3/../../../../pic32mx/lib\libc.a(strcat.o)
 .debug_aranges
                0x00000fa0       0x20 c:/program files (x86)/microchip/xc32/v1.42/bin/bin/../../lib/gcc/pic32mx/4.8.3/../../../../pic32mx/lib\libc.a(sprintf_cdnopuxX.eo)
 .debug_aranges
                0x00000fc0       0x20 c:/program files (x86)/microchip/xc32/v1.42/bin/bin/../../lib/gcc/pic32mx/4.8.3/../../../../pic32mx/lib\libc.a(doprnt_cdnopuxX.eo)
 .debug_aranges
                0x00000fe0       0x20 c:/program files (x86)/microchip/xc32/v1.42/bin/bin/../../lib/gcc/pic32mx/4.8.3/../../../../pic32mx/lib\libc.a(_fputc_simple.o)
 .debug_aranges
                0x00001000       0x20 c:/program files (x86)/microchip/xc32/v1.42/bin/bin/../../lib/gcc/pic32mx/4.8.3/../../../../pic32mx/lib\libc.a(_flsbuf_simple.o)
 .debug_aranges
                0x00001020       0x20 c:/program files (x86)/microchip/xc32/v1.42/bin/bin/../../lib/gcc/pic32mx/4.8.3/../../../../pic32mx/lib\libpic32.a(write.o)
 .debug_aranges
                0x00001040       0x20 c:/program files (x86)/microchip/xc32/v1.42/bin/bin/../../lib/gcc/pic32mx/4.8.3/../../../../pic32mx/lib\libpic32.a(_mon_putc.o)
 .debug_aranges
                0x00001060       0x20 c:/program files (x86)/microchip/xc32/v1.42/bin/bin/../../lib/gcc/pic32mx/4.8.3\libgcc.a(_udivdi3.o)
 .debug_aranges
                0x00001080       0x20 c:/program files (x86)/microchip/xc32/v1.42/bin/bin/../../lib/gcc/pic32mx/4.8.3\libgcc.a(_umoddi3.o)

.debug_pubnames
 *(.debug_pubnames)

.debug_info     0x00000000    0x55d23
 *(.debug_info .gnu.linkonce.wi.*)
 .debug_info    0x00000000     0x554b build/milestone1/production/_ext/1864120335/drv_tmr_static.o
 .debug_info    0x0000554b     0x170f build/milestone1/production/_ext/1864120335/drv_tmr_mapping.o
 .debug_info    0x00006c5a     0x3f7a build/milestone1/production/_ext/192191419/drv_usart_mapping.o
 .debug_info    0x0000abd4     0x6190 build/milestone1/production/_ext/192191419/drv_usart_static.o
 .debug_info    0x00010d64     0x431b build/milestone1/production/_ext/192191419/drv_usart_static_byte_model.o
 .debug_info    0x0001507f     0x3c54 build/milestone1/production/_ext/383799649/sys_clk_static.o
 .debug_info    0x00018cd3     0x3ae8 build/milestone1/production/_ext/956857457/sys_ports_static.o
 .debug_info    0x0001c7bb     0x40c0 build/milestone1/production/_ext/1555642536/system_init.o
 .debug_info    0x0002087b     0x462d build/milestone1/production/_ext/1555642536/system_interrupt.o
 .debug_info    0x00024ea8     0x3225 build/milestone1/production/_ext/1555642536/system_exceptions.o
 .debug_info    0x000280cd     0x3366 build/milestone1/production/_ext/1555642536/system_tasks.o
 .debug_info    0x0002b433       0xaf build/milestone1/production/_ext/1555642536/system_interrupt_a.o
 .debug_info    0x0002b4e2      0x265 build/milestone1/production/_ext/1555642536/rtos_hooks.o
 .debug_info    0x0002b747     0x36ac build/milestone1/production/_ext/1360937237/app.o
 .debug_info    0x0002edf3      0x1ba build/milestone1/production/_ext/1360937237/main.o
 .debug_info    0x0002efad     0x3a06 build/milestone1/production/_ext/1360937237/navigation.o
 .debug_info    0x000329b3     0x3797 build/milestone1/production/_ext/1360937237/mapping.o
 .debug_info    0x0003614a     0x5845 build/milestone1/production/_ext/1360937237/communication.o
 .debug_info    0x0003b98f     0x39be build/milestone1/production/_ext/1360937237/ms2test.o
 .debug_info    0x0003f34d      0xabf build/milestone1/production/_ext/1423261102/osal_freertos.o
 .debug_info    0x0003fe0c     0x117f build/milestone1/production/_ext/2019779704/sys_devcon.o
 .debug_info    0x00040f8b      0xd70 build/milestone1/production/_ext/2019779704/sys_devcon_pic32mx.o
 .debug_info    0x00041cfb     0x15d7 build/milestone1/production/_ext/1620769490/sys_int_pic32.o
 .debug_info    0x000432d2      0x3a6 build/milestone1/production/_ext/1366647692/heap_1.o
 .debug_info    0x00043678     0x11cf build/milestone1/production/_ext/1475386849/port.o
 .debug_info    0x00044847       0xee build/milestone1/production/_ext/1475386849/port_asm.o
 .debug_info    0x00044935      0x1a0 build/milestone1/production/_ext/1241959881/croutine.o
 .debug_info    0x00044ad5      0x49c build/milestone1/production/_ext/1241959881/list.o
 .debug_info    0x00044f71     0x194f build/milestone1/production/_ext/1241959881/queue.o
 .debug_info    0x000468c0     0x293e build/milestone1/production/_ext/1241959881/tasks.o
 .debug_info    0x000491fe      0x19e build/milestone1/production/_ext/1241959881/timers.o
 .debug_info    0x0004939c      0xd73 build/milestone1/production/_ext/1241959881/event_groups.o
 .debug_info    0x0004a10f     0x34e8 build/milestone1/production/_ext/1360937237/debug.o
 .debug_info    0x0004d5f7     0x3561 build/milestone1/production/_ext/1360937237/motor.o
 .debug_info    0x00050b58     0x38d8 build/milestone1/production/_ext/1360937237/myjson.o
 .debug_info    0x00054430       0xf5 c:/program files (x86)/microchip/xc32/v1.42/bin/bin/../../lib/gcc/pic32mx/4.8.3/../../../../pic32mx/lib\libpic32.a(default-bootstrap-exception-handler.o)
 .debug_info    0x00054525       0xcf c:/program files (x86)/microchip/xc32/v1.42/bin/bin/../../lib/gcc/pic32mx/4.8.3/../../../../pic32mx/lib\libpic32.a(default-on-reset.o)
 .debug_info    0x000545f4       0xd7 c:/program files (x86)/microchip/xc32/v1.42/bin/bin/../../lib/gcc/pic32mx/4.8.3/../../../../pic32mx/lib\libpic32.a(default-on-bootstrap.o)
 .debug_info    0x000546cb       0xe9 c:/program files (x86)/microchip/xc32/v1.42/bin/bin/../../lib/gcc/pic32mx/4.8.3/../../../../pic32mx/lib\libpic32.a(defaultinterrupt.o)
 .debug_info    0x000547b4       0xc4 c:/program files (x86)/microchip/xc32/v1.42/bin/bin/../../lib/gcc/pic32mx/4.8.3/../../../../pic32mx/lib\libc.a(atoi.o)
 .debug_info    0x00054878       0xc8 c:/program files (x86)/microchip/xc32/v1.42/bin/bin/../../lib/gcc/pic32mx/4.8.3/../../../../pic32mx/lib\libc.a(strcat.o)
 .debug_info    0x00054940       0xd4 c:/program files (x86)/microchip/xc32/v1.42/bin/bin/../../lib/gcc/pic32mx/4.8.3/../../../../pic32mx/lib\libc.a(sprintf_cdnopuxX.eo)
 .debug_info    0x00054a14       0xd5 c:/program files (x86)/microchip/xc32/v1.42/bin/bin/../../lib/gcc/pic32mx/4.8.3/../../../../pic32mx/lib\libc.a(doprnt_cdnopuxX.eo)
 .debug_info    0x00054ae9       0xc6 c:/program files (x86)/microchip/xc32/v1.42/bin/bin/../../lib/gcc/pic32mx/4.8.3/../../../../pic32mx/lib\libc.a(_fputc_simple.o)
 .debug_info    0x00054baf       0xc9 c:/program files (x86)/microchip/xc32/v1.42/bin/bin/../../lib/gcc/pic32mx/4.8.3/../../../../pic32mx/lib\libc.a(_flsbuf_simple.o)
 .debug_info    0x00054c78       0xc0 c:/program files (x86)/microchip/xc32/v1.42/bin/bin/../../lib/gcc/pic32mx/4.8.3/../../../../pic32mx/lib\libpic32.a(write.o)
 .debug_info    0x00054d38       0xc8 c:/program files (x86)/microchip/xc32/v1.42/bin/bin/../../lib/gcc/pic32mx/4.8.3/../../../../pic32mx/lib\libpic32.a(_mon_putc.o)
 .debug_info    0x00054e00      0x773 c:/program files (x86)/microchip/xc32/v1.42/bin/bin/../../lib/gcc/pic32mx/4.8.3\libgcc.a(_udivdi3.o)
 .debug_info    0x00055573      0x7b0 c:/program files (x86)/microchip/xc32/v1.42/bin/bin/../../lib/gcc/pic32mx/4.8.3\libgcc.a(_umoddi3.o)

.debug_abbrev   0x00000000     0x44b5
 *(.debug_abbrev)
 .debug_abbrev  0x00000000      0x34a build/milestone1/production/_ext/1864120335/drv_tmr_static.o
 .debug_abbrev  0x0000034a      0x268 build/milestone1/production/_ext/1864120335/drv_tmr_mapping.o
 .debug_abbrev  0x000005b2      0x221 build/milestone1/production/_ext/192191419/drv_usart_mapping.o
 .debug_abbrev  0x000007d3      0x393 build/milestone1/production/_ext/192191419/drv_usart_static.o
 .debug_abbrev  0x00000b66      0x24f build/milestone1/production/_ext/192191419/drv_usart_static_byte_model.o
 .debug_abbrev  0x00000db5      0x27b build/milestone1/production/_ext/383799649/sys_clk_static.o
 .debug_abbrev  0x00001030      0x222 build/milestone1/production/_ext/956857457/sys_ports_static.o
 .debug_abbrev  0x00001252      0x2c1 build/milestone1/production/_ext/1555642536/system_init.o
 .debug_abbrev  0x00001513      0x222 build/milestone1/production/_ext/1555642536/system_interrupt.o
 .debug_abbrev  0x00001735       0xa9 build/milestone1/production/_ext/1555642536/system_exceptions.o
 .debug_abbrev  0x000017de      0x13a build/milestone1/production/_ext/1555642536/system_tasks.o
 .debug_abbrev  0x00001918       0x12 build/milestone1/production/_ext/1555642536/system_interrupt_a.o
 .debug_abbrev  0x0000192a       0x97 build/milestone1/production/_ext/1555642536/rtos_hooks.o
 .debug_abbrev  0x000019c1      0x1ba build/milestone1/production/_ext/1360937237/app.o
 .debug_abbrev  0x00001b7b       0x93 build/milestone1/production/_ext/1360937237/main.o
 .debug_abbrev  0x00001c0e      0x1f7 build/milestone1/production/_ext/1360937237/navigation.o
 .debug_abbrev  0x00001e05      0x1ef build/milestone1/production/_ext/1360937237/mapping.o
 .debug_abbrev  0x00001ff4      0x422 build/milestone1/production/_ext/1360937237/communication.o
 .debug_abbrev  0x00002416      0x199 build/milestone1/production/_ext/1360937237/ms2test.o
 .debug_abbrev  0x000025af      0x1fe build/milestone1/production/_ext/1423261102/osal_freertos.o
 .debug_abbrev  0x000027ad      0x26d build/milestone1/production/_ext/2019779704/sys_devcon.o
 .debug_abbrev  0x00002a1a      0x16d build/milestone1/production/_ext/2019779704/sys_devcon_pic32mx.o
 .debug_abbrev  0x00002b87      0x1d0 build/milestone1/production/_ext/1620769490/sys_int_pic32.o
 .debug_abbrev  0x00002d57      0x13f build/milestone1/production/_ext/1366647692/heap_1.o
 .debug_abbrev  0x00002e96      0x2cf build/milestone1/production/_ext/1475386849/port.o
 .debug_abbrev  0x00003165       0x14 build/milestone1/production/_ext/1475386849/port_asm.o
 .debug_abbrev  0x00003179       0x1b build/milestone1/production/_ext/1241959881/croutine.o
 .debug_abbrev  0x00003194       0xf1 build/milestone1/production/_ext/1241959881/list.o
 .debug_abbrev  0x00003285      0x2f4 build/milestone1/production/_ext/1241959881/queue.o
 .debug_abbrev  0x00003579      0x381 build/milestone1/production/_ext/1241959881/tasks.o
 .debug_abbrev  0x000038fa       0x1b build/milestone1/production/_ext/1241959881/timers.o
 .debug_abbrev  0x00003915      0x29a build/milestone1/production/_ext/1241959881/event_groups.o
 .debug_abbrev  0x00003baf      0x1ad build/milestone1/production/_ext/1360937237/debug.o
 .debug_abbrev  0x00003d5c       0xf2 build/milestone1/production/_ext/1360937237/motor.o
 .debug_abbrev  0x00003e4e      0x208 build/milestone1/production/_ext/1360937237/myjson.o
 .debug_abbrev  0x00004056       0x28 c:/program files (x86)/microchip/xc32/v1.42/bin/bin/../../lib/gcc/pic32mx/4.8.3/../../../../pic32mx/lib\libpic32.a(default-bootstrap-exception-handler.o)
 .debug_abbrev  0x0000407e       0x28 c:/program files (x86)/microchip/xc32/v1.42/bin/bin/../../lib/gcc/pic32mx/4.8.3/../../../../pic32mx/lib\libpic32.a(default-on-reset.o)
 .debug_abbrev  0x000040a6       0x28 c:/program files (x86)/microchip/xc32/v1.42/bin/bin/../../lib/gcc/pic32mx/4.8.3/../../../../pic32mx/lib\libpic32.a(default-on-bootstrap.o)
 .debug_abbrev  0x000040ce       0x28 c:/program files (x86)/microchip/xc32/v1.42/bin/bin/../../lib/gcc/pic32mx/4.8.3/../../../../pic32mx/lib\libpic32.a(defaultinterrupt.o)
 .debug_abbrev  0x000040f6       0x28 c:/program files (x86)/microchip/xc32/v1.42/bin/bin/../../lib/gcc/pic32mx/4.8.3/../../../../pic32mx/lib\libc.a(atoi.o)
 .debug_abbrev  0x0000411e       0x28 c:/program files (x86)/microchip/xc32/v1.42/bin/bin/../../lib/gcc/pic32mx/4.8.3/../../../../pic32mx/lib\libc.a(strcat.o)
 .debug_abbrev  0x00004146       0x28 c:/program files (x86)/microchip/xc32/v1.42/bin/bin/../../lib/gcc/pic32mx/4.8.3/../../../../pic32mx/lib\libc.a(sprintf_cdnopuxX.eo)
 .debug_abbrev  0x0000416e       0x28 c:/program files (x86)/microchip/xc32/v1.42/bin/bin/../../lib/gcc/pic32mx/4.8.3/../../../../pic32mx/lib\libc.a(doprnt_cdnopuxX.eo)
 .debug_abbrev  0x00004196       0x28 c:/program files (x86)/microchip/xc32/v1.42/bin/bin/../../lib/gcc/pic32mx/4.8.3/../../../../pic32mx/lib\libc.a(_fputc_simple.o)
 .debug_abbrev  0x000041be       0x28 c:/program files (x86)/microchip/xc32/v1.42/bin/bin/../../lib/gcc/pic32mx/4.8.3/../../../../pic32mx/lib\libc.a(_flsbuf_simple.o)
 .debug_abbrev  0x000041e6       0x28 c:/program files (x86)/microchip/xc32/v1.42/bin/bin/../../lib/gcc/pic32mx/4.8.3/../../../../pic32mx/lib\libpic32.a(write.o)
 .debug_abbrev  0x0000420e       0x28 c:/program files (x86)/microchip/xc32/v1.42/bin/bin/../../lib/gcc/pic32mx/4.8.3/../../../../pic32mx/lib\libpic32.a(_mon_putc.o)
 .debug_abbrev  0x00004236      0x138 c:/program files (x86)/microchip/xc32/v1.42/bin/bin/../../lib/gcc/pic32mx/4.8.3\libgcc.a(_udivdi3.o)
 .debug_abbrev  0x0000436e      0x147 c:/program files (x86)/microchip/xc32/v1.42/bin/bin/../../lib/gcc/pic32mx/4.8.3\libgcc.a(_umoddi3.o)

.debug_line     0x00000000     0x9091
 *(.debug_line)
 .debug_line    0x00000000      0xca9 build/milestone1/production/_ext/1864120335/drv_tmr_static.o
 .debug_line    0x00000ca9      0x52e build/milestone1/production/_ext/1864120335/drv_tmr_mapping.o
 .debug_line    0x000011d7      0x460 build/milestone1/production/_ext/192191419/drv_usart_mapping.o
 .debug_line    0x00001637      0x866 build/milestone1/production/_ext/192191419/drv_usart_static.o
 .debug_line    0x00001e9d      0x4d4 build/milestone1/production/_ext/192191419/drv_usart_static_byte_model.o
 .debug_line    0x00002371      0x41d build/milestone1/production/_ext/383799649/sys_clk_static.o
 .debug_line    0x0000278e      0x796 build/milestone1/production/_ext/956857457/sys_ports_static.o
 .debug_line    0x00002f24      0x600 build/milestone1/production/_ext/1555642536/system_init.o
 .debug_line    0x00003524      0x4c9 build/milestone1/production/_ext/1555642536/system_interrupt.o
 .debug_line    0x000039ed      0x1da build/milestone1/production/_ext/1555642536/system_exceptions.o
 .debug_line    0x00003bc7      0x390 build/milestone1/production/_ext/1555642536/system_tasks.o
 .debug_line    0x00003f57      0x126 build/milestone1/production/_ext/1555642536/system_interrupt_a.o
 .debug_line    0x0000407d      0x155 build/milestone1/production/_ext/1555642536/rtos_hooks.o
 .debug_line    0x000041d2      0x3b4 build/milestone1/production/_ext/1360937237/app.o
 .debug_line    0x00004586       0xc7 build/milestone1/production/_ext/1360937237/main.o
 .debug_line    0x0000464d      0x3b0 build/milestone1/production/_ext/1360937237/navigation.o
 .debug_line    0x000049fd      0x373 build/milestone1/production/_ext/1360937237/mapping.o
 .debug_line    0x00004d70      0x764 build/milestone1/production/_ext/1360937237/communication.o
 .debug_line    0x000054d4      0x324 build/milestone1/production/_ext/1360937237/ms2test.o
 .debug_line    0x000057f8      0x2bb build/milestone1/production/_ext/1423261102/osal_freertos.o
 .debug_line    0x00005ab3      0x5c6 build/milestone1/production/_ext/2019779704/sys_devcon.o
 .debug_line    0x00006079      0x471 build/milestone1/production/_ext/2019779704/sys_devcon_pic32mx.o
 .debug_line    0x000064ea      0x38c build/milestone1/production/_ext/1620769490/sys_int_pic32.o
 .debug_line    0x00006876      0x217 build/milestone1/production/_ext/1366647692/heap_1.o
 .debug_line    0x00006a8d      0x23a build/milestone1/production/_ext/1475386849/port.o
 .debug_line    0x00006cc7      0x123 build/milestone1/production/_ext/1475386849/port_asm.o
 .debug_line    0x00006dea       0x1d build/milestone1/production/_ext/1241959881/croutine.o
 .debug_line    0x00006e07      0x1dc build/milestone1/production/_ext/1241959881/list.o
 .debug_line    0x00006fe3      0x496 build/milestone1/production/_ext/1241959881/queue.o
 .debug_line    0x00007479      0x7ba build/milestone1/production/_ext/1241959881/tasks.o
 .debug_line    0x00007c33       0x1d build/milestone1/production/_ext/1241959881/timers.o
 .debug_line    0x00007c50      0x325 build/milestone1/production/_ext/1241959881/event_groups.o
 .debug_line    0x00007f75      0x30f build/milestone1/production/_ext/1360937237/debug.o
 .debug_line    0x00008284      0x23a build/milestone1/production/_ext/1360937237/motor.o
 .debug_line    0x000084be      0x31e build/milestone1/production/_ext/1360937237/myjson.o
 .debug_line    0x000087dc       0xa9 c:/program files (x86)/microchip/xc32/v1.42/bin/bin/../../lib/gcc/pic32mx/4.8.3/../../../../pic32mx/lib\libpic32.a(default-bootstrap-exception-handler.o)
 .debug_line    0x00008885       0x96 c:/program files (x86)/microchip/xc32/v1.42/bin/bin/../../lib/gcc/pic32mx/4.8.3/../../../../pic32mx/lib\libpic32.a(default-on-reset.o)
 .debug_line    0x0000891b       0x9a c:/program files (x86)/microchip/xc32/v1.42/bin/bin/../../lib/gcc/pic32mx/4.8.3/../../../../pic32mx/lib\libpic32.a(default-on-bootstrap.o)
 .debug_line    0x000089b5       0xa8 c:/program files (x86)/microchip/xc32/v1.42/bin/bin/../../lib/gcc/pic32mx/4.8.3/../../../../pic32mx/lib\libpic32.a(defaultinterrupt.o)
 .debug_line    0x00008a5d       0x80 c:/program files (x86)/microchip/xc32/v1.42/bin/bin/../../lib/gcc/pic32mx/4.8.3/../../../../pic32mx/lib\libc.a(atoi.o)
 .debug_line    0x00008add        0x0 c:/program files (x86)/microchip/xc32/v1.42/bin/bin/../../lib/gcc/pic32mx/4.8.3/../../../../pic32mx/lib\libc.a(ctype.o)
 .debug_line    0x00008add       0x82 c:/program files (x86)/microchip/xc32/v1.42/bin/bin/../../lib/gcc/pic32mx/4.8.3/../../../../pic32mx/lib\libc.a(strcat.o)
 .debug_line    0x00008b5f       0x83 c:/program files (x86)/microchip/xc32/v1.42/bin/bin/../../lib/gcc/pic32mx/4.8.3/../../../../pic32mx/lib\libc.a(sprintf_cdnopuxX.eo)
 .debug_line    0x00008be2       0x82 c:/program files (x86)/microchip/xc32/v1.42/bin/bin/../../lib/gcc/pic32mx/4.8.3/../../../../pic32mx/lib\libc.a(doprnt_cdnopuxX.eo)
 .debug_line    0x00008c64       0x81 c:/program files (x86)/microchip/xc32/v1.42/bin/bin/../../lib/gcc/pic32mx/4.8.3/../../../../pic32mx/lib\libc.a(_fputc_simple.o)
 .debug_line    0x00008ce5        0x0 c:/program files (x86)/microchip/xc32/v1.42/bin/bin/../../lib/gcc/pic32mx/4.8.3/../../../../pic32mx/lib\libc.a(_iob.o)
 .debug_line    0x00008ce5       0x82 c:/program files (x86)/microchip/xc32/v1.42/bin/bin/../../lib/gcc/pic32mx/4.8.3/../../../../pic32mx/lib\libc.a(_flsbuf_simple.o)
 .debug_line    0x00008d67       0x8b c:/program files (x86)/microchip/xc32/v1.42/bin/bin/../../lib/gcc/pic32mx/4.8.3/../../../../pic32mx/lib\libpic32.a(write.o)
 .debug_line    0x00008df2       0x8f c:/program files (x86)/microchip/xc32/v1.42/bin/bin/../../lib/gcc/pic32mx/4.8.3/../../../../pic32mx/lib\libpic32.a(_mon_putc.o)
 .debug_line    0x00008e81        0x0 c:/program files (x86)/microchip/xc32/v1.42/bin/bin/../../lib/gcc/pic32mx/4.8.3/../../../../pic32mx/lib\libpic32.a(xc32_uart.o)
 .debug_line    0x00008e81       0xff c:/program files (x86)/microchip/xc32/v1.42/bin/bin/../../lib/gcc/pic32mx/4.8.3\libgcc.a(_udivdi3.o)
 .debug_line    0x00008f80      0x111 c:/program files (x86)/microchip/xc32/v1.42/bin/bin/../../lib/gcc/pic32mx/4.8.3\libgcc.a(_umoddi3.o)

.debug_frame    0x00000000     0x22d8
 *(.debug_frame)
 .debug_frame   0x00000000      0x3a0 build/milestone1/production/_ext/1864120335/drv_tmr_static.o
 .debug_frame   0x000003a0      0x1c8 build/milestone1/production/_ext/1864120335/drv_tmr_mapping.o
 .debug_frame   0x00000568      0x238 build/milestone1/production/_ext/192191419/drv_usart_mapping.o
 .debug_frame   0x000007a0       0xfc build/milestone1/production/_ext/192191419/drv_usart_static.o
 .debug_frame   0x0000089c       0x80 build/milestone1/production/_ext/192191419/drv_usart_static_byte_model.o
 .debug_frame   0x0000091c       0xa0 build/milestone1/production/_ext/383799649/sys_clk_static.o
 .debug_frame   0x000009bc      0x1f0 build/milestone1/production/_ext/956857457/sys_ports_static.o
 .debug_frame   0x00000bac       0x28 build/milestone1/production/_ext/1555642536/system_init.o
 .debug_frame   0x00000bd4       0x90 build/milestone1/production/_ext/1555642536/system_interrupt.o
 .debug_frame   0x00000c64       0x28 build/milestone1/production/_ext/1555642536/system_exceptions.o
 .debug_frame   0x00000c8c       0xa0 build/milestone1/production/_ext/1555642536/system_tasks.o
 .debug_frame   0x00000d2c       0x40 build/milestone1/production/_ext/1555642536/rtos_hooks.o
 .debug_frame   0x00000d6c       0x5c build/milestone1/production/_ext/1360937237/app.o
 .debug_frame   0x00000dc8       0x28 build/milestone1/production/_ext/1360937237/main.o
 .debug_frame   0x00000df0       0x94 build/milestone1/production/_ext/1360937237/navigation.o
 .debug_frame   0x00000e84       0x88 build/milestone1/production/_ext/1360937237/mapping.o
 .debug_frame   0x00000f0c      0x1ec build/milestone1/production/_ext/1360937237/communication.o
 .debug_frame   0x000010f8      0x110 build/milestone1/production/_ext/1360937237/ms2test.o
 .debug_frame   0x00001208      0x150 build/milestone1/production/_ext/1423261102/osal_freertos.o
 .debug_frame   0x00001358       0xe8 build/milestone1/production/_ext/2019779704/sys_devcon.o
 .debug_frame   0x00001440       0x28 build/milestone1/production/_ext/2019779704/sys_devcon_pic32mx.o
 .debug_frame   0x00001468       0x90 build/milestone1/production/_ext/1620769490/sys_int_pic32.o
 .debug_frame   0x000014f8       0x5c build/milestone1/production/_ext/1366647692/heap_1.o
 .debug_frame   0x00001554       0xc0 build/milestone1/production/_ext/1475386849/port.o
 .debug_frame   0x00001614       0x60 build/milestone1/production/_ext/1241959881/list.o
 .debug_frame   0x00001674      0x218 build/milestone1/production/_ext/1241959881/queue.o
 .debug_frame   0x0000188c      0x458 build/milestone1/production/_ext/1241959881/tasks.o
 .debug_frame   0x00001ce4      0x108 build/milestone1/production/_ext/1241959881/event_groups.o
 .debug_frame   0x00001dec       0x94 build/milestone1/production/_ext/1360937237/debug.o
 .debug_frame   0x00001e80       0x80 build/milestone1/production/_ext/1360937237/motor.o
 .debug_frame   0x00001f00      0x1b8 build/milestone1/production/_ext/1360937237/myjson.o
 .debug_frame   0x000020b8       0x2c c:/program files (x86)/microchip/xc32/v1.42/bin/bin/../../lib/gcc/pic32mx/4.8.3/../../../../pic32mx/lib\libpic32.a(default-bootstrap-exception-handler.o)
 .debug_frame   0x000020e4       0x20 c:/program files (x86)/microchip/xc32/v1.42/bin/bin/../../lib/gcc/pic32mx/4.8.3/../../../../pic32mx/lib\libpic32.a(default-on-reset.o)
 .debug_frame   0x00002104       0x20 c:/program files (x86)/microchip/xc32/v1.42/bin/bin/../../lib/gcc/pic32mx/4.8.3/../../../../pic32mx/lib\libpic32.a(default-on-bootstrap.o)
 .debug_frame   0x00002124       0x20 c:/program files (x86)/microchip/xc32/v1.42/bin/bin/../../lib/gcc/pic32mx/4.8.3/../../../../pic32mx/lib\libpic32.a(defaultinterrupt.o)
 .debug_frame   0x00002144       0x20 c:/program files (x86)/microchip/xc32/v1.42/bin/bin/../../lib/gcc/pic32mx/4.8.3/../../../../pic32mx/lib\libc.a(atoi.o)
 .debug_frame   0x00002164       0x20 c:/program files (x86)/microchip/xc32/v1.42/bin/bin/../../lib/gcc/pic32mx/4.8.3/../../../../pic32mx/lib\libc.a(strcat.o)
 .debug_frame   0x00002184       0x28 c:/program files (x86)/microchip/xc32/v1.42/bin/bin/../../lib/gcc/pic32mx/4.8.3/../../../../pic32mx/lib\libc.a(sprintf_cdnopuxX.eo)
 .debug_frame   0x000021ac       0x38 c:/program files (x86)/microchip/xc32/v1.42/bin/bin/../../lib/gcc/pic32mx/4.8.3/../../../../pic32mx/lib\libc.a(doprnt_cdnopuxX.eo)
 .debug_frame   0x000021e4       0x2c c:/program files (x86)/microchip/xc32/v1.42/bin/bin/../../lib/gcc/pic32mx/4.8.3/../../../../pic32mx/lib\libc.a(_fputc_simple.o)
 .debug_frame   0x00002210       0x28 c:/program files (x86)/microchip/xc32/v1.42/bin/bin/../../lib/gcc/pic32mx/4.8.3/../../../../pic32mx/lib\libc.a(_flsbuf_simple.o)
 .debug_frame   0x00002238       0x38 c:/program files (x86)/microchip/xc32/v1.42/bin/bin/../../lib/gcc/pic32mx/4.8.3/../../../../pic32mx/lib\libpic32.a(write.o)
 .debug_frame   0x00002270       0x28 c:/program files (x86)/microchip/xc32/v1.42/bin/bin/../../lib/gcc/pic32mx/4.8.3/../../../../pic32mx/lib\libpic32.a(_mon_putc.o)
 .debug_frame   0x00002298       0x20 c:/program files (x86)/microchip/xc32/v1.42/bin/bin/../../lib/gcc/pic32mx/4.8.3\libgcc.a(_udivdi3.o)
 .debug_frame   0x000022b8       0x20 c:/program files (x86)/microchip/xc32/v1.42/bin/bin/../../lib/gcc/pic32mx/4.8.3\libgcc.a(_umoddi3.o)

.debug_str      0x00000000      0x8b3
 *(.debug_str)
 .debug_str     0x00000000       0x80 build/milestone1/production/_ext/1864120335/drv_tmr_static.o
 .debug_str     0x00000080        0x7 build/milestone1/production/_ext/1864120335/drv_tmr_mapping.o
 .debug_str     0x00000087       0x23 build/milestone1/production/_ext/192191419/drv_usart_mapping.o
 .debug_str     0x000000aa       0xe2 build/milestone1/production/_ext/192191419/drv_usart_static.o
 .debug_str     0x0000018c       0x12 build/milestone1/production/_ext/192191419/drv_usart_static_byte_model.o
 .debug_str     0x0000019e       0x39 build/milestone1/production/_ext/383799649/sys_clk_static.o
 .debug_str     0x000001d7       0x55 build/milestone1/production/_ext/956857457/sys_ports_static.o
 .debug_str     0x0000022c       0x36 build/milestone1/production/_ext/1555642536/system_init.o
 .debug_str     0x00000262       0x25 build/milestone1/production/_ext/1555642536/system_interrupt.o
 .debug_str     0x00000287        0x0 build/milestone1/production/_ext/1555642536/system_exceptions.o
 .debug_str     0x00000287        0x0 build/milestone1/production/_ext/1555642536/system_tasks.o
 .debug_str     0x00000287        0x9 build/milestone1/production/_ext/1555642536/rtos_hooks.o
 .debug_str     0x00000290        0x0 build/milestone1/production/_ext/1360937237/app.o
 .debug_str     0x00000290        0x0 build/milestone1/production/_ext/1360937237/main.o
 .debug_str     0x00000290       0x19 build/milestone1/production/_ext/1360937237/navigation.o
 .debug_str     0x000002a9       0x19 build/milestone1/production/_ext/1360937237/mapping.o
 .debug_str     0x000002c2       0xd2 build/milestone1/production/_ext/1360937237/communication.o
 .debug_str     0x00000394       0x18 build/milestone1/production/_ext/1360937237/ms2test.o
 .debug_str     0x000003ac       0x40 build/milestone1/production/_ext/1423261102/osal_freertos.o
 .debug_str     0x000003ec       0x16 build/milestone1/production/_ext/2019779704/sys_devcon.o
 .debug_str     0x00000402        0x6 build/milestone1/production/_ext/2019779704/sys_devcon_pic32mx.o
 .debug_str     0x00000408       0x2d build/milestone1/production/_ext/1620769490/sys_int_pic32.o
 .debug_str     0x00000435       0x1d build/milestone1/production/_ext/1366647692/heap_1.o
 .debug_str     0x00000452       0x37 build/milestone1/production/_ext/1475386849/port.o
 .debug_str     0x00000489        0x0 build/milestone1/production/_ext/1241959881/croutine.o
 .debug_str     0x00000489       0x2b build/milestone1/production/_ext/1241959881/list.o
 .debug_str     0x000004b4      0x131 build/milestone1/production/_ext/1241959881/queue.o
 .debug_str     0x000005e5      0x186 build/milestone1/production/_ext/1241959881/tasks.o
 .debug_str     0x0000076b        0x0 build/milestone1/production/_ext/1241959881/timers.o
 .debug_str     0x0000076b       0xe6 build/milestone1/production/_ext/1241959881/event_groups.o
 .debug_str     0x00000851        0x7 build/milestone1/production/_ext/1360937237/debug.o
 .debug_str     0x00000858       0x1d build/milestone1/production/_ext/1360937237/motor.o
 .debug_str     0x00000875       0x3e build/milestone1/production/_ext/1360937237/myjson.o
 .debug_str     0x000008b3        0x0 c:/program files (x86)/microchip/xc32/v1.42/bin/bin/../../lib/gcc/pic32mx/4.8.3/../../../../pic32mx/lib\libpic32.a(default-bootstrap-exception-handler.o)
 .debug_str     0x000008b3        0x0 c:/program files (x86)/microchip/xc32/v1.42/bin/bin/../../lib/gcc/pic32mx/4.8.3/../../../../pic32mx/lib\libpic32.a(default-on-reset.o)
 .debug_str     0x000008b3        0x0 c:/program files (x86)/microchip/xc32/v1.42/bin/bin/../../lib/gcc/pic32mx/4.8.3/../../../../pic32mx/lib\libpic32.a(default-on-bootstrap.o)
 .debug_str     0x000008b3        0x0 c:/program files (x86)/microchip/xc32/v1.42/bin/bin/../../lib/gcc/pic32mx/4.8.3/../../../../pic32mx/lib\libpic32.a(defaultinterrupt.o)
 .debug_str     0x000008b3        0x0 c:/program files (x86)/microchip/xc32/v1.42/bin/bin/../../lib/gcc/pic32mx/4.8.3/../../../../pic32mx/lib\libc.a(atoi.o)
 .debug_str     0x000008b3        0x0 c:/program files (x86)/microchip/xc32/v1.42/bin/bin/../../lib/gcc/pic32mx/4.8.3/../../../../pic32mx/lib\libc.a(ctype.o)
 .debug_str     0x000008b3        0x0 c:/program files (x86)/microchip/xc32/v1.42/bin/bin/../../lib/gcc/pic32mx/4.8.3/../../../../pic32mx/lib\libc.a(strcat.o)
 .debug_str     0x000008b3        0x0 c:/program files (x86)/microchip/xc32/v1.42/bin/bin/../../lib/gcc/pic32mx/4.8.3/../../../../pic32mx/lib\libc.a(sprintf_cdnopuxX.eo)
 .debug_str     0x000008b3        0x0 c:/program files (x86)/microchip/xc32/v1.42/bin/bin/../../lib/gcc/pic32mx/4.8.3/../../../../pic32mx/lib\libc.a(doprnt_cdnopuxX.eo)
 .debug_str     0x000008b3        0x0 c:/program files (x86)/microchip/xc32/v1.42/bin/bin/../../lib/gcc/pic32mx/4.8.3/../../../../pic32mx/lib\libc.a(_fputc_simple.o)
 .debug_str     0x000008b3        0x0 c:/program files (x86)/microchip/xc32/v1.42/bin/bin/../../lib/gcc/pic32mx/4.8.3/../../../../pic32mx/lib\libc.a(_iob.o)
 .debug_str     0x000008b3        0x0 c:/program files (x86)/microchip/xc32/v1.42/bin/bin/../../lib/gcc/pic32mx/4.8.3/../../../../pic32mx/lib\libc.a(_flsbuf_simple.o)
 .debug_str     0x000008b3        0x0 c:/program files (x86)/microchip/xc32/v1.42/bin/bin/../../lib/gcc/pic32mx/4.8.3/../../../../pic32mx/lib\libpic32.a(write.o)
 .debug_str     0x000008b3        0x0 c:/program files (x86)/microchip/xc32/v1.42/bin/bin/../../lib/gcc/pic32mx/4.8.3/../../../../pic32mx/lib\libpic32.a(_mon_putc.o)
 .debug_str     0x000008b3        0x0 c:/program files (x86)/microchip/xc32/v1.42/bin/bin/../../lib/gcc/pic32mx/4.8.3/../../../../pic32mx/lib\libpic32.a(xc32_uart.o)
 .debug_str     0x000008b3        0x0 c:/program files (x86)/microchip/xc32/v1.42/bin/bin/../../lib/gcc/pic32mx/4.8.3\libgcc.a(_udivdi3.o)
 .debug_str     0x000008b3        0x0 c:/program files (x86)/microchip/xc32/v1.42/bin/bin/../../lib/gcc/pic32mx/4.8.3\libgcc.a(_umoddi3.o)

.debug_loc      0x00000000     0x9406
 *(.debug_loc)
 .debug_loc     0x00000000      0xb52 build/milestone1/production/_ext/1864120335/drv_tmr_static.o
 .debug_loc     0x00000b52      0x5cf build/milestone1/production/_ext/1864120335/drv_tmr_mapping.o
 .debug_loc     0x00001121      0x69f build/milestone1/production/_ext/192191419/drv_usart_mapping.o
 .debug_loc     0x000017c0      0x575 build/milestone1/production/_ext/192191419/drv_usart_static.o
 .debug_loc     0x00001d35       0x74 build/milestone1/production/_ext/192191419/drv_usart_static_byte_model.o
 .debug_loc     0x00001da9       0x49 build/milestone1/production/_ext/383799649/sys_clk_static.o
 .debug_loc     0x00001df2      0xecf build/milestone1/production/_ext/956857457/sys_ports_static.o
 .debug_loc     0x00002cc1       0x21 build/milestone1/production/_ext/1555642536/system_init.o
 .debug_loc     0x00002ce2       0xc6 build/milestone1/production/_ext/1555642536/system_interrupt.o
 .debug_loc     0x00002da8       0x34 build/milestone1/production/_ext/1555642536/rtos_hooks.o
 .debug_loc     0x00002ddc       0x89 build/milestone1/production/_ext/1360937237/app.o
 .debug_loc     0x00002e65      0x391 build/milestone1/production/_ext/1360937237/navigation.o
 .debug_loc     0x000031f6      0x290 build/milestone1/production/_ext/1360937237/mapping.o
 .debug_loc     0x00003486      0x93d build/milestone1/production/_ext/1360937237/communication.o
 .debug_loc     0x00003dc3      0x11f build/milestone1/production/_ext/1360937237/ms2test.o
 .debug_loc     0x00003ee2      0x40c build/milestone1/production/_ext/1423261102/osal_freertos.o
 .debug_loc     0x000042ee       0xf0 build/milestone1/production/_ext/2019779704/sys_devcon.o
 .debug_loc     0x000043de       0xec build/milestone1/production/_ext/2019779704/sys_devcon_pic32mx.o
 .debug_loc     0x000044ca       0x8d build/milestone1/production/_ext/1620769490/sys_int_pic32.o
 .debug_loc     0x00004557       0x49 build/milestone1/production/_ext/1366647692/heap_1.o
 .debug_loc     0x000045a0       0xea build/milestone1/production/_ext/1475386849/port.o
 .debug_loc     0x0000468a       0x31 build/milestone1/production/_ext/1241959881/list.o
 .debug_loc     0x000046bb      0xeb0 build/milestone1/production/_ext/1241959881/queue.o
 .debug_loc     0x0000556b     0x1471 build/milestone1/production/_ext/1241959881/tasks.o
 .debug_loc     0x000069dc      0x8ea build/milestone1/production/_ext/1241959881/event_groups.o
 .debug_loc     0x000072c6      0x18a build/milestone1/production/_ext/1360937237/debug.o
 .debug_loc     0x00007450      0x254 build/milestone1/production/_ext/1360937237/motor.o
 .debug_loc     0x000076a4      0x8bb build/milestone1/production/_ext/1360937237/myjson.o
 .debug_loc     0x00007f5f      0xa6a c:/program files (x86)/microchip/xc32/v1.42/bin/bin/../../lib/gcc/pic32mx/4.8.3\libgcc.a(_udivdi3.o)
 .debug_loc     0x000089c9      0xa3d c:/program files (x86)/microchip/xc32/v1.42/bin/bin/../../lib/gcc/pic32mx/4.8.3\libgcc.a(_umoddi3.o)

.debug_macinfo
 *(.debug_macinfo)

.debug_weaknames
 *(.debug_weaknames)

.debug_funcnames
 *(.debug_funcnames)

.debug_typenames
 *(.debug_typenames)
