
Optional file libmchp_peripheral.a not found

Optional file libmchp_peripheral_32MX795F512L.a not found
Archive member included because of file (symbol)

c:/program files (x86)/microchip/xc32/v1.42/bin/bin/../../lib/gcc/pic32mx/4.8.3/../../../../pic32mx/lib\libpic32.a(memcpy.o)
                              build/milestone1/production/_ext/207208378/queue.o (memcpy)
c:/program files (x86)/microchip/xc32/v1.42/bin/bin/../../lib/gcc/pic32mx/4.8.3/../../../../pic32mx/lib\libpic32.a(memset.o)
                              build/milestone1/production/_ext/207208378/tasks.o (memset)
c:/program files (x86)/microchip/xc32/v1.42/bin/bin/../../lib/gcc/pic32mx/4.8.3/../../../../pic32mx/lib\libpic32.a(default-bootstrap-exception-handler.o)
                              c:/program files (x86)/microchip/xc32/v1.42/bin/bin/../../lib/gcc/pic32mx/4.8.3/../../../../pic32mx/lib/./proc/32MX795F512L/crt0_mips32r2.o (_bootstrap_exception_handler)
c:/program files (x86)/microchip/xc32/v1.42/bin/bin/../../lib/gcc/pic32mx/4.8.3/../../../../pic32mx/lib\libpic32.a(default-on-reset.o)
                              c:/program files (x86)/microchip/xc32/v1.42/bin/bin/../../lib/gcc/pic32mx/4.8.3/../../../../pic32mx/lib/./proc/32MX795F512L/crt0_mips32r2.o (_on_reset)
c:/program files (x86)/microchip/xc32/v1.42/bin/bin/../../lib/gcc/pic32mx/4.8.3/../../../../pic32mx/lib\libpic32.a(default-on-bootstrap.o)
                              c:/program files (x86)/microchip/xc32/v1.42/bin/bin/../../lib/gcc/pic32mx/4.8.3/../../../../pic32mx/lib/./proc/32MX795F512L/crt0_mips32r2.o (_on_bootstrap)
c:/program files (x86)/microchip/xc32/v1.42/bin/bin/../../lib/gcc/pic32mx/4.8.3/../../../../pic32mx/lib\libpic32.a(default-nmi-handler.o)
                              c:/program files (x86)/microchip/xc32/v1.42/bin/bin/../../lib/gcc/pic32mx/4.8.3/../../../../pic32mx/lib/./proc/32MX795F512L/crt0_mips32r2.o (_nmi_handler)
c:/program files (x86)/microchip/xc32/v1.42/bin/bin/../../lib/gcc/pic32mx/4.8.3/../../../../pic32mx/lib\libpic32.a(general-exception.o)
                              c:/program files (x86)/microchip/xc32/v1.42/bin/bin/../../lib/gcc/pic32mx/4.8.3/../../../../pic32mx/lib/./proc/32MX795F512L/crt0_mips32r2.o (_general_exception_context)
c:/program files (x86)/microchip/xc32/v1.42/bin/bin/../../lib/gcc/pic32mx/4.8.3/../../../../pic32mx/lib\libpic32.a(vector0.o)
                              c:/program files (x86)/microchip/xc32/v1.42/bin/bin/../../lib/gcc/pic32mx/4.8.3/../../../../pic32mx/lib/./proc/32MX795F512L\default_isr_vectors.o (__vector_dispatch_0)
c:/program files (x86)/microchip/xc32/v1.42/bin/bin/../../lib/gcc/pic32mx/4.8.3/../../../../pic32mx/lib\libpic32.a(vector2.o)
                              c:/program files (x86)/microchip/xc32/v1.42/bin/bin/../../lib/gcc/pic32mx/4.8.3/../../../../pic32mx/lib/./proc/32MX795F512L\default_isr_vectors.o (__vector_dispatch_2)
c:/program files (x86)/microchip/xc32/v1.42/bin/bin/../../lib/gcc/pic32mx/4.8.3/../../../../pic32mx/lib\libpic32.a(vector3.o)
                              c:/program files (x86)/microchip/xc32/v1.42/bin/bin/../../lib/gcc/pic32mx/4.8.3/../../../../pic32mx/lib/./proc/32MX795F512L\default_isr_vectors.o (__vector_dispatch_3)
c:/program files (x86)/microchip/xc32/v1.42/bin/bin/../../lib/gcc/pic32mx/4.8.3/../../../../pic32mx/lib\libpic32.a(vector5.o)
                              c:/program files (x86)/microchip/xc32/v1.42/bin/bin/../../lib/gcc/pic32mx/4.8.3/../../../../pic32mx/lib/./proc/32MX795F512L\default_isr_vectors.o (__vector_dispatch_5)
c:/program files (x86)/microchip/xc32/v1.42/bin/bin/../../lib/gcc/pic32mx/4.8.3/../../../../pic32mx/lib\libpic32.a(vector6.o)
                              c:/program files (x86)/microchip/xc32/v1.42/bin/bin/../../lib/gcc/pic32mx/4.8.3/../../../../pic32mx/lib/./proc/32MX795F512L\default_isr_vectors.o (__vector_dispatch_6)
c:/program files (x86)/microchip/xc32/v1.42/bin/bin/../../lib/gcc/pic32mx/4.8.3/../../../../pic32mx/lib\libpic32.a(vector7.o)
                              c:/program files (x86)/microchip/xc32/v1.42/bin/bin/../../lib/gcc/pic32mx/4.8.3/../../../../pic32mx/lib/./proc/32MX795F512L\default_isr_vectors.o (__vector_dispatch_7)
c:/program files (x86)/microchip/xc32/v1.42/bin/bin/../../lib/gcc/pic32mx/4.8.3/../../../../pic32mx/lib\libpic32.a(vector9.o)
                              c:/program files (x86)/microchip/xc32/v1.42/bin/bin/../../lib/gcc/pic32mx/4.8.3/../../../../pic32mx/lib/./proc/32MX795F512L\default_isr_vectors.o (__vector_dispatch_9)
c:/program files (x86)/microchip/xc32/v1.42/bin/bin/../../lib/gcc/pic32mx/4.8.3/../../../../pic32mx/lib\libpic32.a(vector10.o)
                              c:/program files (x86)/microchip/xc32/v1.42/bin/bin/../../lib/gcc/pic32mx/4.8.3/../../../../pic32mx/lib/./proc/32MX795F512L\default_isr_vectors.o (__vector_dispatch_10)
c:/program files (x86)/microchip/xc32/v1.42/bin/bin/../../lib/gcc/pic32mx/4.8.3/../../../../pic32mx/lib\libpic32.a(vector11.o)
[...]
Memory Configuration

Name             Origin             Length             Attributes
kseg0_program_mem 0x9d000000         0x00080000         xr
kseg0_boot_mem   0x9fc00490         0x00000970
exception_mem    0x9fc01000         0x00001000
kseg1_boot_mem   0xbfc00000         0x00000490
debug_exec_mem   0xbfc02000         0x00000ff0
config3          0xbfc02ff0         0x00000004
config2          0xbfc02ff4         0x00000004
config1          0xbfc02ff8         0x00000004
config0          0xbfc02ffc         0x00000004
kseg1_data_mem   0xa0000000         0x00020000         w !x
sfrs             0xbf800000         0x00100000
configsfrs       0xbfc02ff0         0x00000010
*default*        0x00000000         0xffffffff

Linker script and memory map

LOAD c:/program files (x86)/microchip/xc32/v1.42/bin/bin/../../lib/gcc/pic32mx/4.8.3/../../../../pic32mx/lib/./proc/32MX795F512L/crt0_mips32r2.o
LOAD c:/program files (x86)/microchip/xc32/v1.42/bin/bin/../../lib/gcc/pic32mx/4.8.3/../../../../pic32mx/lib\debug-exception-return.o
LOAD build/milestone1/production/_ext/1360937237/app.o
LOAD build/milestone1/production/_ext/1360937237/main.o
LOAD build/milestone1/production/_ext/1360937237/debug.o
LOAD build/milestone1/production/_ext/1785267873/osal_freertos.o
LOAD build/milestone1/production/_ext/220938215/sys_devcon.o
LOAD build/milestone1/production/_ext/220938215/sys_devcon_pic32mx.o
LOAD build/milestone1/production/_ext/1272805407/sys_int_pic32.o
LOAD build/milestone1/production/_ext/207208378/croutine.o
LOAD build/milestone1/production/_ext/207208378/list.o
LOAD build/milestone1/production/_ext/207208378/queue.o
LOAD build/milestone1/production/_ext/207208378/tasks.o
LOAD build/milestone1/production/_ext/207208378/timers.o
LOAD build/milestone1/production/_ext/207208378/event_groups.o
LOAD build/milestone1/production/_ext/38950237/heap_1.o
LOAD build/milestone1/production/_ext/833221424/port.o
LOAD build/milestone1/production/_ext/833221424/port_asm.o
LOAD build/milestone1/production/_ext/1864120335/drv_tmr_static.o
LOAD build/milestone1/production/_ext/1864120335/drv_tmr_mapping.o
LOAD build/milestone1/production/_ext/192191419/drv_usart_mapping.o
LOAD build/milestone1/production/_ext/192191419/drv_usart_static.o
LOAD build/milestone1/production/_ext/192191419/drv_usart_static_byte_model.o
LOAD build/milestone1/production/_ext/383799649/sys_clk_static.o
LOAD build/milestone1/production/_ext/956857457/sys_ports_static.o
LOAD build/milestone1/production/_ext/1555642536/system_init.o
LOAD build/milestone1/production/_ext/1555642536/system_interrupt.o
LOAD build/milestone1/production/_ext/1555642536/system_exceptions.o
LOAD build/milestone1/production/_ext/1555642536/system_tasks.o
LOAD build/milestone1/production/_ext/1555642536/system_interrupt_a.o
LOAD build/milestone1/production/_ext/1555642536/rtos_hooks.o
LOAD ..\..\..\..\..\..\..\..\microchip\harmony\v1_09\bin\framework\peripheral\PIC32MX795F512L_peripherals.a
                0x00000001                __MPLAB_BUILD = 0x1
                0x00000000                _min_heap_size = 0x0
LOAD c:/program files (x86)/microchip/xc32/v1.42/bin/bin/../../lib/gcc/pic32mx/4.8.3/../../../../pic32mx/lib/./proc/32MX795F512L\default_isr_vectors.o
LOAD c:/program files (x86)/microchip/xc32/v1.42/bin/bin/../../lib/gcc/pic32mx/4.8.3/../../../../pic32mx/lib\pic32_software_reset.o
                0x00000400                PROVIDE (_min_stack_size, 0x400)
LOAD c:/program files (x86)/microchip/xc32/v1.42/bin/bin/../../lib/gcc/pic32mx/4.8.3/../../../../pic32mx/lib/./proc/32MX795F512L\processor.o
START GROUP
LOAD libmchp_peripheral.a
END GROUP
START GROUP
LOAD libmchp_peripheral_32MX795F512L.a
END GROUP
                0x00000001                PROVIDE (_vector_spacing, 0x1)
                0x9fc01000                PROVIDE (_ebase_address, 0x9fc01000)
                0xbfc00000                _RESET_ADDR = 0xbfc00000
                0xbfc00380                _BEV_EXCPT_ADDR = 0xbfc00380
                0xbfc00480                _DBG_EXCPT_ADDR = 0xbfc00480
                0xbfc02000                _DBG_CODE_ADDR = 0xbfc02000
                0x00000ff0                _DBG_CODE_SIZE = 0xff0
                0x9fc01180                _GEN_EXCPT_ADDR = (_ebase_address + 0x180)

.config_BFC02FF0
                0xbfc02ff0        0x4
 *(.config_BFC02FF0)
 .config_BFC02FF0
                0xbfc02ff0        0x4 build/milestone1/production/_ext/1555642536/system_init.o

.config_BFC02FF4
                0xbfc02ff4        0x4
 *(.config_BFC02FF4)
 .config_BFC02FF4
                0xbfc02ff4        0x4 build/milestone1/production/_ext/1555642536/system_init.o

.config_BFC02FF8
                0xbfc02ff8        0x4
 *(.config_BFC02FF8)
 .config_BFC02FF8
                0xbfc02ff8        0x4 build/milestone1/production/_ext/1555642536/system_init.o

.config_BFC02FFC
                0xbfc02ffc        0x4
 *(.config_BFC02FFC)
 .config_BFC02FFC
                0xbfc02ffc        0x4 build/milestone1/production/_ext/1555642536/system_init.o
                0xbfc02000                PROVIDE (_DBG_CODE_ADDR, 0xbfc02000)
                0x00000ff0                PROVIDE (_DBG_CODE_SIZE, 0xff0)

.reset          0xbfc00000      0x208
 *(.reset)
 .reset         0xbfc00000        0x8 c:/program files (x86)/microchip/xc32/v1.42/bin/bin/../../lib/gcc/pic32mx/4.8.3/../../../../pic32mx/lib/./proc/32MX795F512L/crt0_mips32r2.o
                0xbfc00000                _reset
 *(.reset.startup)
 .reset.startup
                0xbfc00008      0x200 c:/program files (x86)/microchip/xc32/v1.42/bin/bin/../../lib/gcc/pic32mx/4.8.3/../../../../pic32mx/lib/./proc/32MX795F512L/crt0_mips32r2.o

.bev_excpt      0xbfc00380       0x10
 *(.bev_handler)
 .bev_handler   0xbfc00380       0x10 c:/program files (x86)/microchip/xc32/v1.42/bin/bin/../../lib/gcc/pic32mx/4.8.3/../../../../pic32mx/lib/./proc/32MX795F512L/crt0_mips32r2.o

.dbg_excpt      0xbfc00480        0x0
                0xbfc00480                . = (. + DEFINED (_DEBUGGER)?0x8:0x0)

.dbg_code       0xbfc02000        0x0
                0xbfc02000                . = (. + DEFINED (_DEBUGGER)?_DBG_CODE_SIZE:0x0)

.app_excpt      0x9fc01180       0x10
 *(.gen_handler)
 .gen_handler   0x9fc01180       0x10 c:/program files (x86)/microchip/xc32/v1.42/bin/bin/../../lib/gcc/pic32mx/4.8.3/../../../../pic32mx/lib/./proc/32MX795F512L/crt0_mips32r2.o

.vector_0       0x9fc01200        0x8
 *(.vector_0)
 .vector_0      0x9fc01200        0x8 c:/program files (x86)/microchip/xc32/v1.42/bin/bin/../../lib/gcc/pic32mx/4.8.3/../../../../pic32mx/lib\libpic32.a(vector0.o)
                0x9fc01200                __vector_dispatch_0
                0x00000001                ASSERT (((_vector_spacing == 0x0) || (SIZEOF (.vector_0) <= (_vector_spacing << 0x5))), function at exception vector 0 too large)

.vector_1       0x9fc01220        0x8
 *(.vector_1)
 .vector_1      0x9fc01220        0x8 build/milestone1/production/_ext/833221424/port.o
                0x9fc01220                __vector_dispatch_1
                0x00000001                ASSERT (((_vector_spacing == 0x0) || (SIZEOF (.vector_1) <= (_vector_spacing << 0x5))), function at exception vector 1 too large)

.vector_2       0x9fc01240        0x8
 *(.vector_2)
 .vector_2      0x9fc01240        0x8 c:/program files (x86)/microchip/xc32/v1.42/bin/bin/../../lib/gcc/pic32mx/4.8.3/../../../../pic32mx/lib\libpic32.a(vector2.o)
                0x9fc01240                __vector_dispatch_2
                0x00000001                ASSERT (((_vector_spacing == 0x0) || (SIZEOF (.vector_2) <= (_vector_spacing << 0x5))), function at exception vector 2 too large)

.vector_3       0x9fc01260        0x8
 *(.vector_3)
 .vector_3      0x9fc01260        0x8 c:/program files (x86)/microchip/xc32/v1.42/bin/bin/../../lib/gcc/pic32mx/4.8.3/../../../../pic32mx/lib\libpic32.a(vector3.o)
                0x9fc01260                __vector_dispatch_3
                0x00000001                ASSERT (((_vector_spacing == 0x0) || (SIZEOF (.vector_3) <= (_vector_spacing << 0x5))), function at exception vector 3 too large)

.vector_4       0x9fc01280        0x8
 *(.vector_4)
 .vector_4      0x9fc01280        0x8 build/milestone1/production/_ext/833221424/port.o
                0x9fc01280                __vector_dispatch_4
                0x00000001                ASSERT (((_vector_spacing == 0x0) || (SIZEOF (.vector_4) <= (_vector_spacing << 0x5))), function at exception vector 4 too large)

.vector_5       0x9fc012a0        0x8
 *(.vector_5)
 .vector_5      0x9fc012a0        0x8 c:/program files (x86)/microchip/xc32/v1.42/bin/bin/../../lib/gcc/pic32mx/4.8.3/../../../../pic32mx/lib\libpic32.a(vector5.o)
                0x9fc012a0                __vector_dispatch_5
                0x00000001                ASSERT (((_vector_spacing == 0x0) || (SIZEOF (.vector_5) <= (_vector_spacing << 0x5))), function at exception vector 5 too large)

.vector_6       0x9fc012c0        0x8
 *(.vector_6)
 .vector_6      0x9fc012c0        0x8 c:/program files (x86)/microchip/xc32/v1.42/bin/bin/../../lib/gcc/pic32mx/4.8.3/../../../../pic32mx/lib\libpic32.a(vector6.o)
                0x9fc012c0                __vector_dispatch_6
                0x00000001                ASSERT (((_vector_spacing == 0x0) || (SIZEOF (.vector_6) <= (_vector_spacing << 0x5))), function at exception vector 6 too large)

.vector_7       0x9fc012e0        0x8
 *(.vector_7)
 .vector_7      0x9fc012e0        0x8 c:/program files (x86)/microchip/xc32/v1.42/bin/bin/../../lib/gcc/pic32mx/4.8.3/../../../../pic32mx/lib\libpic32.a(vector7.o)
                0x9fc012e0                __vector_dispatch_7
                0x00000001                ASSERT (((_vector_spacing == 0x0) || (SIZEOF (.vector_7) <= (_vector_spacing << 0x5))), function at exception vector 7 too large)

.vector_8       0x9fc01300       0x10
 *(.vector_8)
 .vector_8      0x9fc01300       0x10 build/milestone1/production/_ext/1555642536/system_interrupt_a.o
                0x9fc01300                __vector_dispatch_8
                0x00000001                ASSERT (((_vector_spacing == 0x0) || (SIZEOF (.vector_8) <= (_vector_spacing << 0x5))), function at exception vector 8 too large)

.vector_9       0x9fc01320        0x8
 *(.vector_9)
 .vector_9      0x9fc01320        0x8 c:/program files (x86)/microchip/xc32/v1.42/bin/bin/../../lib/gcc/pic32mx/4.8.3/../../../../pic32mx/lib\libpic32.a(vector9.o)
                0x9fc01320                __vector_dispatch_9
                0x00000001                ASSERT (((_vector_spacing == 0x0) || (SIZEOF (.vector_9) <= (_vector_spacing << 0x5))), function at exception vector 9 too large)

.vector_10      0x9fc01340        0x8
 *(.vector_10)
 .vector_10     0x9fc01340        0x8 c:/program files (x86)/microchip/xc32/v1.42/bin/bin/../../lib/gcc/pic32mx/4.8.3/../../../../pic32mx/lib\libpic32.a(vector10.o)
                0x9fc01340                __vector_dispatch_10
                0x00000001                ASSERT (((_vector_spacing == 0x0) || (SIZEOF (.vector_10) <= (_vector_spacing << 0x5))), function at exception vector 10 too large)

.vector_11      0x9fc01360        0x8
 *(.vector_11)
 .vector_11     0x9fc01360        0x8 c:/program files (x86)/microchip/xc32/v1.42/bin/bin/../../lib/gcc/pic32mx/4.8.3/../../../../pic32mx/lib\libpic32.a(vector11.o)
                0x9fc01360                __vector_dispatch_11
                0x00000001                ASSERT (((_vector_spacing == 0x0) || (SIZEOF (.vector_11) <= (_vector_spacing << 0x5))), function at exception vector 11 too large)

.vector_12      0x9fc01380        0x8
 *(.vector_12)
 .vector_12     0x9fc01380        0x8 c:/program files (x86)/microchip/xc32/v1.42/bin/bin/../../lib/gcc/pic32mx/4.8.3/../../../../pic32mx/lib\libpic32.a(vector12.o)
                0x9fc01380                __vector_dispatch_12
                0x00000001                ASSERT (((_vector_spacing == 0x0) || (SIZEOF (.vector_12) <= (_vector_spacing << 0x5))), function at exception vector 12 too large)

.vector_13      0x9fc013a0        0x8
 *(.vector_13)
 .vector_13     0x9fc013a0        0x8 c:/program files (x86)/microchip/xc32/v1.42/bin/bin/../../lib/gcc/pic32mx/4.8.3/../../../../pic32mx/lib\libpic32.a(vector13.o)
                0x9fc013a0                __vector_dispatch_13
                0x00000001                ASSERT (((_vector_spacing == 0x0) || (SIZEOF (.vector_13) <= (_vector_spacing << 0x5))), function at exception vector 13 too large)

.vector_14      0x9fc013c0        0x8
 *(.vector_14)
 .vector_14     0x9fc013c0        0x8 c:/program files (x86)/microchip/xc32/v1.42/bin/bin/../../lib/gcc/pic32mx/4.8.3/../../../../pic32mx/lib\libpic32.a(vector14.o)
                0x9fc013c0                __vector_dispatch_14
                0x00000001                ASSERT (((_vector_spacing == 0x0) || (SIZEOF (.vector_14) <= (_vector_spacing << 0x5))), function at exception vector 14 too large)

.vector_15      0x9fc013e0        0x8
 *(.vector_15)
 .vector_15     0x9fc013e0        0x8 c:/program files (x86)/microchip/xc32/v1.42/bin/bin/../../lib/gcc/pic32mx/4.8.3/../../../../pic32mx/lib\libpic32.a(vector15.o)
                0x9fc013e0                __vector_dispatch_15
                0x00000001                ASSERT (((_vector_spacing == 0x0) || (SIZEOF (.vector_15) <= (_vector_spacing << 0x5))), function at exception vector 15 too large)

.vector_16      0x9fc01400        0x8
 *(.vector_16)
 .vector_16     0x9fc01400        0x8 c:/program files (x86)/microchip/xc32/v1.42/bin/bin/../../lib/gcc/pic32mx/4.8.3/../../../../pic32mx/lib\libpic32.a(vector16.o)
                0x9fc01400                __vector_dispatch_16
                0x00000001                ASSERT (((_vector_spacing == 0x0) || (SIZEOF (.vector_16) <= (_vector_spacing << 0x5))), function at exception vector 16 too large)

.vector_17      0x9fc01420        0x8
 *(.vector_17)
 .vector_17     0x9fc01420        0x8 c:/program files (x86)/microchip/xc32/v1.42/bin/bin/../../lib/gcc/pic32mx/4.8.3/../../../../pic32mx/lib\libpic32.a(vector17.o)
                0x9fc01420                __vector_dispatch_17
                0x00000001                ASSERT (((_vector_spacing == 0x0) || (SIZEOF (.vector_17) <= (_vector_spacing << 0x5))), function at exception vector 17 too large)

.vector_18      0x9fc01440        0x8
 *(.vector_18)
 .vector_18     0x9fc01440        0x8 c:/program files (x86)/microchip/xc32/v1.42/bin/bin/../../lib/gcc/pic32mx/4.8.3/../../../../pic32mx/lib\libpic32.a(vector18.o)
                0x9fc01440                __vector_dispatch_18
                0x00000001                ASSERT (((_vector_spacing == 0x0) || (SIZEOF (.vector_18) <= (_vector_spacing << 0x5))), function at exception vector 18 too large)

.vector_19      0x9fc01460        0x8
 *(.vector_19)
 .vector_19     0x9fc01460        0x8 c:/program files (x86)/microchip/xc32/v1.42/bin/bin/../../lib/gcc/pic32mx/4.8.3/../../../../pic32mx/lib\libpic32.a(vector19.o)
                0x9fc01460                __vector_dispatch_19
                0x00000001                ASSERT (((_vector_spacing == 0x0) || (SIZEOF (.vector_19) <= (_vector_spacing << 0x5))), function at exception vector 19 too large)

.vector_20      0x9fc01480        0x8
 *(.vector_20)
 .vector_20     0x9fc01480        0x8 c:/program files (x86)/microchip/xc32/v1.42/bin/bin/../../lib/gcc/pic32mx/4.8.3/../../../../pic32mx/lib\libpic32.a(vector20.o)
                0x9fc01480                __vector_dispatch_20
                0x00000001                ASSERT (((_vector_spacing == 0x0) || (SIZEOF (.vector_20) <= (_vector_spacing << 0x5))), function at exception vector 20 too large)

.vector_21      0x9fc014a0        0x8
 *(.vector_21)
 .vector_21     0x9fc014a0        0x8 c:/program files (x86)/microchip/xc32/v1.42/bin/bin/../../lib/gcc/pic32mx/4.8.3/../../../../pic32mx/lib\libpic32.a(vector21.o)
                0x9fc014a0                __vector_dispatch_21
                0x00000001                ASSERT (((_vector_spacing == 0x0) || (SIZEOF (.vector_21) <= (_vector_spacing << 0x5))), function at exception vector 21 too large)

.vector_22      0x9fc014c0        0x8
 *(.vector_22)
 .vector_22     0x9fc014c0        0x8 c:/program files (x86)/microchip/xc32/v1.42/bin/bin/../../lib/gcc/pic32mx/4.8.3/../../../../pic32mx/lib\libpic32.a(vector22.o)
                0x9fc014c0                __vector_dispatch_22
                0x00000001                ASSERT (((_vector_spacing == 0x0) || (SIZEOF (.vector_22) <= (_vector_spacing << 0x5))), function at exception vector 22 too large)

.vector_23      0x9fc014e0        0x8
 *(.vector_23)
 .vector_23     0x9fc014e0        0x8 c:/program files (x86)/microchip/xc32/v1.42/bin/bin/../../lib/gcc/pic32mx/4.8.3/../../../../pic32mx/lib\libpic32.a(vector23.o)
                0x9fc014e0                __vector_dispatch_23
                0x00000001                ASSERT (((_vector_spacing == 0x0) || (SIZEOF (.vector_23) <= (_vector_spacing << 0x5))), function at exception vector 23 too large)

.vector_24      0x9fc01500        0x8
 *(.vector_24)
 .vector_24     0x9fc01500        0x8 c:/program files (x86)/microchip/xc32/v1.42/bin/bin/../../lib/gcc/pic32mx/4.8.3/../../../../pic32mx/lib\libpic32.a(vector24.o)
                0x9fc01500                __vector_dispatch_24
                0x00000001                ASSERT (((_vector_spacing == 0x0) || (SIZEOF (.vector_24) <= (_vector_spacing << 0x5))), function at exception vector 24 too large)

.vector_25      0x9fc01520        0x8
 *(.vector_25)
 .vector_25     0x9fc01520        0x8 c:/program files (x86)/microchip/xc32/v1.42/bin/bin/../../lib/gcc/pic32mx/4.8.3/../../../../pic32mx/lib\libpic32.a(vector25.o)
                0x9fc01520                __vector_dispatch_25
                0x00000001                ASSERT (((_vector_spacing == 0x0) || (SIZEOF (.vector_25) <= (_vector_spacing << 0x5))), function at exception vector 25 too large)

.vector_26      0x9fc01540        0x8
 *(.vector_26)
 .vector_26     0x9fc01540        0x8 c:/program files (x86)/microchip/xc32/v1.42/bin/bin/../../lib/gcc/pic32mx/4.8.3/../../../../pic32mx/lib\libpic32.a(vector26.o)
                0x9fc01540                __vector_dispatch_26
                0x00000001                ASSERT (((_vector_spacing == 0x0) || (SIZEOF (.vector_26) <= (_vector_spacing << 0x5))), function at exception vector 26 too large)

.vector_27      0x9fc01560        0x8
 *(.vector_27)
 .vector_27     0x9fc01560        0x8 c:/program files (x86)/microchip/xc32/v1.42/bin/bin/../../lib/gcc/pic32mx/4.8.3/../../../../pic32mx/lib\libpic32.a(vector27.o)
                0x9fc01560                __vector_dispatch_27
                0x00000001                ASSERT (((_vector_spacing == 0x0) || (SIZEOF (.vector_27) <= (_vector_spacing << 0x5))), function at exception vector 27 too large)

.vector_28      0x9fc01580        0x8
 *(.vector_28)
 .vector_28     0x9fc01580        0x8 c:/program files (x86)/microchip/xc32/v1.42/bin/bin/../../lib/gcc/pic32mx/4.8.3/../../../../pic32mx/lib\libpic32.a(vector28.o)
                0x9fc01580                __vector_dispatch_28
                0x00000001                ASSERT (((_vector_spacing == 0x0) || (SIZEOF (.vector_28) <= (_vector_spacing << 0x5))), function at exception vector 28 too large)

.vector_29      0x9fc015a0        0x8
 *(.vector_29)
 .vector_29     0x9fc015a0        0x8 c:/program files (x86)/microchip/xc32/v1.42/bin/bin/../../lib/gcc/pic32mx/4.8.3/../../../../pic32mx/lib\libpic32.a(vector29.o)
                0x9fc015a0                __vector_dispatch_29
                0x00000001                ASSERT (((_vector_spacing == 0x0) || (SIZEOF (.vector_29) <= (_vector_spacing << 0x5))), function at exception vector 29 too large)

.vector_30      0x9fc015c0        0x8
 *(.vector_30)
 .vector_30     0x9fc015c0        0x8 c:/program files (x86)/microchip/xc32/v1.42/bin/bin/../../lib/gcc/pic32mx/4.8.3/../../../../pic32mx/lib\libpic32.a(vector30.o)
                0x9fc015c0                __vector_dispatch_30
                0x00000001                ASSERT (((_vector_spacing == 0x0) || (SIZEOF (.vector_30) <= (_vector_spacing << 0x5))), function at exception vector 30 too large)

.vector_31      0x9fc015e0        0x8
 *(.vector_31)
 .vector_31     0x9fc015e0        0x8 c:/program files (x86)/microchip/xc32/v1.42/bin/bin/../../lib/gcc/pic32mx/4.8.3/../../../../pic32mx/lib\libpic32.a(vector31.o)
                0x9fc015e0                __vector_dispatch_31
                0x00000001                ASSERT (((_vector_spacing == 0x0) || (SIZEOF (.vector_31) <= (_vector_spacing << 0x5))), function at exception vector 31 too large)

.vector_32      0x9fc01600        0x8
 *(.vector_32)
 .vector_32     0x9fc01600        0x8 c:/program files (x86)/microchip/xc32/v1.42/bin/bin/../../lib/gcc/pic32mx/4.8.3/../../../../pic32mx/lib\libpic32.a(vector32.o)
                0x9fc01600                __vector_dispatch_32
                0x00000001                ASSERT (((_vector_spacing == 0x0) || (SIZEOF (.vector_32) <= (_vector_spacing << 0x5))), function at exception vector 32 too large)

.vector_33      0x9fc01620        0x8
 *(.vector_33)
 .vector_33     0x9fc01620        0x8 c:/program files (x86)/microchip/xc32/v1.42/bin/bin/../../lib/gcc/pic32mx/4.8.3/../../../../pic32mx/lib\libpic32.a(vector33.o)
                0x9fc01620                __vector_dispatch_33
                0x00000001                ASSERT (((_vector_spacing == 0x0) || (SIZEOF (.vector_33) <= (_vector_spacing << 0x5))), function at exception vector 33 too large)

.vector_34      0x9fc01640        0x8
 *(.vector_34)
 .vector_34     0x9fc01640        0x8 c:/program files (x86)/microchip/xc32/v1.42/bin/bin/../../lib/gcc/pic32mx/4.8.3/../../../../pic32mx/lib\libpic32.a(vector34.o)
                0x9fc01640                __vector_dispatch_34
                0x00000001                ASSERT (((_vector_spacing == 0x0) || (SIZEOF (.vector_34) <= (_vector_spacing << 0x5))), function at exception vector 34 too large)

.vector_35      0x9fc01660        0x8
 *(.vector_35)
 .vector_35     0x9fc01660        0x8 c:/program files (x86)/microchip/xc32/v1.42/bin/bin/../../lib/gcc/pic32mx/4.8.3/../../../../pic32mx/lib\libpic32.a(vector35.o)
                0x9fc01660                __vector_dispatch_35
                0x00000001                ASSERT (((_vector_spacing == 0x0) || (SIZEOF (.vector_35) <= (_vector_spacing << 0x5))), function at exception vector 35 too large)

.vector_36      0x9fc01680        0x8
 *(.vector_36)
 .vector_36     0x9fc01680        0x8 c:/program files (x86)/microchip/xc32/v1.42/bin/bin/../../lib/gcc/pic32mx/4.8.3/../../../../pic32mx/lib\libpic32.a(vector36.o)
                0x9fc01680                __vector_dispatch_36
                0x00000001                ASSERT (((_vector_spacing == 0x0) || (SIZEOF (.vector_36) <= (_vector_spacing << 0x5))), function at exception vector 36 too large)

.vector_37      0x9fc016a0        0x8
 *(.vector_37)
 .vector_37     0x9fc016a0        0x8 c:/program files (x86)/microchip/xc32/v1.42/bin/bin/../../lib/gcc/pic32mx/4.8.3/../../../../pic32mx/lib\libpic32.a(vector37.o)
                0x9fc016a0                __vector_dispatch_37
                0x00000001                ASSERT (((_vector_spacing == 0x0) || (SIZEOF (.vector_37) <= (_vector_spacing << 0x5))), function at exception vector 37 too large)

.vector_38      0x9fc016c0        0x8
 *(.vector_38)
 .vector_38     0x9fc016c0        0x8 c:/program files (x86)/microchip/xc32/v1.42/bin/bin/../../lib/gcc/pic32mx/4.8.3/../../../../pic32mx/lib\libpic32.a(vector38.o)
                0x9fc016c0                __vector_dispatch_38
                0x00000001                ASSERT (((_vector_spacing == 0x0) || (SIZEOF (.vector_38) <= (_vector_spacing << 0x5))), function at exception vector 38 too large)

.vector_39      0x9fc016e0        0x8
 *(.vector_39)
 .vector_39     0x9fc016e0        0x8 c:/program files (x86)/microchip/xc32/v1.42/bin/bin/../../lib/gcc/pic32mx/4.8.3/../../../../pic32mx/lib\libpic32.a(vector39.o)
                0x9fc016e0                __vector_dispatch_39
                0x00000001                ASSERT (((_vector_spacing == 0x0) || (SIZEOF (.vector_39) <= (_vector_spacing << 0x5))), function at exception vector 39 too large)

.vector_40      0x9fc01700        0x8
 *(.vector_40)
 .vector_40     0x9fc01700        0x8 c:/program files (x86)/microchip/xc32/v1.42/bin/bin/../../lib/gcc/pic32mx/4.8.3/../../../../pic32mx/lib\libpic32.a(vector40.o)
                0x9fc01700                __vector_dispatch_40
                0x00000001                ASSERT (((_vector_spacing == 0x0) || (SIZEOF (.vector_40) <= (_vector_spacing << 0x5))), function at exception vector 40 too large)

.vector_41      0x9fc01720        0x8
 *(.vector_41)
 .vector_41     0x9fc01720        0x8 c:/program files (x86)/microchip/xc32/v1.42/bin/bin/../../lib/gcc/pic32mx/4.8.3/../../../../pic32mx/lib\libpic32.a(vector41.o)
                0x9fc01720                __vector_dispatch_41
                0x00000001                ASSERT (((_vector_spacing == 0x0) || (SIZEOF (.vector_41) <= (_vector_spacing << 0x5))), function at exception vector 41 too large)

.vector_42      0x9fc01740        0x8
 *(.vector_42)
 .vector_42     0x9fc01740        0x8 c:/program files (x86)/microchip/xc32/v1.42/bin/bin/../../lib/gcc/pic32mx/4.8.3/../../../../pic32mx/lib\libpic32.a(vector42.o)
                0x9fc01740                __vector_dispatch_42
                0x00000001                ASSERT (((_vector_spacing == 0x0) || (SIZEOF (.vector_42) <= (_vector_spacing << 0x5))), function at exception vector 42 too large)

.vector_43      0x9fc01760        0x8
 *(.vector_43)
 .vector_43     0x9fc01760        0x8 c:/program files (x86)/microchip/xc32/v1.42/bin/bin/../../lib/gcc/pic32mx/4.8.3/../../../../pic32mx/lib\libpic32.a(vector43.o)
                0x9fc01760                __vector_dispatch_43
                0x00000001                ASSERT (((_vector_spacing == 0x0) || (SIZEOF (.vector_43) <= (_vector_spacing << 0x5))), function at exception vector 43 too large)

.vector_44      0x9fc01780        0x8
 *(.vector_44)
 .vector_44     0x9fc01780        0x8 c:/program files (x86)/microchip/xc32/v1.42/bin/bin/../../lib/gcc/pic32mx/4.8.3/../../../../pic32mx/lib\libpic32.a(vector44.o)
                0x9fc01780                __vector_dispatch_44
                0x00000001                ASSERT (((_vector_spacing == 0x0) || (SIZEOF (.vector_44) <= (_vector_spacing << 0x5))), function at exception vector 44 too large)

.vector_45      0x9fc017a0        0x8
 *(.vector_45)
 .vector_45     0x9fc017a0        0x8 c:/program files (x86)/microchip/xc32/v1.42/bin/bin/../../lib/gcc/pic32mx/4.8.3/../../../../pic32mx/lib\libpic32.a(vector45.o)
                0x9fc017a0                __vector_dispatch_45
                0x00000001                ASSERT (((_vector_spacing == 0x0) || (SIZEOF (.vector_45) <= (_vector_spacing << 0x5))), function at exception vector 45 too large)

.vector_46      0x9fc017c0        0x8
 *(.vector_46)
 .vector_46     0x9fc017c0        0x8 c:/program files (x86)/microchip/xc32/v1.42/bin/bin/../../lib/gcc/pic32mx/4.8.3/../../../../pic32mx/lib\libpic32.a(vector46.o)
                0x9fc017c0                __vector_dispatch_46
                0x00000001                ASSERT (((_vector_spacing == 0x0) || (SIZEOF (.vector_46) <= (_vector_spacing << 0x5))), function at exception vector 46 too large)

.vector_47      0x9fc017e0        0x8
 *(.vector_47)
 .vector_47     0x9fc017e0        0x8 c:/program files (x86)/microchip/xc32/v1.42/bin/bin/../../lib/gcc/pic32mx/4.8.3/../../../../pic32mx/lib\libpic32.a(vector47.o)
                0x9fc017e0                __vector_dispatch_47
                0x00000001                ASSERT (((_vector_spacing == 0x0) || (SIZEOF (.vector_47) <= (_vector_spacing << 0x5))), function at exception vector 47 too large)

.vector_48      0x9fc01800        0x8
 *(.vector_48)
 .vector_48     0x9fc01800        0x8 c:/program files (x86)/microchip/xc32/v1.42/bin/bin/../../lib/gcc/pic32mx/4.8.3/../../../../pic32mx/lib\libpic32.a(vector48.o)
                0x9fc01800                __vector_dispatch_48
                0x00000001                ASSERT (((_vector_spacing == 0x0) || (SIZEOF (.vector_48) <= (_vector_spacing << 0x5))), function at exception vector 48 too large)

.vector_49      0x9fc01820        0x8
 *(.vector_49)
 .vector_49     0x9fc01820        0x8 c:/program files (x86)/microchip/xc32/v1.42/bin/bin/../../lib/gcc/pic32mx/4.8.3/../../../../pic32mx/lib\libpic32.a(vector49.o)
                0x9fc01820                __vector_dispatch_49
                0x00000001                ASSERT (((_vector_spacing == 0x0) || (SIZEOF (.vector_49) <= (_vector_spacing << 0x5))), function at exception vector 49 too large)

.vector_50      0x9fc01840        0x8
 *(.vector_50)
 .vector_50     0x9fc01840        0x8 c:/program files (x86)/microchip/xc32/v1.42/bin/bin/../../lib/gcc/pic32mx/4.8.3/../../../../pic32mx/lib\libpic32.a(vector50.o)
                0x9fc01840                __vector_dispatch_50
                0x00000001                ASSERT (((_vector_spacing == 0x0) || (SIZEOF (.vector_50) <= (_vector_spacing << 0x5))), function at exception vector 50 too large)

.vector_51      0x9fc01860        0x8
 *(.vector_51)
 .vector_51     0x9fc01860        0x8 c:/program files (x86)/microchip/xc32/v1.42/bin/bin/../../lib/gcc/pic32mx/4.8.3/../../../../pic32mx/lib\libpic32.a(vector51.o)
                0x9fc01860                __vector_dispatch_51
                0x00000001                ASSERT (((_vector_spacing == 0x0) || (SIZEOF (.vector_51) <= (_vector_spacing << 0x5))), function at exception vector 51 too large)

.vector_52      0x9fc01880        0x0
 *(.vector_52)
                0x00000001                ASSERT (((_vector_spacing == 0x0) || (SIZEOF (.vector_52) <= (_vector_spacing << 0x5))), function at exception vector 52 too large)

.vector_53      0x9fc018a0        0x0
 *(.vector_53)
                0x00000001                ASSERT (((_vector_spacing == 0x0) || (SIZEOF (.vector_53) <= (_vector_spacing << 0x5))), function at exception vector 53 too large)

.vector_54      0x9fc018c0        0x0
 *(.vector_54)
                0x00000001                ASSERT (((_vector_spacing == 0x0) || (SIZEOF (.vector_54) <= (_vector_spacing << 0x5))), function at exception vector 54 too large)

.vector_55      0x9fc018e0        0x0
 *(.vector_55)
                0x00000001                ASSERT (((_vector_spacing == 0x0) || (SIZEOF (.vector_55) <= (_vector_spacing << 0x5))), function at exception vector 55 too large)

.vector_56      0x9fc01900        0x0
 *(.vector_56)
                0x00000001                ASSERT (((_vector_spacing == 0x0) || (SIZEOF (.vector_56) <= (_vector_spacing << 0x5))), function at exception vector 56 too large)

.vector_57      0x9fc01920        0x0
 *(.vector_57)
                0x00000001                ASSERT (((_vector_spacing == 0x0) || (SIZEOF (.vector_57) <= (_vector_spacing << 0x5))), function at exception vector 57 too large)

.vector_58      0x9fc01940        0x0
 *(.vector_58)
                0x00000001                ASSERT (((_vector_spacing == 0x0) || (SIZEOF (.vector_58) <= (_vector_spacing << 0x5))), function at exception vector 58 too large)

.vector_59      0x9fc01960        0x0
 *(.vector_59)
                0x00000001                ASSERT (((_vector_spacing == 0x0) || (SIZEOF (.vector_59) <= (_vector_spacing << 0x5))), function at exception vector 59 too large)

.vector_60      0x9fc01980        0x0
 *(.vector_60)
                0x00000001                ASSERT (((_vector_spacing == 0x0) || (SIZEOF (.vector_60) <= (_vector_spacing << 0x5))), function at exception vector 60 too large)

.vector_61      0x9fc019a0        0x0
 *(.vector_61)
                0x00000001                ASSERT (((_vector_spacing == 0x0) || (SIZEOF (.vector_61) <= (_vector_spacing << 0x5))), function at exception vector 61 too large)

.vector_62      0x9fc019c0        0x0
 *(.vector_62)
                0x00000001                ASSERT (((_vector_spacing == 0x0) || (SIZEOF (.vector_62) <= (_vector_spacing << 0x5))), function at exception vector 62 too large)

.vector_63      0x9fc019e0        0x0
 *(.vector_63)
                0x00000001                ASSERT (((_vector_spacing == 0x0) || (SIZEOF (.vector_63) <= (_vector_spacing << 0x5))), function at exception vector 63 too large)

.startup
 *(.startup)

.text           0x9d000000        0x0
 *(.stub .gnu.linkonce.t.*)
 *(.text.*personality*)
 *(.mips16.fn.*)
 *(.mips16.call.*)
 *(.gnu.warning)
                0x9d000000                . = ALIGN (0x4)

.init           0x9d000000        0x0
 *crti.o(.init)
 *crtbegin.o(.init)
 *(EXCLUDE_FILE(*crtn.o *crtend?.o *crtend.o) .init)
 *crtend.o(.init)
 *crtn.o(.init)
                0x9d000000                . = ALIGN (0x4)

.fini           0x9d000000        0x0
 *(.fini)
                0x9d000000                . = ALIGN (0x4)

.preinit_array  0x9d000000        0x0
                0x9d000000                PROVIDE (__preinit_array_start, .)
 *(.preinit_array)
                0x9d000000                PROVIDE (__preinit_array_end, .)
                0x9d000000                . = ALIGN (0x4)

.init_array     0x9d000000        0x0
                0x9d000000                PROVIDE (__init_array_start, .)
 *(SORT(.init_array.*))
 *(.init_array)
                0x9d000000                PROVIDE (__init_array_end, .)
                0x9d000000                . = ALIGN (0x4)

.fini_array     0x9d000000        0x0
                0x9d000000                PROVIDE (__fini_array_start, .)
 *(SORT(.fini_array.*))
 *(.fini_array)
                0x9d000000                PROVIDE (__fini_array_end, .)
                0x9d000000                . = ALIGN (0x4)

.ctors          0x9d000000        0x0
 *crtbegin.o(.ctors)
 *crtbegin?.o(.ctors)
 *(EXCLUDE_FILE(*crtend?.o *crtend.o) .ctors)
 *(SORT(.ctors.*))
 *(.ctors)
                0x9d000000                . = ALIGN (0x4)

.dtors          0x9d000000        0x0
 *crtbegin.o(.dtors)
 *crtbegin?.o(.dtors)
 *(EXCLUDE_FILE(*crtend?.o *crtend.o) .dtors)
 *(SORT(.dtors.*))
 *(.dtors)
                0x9d000000                . = ALIGN (0x4)

.rodata         0x9d000000        0x0
 *(.gnu.linkonce.r.*)
 *(.rodata1)
                0x9d000000                . = ALIGN (0x4)

.sdata2         0x9fc00490        0x0
 *(.sdata2 .sdata2.* .gnu.linkonce.s2.*)
                0x9fc00490                . = ALIGN (0x4)

.sbss2          0x9fc00490        0x0
 *(.sbss2 .sbss2.* .gnu.linkonce.sb2.*)
                0x9fc00490                . = ALIGN (0x4)

.eh_frame_hdr
 *(.eh_frame_hdr)
                0x9fc00490                . = ALIGN (0x4)

.eh_frame
 *(.eh_frame)
                0x9fc00490                . = ALIGN (0x4)

.gcc_except_table
 *(.gcc_except_table .gcc_except_table.*)
                0x9fc00490                . = ALIGN (0x4)

.dbg_data       0xa0000000        0x0
                0xa0000000                . = (. + DEFINED (_DEBUGGER)?0x200:0x0)

.jcr            0xa0000000        0x0
 *(.jcr)
                0xa0000000                . = ALIGN (0x4)

.eh_frame
 *(.eh_frame)
                0xa0000000                . = ALIGN (0x4)

.gcc_except_table
 *(.gcc_except_table .gcc_except_table.*)
                0xa0000000                . = ALIGN (0x4)

.persist        0xa0000000        0x0
                0xa0000000                _persist_begin = .
 *(.persist .persist.*)
 *(.pbss .pbss.*)
                0xa0000000                . = ALIGN (0x4)
                0xa0000000                _persist_end = .

.data           0xa0000000        0x0
 *(.gnu.linkonce.d.*)
 *(.data1)
                0xa0000000                . = ALIGN (0x4)
                0xa0000000                . = .
                0xa0007ff0                _gp = (ALIGN (0x10) + 0x7ff0)

.got            0xa0000000        0x0
 *(.got.plt)
 *(.got)
                0xa0000000                . = ALIGN (0x4)

.sdata          0xa0000000        0x4
                0xa0000000                _sdata_begin = .
 *(.sdata .sdata.* .gnu.linkonce.s.*)
 .sdata         0xa0000000        0x4 build/milestone1/production/_ext/833221424/port.o
                0xa0000000                uxInterruptNesting
                0xa0000004                . = ALIGN (0x4)
                0xa0000004                _sdata_end = .

.lit8
 *(.lit8)

.lit4
 *(.lit4)
                0xa0000004                . = ALIGN (0x4)
                0xa0000004                _data_end = .
                0xa0000004                _bss_begin = .

.sbss           0xa0000004       0x74
                0xa0000004                _sbss_begin = .
 *(.dynsbss)
 *(.sbss .sbss.* .gnu.linkonce.sb.*)
 .sbss          0xa0000004        0x4 build/milestone1/production/_ext/1360937237/app.o
 .sbss          0xa0000008       0x3c build/milestone1/production/_ext/207208378/tasks.o
                0xa0000040                pxCurrentTCB
 .sbss          0xa0000044        0x8 build/milestone1/production/_ext/38950237/heap_1.o
 .sbss          0xa000004c        0x4 build/milestone1/production/_ext/833221424/port.o
                0xa000004c                uxSavedTaskStackPointer
 .sbss          0xa0000050        0x1 build/milestone1/production/_ext/1864120335/drv_tmr_static.o
 *fill*         0xa0000051        0x3 
 .sbss          0xa0000054        0xc build/milestone1/production/_ext/1555642536/system_exceptions.o
 *(.scommon)
 .scommon       0xa0000060        0x8 build/milestone1/production/_ext/1360937237/app.o
                0xa0000060                appData
                0xa0000064                app1Iter
 .scommon       0xa0000068        0x4 build/milestone1/production/_ext/1360937237/debug.o
                0xa0000068                global_data
 .scommon       0xa000006c        0x8 build/milestone1/production/_ext/220938215/sys_devcon.o
                0xa000006c                sysDevconObj
 .scommon       0xa0000074        0x4 build/milestone1/production/_ext/192191419/drv_usart_static.o
                0xa0000074                gDrvUSART0Obj
                0xa0000078                _sbss_end = .
                0xa0000078                . = ALIGN (0x4)

.bss            0xa0000078        0xc
 *(.dynbss)
 *(COMMON)
 COMMON         0xa0000078        0xc build/milestone1/production/_ext/1555642536/system_init.o
                0xa0000078                sysObj
                0xa0000084                . = ALIGN ((. != 0x0)?0x4:0x1)
                0xa0000084                . = ALIGN (0x4)
                0xa0000084                _end = .
                0xa0000084                _bss_end = .
                0x00020000                _bmxdudba_address = 0x20000
                0x00020000                _bmxdupba_address = 0x20000

/DISCARD/
 *(.pdr)
 *(.rel.dyn)
 *(.note.GNU-stack)
 *(.note.GNU-stack)
 *(.gnu_debuglink)
 *(.gnu.lto_*)
 *(.discard)

.gptab.sdata
 *(.gptab.data)
 *(.gptab.sdata)

.gptab.sbss
 *(.gptab.bss)
 *(.gptab.sbss)

.mdebug.abi32   0xa0000084        0x0
 *(.mdebug.abi32)
 .mdebug.abi32  0xa0000084        0x0 build/milestone1/production/_ext/1360937237/app.o
 .mdebug.abi32  0xa0000084        0x0 build/milestone1/production/_ext/1360937237/main.o
 .mdebug.abi32  0xa0000084        0x0 build/milestone1/production/_ext/1360937237/debug.o
 .mdebug.abi32  0xa0000084        0x0 build/milestone1/production/_ext/1785267873/osal_freertos.o
 .mdebug.abi32  0xa0000084        0x0 build/milestone1/production/_ext/220938215/sys_devcon.o
 .mdebug.abi32  0xa0000084        0x0 build/milestone1/production/_ext/220938215/sys_devcon_pic32mx.o
 .mdebug.abi32  0xa0000084        0x0 build/milestone1/production/_ext/1272805407/sys_int_pic32.o
 .mdebug.abi32  0xa0000084        0x0 build/milestone1/production/_ext/207208378/croutine.o
 .mdebug.abi32  0xa0000084        0x0 build/milestone1/production/_ext/207208378/list.o
 .mdebug.abi32  0xa0000084        0x0 build/milestone1/production/_ext/207208378/queue.o
 .mdebug.abi32  0xa0000084        0x0 build/milestone1/production/_ext/207208378/tasks.o
 .mdebug.abi32  0xa0000084        0x0 build/milestone1/production/_ext/207208378/timers.o
 .mdebug.abi32  0xa0000084        0x0 build/milestone1/production/_ext/207208378/event_groups.o
 .mdebug.abi32  0xa0000084        0x0 build/milestone1/production/_ext/38950237/heap_1.o
 .mdebug.abi32  0xa0000084        0x0 build/milestone1/production/_ext/833221424/port.o
 .mdebug.abi32  0xa0000084        0x0 build/milestone1/production/_ext/1864120335/drv_tmr_static.o
 .mdebug.abi32  0xa0000084        0x0 build/milestone1/production/_ext/1864120335/drv_tmr_mapping.o
 .mdebug.abi32  0xa0000084        0x0 build/milestone1/production/_ext/192191419/drv_usart_mapping.o
 .mdebug.abi32  0xa0000084        0x0 build/milestone1/production/_ext/192191419/drv_usart_static.o
 .mdebug.abi32  0xa0000084        0x0 build/milestone1/production/_ext/192191419/drv_usart_static_byte_model.o
 .mdebug.abi32  0xa0000084        0x0 build/milestone1/production/_ext/383799649/sys_clk_static.o
 .mdebug.abi32  0xa0000084        0x0 build/milestone1/production/_ext/956857457/sys_ports_static.o
 .mdebug.abi32  0xa0000084        0x0 build/milestone1/production/_ext/1555642536/system_init.o
 .mdebug.abi32  0xa0000084        0x0 build/milestone1/production/_ext/1555642536/system_interrupt.o
 .mdebug.abi32  0xa0000084        0x0 build/milestone1/production/_ext/1555642536/system_exceptions.o
 .mdebug.abi32  0xa0000084        0x0 build/milestone1/production/_ext/1555642536/system_tasks.o
 .mdebug.abi32  0xa0000084        0x0 build/milestone1/production/_ext/1555642536/rtos_hooks.o
 .mdebug.abi32  0xa0000084        0x0 c:/program files (x86)/microchip/xc32/v1.42/bin/bin/../../lib/gcc/pic32mx/4.8.3/../../../../pic32mx/lib\libpic32.a(default-bootstrap-exception-handler.o)
 .mdebug.abi32  0xa0000084        0x0 c:/program files (x86)/microchip/xc32/v1.42/bin/bin/../../lib/gcc/pic32mx/4.8.3/../../../../pic32mx/lib\libpic32.a(default-on-reset.o)
 .mdebug.abi32  0xa0000084        0x0 c:/program files (x86)/microchip/xc32/v1.42/bin/bin/../../lib/gcc/pic32mx/4.8.3/../../../../pic32mx/lib\libpic32.a(default-on-bootstrap.o)
 .mdebug.abi32  0xa0000084        0x0 c:/program files (x86)/microchip/xc32/v1.42/bin/bin/../../lib/gcc/pic32mx/4.8.3/../../../../pic32mx/lib\libpic32.a(defaultinterrupt.o)

.mdebug.abiN32
 *(.mdebug.abiN32)

.mdebug.abi64
 *(.mdebug.abi64)

.mdebug.abiO64
 *(.mdebug.abiO64)

.mdebug.eabi32
 *(.mdebug.eabi32)

.mdebug.eabi64
 *(.mdebug.eabi64)

.gcc_compiled_long32
 *(.gcc_compiled_long32)

.gcc_compiled_long64
 *(.gcc_compiled_long64)

.stab
 *(.stab)

.stabstr
 *(.stabstr)

.stab.excl
 *(.stab.excl)

.stab.exclstr
 *(.stab.exclstr)

.stab.index
 *(.stab.index)

.stab.indexstr
 *(.stab.indexstr)

.comment        0x00000000       0x54
 *(.comment)
 .comment       0x00000000       0x3c build/milestone1/production/_ext/1360937237/app.o
                                 0x3d (size before relaxing)
 .comment       0x00000000       0x3d build/milestone1/production/_ext/1360937237/main.o
 .comment       0x00000000       0x3d build/milestone1/production/_ext/1360937237/debug.o
 .comment       0x00000000       0x3d build/milestone1/production/_ext/1785267873/osal_freertos.o
 .comment       0x00000000       0x3d build/milestone1/production/_ext/220938215/sys_devcon.o
 .comment       0x00000000       0x3d build/milestone1/production/_ext/220938215/sys_devcon_pic32mx.o
 .comment       0x00000000       0x3d build/milestone1/production/_ext/1272805407/sys_int_pic32.o
 .comment       0x00000000       0x3d build/milestone1/production/_ext/207208378/croutine.o
 .comment       0x00000000       0x3d build/milestone1/production/_ext/207208378/list.o
 .comment       0x00000000       0x3d build/milestone1/production/_ext/207208378/queue.o
 .comment       0x00000000       0x3d build/milestone1/production/_ext/207208378/tasks.o
 .comment       0x00000000       0x3d build/milestone1/production/_ext/207208378/timers.o
 .comment       0x00000000       0x3d build/milestone1/production/_ext/207208378/event_groups.o
 .comment       0x00000000       0x3d build/milestone1/production/_ext/38950237/heap_1.o
 .comment       0x00000000       0x3d build/milestone1/production/_ext/833221424/port.o
 .comment       0x00000000       0x3d build/milestone1/production/_ext/1864120335/drv_tmr_static.o
 .comment       0x00000000       0x3d build/milestone1/production/_ext/1864120335/drv_tmr_mapping.o
 .comment       0x00000000       0x3d build/milestone1/production/_ext/192191419/drv_usart_mapping.o
 .comment       0x00000000       0x3d build/milestone1/production/_ext/192191419/drv_usart_static.o
 .comment       0x00000000       0x3d build/milestone1/production/_ext/192191419/drv_usart_static_byte_model.o
 .comment       0x00000000       0x3d build/milestone1/production/_ext/383799649/sys_clk_static.o
 .comment       0x00000000       0x3d build/milestone1/production/_ext/956857457/sys_ports_static.o
 .comment       0x00000000       0x3d build/milestone1/production/_ext/1555642536/system_init.o
 .comment       0x00000000       0x3d build/milestone1/production/_ext/1555642536/system_interrupt.o
 .comment       0x00000000       0x3d build/milestone1/production/_ext/1555642536/system_exceptions.o
 .comment       0x00000000       0x3d build/milestone1/production/_ext/1555642536/system_tasks.o
 .comment       0x00000000       0x3d build/milestone1/production/_ext/1555642536/rtos_hooks.o
 .comment       0x0000003c       0x18 c:/program files (x86)/microchip/xc32/v1.42/bin/bin/../../lib/gcc/pic32mx/4.8.3/../../../../pic32mx/lib\libpic32.a(memset.o)
                                 0x19 (size before relaxing)
 .comment       0x00000000       0x3d c:/program files (x86)/microchip/xc32/v1.42/bin/bin/../../lib/gcc/pic32mx/4.8.3/../../../../pic32mx/lib\libpic32.a(default-bootstrap-exception-handler.o)
 .comment       0x00000000       0x3d c:/program files (x86)/microchip/xc32/v1.42/bin/bin/../../lib/gcc/pic32mx/4.8.3/../../../../pic32mx/lib\libpic32.a(default-on-reset.o)
 .comment       0x00000000       0x3d c:/program files (x86)/microchip/xc32/v1.42/bin/bin/../../lib/gcc/pic32mx/4.8.3/../../../../pic32mx/lib\libpic32.a(default-on-bootstrap.o)
 .comment       0x00000000       0x3d c:/program files (x86)/microchip/xc32/v1.42/bin/bin/../../lib/gcc/pic32mx/4.8.3/../../../../pic32mx/lib\libpic32.a(defaultinterrupt.o)

.debug
 *(.debug)

.line
 *(.line)

.debug_srcinfo
 *(.debug_srcinfo)

.debug_sfnames
 *(.debug_sfnames)

.debug_aranges  0x00000000      0xaf8
 *(.debug_aranges)
 .debug_aranges
                0x00000000       0x30 build/milestone1/production/_ext/1360937237/app.o
 .debug_aranges
                0x00000030       0x20 build/milestone1/production/_ext/1360937237/main.o
 .debug_aranges
                0x00000050       0x40 build/milestone1/production/_ext/1360937237/debug.o
 .debug_aranges
                0x00000090       0x88 build/milestone1/production/_ext/1785267873/osal_freertos.o
 .debug_aranges
                0x00000118       0x78 build/milestone1/production/_ext/220938215/sys_devcon.o
 .debug_aranges
                0x00000190       0x20 build/milestone1/production/_ext/220938215/sys_devcon_pic32mx.o
 .debug_aranges
                0x000001b0       0x48 build/milestone1/production/_ext/1272805407/sys_int_pic32.o
 .debug_aranges
                0x000001f8       0x18 build/milestone1/production/_ext/207208378/croutine.o
 .debug_aranges
                0x00000210       0x40 build/milestone1/production/_ext/207208378/list.o
 .debug_aranges
                0x00000250       0xb0 build/milestone1/production/_ext/207208378/queue.o
 .debug_aranges
                0x00000300      0x178 build/milestone1/production/_ext/207208378/tasks.o
 .debug_aranges
                0x00000478       0x18 build/milestone1/production/_ext/207208378/timers.o
 .debug_aranges
                0x00000490       0x60 build/milestone1/production/_ext/207208378/event_groups.o
 .debug_aranges
                0x000004f0       0x38 build/milestone1/production/_ext/38950237/heap_1.o
 .debug_aranges
                0x00000528       0x58 build/milestone1/production/_ext/833221424/port.o
 .debug_aranges
                0x00000580       0x20 build/milestone1/production/_ext/833221424/port_asm.o
 .debug_aranges
                0x000005a0       0x88 build/milestone1/production/_ext/1864120335/drv_tmr_static.o
 .debug_aranges
                0x00000628       0xc8 build/milestone1/production/_ext/1864120335/drv_tmr_mapping.o
 .debug_aranges
                0x000006f0       0xa8 build/milestone1/production/_ext/192191419/drv_usart_mapping.o
 .debug_aranges
                0x00000798       0x60 build/milestone1/production/_ext/192191419/drv_usart_static.o
 .debug_aranges
                0x000007f8       0x48 build/milestone1/production/_ext/192191419/drv_usart_static_byte_model.o
 .debug_aranges
                0x00000840       0x50 build/milestone1/production/_ext/383799649/sys_clk_static.o
 .debug_aranges
                0x00000890      0x108 build/milestone1/production/_ext/956857457/sys_ports_static.o
 .debug_aranges
                0x00000998       0x20 build/milestone1/production/_ext/1555642536/system_init.o
 .debug_aranges
                0x000009b8       0x20 build/milestone1/production/_ext/1555642536/system_interrupt.o
 .debug_aranges
                0x000009d8       0x20 build/milestone1/production/_ext/1555642536/system_exceptions.o
 .debug_aranges
                0x000009f8       0x30 build/milestone1/production/_ext/1555642536/system_tasks.o
 .debug_aranges
                0x00000a28       0x28 build/milestone1/production/_ext/1555642536/system_interrupt_a.o
 .debug_aranges
                0x00000a50       0x28 build/milestone1/production/_ext/1555642536/rtos_hooks.o
 .debug_aranges
                0x00000a78       0x20 c:/program files (x86)/microchip/xc32/v1.42/bin/bin/../../lib/gcc/pic32mx/4.8.3/../../../../pic32mx/lib\libpic32.a(default-bootstrap-exception-handler.o)
 .debug_aranges
                0x00000a98       0x20 c:/program files (x86)/microchip/xc32/v1.42/bin/bin/../../lib/gcc/pic32mx/4.8.3/../../../../pic32mx/lib\libpic32.a(default-on-reset.o)
 .debug_aranges
                0x00000ab8       0x20 c:/program files (x86)/microchip/xc32/v1.42/bin/bin/../../lib/gcc/pic32mx/4.8.3/../../../../pic32mx/lib\libpic32.a(default-on-bootstrap.o)
 .debug_aranges
                0x00000ad8       0x20 c:/program files (x86)/microchip/xc32/v1.42/bin/bin/../../lib/gcc/pic32mx/4.8.3/../../../../pic32mx/lib\libpic32.a(defaultinterrupt.o)

.debug_pubnames
 *(.debug_pubnames)

.debug_info     0x00000000    0x37b39
 *(.debug_info .gnu.linkonce.wi.*)
 .debug_info    0x00000000     0x36bb build/milestone1/production/_ext/1360937237/app.o
 .debug_info    0x000036bb      0x1bd build/milestone1/production/_ext/1360937237/main.o
 .debug_info    0x00003878     0x3460 build/milestone1/production/_ext/1360937237/debug.o
 .debug_info    0x00006cd8      0xac5 build/milestone1/production/_ext/1785267873/osal_freertos.o
 .debug_info    0x0000779d     0x1185 build/milestone1/production/_ext/220938215/sys_devcon.o
 .debug_info    0x00008922      0xd76 build/milestone1/production/_ext/220938215/sys_devcon_pic32mx.o
 .debug_info    0x00009698     0x15dd build/milestone1/production/_ext/1272805407/sys_int_pic32.o
 .debug_info    0x0000ac75      0x1a6 build/milestone1/production/_ext/207208378/croutine.o
 .debug_info    0x0000ae1b      0x4a2 build/milestone1/production/_ext/207208378/list.o
 .debug_info    0x0000b2bd     0x1955 build/milestone1/production/_ext/207208378/queue.o
 .debug_info    0x0000cc12     0x2944 build/milestone1/production/_ext/207208378/tasks.o
 .debug_info    0x0000f556      0x1a4 build/milestone1/production/_ext/207208378/timers.o
 .debug_info    0x0000f6fa      0xd79 build/milestone1/production/_ext/207208378/event_groups.o
 .debug_info    0x00010473      0x3ac build/milestone1/production/_ext/38950237/heap_1.o
 .debug_info    0x0001081f     0x11d5 build/milestone1/production/_ext/833221424/port.o
 .debug_info    0x000119f4       0xf4 build/milestone1/production/_ext/833221424/port_asm.o
 .debug_info    0x00011ae8     0x33dc build/milestone1/production/_ext/1864120335/drv_tmr_static.o
 .debug_info    0x00014ec4     0x1085 build/milestone1/production/_ext/1864120335/drv_tmr_mapping.o
 .debug_info    0x00015f49     0x3efe build/milestone1/production/_ext/192191419/drv_usart_mapping.o
 .debug_info    0x00019e47     0x4fd7 build/milestone1/production/_ext/192191419/drv_usart_static.o
 .debug_info    0x0001ee1e     0x386e build/milestone1/production/_ext/192191419/drv_usart_static_byte_model.o
 .debug_info    0x0002268c     0x3c57 build/milestone1/production/_ext/383799649/sys_clk_static.o
 .debug_info    0x000262e3     0x3aeb build/milestone1/production/_ext/956857457/sys_ports_static.o
 .debug_info    0x00029dce     0x3759 build/milestone1/production/_ext/1555642536/system_init.o
 .debug_info    0x0002d527     0x3b05 build/milestone1/production/_ext/1555642536/system_interrupt.o
 .debug_info    0x0003102c     0x3228 build/milestone1/production/_ext/1555642536/system_exceptions.o
 .debug_info    0x00034254     0x3247 build/milestone1/production/_ext/1555642536/system_tasks.o
 .debug_info    0x0003749b       0xb2 build/milestone1/production/_ext/1555642536/system_interrupt_a.o
 .debug_info    0x0003754d      0x268 build/milestone1/production/_ext/1555642536/rtos_hooks.o
 .debug_info    0x000377b5       0xf5 c:/program files (x86)/microchip/xc32/v1.42/bin/bin/../../lib/gcc/pic32mx/4.8.3/../../../../pic32mx/lib\libpic32.a(default-bootstrap-exception-handler.o)
 .debug_info    0x000378aa       0xcf c:/program files (x86)/microchip/xc32/v1.42/bin/bin/../../lib/gcc/pic32mx/4.8.3/../../../../pic32mx/lib\libpic32.a(default-on-reset.o)
 .debug_info    0x00037979       0xd7 c:/program files (x86)/microchip/xc32/v1.42/bin/bin/../../lib/gcc/pic32mx/4.8.3/../../../../pic32mx/lib\libpic32.a(default-on-bootstrap.o)
 .debug_info    0x00037a50       0xe9 c:/program files (x86)/microchip/xc32/v1.42/bin/bin/../../lib/gcc/pic32mx/4.8.3/../../../../pic32mx/lib\libpic32.a(defaultinterrupt.o)

.debug_abbrev   0x00000000     0x31f5
 *(.debug_abbrev)
 .debug_abbrev  0x00000000      0x1b4 build/milestone1/production/_ext/1360937237/app.o
 .debug_abbrev  0x000001b4       0x93 build/milestone1/production/_ext/1360937237/main.o
 .debug_abbrev  0x00000247      0x140 build/milestone1/production/_ext/1360937237/debug.o
 .debug_abbrev  0x00000387      0x1fe build/milestone1/production/_ext/1785267873/osal_freertos.o
 .debug_abbrev  0x00000585      0x26d build/milestone1/production/_ext/220938215/sys_devcon.o
 .debug_abbrev  0x000007f2      0x16d build/milestone1/production/_ext/220938215/sys_devcon_pic32mx.o
 .debug_abbrev  0x0000095f      0x1d0 build/milestone1/production/_ext/1272805407/sys_int_pic32.o
 .debug_abbrev  0x00000b2f       0x1b build/milestone1/production/_ext/207208378/croutine.o
 .debug_abbrev  0x00000b4a       0xf1 build/milestone1/production/_ext/207208378/list.o
 .debug_abbrev  0x00000c3b      0x2f4 build/milestone1/production/_ext/207208378/queue.o
 .debug_abbrev  0x00000f2f      0x381 build/milestone1/production/_ext/207208378/tasks.o
 .debug_abbrev  0x000012b0       0x1b build/milestone1/production/_ext/207208378/timers.o
 .debug_abbrev  0x000012cb      0x29a build/milestone1/production/_ext/207208378/event_groups.o
 .debug_abbrev  0x00001565      0x13f build/milestone1/production/_ext/38950237/heap_1.o
 .debug_abbrev  0x000016a4      0x2cf build/milestone1/production/_ext/833221424/port.o
 .debug_abbrev  0x00001973       0x14 build/milestone1/production/_ext/833221424/port_asm.o
 .debug_abbrev  0x00001987      0x314 build/milestone1/production/_ext/1864120335/drv_tmr_static.o
 .debug_abbrev  0x00001c9b      0x24a build/milestone1/production/_ext/1864120335/drv_tmr_mapping.o
 .debug_abbrev  0x00001ee5      0x216 build/milestone1/production/_ext/192191419/drv_usart_mapping.o
 .debug_abbrev  0x000020fb      0x373 build/milestone1/production/_ext/192191419/drv_usart_static.o
 .debug_abbrev  0x0000246e      0x24f build/milestone1/production/_ext/192191419/drv_usart_static_byte_model.o
 .debug_abbrev  0x000026bd      0x27b build/milestone1/production/_ext/383799649/sys_clk_static.o
 .debug_abbrev  0x00002938      0x222 build/milestone1/production/_ext/956857457/sys_ports_static.o
 .debug_abbrev  0x00002b5a      0x203 build/milestone1/production/_ext/1555642536/system_init.o
 .debug_abbrev  0x00002d5d      0x16c build/milestone1/production/_ext/1555642536/system_interrupt.o
 .debug_abbrev  0x00002ec9       0xa9 build/milestone1/production/_ext/1555642536/system_exceptions.o
 .debug_abbrev  0x00002f72      0x13a build/milestone1/production/_ext/1555642536/system_tasks.o
 .debug_abbrev  0x000030ac       0x12 build/milestone1/production/_ext/1555642536/system_interrupt_a.o
 .debug_abbrev  0x000030be       0x97 build/milestone1/production/_ext/1555642536/rtos_hooks.o
 .debug_abbrev  0x00003155       0x28 c:/program files (x86)/microchip/xc32/v1.42/bin/bin/../../lib/gcc/pic32mx/4.8.3/../../../../pic32mx/lib\libpic32.a(default-bootstrap-exception-handler.o)
 .debug_abbrev  0x0000317d       0x28 c:/program files (x86)/microchip/xc32/v1.42/bin/bin/../../lib/gcc/pic32mx/4.8.3/../../../../pic32mx/lib\libpic32.a(default-on-reset.o)
 .debug_abbrev  0x000031a5       0x28 c:/program files (x86)/microchip/xc32/v1.42/bin/bin/../../lib/gcc/pic32mx/4.8.3/../../../../pic32mx/lib\libpic32.a(default-on-bootstrap.o)
 .debug_abbrev  0x000031cd       0x28 c:/program files (x86)/microchip/xc32/v1.42/bin/bin/../../lib/gcc/pic32mx/4.8.3/../../../../pic32mx/lib\libpic32.a(defaultinterrupt.o)

.debug_line     0x00000000     0x66de
 *(.debug_line)
 .debug_line    0x00000000      0x3c3 build/milestone1/production/_ext/1360937237/app.o
 .debug_line    0x000003c3       0xca build/milestone1/production/_ext/1360937237/main.o
 .debug_line    0x0000048d      0x2fb build/milestone1/production/_ext/1360937237/debug.o
 .debug_line    0x00000788      0x2bb build/milestone1/production/_ext/1785267873/osal_freertos.o
 .debug_line    0x00000a43      0x5c6 build/milestone1/production/_ext/220938215/sys_devcon.o
 .debug_line    0x00001009      0x471 build/milestone1/production/_ext/220938215/sys_devcon_pic32mx.o
 .debug_line    0x0000147a      0x38c build/milestone1/production/_ext/1272805407/sys_int_pic32.o
 .debug_line    0x00001806       0x1d build/milestone1/production/_ext/207208378/croutine.o
 .debug_line    0x00001823      0x1dc build/milestone1/production/_ext/207208378/list.o
 .debug_line    0x000019ff      0x496 build/milestone1/production/_ext/207208378/queue.o
 .debug_line    0x00001e95      0x7ba build/milestone1/production/_ext/207208378/tasks.o
 .debug_line    0x0000264f       0x1d build/milestone1/production/_ext/207208378/timers.o
 .debug_line    0x0000266c      0x325 build/milestone1/production/_ext/207208378/event_groups.o
 .debug_line    0x00002991      0x217 build/milestone1/production/_ext/38950237/heap_1.o
 .debug_line    0x00002ba8      0x23a build/milestone1/production/_ext/833221424/port.o
 .debug_line    0x00002de2      0x126 build/milestone1/production/_ext/833221424/port_asm.o
 .debug_line    0x00002f08      0x700 build/milestone1/production/_ext/1864120335/drv_tmr_static.o
 .debug_line    0x00003608      0x4be build/milestone1/production/_ext/1864120335/drv_tmr_mapping.o
 .debug_line    0x00003ac6      0x45b build/milestone1/production/_ext/192191419/drv_usart_mapping.o
 .debug_line    0x00003f21      0x6aa build/milestone1/production/_ext/192191419/drv_usart_static.o
 .debug_line    0x000045cb      0x42c build/milestone1/production/_ext/192191419/drv_usart_static_byte_model.o
 .debug_line    0x000049f7      0x420 build/milestone1/production/_ext/383799649/sys_clk_static.o
 .debug_line    0x00004e17      0x799 build/milestone1/production/_ext/956857457/sys_ports_static.o
 .debug_line    0x000055b0      0x4c5 build/milestone1/production/_ext/1555642536/system_init.o
 .debug_line    0x00005a75      0x2c7 build/milestone1/production/_ext/1555642536/system_interrupt.o
 .debug_line    0x00005d3c      0x1dd build/milestone1/production/_ext/1555642536/system_exceptions.o
 .debug_line    0x00005f19      0x36e build/milestone1/production/_ext/1555642536/system_tasks.o
 .debug_line    0x00006287       0x7e build/milestone1/production/_ext/1555642536/system_interrupt_a.o
 .debug_line    0x00006305      0x158 build/milestone1/production/_ext/1555642536/rtos_hooks.o
 .debug_line    0x0000645d       0xa9 c:/program files (x86)/microchip/xc32/v1.42/bin/bin/../../lib/gcc/pic32mx/4.8.3/../../../../pic32mx/lib\libpic32.a(default-bootstrap-exception-handler.o)
 .debug_line    0x00006506       0x96 c:/program files (x86)/microchip/xc32/v1.42/bin/bin/../../lib/gcc/pic32mx/4.8.3/../../../../pic32mx/lib\libpic32.a(default-on-reset.o)
 .debug_line    0x0000659c       0x9a c:/program files (x86)/microchip/xc32/v1.42/bin/bin/../../lib/gcc/pic32mx/4.8.3/../../../../pic32mx/lib\libpic32.a(default-on-bootstrap.o)
 .debug_line    0x00006636       0xa8 c:/program files (x86)/microchip/xc32/v1.42/bin/bin/../../lib/gcc/pic32mx/4.8.3/../../../../pic32mx/lib\libpic32.a(defaultinterrupt.o)

.debug_frame    0x00000000     0x1768
 *(.debug_frame)
 .debug_frame   0x00000000       0x60 build/milestone1/production/_ext/1360937237/app.o
 .debug_frame   0x00000060       0x28 build/milestone1/production/_ext/1360937237/main.o
 .debug_frame   0x00000088       0x70 build/milestone1/production/_ext/1360937237/debug.o
 .debug_frame   0x000000f8      0x150 build/milestone1/production/_ext/1785267873/osal_freertos.o
 .debug_frame   0x00000248       0xe8 build/milestone1/production/_ext/220938215/sys_devcon.o
 .debug_frame   0x00000330       0x28 build/milestone1/production/_ext/220938215/sys_devcon_pic32mx.o
 .debug_frame   0x00000358       0x90 build/milestone1/production/_ext/1272805407/sys_int_pic32.o
 .debug_frame   0x000003e8       0x60 build/milestone1/production/_ext/207208378/list.o
 .debug_frame   0x00000448      0x218 build/milestone1/production/_ext/207208378/queue.o
 .debug_frame   0x00000660      0x458 build/milestone1/production/_ext/207208378/tasks.o
 .debug_frame   0x00000ab8      0x108 build/milestone1/production/_ext/207208378/event_groups.o
 .debug_frame   0x00000bc0       0x5c build/milestone1/production/_ext/38950237/heap_1.o
 .debug_frame   0x00000c1c       0xc0 build/milestone1/production/_ext/833221424/port.o
 .debug_frame   0x00000cdc       0xf8 build/milestone1/production/_ext/1864120335/drv_tmr_static.o
 .debug_frame   0x00000dd4      0x210 build/milestone1/production/_ext/1864120335/drv_tmr_mapping.o
 .debug_frame   0x00000fe4      0x214 build/milestone1/production/_ext/192191419/drv_usart_mapping.o
 .debug_frame   0x000011f8       0xc0 build/milestone1/production/_ext/192191419/drv_usart_static.o
 .debug_frame   0x000012b8       0x80 build/milestone1/production/_ext/192191419/drv_usart_static_byte_model.o
 .debug_frame   0x00001338       0xa0 build/milestone1/production/_ext/383799649/sys_clk_static.o
 .debug_frame   0x000013d8      0x1f0 build/milestone1/production/_ext/956857457/sys_ports_static.o
 .debug_frame   0x000015c8       0x28 build/milestone1/production/_ext/1555642536/system_init.o
 .debug_frame   0x000015f0       0x28 build/milestone1/production/_ext/1555642536/system_interrupt.o
 .debug_frame   0x00001618       0x28 build/milestone1/production/_ext/1555642536/system_exceptions.o
 .debug_frame   0x00001640       0x5c build/milestone1/production/_ext/1555642536/system_tasks.o
 .debug_frame   0x0000169c       0x40 build/milestone1/production/_ext/1555642536/rtos_hooks.o
 .debug_frame   0x000016dc       0x2c c:/program files (x86)/microchip/xc32/v1.42/bin/bin/../../lib/gcc/pic32mx/4.8.3/../../../../pic32mx/lib\libpic32.a(default-bootstrap-exception-handler.o)
 .debug_frame   0x00001708       0x20 c:/program files (x86)/microchip/xc32/v1.42/bin/bin/../../lib/gcc/pic32mx/4.8.3/../../../../pic32mx/lib\libpic32.a(default-on-reset.o)
 .debug_frame   0x00001728       0x20 c:/program files (x86)/microchip/xc32/v1.42/bin/bin/../../lib/gcc/pic32mx/4.8.3/../../../../pic32mx/lib\libpic32.a(default-on-bootstrap.o)
 .debug_frame   0x00001748       0x20 c:/program files (x86)/microchip/xc32/v1.42/bin/bin/../../lib/gcc/pic32mx/4.8.3/../../../../pic32mx/lib\libpic32.a(defaultinterrupt.o)

.debug_str      0x00000000      0x6b2
 *(.debug_str)
 .debug_str     0x00000000        0x0 build/milestone1/production/_ext/1360937237/app.o
 .debug_str     0x00000000        0x0 build/milestone1/production/_ext/1360937237/main.o
 .debug_str     0x00000000        0x7 build/milestone1/production/_ext/1360937237/debug.o
 .debug_str     0x00000007       0x40 build/milestone1/production/_ext/1785267873/osal_freertos.o
 .debug_str     0x00000047       0x16 build/milestone1/production/_ext/220938215/sys_devcon.o
 .debug_str     0x0000005d        0x6 build/milestone1/production/_ext/220938215/sys_devcon_pic32mx.o
 .debug_str     0x00000063       0x2d build/milestone1/production/_ext/1272805407/sys_int_pic32.o
 .debug_str     0x00000090        0x0 build/milestone1/production/_ext/207208378/croutine.o
 .debug_str     0x00000090       0x2b build/milestone1/production/_ext/207208378/list.o
 .debug_str     0x000000bb      0x131 build/milestone1/production/_ext/207208378/queue.o
 .debug_str     0x000001ec      0x186 build/milestone1/production/_ext/207208378/tasks.o
 .debug_str     0x00000372        0x0 build/milestone1/production/_ext/207208378/timers.o
 .debug_str     0x00000372       0xe6 build/milestone1/production/_ext/207208378/event_groups.o
 .debug_str     0x00000458       0x1d build/milestone1/production/_ext/38950237/heap_1.o
 .debug_str     0x00000475       0x37 build/milestone1/production/_ext/833221424/port.o
 .debug_str     0x000004ac       0x4d build/milestone1/production/_ext/1864120335/drv_tmr_static.o
 .debug_str     0x000004f9        0x7 build/milestone1/production/_ext/1864120335/drv_tmr_mapping.o
 .debug_str     0x00000500       0x23 build/milestone1/production/_ext/192191419/drv_usart_mapping.o
 .debug_str     0x00000523       0xdb build/milestone1/production/_ext/192191419/drv_usart_static.o
 .debug_str     0x000005fe       0x12 build/milestone1/production/_ext/192191419/drv_usart_static_byte_model.o
 .debug_str     0x00000610       0x39 build/milestone1/production/_ext/383799649/sys_clk_static.o
 .debug_str     0x00000649       0x55 build/milestone1/production/_ext/956857457/sys_ports_static.o
 .debug_str     0x0000069e        0xb build/milestone1/production/_ext/1555642536/system_init.o
 .debug_str     0x000006a9        0x0 build/milestone1/production/_ext/1555642536/system_interrupt.o
 .debug_str     0x000006a9        0x0 build/milestone1/production/_ext/1555642536/system_exceptions.o
 .debug_str     0x000006a9        0x0 build/milestone1/production/_ext/1555642536/system_tasks.o
 .debug_str     0x000006a9        0x9 build/milestone1/production/_ext/1555642536/rtos_hooks.o
 .debug_str     0x000006b2        0x0 c:/program files (x86)/microchip/xc32/v1.42/bin/bin/../../lib/gcc/pic32mx/4.8.3/../../../../pic32mx/lib\libpic32.a(default-bootstrap-exception-handler.o)
 .debug_str     0x000006b2        0x0 c:/program files (x86)/microchip/xc32/v1.42/bin/bin/../../lib/gcc/pic32mx/4.8.3/../../../../pic32mx/lib\libpic32.a(default-on-reset.o)
 .debug_str     0x000006b2        0x0 c:/program files (x86)/microchip/xc32/v1.42/bin/bin/../../lib/gcc/pic32mx/4.8.3/../../../../pic32mx/lib\libpic32.a(default-on-bootstrap.o)
 .debug_str     0x000006b2        0x0 c:/program files (x86)/microchip/xc32/v1.42/bin/bin/../../lib/gcc/pic32mx/4.8.3/../../../../pic32mx/lib\libpic32.a(defaultinterrupt.o)

.debug_loc      0x00000000     0x5576
 *(.debug_loc)
 .debug_loc     0x00000000       0x89 build/milestone1/production/_ext/1360937237/app.o
 .debug_loc     0x00000089       0xe5 build/milestone1/production/_ext/1360937237/debug.o
 .debug_loc     0x0000016e      0x40c build/milestone1/production/_ext/1785267873/osal_freertos.o
 .debug_loc     0x0000057a       0xf0 build/milestone1/production/_ext/220938215/sys_devcon.o
 .debug_loc     0x0000066a       0xec build/milestone1/production/_ext/220938215/sys_devcon_pic32mx.o
 .debug_loc     0x00000756       0x8d build/milestone1/production/_ext/1272805407/sys_int_pic32.o
 .debug_loc     0x000007e3       0x31 build/milestone1/production/_ext/207208378/list.o
 .debug_loc     0x00000814      0xeb0 build/milestone1/production/_ext/207208378/queue.o
 .debug_loc     0x000016c4     0x1471 build/milestone1/production/_ext/207208378/tasks.o
 .debug_loc     0x00002b35      0x8ea build/milestone1/production/_ext/207208378/event_groups.o
 .debug_loc     0x0000341f       0x49 build/milestone1/production/_ext/38950237/heap_1.o
 .debug_loc     0x00003468       0xea build/milestone1/production/_ext/833221424/port.o
 .debug_loc     0x00003552      0x305 build/milestone1/production/_ext/1864120335/drv_tmr_static.o
 .debug_loc     0x00003857      0x2f4 build/milestone1/production/_ext/1864120335/drv_tmr_mapping.o
 .debug_loc     0x00003b4b      0x63c build/milestone1/production/_ext/192191419/drv_usart_mapping.o
 .debug_loc     0x00004187      0x40e build/milestone1/production/_ext/192191419/drv_usart_static.o
 .debug_loc     0x00004595       0x74 build/milestone1/production/_ext/192191419/drv_usart_static_byte_model.o
 .debug_loc     0x00004609       0x49 build/milestone1/production/_ext/383799649/sys_clk_static.o
 .debug_loc     0x00004652      0xecf build/milestone1/production/_ext/956857457/sys_ports_static.o
 .debug_loc     0x00005521       0x21 build/milestone1/production/_ext/1555642536/system_init.o
 .debug_loc     0x00005542       0x34 build/milestone1/production/_ext/1555642536/rtos_hooks.o

.debug_macinfo
 *(.debug_macinfo)

.debug_weaknames
 *(.debug_weaknames)

.debug_funcnames
 *(.debug_funcnames)

.debug_typenames
 *(.debug_typenames)

.debug_varnames
 *(.debug_varnames)

.debug_pubtypes
 *(.debug_pubtypes)

.debug_ranges   0x00000000      0xa80
 *(.debug_ranges)
 .debug_ranges  0x00000000       0x50 build/milestone1/production/_ext/1360937237/app.o
 .debug_ranges  0x00000050       0x10 build/milestone1/production/_ext/1360937237/main.o
 .debug_ranges  0x00000060       0x30 build/milestone1/production/_ext/1360937237/debug.o
 .debug_ranges  0x00000090       0x78 build/milestone1/production/_ext/1785267873/osal_freertos.o
 .debug_ranges  0x00000108       0x68 build/milestone1/production/_ext/220938215/sys_devcon.o
 .debug_ranges  0x00000170       0x10 build/milestone1/production/_ext/220938215/sys_devcon_pic32mx.o
 .debug_ranges  0x00000180       0x50 build/milestone1/production/_ext/1272805407/sys_int_pic32.o
 .debug_ranges  0x000001d0       0x30 build/milestone1/production/_ext/207208378/list.o
 .debug_ranges  0x00000200      0x130 build/milestone1/production/_ext/207208378/queue.o
 .debug_ranges  0x00000330      0x1b0 build/milestone1/production/_ext/207208378/tasks.o
 .debug_ranges  0x000004e0       0x98 build/milestone1/production/_ext/207208378/event_groups.o
 .debug_ranges  0x00000578       0x28 build/milestone1/production/_ext/38950237/heap_1.o
 .debug_ranges  0x000005a0       0x48 build/milestone1/production/_ext/833221424/port.o
 .debug_ranges  0x000005e8       0x90 build/milestone1/production/_ext/1864120335/drv_tmr_static.o
 .debug_ranges  0x00000678       0xb8 build/milestone1/production/_ext/1864120335/drv_tmr_mapping.o
 .debug_ranges  0x00000730       0x98 build/milestone1/production/_ext/192191419/drv_usart_mapping.o
 .debug_ranges  0x000007c8       0x80 build/milestone1/production/_ext/192191419/drv_usart_static.o
 .debug_ranges  0x00000848       0x38 build/milestone1/production/_ext/192191419/drv_usart_static_byte_model.o
 .debug_ranges  0x00000880       0x40 build/milestone1/production/_ext/383799649/sys_clk_static.o
 .debug_ranges  0x000008c0       0xf8 build/milestone1/production/_ext/956857457/sys_ports_static.o
 .debug_ranges  0x000009b8       0x10 build/milestone1/production/_ext/1555642536/system_init.o
 .debug_ranges  0x000009c8       0x10 build/milestone1/production/_ext/1555642536/system_interrupt.o
 .debug_ranges  0x000009d8       0x10 build/milestone1/production/_ext/1555642536/system_exceptions.o
 .debug_ranges  0x000009e8       0x20 build/milestone1/production/_ext/1555642536/system_tasks.o
 .debug_ranges  0x00000a08       0x20 build/milestone1/production/_ext/1555642536/system_interrupt_a.o
 .debug_ranges  0x00000a28       0x18 build/milestone1/production/_ext/1555642536/rtos_hooks.o
 .debug_ranges  0x00000a40       0x10 c:/program files (x86)/microchip/xc32/v1.42/bin/bin/../../lib/gcc/pic32mx/4.8.3/../../../../pic32mx/lib\libpic32.a(default-bootstrap-exception-handler.o)
 .debug_ranges  0x00000a50       0x10 c:/program files (x86)/microchip/xc32/v1.42/bin/bin/../../lib/gcc/pic32mx/4.8.3/../../../../pic32mx/lib\libpic32.a(default-on-reset.o)
 .debug_ranges  0x00000a60       0x10 c:/program files (x86)/microchip/xc32/v1.42/bin/bin/../../lib/gcc/pic32mx/4.8.3/../../../../pic32mx/lib\libpic32.a(default-on-bootstrap.o)
 .debug_ranges  0x00000a70       0x10 c:/program files (x86)/microchip/xc32/v1.42/bin/bin/../../lib/gcc/pic32mx/4.8.3/../../../../pic32mx/lib\libpic32.a(defaultinterrupt.o)

.gnu.attributes
                0x00000000       0x10
 *(.gnu.attributes)
 .gnu.attributes
                0x00000000       0x10 build/milestone1/production/_ext/1360937237/app.o
 .gnu.attributes
                0x00000010       0x10 build/milestone1/production/_ext/1360937237/main.o
 .gnu.attributes
                0x00000020       0x10 build/milestone1/production/_ext/1360937237/debug.o
 .gnu.attributes
                0x00000030       0x10 build/milestone1/production/_ext/1785267873/osal_freertos.o
 .gnu.attributes
                0x00000040       0x10 build/milestone1/production/_ext/220938215/sys_devcon.o
 .gnu.attributes
                0x00000050       0x10 build/milestone1/production/_ext/220938215/sys_devcon_pic32mx.o
 .gnu.attributes
                0x00000060       0x10 build/milestone1/production/_ext/1272805407/sys_int_pic32.o
 .gnu.attributes
                0x00000070       0x10 build/milestone1/production/_ext/207208378/croutine.o
 .gnu.attributes
                0x00000080       0x10 build/milestone1/production/_ext/207208378/list.o
 .gnu.attributes
                0x00000090       0x10 build/milestone1/production/_ext/207208378/queue.o
 .gnu.attributes
                0x000000a0       0x10 build/milestone1/production/_ext/207208378/tasks.o
 .gnu.attributes
                0x000000b0       0x10 build/milestone1/production/_ext/207208378/timers.o
 .gnu.attributes
                0x000000c0       0x10 build/milestone1/production/_ext/207208378/event_groups.o
 .gnu.attributes
                0x000000d0       0x10 build/milestone1/production/_ext/38950237/heap_1.o
 .gnu.attributes
                0x000000e0       0x10 build/milestone1/production/_ext/833221424/port.o
 .gnu.attributes
                0x000000f0       0x10 build/milestone1/production/_ext/1864120335/drv_tmr_static.o
 .gnu.attributes
                0x00000100       0x10 build/milestone1/production/_ext/1864120335/drv_tmr_mapping.o
 .gnu.attributes
                0x00000110       0x10 build/milestone1/production/_ext/192191419/drv_usart_mapping.o
 .gnu.attributes
                0x00000120       0x10 build/milestone1/production/_ext/192191419/drv_usart_static.o
 .gnu.attributes
                0x00000130       0x10 build/milestone1/production/_ext/192191419/drv_usart_static_byte_model.o
 .gnu.attributes
                0x00000140       0x10 build/milestone1/production/_ext/383799649/sys_clk_static.o
 .gnu.attributes
                0x00000150       0x10 build/milestone1/production/_ext/956857457/sys_ports_static.o
 .gnu.attributes
                0x00000160       0x10 build/milestone1/production/_ext/1555642536/system_init.o
 .gnu.attributes
                0x00000170       0x10 build/milestone1/production/_ext/1555642536/system_interrupt.o
 .gnu.attributes
                0x00000180       0x10 build/milestone1/production/_ext/1555642536/system_exceptions.o
 .gnu.attributes
                0x00000190       0x10 build/milestone1/production/_ext/1555642536/system_tasks.o
 .gnu.attributes
                0x000001a0       0x10 build/milestone1/production/_ext/1555642536/rtos_hooks.o
 .gnu.attributes
                0x000001b0       0x10 c:/program files (x86)/microchip/xc32/v1.42/bin/bin/../../lib/gcc/pic32mx/4.8.3/../../../../pic32mx/lib\libpic32.a(default-bootstrap-exception-handler.o)
 .gnu.attributes
                0x000001c0       0x10 c:/program files (x86)/microchip/xc32/v1.42/bin/bin/../../lib/gcc/pic32mx/4.8.3/../../../../pic32mx/lib\libpic32.a(default-on-reset.o)
 .gnu.attributes
                0x000001d0       0x10 c:/program files (x86)/microchip/xc32/v1.42/bin/bin/../../lib/gcc/pic32mx/4.8.3/../../../../pic32mx/lib\libpic32.a(default-on-bootstrap.o)
 .gnu.attributes
                0x000001e0       0x10 c:/program files (x86)/microchip/xc32/v1.42/bin/bin/../../lib/gcc/pic32mx/4.8.3/../../../../pic32mx/lib\libpic32.a(defaultinterrupt.o)
LOAD c:/program files (x86)/microchip/xc32/v1.42/bin/bin/../../lib/gcc/pic32mx/4.8.3\libgcc.a
START GROUP
LOAD c:/program files (x86)/microchip/xc32/v1.42/bin/bin/../../lib/gcc/pic32mx/4.8.3/../../../../pic32mx/lib\libpic32.a
LOAD c:/program files (x86)/microchip/xc32/v1.42/bin/bin/../../lib/gcc/pic32mx/4.8.3/../../../../pic32mx/lib\libdebug.a
LOAD c:/program files (x86)/microchip/xc32/v1.42/bin/bin/../../lib/gcc/pic32mx/4.8.3/../../../../pic32mx/lib\libpic32.a
LOAD c:/program files (x86)/microchip/xc32/v1.42/bin/bin/../../lib/gcc/pic32mx/4.8.3/../../../../pic32mx/lib\libm.a
LOAD c:/program files (x86)/microchip/xc32/v1.42/bin/bin/../../lib/gcc/pic32mx/4.8.3/../../../../pic32mx/lib\libe.a
LOAD c:/program files (x86)/microchip/xc32/v1.42/bin/bin/../../lib/gcc/pic32mx/4.8.3/../../../../pic32mx/lib\libdsp.a
LOAD c:/program files (x86)/microchip/xc32/v1.42/bin/bin/../../lib/gcc/pic32mx/4.8.3\libgcc.a
LOAD c:/program files (x86)/microchip/xc32/v1.42/bin/bin/../../lib/gcc/pic32mx/4.8.3/../../../../pic32mx/lib\libc.a
LOAD c:/program files (x86)/microchip/xc32/v1.42/bin/bin/../../lib/gcc/pic32mx/4.8.3/../../../../pic32mx/lib\libc.a
LOAD c:/program files (x86)/microchip/xc32/v1.42/bin/bin/../../lib/gcc/pic32mx/4.8.3/../../../../pic32mx/lib\libpic32.a
END GROUP
LOAD c:/program files (x86)/microchip/xc32/v1.42/bin/bin/../../lib/gcc/pic32mx/4.8.3\libgcc.a
OUTPUT(dist/milestone1/production/TestProject.X.production.elf elf32-tradlittlemips)
LOAD stack
LOAD data_init

.reginfo        0x00000000       0x18
 .reginfo       0x00000000       0x18 c:/program files (x86)/microchip/xc32/v1.42/bin/bin/../../lib/gcc/pic32mx/4.8.3/../../../../pic32mx/lib/./proc/32MX795F512L/crt0_mips32r2.o

.stack          0xa00197a8      0x400
 .stack         0xa00197a8      0x400 stack

.bss            0xa0000084    0x19708
 .bss           0xa0000084    0x19000 build/milestone1/production/_ext/38950237/heap_1.o
 .bss           0xa0019084      0x640 build/milestone1/production/_ext/833221424/port.o
                0xa0019084                xISRStack
 .bss           0xa00196c4       0xc8 build/milestone1/production/_ext/207208378/tasks.o

._debug_exception
                0xbfc00480       0x2c
 ._debug_exception
                0xbfc00480       0x2c c:/program files (x86)/microchip/xc32/v1.42/bin/bin/../../lib/gcc/pic32mx/4.8.3/../../../../pic32mx/lib\debug-exception-return.o
                0xbfc00480                __DbgExecReturn

.text           0x9d000000      0x454
 .text          0x9d000000      0x454 build/milestone1/production/_ext/833221424/port_asm.o
                0x9d000000                vPortTickInterruptHandler
                0x9d0001ac                vPortStartFirstTask
                0x9d000274                vPortYieldISR

.text.xTaskCreate
                0x9d000454      0x2d0
 .text.xTaskCreate
                0x9d000454      0x2d0 build/milestone1/production/_ext/207208378/tasks.o
                0x9d000454                xTaskCreate

.text.xQueueGenericReceive
                0x9d000724      0x264
 .text.xQueueGenericReceive
                0x9d000724      0x264 build/milestone1/production/_ext/207208378/queue.o
                0x9d000724                xQueueGenericReceive

.text.xQueueGenericSend
                0x9d000988      0x20c
 .text.xQueueGenericSend
                0x9d000988      0x20c build/milestone1/production/_ext/207208378/queue.o
                0x9d000988                xQueueGenericSend

.DrvTmrInstance0_vector_text
                0x9d000b94      0x1b4
 .DrvTmrInstance0_vector_text
                0x9d000b94      0x1b4 build/milestone1/production/_ext/1555642536/system_interrupt_a.o

.text.APP_Tasks
                0x9d000d48      0x1b0
 .text.APP_Tasks
                0x9d000d48      0x1b0 build/milestone1/production/_ext/1360937237/app.o
                0x9d000d48                APP_Tasks

.text.xTaskIncrementTick
                0x9d000ef8      0x198
 .text.xTaskIncrementTick
                0x9d000ef8      0x198 build/milestone1/production/_ext/207208378/tasks.o
                0x9d000ef8                xTaskIncrementTick

.text           0x9d001090      0x168
 .text          0x9d001090      0x168 c:/program files (x86)/microchip/xc32/v1.42/bin/bin/../../lib/gcc/pic32mx/4.8.3/../../../../pic32mx/lib\libpic32.a(memcpy.o)
                0x9d001090                memcpy

.text.xTaskResumeAll
                0x9d0011f8      0x148
 .text.xTaskResumeAll
                0x9d0011f8      0x148 build/milestone1/production/_ext/207208378/tasks.o
                0x9d0011f8                xTaskResumeAll

.text.DRV_USART0_Initialize
                0x9d001340      0x144
 .text.DRV_USART0_Initialize
                0x9d001340      0x144 build/milestone1/production/_ext/192191419/drv_usart_static.o
                0x9d001340                DRV_USART0_Initialize

.text.vTaskPriorityInherit
                0x9d001484      0x12c
 .text.vTaskPriorityInherit
                0x9d001484      0x12c build/milestone1/production/_ext/207208378/tasks.o
                0x9d001484                vTaskPriorityInherit

.rodata         0x9d0015b0      0x128
 .rodata        0x9d0015b0      0x128 build/milestone1/production/_ext/1555642536/system_exceptions.o

.text.prvUnlockQueue
                0x9d0016d8       0xfc
 .text.prvUnlockQueue
                0x9d0016d8       0xfc build/milestone1/production/_ext/207208378/queue.o

.text.xTaskPriorityDisinherit
                0x9d0017d4       0xf8
 .text.xTaskPriorityDisinherit
                0x9d0017d4       0xf8 build/milestone1/production/_ext/207208378/tasks.o
                0x9d0017d4                xTaskPriorityDisinherit

.text.prvCopyDataToQueue
                0x9d0018cc       0xf4
 .text.prvCopyDataToQueue
                0x9d0018cc       0xf4 build/milestone1/production/_ext/207208378/queue.o

.text.dbgOutputVal
                0x9d0019c0       0xf0
 .text.dbgOutputVal
                0x9d0019c0       0xf0 build/milestone1/production/_ext/1360937237/debug.o
                0x9d0019c0                dbgOutputVal

.text.xQueueGenericSendFromISR
                0x9d001ab0       0xf0
 .text.xQueueGenericSendFromISR
                0x9d001ab0       0xf0 build/milestone1/production/_ext/207208378/queue.o
                0x9d001ab0                xQueueGenericSendFromISR

.text.prvAddCurrentTaskToDelayedList
                0x9d001ba0       0xe4
 .text.prvAddCurrentTaskToDelayedList
                0x9d001ba0       0xe4 build/milestone1/production/_ext/207208378/tasks.o

.text.vTaskSwitchContext
                0x9d001c84       0xe0
 .text.vTaskSwitchContext
                0x9d001c84       0xe0 build/milestone1/production/_ext/207208378/tasks.o
                0x9d001c84                vTaskSwitchContext

.text.SYS_DEVCON_PerformanceConfig
                0x9d001d64       0xdc
 .text.SYS_DEVCON_PerformanceConfig
                0x9d001d64       0xdc build/milestone1/production/_ext/220938215/sys_devcon_pic32mx.o
                0x9d001d64                SYS_DEVCON_PerformanceConfig

.text.general_exception
                0x9d001e40       0xdc
 .text.general_exception
                0x9d001e40       0xdc c:/program files (x86)/microchip/xc32/v1.42/bin/bin/../../lib/gcc/pic32mx/4.8.3/../../../../pic32mx/lib\libpic32.a(general-exception.o)
                0x9d001e40                _general_exception_context

.text.xQueueGenericReset
                0x9d001f1c       0xc0
 .text.xQueueGenericReset
                0x9d001f1c       0xc0 build/milestone1/production/_ext/207208378/queue.o
                0x9d001f1c                xQueueGenericReset

.text.pvPortMalloc
                0x9d001fdc       0xc0
 .text.pvPortMalloc
                0x9d001fdc       0xc0 build/milestone1/production/_ext/38950237/heap_1.o
                0x9d001fdc                pvPortMalloc

.text.xTaskRemoveFromEventList
                0x9d00209c       0xbc
 .text.xTaskRemoveFromEventList
                0x9d00209c       0xbc build/milestone1/production/_ext/207208378/tasks.o
                0x9d00209c                xTaskRemoveFromEventList

.text.prvIdleTask
                0x9d002158       0xb4
 .text.prvIdleTask
                0x9d002158       0xb4 build/milestone1/production/_ext/207208378/tasks.o

.text           0x9d00220c       0xa8
 .text          0x9d00220c       0xa8 c:/program files (x86)/microchip/xc32/v1.42/bin/bin/../../lib/gcc/pic32mx/4.8.3/../../../../pic32mx/lib\libpic32.a(memset.o)
                0x9d00220c                memset

.text.xTaskCheckForTimeOut
                0x9d0022b4       0xa0
 .text.xTaskCheckForTimeOut
                0x9d0022b4       0xa0 build/milestone1/production/_ext/207208378/tasks.o
                0x9d0022b4                xTaskCheckForTimeOut

.text.xQueueGenericCreate
                0x9d002354       0x94
 .text.xQueueGenericCreate
                0x9d002354       0x94 build/milestone1/production/_ext/207208378/queue.o
                0x9d002354                xQueueGenericCreate

.dinit          0x9d0023e8       0x90
 .dinit         0x9d0023e8       0x90 data_init

.text.vTaskStartScheduler
                0x9d002478       0x80
 .text.vTaskStartScheduler
                0x9d002478       0x80 build/milestone1/production/_ext/207208378/tasks.o
                0x9d002478                vTaskStartScheduler

.text.SYS_Initialize
                0x9d0024f8       0x7c
 .text.SYS_Initialize
                0x9d0024f8       0x7c build/milestone1/production/_ext/1555642536/system_init.o
                0x9d0024f8                SYS_Initialize

.text.DRV_TMR0_Initialize
                0x9d002574       0x74
 .text.DRV_TMR0_Initialize
                0x9d002574       0x74 build/milestone1/production/_ext/1864120335/drv_tmr_static.o
                0x9d002574                DRV_TMR0_Initialize

.text.vApplicationSetupTickTimerInterrupt
                0x9d0025e8       0x6c
 .text.vApplicationSetupTickTimerInterrupt
                0x9d0025e8       0x6c build/milestone1/production/_ext/833221424/port.o
                0x9d0025e8                vApplicationSetupTickTimerInterrupt

.text.vTaskExitCritical
                0x9d002654       0x68
 .text.vTaskExitCritical
                0x9d002654       0x68 build/milestone1/production/_ext/207208378/tasks.o
                0x9d002654                vTaskExitCritical

.text.SYS_Tasks
                0x9d0026bc       0x68
 .text.SYS_Tasks
                0x9d0026bc       0x68 build/milestone1/production/_ext/1555642536/system_tasks.o
                0x9d0026bc                SYS_Tasks

.text.vListInsert
                0x9d002724       0x5c
 .text.vListInsert
                0x9d002724       0x5c build/milestone1/production/_ext/207208378/list.o
                0x9d002724                vListInsert

.text.xPortStartScheduler
                0x9d002780       0x5c
 .text.xPortStartScheduler
                0x9d002780       0x5c build/milestone1/production/_ext/833221424/port.o
                0x9d002780                xPortStartScheduler

.text.SYS_DEVCON_SystemUnlock
                0x9d0027dc       0x58
 .text.SYS_DEVCON_SystemUnlock
                0x9d0027dc       0x58 build/milestone1/production/_ext/220938215/sys_devcon.o
                0x9d0027dc                SYS_DEVCON_SystemUnlock

.text.xQueueCreateMutex
                0x9d002834       0x58
 .text.xQueueCreateMutex
                0x9d002834       0x58 build/milestone1/production/_ext/207208378/queue.o
                0x9d002834                xQueueCreateMutex

.text.SYS_CLK_Initialize
                0x9d00288c       0x58
 .text.SYS_CLK_Initialize
                0x9d00288c       0x58 build/milestone1/production/_ext/383799649/sys_clk_static.o
                0x9d00288c                SYS_CLK_Initialize

.text.main_entry
                0x9d0028e4       0x54
 .text.main_entry
                0x9d0028e4       0x54 c:/program files (x86)/microchip/xc32/v1.42/bin/bin/../../lib/gcc/pic32mx/4.8.3/../../../../pic32mx/lib/./proc/32MX795F512L/crt0_mips32r2.o
                0x9d002918                __crt0_exit

.text.pxPortInitialiseStack
                0x9d002938       0x54
 .text.pxPortInitialiseStack
                0x9d002938       0x54 build/milestone1/production/_ext/833221424/port.o
                0x9d002938                pxPortInitialiseStack

.text.vPortIncrementTick
                0x9d00298c       0x54
 .text.vPortIncrementTick
                0x9d00298c       0x54 build/milestone1/production/_ext/833221424/port.o
                0x9d00298c                vPortIncrementTick

.text.DRV_USART0_WriteByte
                0x9d0029e0       0x54
 .text.DRV_USART0_WriteByte
                0x9d0029e0       0x54 build/milestone1/production/_ext/192191419/drv_usart_static_byte_model.o
                0x9d0029e0                DRV_USART0_WriteByte

.text.prvCopyDataFromQueue
                0x9d002a34       0x50
 .text.prvCopyDataFromQueue
                0x9d002a34       0x50 build/milestone1/production/_ext/207208378/queue.o

.text.vTaskEnterCritical
                0x9d002a84       0x50
 .text.vTaskEnterCritical
                0x9d002a84       0x50 build/milestone1/production/_ext/207208378/tasks.o
                0x9d002a84                vTaskEnterCritical

.text.IntHandlerDrvTmrInstance0
                0x9d002ad4       0x4c
 .text.IntHandlerDrvTmrInstance0
                0x9d002ad4       0x4c build/milestone1/production/_ext/1555642536/system_interrupt.o
                0x9d002ad4                IntHandlerDrvTmrInstance0

.text.SYS_DEVCON_SystemLock
                0x9d002b20       0x48
 .text.SYS_DEVCON_SystemLock
                0x9d002b20       0x48 build/milestone1/production/_ext/220938215/sys_devcon.o
                0x9d002b20                SYS_DEVCON_SystemLock

.text._bootstrap_exception_handler
                0x9d002b68       0x48
 .text._bootstrap_exception_handler
                0x9d002b68       0x48 c:/program files (x86)/microchip/xc32/v1.42/bin/bin/../../lib/gcc/pic32mx/4.8.3/../../../../pic32mx/lib\libpic32.a(default-bootstrap-exception-handler.o)
                0x9d002b68                _bootstrap_exception_handler

.vector_default
                0x9d002bb0       0x48
 .vector_default
                0x9d002bb0       0x48 c:/program files (x86)/microchip/xc32/v1.42/bin/bin/../../lib/gcc/pic32mx/4.8.3/../../../../pic32mx/lib\libpic32.a(defaultinterrupt.o)
                0x9d002bb0                _DefaultInterrupt

.text.OSAL_MUTEX_Lock
                0x9d002bf8       0x44
 .text.OSAL_MUTEX_Lock
                0x9d002bf8       0x44 build/milestone1/production/_ext/1785267873/osal_freertos.o
                0x9d002bf8                OSAL_MUTEX_Lock

.text.uxListRemove
                0x9d002c3c       0x44
 .text.uxListRemove
                0x9d002c3c       0x44 build/milestone1/production/_ext/207208378/list.o
                0x9d002c3c                uxListRemove

.text           0x9d002c80       0x44
 .text          0x9d002c80       0x44 c:/program files (x86)/microchip/xc32/v1.42/bin/bin/../../lib/gcc/pic32mx/4.8.3/../../../../pic32mx/lib\pic32_software_reset.o
                0x9d002c80                __pic32_software_reset

.text.SYS_PORTS_Initialize
                0x9d002cc4       0x40
 .text.SYS_PORTS_Initialize
                0x9d002cc4       0x40 build/milestone1/production/_ext/956857457/sys_ports_static.o
                0x9d002cc4                SYS_PORTS_Initialize

.text._general_exception_handler
                0x9d002d04       0x40
 .text._general_exception_handler
                0x9d002d04       0x40 build/milestone1/production/_ext/1555642536/system_exceptions.o
                0x9d002d04                _general_exception_handler

.text._SYS_Tasks
                0x9d002d44       0x40
 .text._SYS_Tasks
                0x9d002d44       0x40 build/milestone1/production/_ext/1555642536/system_tasks.o

.text.APP_Initialize
                0x9d002d84       0x3c
 .text.APP_Initialize