
Optional file libmchp_peripheral.a not found

Optional file libmchp_peripheral_32MX795F512L.a not found
Archive member included because of file (symbol)

c:/program files (x86)/microchip/xc32/v1.42/bin/bin/../../lib/gcc/pic32mx/4.8.3/../../../../pic32mx/lib\libpic32.a(memcpy.o)
                              build/milestone1/debug/_ext/1241959881/queue.o (memcpy)
c:/program files (x86)/microchip/xc32/v1.42/bin/bin/../../lib/gcc/pic32mx/4.8.3/../../../../pic32mx/lib\libpic32.a(memset.o)
                              build/milestone1/debug/_ext/1241959881/tasks.o (memset)
c:/program files (x86)/microchip/xc32/v1.42/bin/bin/../../lib/gcc/pic32mx/4.8.3/../../../../pic32mx/lib\libpic32.a(strcpy.o)
                              build/milestone1/debug/_ext/1360937237/communication.o (strcpy)
c:/program files (x86)/microchip/xc32/v1.42/bin/bin/../../lib/gcc/pic32mx/4.8.3/../../../../pic32mx/lib\libpic32.a(strlen.o)
                              build/milestone1/debug/_ext/1360937237/communication.o (strlen)
c:/program files (x86)/microchip/xc32/v1.42/bin/bin/../../lib/gcc/pic32mx/4.8.3/../../../../pic32mx/lib\libpic32.a(default-bootstrap-exception-handler.o)
                              c:/program files (x86)/microchip/xc32/v1.42/bin/bin/../../lib/gcc/pic32mx/4.8.3/../../../../pic32mx/lib/./proc/32MX795F512L/crt0_mips32r2.o (_bootstrap_exception_handler)
c:/program files (x86)/microchip/xc32/v1.42/bin/bin/../../lib/gcc/pic32mx/4.8.3/../../../../pic32mx/lib\libpic32.a(default-on-reset.o)
                              c:/program files (x86)/microchip/xc32/v1.42/bin/bin/../../lib/gcc/pic32mx/4.8.3/../../../../pic32mx/lib/./proc/32MX795F512L/crt0_mips32r2.o (_on_reset)
c:/program files (x86)/microchip/xc32/v1.42/bin/bin/../../lib/gcc/pic32mx/4.8.3/../../../../pic32mx/lib\libpic32.a(default-on-bootstrap.o)
                              c:/program files (x86)/microchip/xc32/v1.42/bin/bin/../../lib/gcc/pic32mx/4.8.3/../../../../pic32mx/lib/./proc/32MX795F512L/crt0_mips32r2.o (_on_bootstrap)
c:/program files (x86)/microchip/xc32/v1.42/bin/bin/../../lib/gcc/pic32mx/4.8.3/../../../../pic32mx/lib\libpic32.a(default-nmi-handler.o)
                              c:/program files (x86)/microchip/xc32/v1.42/bin/bin/../../lib/gcc/pic32mx/4.8.3/../../../../pic32mx/lib/./proc/32MX795F512L/crt0_mips32r2.o (_nmi_handler)
c:/program files (x86)/microchip/xc32/v1.42/bin/bin/../../lib/gcc/pic32mx/4.8.3/../../../../pic32mx/lib\libpic32.a(general-exception.o)
                              c:/program files (x86)/microchip/xc32/v1.42/bin/bin/../../lib/gcc/pic32mx/4.8.3/../../../../pic32mx/lib/./proc/32MX795F512L/crt0_mips32r2.o (_general_exception_context)
c:/program files (x86)/microchip/xc32/v1.42/bin/bin/../../lib/gcc/pic32mx/4.8.3/../../../../pic32mx/lib\libpic32.a(vector0.o)
                              c:/program files (x86)/microchip/xc32/v1.42/bin/bin/../../lib/gcc/pic32mx/4.8.3/../../../../pic32mx/lib/./proc/32MX795F512L\default_isr_vectors.o (__vector_dispatch_0)
c:/program files (x86)/microchip/xc32/v1.42/bin/bin/../../lib/gcc/pic32mx/4.8.3/../../../../pic32mx/lib\libpic32.a(vector2.o)
                              c:/program files (x86)/microchip/xc32/v1.42/bin/bin/../../lib/gcc/pic32mx/4.8.3/../../../../pic32mx/lib/./proc/32MX795F512L\default_isr_vectors.o (__vector_dispatch_2)
c:/program files (x86)/microchip/xc32/v1.42/bin/bin/../../lib/gcc/pic32mx/4.8.3/../../../../pic32mx/lib\libpic32.a(vector3.o)
                              c:/program files (x86)/microchip/xc32/v1.42/bin/bin/../../lib/gcc/pic32mx/4.8.3/../../../../pic32mx/lib/./proc/32MX795F512L\default_isr_vectors.o (__vector_dispatch_3)
c:/program files (x86)/microchip/xc32/v1.42/bin/bin/../../lib/gcc/pic32mx/4.8.3/../../../../pic32mx/lib\libpic32.a(vector5.o)
                              c:/program files (x86)/microchip/xc32/v1.42/bin/bin/../../lib/gcc/pic32mx/4.8.3/../../../../pic32mx/lib/./proc/32MX795F512L\default_isr_vectors.o (__vector_dispatch_5)
c:/program files (x86)/microchip/xc32/v1.42/bin/bin/../../lib/gcc/pic32mx/4.8.3/../../../../pic32mx/lib\libpic32.a(vector6.o)
                              c:/program files (x86)/microchip/xc32/v1.42/bin/bin/../../lib/gcc/pic32mx/4.8.3/../../../../pic32mx/lib/./proc/32MX795F512L\default_isr_vectors.o (__vector_dispatch_6)
c:/program files (x86)/microchip/xc32/v1.42/bin/bin/../../lib/gcc/pic32mx/4.8.3/../../../../pic32mx/lib\libpic32.a(vector7.o)
                              c:/program files (x86)/microchip/xc32/v1.42/bin/bin/../../lib/gcc/pic32mx/4.8.3/../../../../pic32mx/lib/./proc/32MX795F512L\default_isr_vectors.o (__vector_dispatch_7)
c:/program files (x86)/microchip/xc32/v1.42/bin/bin/../../lib/gcc/pic32mx/4.8.3/../../../../pic32mx/lib\libpic32.a(vector9.o)
                              c:/program files (x86)/microchip/xc32/v1.42/bin/bin/../../lib/gcc/pic32mx/4.8.3/../../../../pic32mx/lib/./proc/32MX795F512L\default_isr_vectors.o (__vector_dispatch_9)
[...]
Memory Configuration

Name             Origin             Length             Attributes
kseg0_data_mem   0x80000000         0x00000200
kseg1_data_mem   0xa0000000         0x00020000         w !x
kseg0_boot_mem   0x9fc00490         0x00000970
kseg1_boot_mem   0xbfc00000         0x00000490
kseg0_program_mem 0x9d000000         0x00080000         xr
exception_mem    0x9fc01000         0x00001000
debug_exec_mem   0xbfc02000         0x00000ff0
config3          0xbfc02ff0         0x00000004
config2          0xbfc02ff4         0x00000004
config1          0xbfc02ff8         0x00000004
config0          0xbfc02ffc         0x00000004
sfrs             0xbf800000         0x00100000
configsfrs       0xbfc02ff0         0x00000010
*default*        0x00000000         0xffffffff

Linker script and memory map


reserve_data_0_kseg0
                0x80000000      0x200
                0x80000000        0x2 SHORT 0x0
                0x000001fd                . = 0x1fd
 *fill*         0x80000002      0x1fb 
                0x80000200                . = ALIGN (0x4)
 *fill*         0x800001fd        0x3 

reserve_data_0_kseg1
                0xa0000000      0x200
                0xa0000000        0x2 SHORT 0x0
                0x000001fd                . = 0x1fd
 *fill*         0xa0000002      0x1fb 
                0xa0000200                . = ALIGN (0x4)
 *fill*         0xa00001fd        0x3 

reserve_boot_0x1fc02000_kseg0
                0x9fc02000      0xff0
                0x9fc02000        0x2 SHORT 0x0
                0x00000500                . = 0x500
 *fill*         0x9fc02002      0x4fe 
                0x9fc02500                . = ALIGN (0x4)
                0x9fc02500        0x2 SHORT 0x0
                0x00000ff0                . = 0xff0
 *fill*         0x9fc02502      0xaee 
                0x9fc02ff0                . = ALIGN (0x4)

reserve_boot_0x1fc02000_kseg1
                0xbfc02000      0xff0
                0xbfc02000        0x2 SHORT 0x0
                0x00000500                . = 0x500
 *fill*         0xbfc02002      0x4fe 
                0xbfc02500                . = ALIGN (0x4)
                0xbfc02500        0x2 SHORT 0x0
                0x00000ff0                . = 0xff0
 *fill*         0xbfc02502      0xaee 
                0xbfc02ff0                . = ALIGN (0x4)
LOAD c:/program files (x86)/microchip/xc32/v1.42/bin/bin/../../lib/gcc/pic32mx/4.8.3/../../../../pic32mx/lib/./proc/32MX795F512L/crt0_mips32r2.o
LOAD c:/program files (x86)/microchip/xc32/v1.42/bin/bin/../../lib/gcc/pic32mx/4.8.3/../../../../pic32mx/lib\software-debug-break.o
LOAD build/milestone1/debug/_ext/1360937237/app.o
LOAD build/milestone1/debug/_ext/1360937237/main.o
LOAD build/milestone1/debug/_ext/1360937237/navigation.o
LOAD build/milestone1/debug/_ext/1360937237/mapping.o
LOAD build/milestone1/debug/_ext/1360937237/communication.o
LOAD build/milestone1/debug/_ext/1360937237/ms2test.o
LOAD build/milestone1/debug/_ext/1360937237/debug.o
LOAD build/milestone1/debug/_ext/1360937237/motor.o
LOAD build/milestone1/debug/_ext/1423261102/osal_freertos.o
LOAD build/milestone1/debug/_ext/2019779704/sys_devcon.o
LOAD build/milestone1/debug/_ext/2019779704/sys_devcon_pic32mx.o
LOAD build/milestone1/debug/_ext/1620769490/sys_int_pic32.o
LOAD build/milestone1/debug/_ext/1241959881/croutine.o
LOAD build/milestone1/debug/_ext/1241959881/list.o
LOAD build/milestone1/debug/_ext/1241959881/queue.o
LOAD build/milestone1/debug/_ext/1241959881/tasks.o
LOAD build/milestone1/debug/_ext/1241959881/timers.o
LOAD build/milestone1/debug/_ext/1241959881/event_groups.o
LOAD build/milestone1/debug/_ext/1366647692/heap_1.o
LOAD build/milestone1/debug/_ext/1475386849/port.o
LOAD build/milestone1/debug/_ext/1475386849/port_asm.o
LOAD build/milestone1/debug/_ext/1864120335/drv_tmr_static.o
LOAD build/milestone1/debug/_ext/1864120335/drv_tmr_mapping.o
LOAD build/milestone1/debug/_ext/192191419/drv_usart_mapping.o
LOAD build/milestone1/debug/_ext/192191419/drv_usart_static.o
LOAD build/milestone1/debug/_ext/192191419/drv_usart_static_byte_model.o
LOAD build/milestone1/debug/_ext/383799649/sys_clk_static.o
LOAD build/milestone1/debug/_ext/956857457/sys_ports_static.o
LOAD build/milestone1/debug/_ext/1555642536/system_init.o
LOAD build/milestone1/debug/_ext/1555642536/system_interrupt.o
LOAD build/milestone1/debug/_ext/1555642536/system_exceptions.o
LOAD build/milestone1/debug/_ext/1555642536/system_tasks.o
LOAD build/milestone1/debug/_ext/1555642536/system_interrupt_a.o
LOAD build/milestone1/debug/_ext/1555642536/rtos_hooks.o
LOAD build/milestone1/debug/_ext/1360937237/jsmn.o
LOAD build/milestone1/debug/_ext/1360937237/myjson.o
LOAD ..\..\..\..\..\..\..\microchip\harmony\v1_09\bin\framework\peripheral\PIC32MX795F512L_peripherals.a
                0x00000001                __MPLAB_BUILD = 0x1
                0x00000001                __MPLAB_DEBUG = 0x1
                0x00000001                __DEBUG = 0x1
                0x00000001                __MPLAB_DEBUGGER_PK3 = 0x1
                0x00000000                _min_heap_size = 0x0
LOAD c:/program files (x86)/microchip/xc32/v1.42/bin/bin/../../lib/gcc/pic32mx/4.8.3/../../../../pic32mx/lib/./proc/32MX795F512L\default_isr_vectors.o
LOAD c:/program files (x86)/microchip/xc32/v1.42/bin/bin/../../lib/gcc/pic32mx/4.8.3/../../../../pic32mx/lib\pic32_software_reset.o
                0x00000400                PROVIDE (_min_stack_size, 0x400)
LOAD c:/program files (x86)/microchip/xc32/v1.42/bin/bin/../../lib/gcc/pic32mx/4.8.3/../../../../pic32mx/lib/./proc/32MX795F512L\processor.o
START GROUP
LOAD libmchp_peripheral.a
END GROUP
START GROUP
LOAD libmchp_peripheral_32MX795F512L.a
END GROUP
                0x00000001                PROVIDE (_vector_spacing, 0x1)
                0x9fc01000                PROVIDE (_ebase_address, 0x9fc01000)
                0xbfc00000                _RESET_ADDR = 0xbfc00000
                0xbfc00380                _BEV_EXCPT_ADDR = 0xbfc00380
                0xbfc00480                _DBG_EXCPT_ADDR = 0xbfc00480
                0xbfc02000                _DBG_CODE_ADDR = 0xbfc02000
                0x00000ff0                _DBG_CODE_SIZE = 0xff0
                0x9fc01180                _GEN_EXCPT_ADDR = (_ebase_address + 0x180)

.config_BFC02FF0
                0xbfc02ff0        0x4
 *(.config_BFC02FF0)
 .config_BFC02FF0
                0xbfc02ff0        0x4 build/milestone1/debug/_ext/1555642536/system_init.o

.config_BFC02FF4
                0xbfc02ff4        0x4
 *(.config_BFC02FF4)
 .config_BFC02FF4
                0xbfc02ff4        0x4 build/milestone1/debug/_ext/1555642536/system_init.o

.config_BFC02FF8
                0xbfc02ff8        0x4
 *(.config_BFC02FF8)
 .config_BFC02FF8
                0xbfc02ff8        0x4 build/milestone1/debug/_ext/1555642536/system_init.o

.config_BFC02FFC
                0xbfc02ffc        0x4
 *(.config_BFC02FFC)
 .config_BFC02FFC
                0xbfc02ffc        0x4 build/milestone1/debug/_ext/1555642536/system_init.o
                0xbfc02000                PROVIDE (_DBG_CODE_ADDR, 0xbfc02000)
                0x00000ff0                PROVIDE (_DBG_CODE_SIZE, 0xff0)

.reset          0xbfc00000      0x208
 *(.reset)
 .reset         0xbfc00000        0x8 c:/program files (x86)/microchip/xc32/v1.42/bin/bin/../../lib/gcc/pic32mx/4.8.3/../../../../pic32mx/lib/./proc/32MX795F512L/crt0_mips32r2.o
                0xbfc00000                _reset
 *(.reset.startup)
 .reset.startup
                0xbfc00008      0x200 c:/program files (x86)/microchip/xc32/v1.42/bin/bin/../../lib/gcc/pic32mx/4.8.3/../../../../pic32mx/lib/./proc/32MX795F512L/crt0_mips32r2.o

.bev_excpt      0xbfc00380       0x10
 *(.bev_handler)
 .bev_handler   0xbfc00380       0x10 c:/program files (x86)/microchip/xc32/v1.42/bin/bin/../../lib/gcc/pic32mx/4.8.3/../../../../pic32mx/lib/./proc/32MX795F512L/crt0_mips32r2.o

.dbg_excpt      0xbfc00480        0x0
                0xbfc00480                . = (. + DEFINED (_DEBUGGER)?0x8:0x0)

.dbg_code       0xbfc02000        0x0
                0xbfc02000                . = (. + DEFINED (_DEBUGGER)?_DBG_CODE_SIZE:0x0)

.app_excpt      0x9fc01180       0x10
 *(.gen_handler)
 .gen_handler   0x9fc01180       0x10 c:/program files (x86)/microchip/xc32/v1.42/bin/bin/../../lib/gcc/pic32mx/4.8.3/../../../../pic32mx/lib/./proc/32MX795F512L/crt0_mips32r2.o

.vector_0       0x9fc01200        0x8
 *(.vector_0)
 .vector_0      0x9fc01200        0x8 c:/program files (x86)/microchip/xc32/v1.42/bin/bin/../../lib/gcc/pic32mx/4.8.3/../../../../pic32mx/lib\libpic32.a(vector0.o)
                0x9fc01200                __vector_dispatch_0
                0x00000001                ASSERT (((_vector_spacing == 0x0) || (SIZEOF (.vector_0) <= (_vector_spacing << 0x5))), function at exception vector 0 too large)

.vector_1       0x9fc01220        0x8
 *(.vector_1)
 .vector_1      0x9fc01220        0x8 build/milestone1/debug/_ext/1475386849/port.o
                0x9fc01220                __vector_dispatch_1
                0x00000001                ASSERT (((_vector_spacing == 0x0) || (SIZEOF (.vector_1) <= (_vector_spacing << 0x5))), function at exception vector 1 too large)

.vector_2       0x9fc01240        0x8
 *(.vector_2)
 .vector_2      0x9fc01240        0x8 c:/program files (x86)/microchip/xc32/v1.42/bin/bin/../../lib/gcc/pic32mx/4.8.3/../../../../pic32mx/lib\libpic32.a(vector2.o)
                0x9fc01240                __vector_dispatch_2
                0x00000001                ASSERT (((_vector_spacing == 0x0) || (SIZEOF (.vector_2) <= (_vector_spacing << 0x5))), function at exception vector 2 too large)

.vector_3       0x9fc01260        0x8
 *(.vector_3)
 .vector_3      0x9fc01260        0x8 c:/program files (x86)/microchip/xc32/v1.42/bin/bin/../../lib/gcc/pic32mx/4.8.3/../../../../pic32mx/lib\libpic32.a(vector3.o)
                0x9fc01260                __vector_dispatch_3
                0x00000001                ASSERT (((_vector_spacing == 0x0) || (SIZEOF (.vector_3) <= (_vector_spacing << 0x5))), function at exception vector 3 too large)

.vector_4       0x9fc01280        0x8
 *(.vector_4)
 .vector_4      0x9fc01280        0x8 build/milestone1/debug/_ext/1475386849/port.o
                0x9fc01280                __vector_dispatch_4
                0x00000001                ASSERT (((_vector_spacing == 0x0) || (SIZEOF (.vector_4) <= (_vector_spacing << 0x5))), function at exception vector 4 too large)

.vector_5       0x9fc012a0        0x8
 *(.vector_5)
 .vector_5      0x9fc012a0        0x8 c:/program files (x86)/microchip/xc32/v1.42/bin/bin/../../lib/gcc/pic32mx/4.8.3/../../../../pic32mx/lib\libpic32.a(vector5.o)
                0x9fc012a0                __vector_dispatch_5
                0x00000001                ASSERT (((_vector_spacing == 0x0) || (SIZEOF (.vector_5) <= (_vector_spacing << 0x5))), function at exception vector 5 too large)

.vector_6       0x9fc012c0        0x8
 *(.vector_6)
 .vector_6      0x9fc012c0        0x8 c:/program files (x86)/microchip/xc32/v1.42/bin/bin/../../lib/gcc/pic32mx/4.8.3/../../../../pic32mx/lib\libpic32.a(vector6.o)
                0x9fc012c0                __vector_dispatch_6
                0x00000001                ASSERT (((_vector_spacing == 0x0) || (SIZEOF (.vector_6) <= (_vector_spacing << 0x5))), function at exception vector 6 too large)

.vector_7       0x9fc012e0        0x8
 *(.vector_7)
 .vector_7      0x9fc012e0        0x8 c:/program files (x86)/microchip/xc32/v1.42/bin/bin/../../lib/gcc/pic32mx/4.8.3/../../../../pic32mx/lib\libpic32.a(vector7.o)
                0x9fc012e0                __vector_dispatch_7
                0x00000001                ASSERT (((_vector_spacing == 0x0) || (SIZEOF (.vector_7) <= (_vector_spacing << 0x5))), function at exception vector 7 too large)

.vector_8       0x9fc01300       0x10
 *(.vector_8)
 .vector_8      0x9fc01300       0x10 build/milestone1/debug/_ext/1555642536/system_interrupt_a.o
                0x9fc01300                __vector_dispatch_8
                0x00000001                ASSERT (((_vector_spacing == 0x0) || (SIZEOF (.vector_8) <= (_vector_spacing << 0x5))), function at exception vector 8 too large)

.vector_9       0x9fc01320        0x8
 *(.vector_9)
 .vector_9      0x9fc01320        0x8 c:/program files (x86)/microchip/xc32/v1.42/bin/bin/../../lib/gcc/pic32mx/4.8.3/../../../../pic32mx/lib\libpic32.a(vector9.o)
                0x9fc01320                __vector_dispatch_9
                0x00000001                ASSERT (((_vector_spacing == 0x0) || (SIZEOF (.vector_9) <= (_vector_spacing << 0x5))), function at exception vector 9 too large)

.vector_10      0x9fc01340        0x8
 *(.vector_10)
 .vector_10     0x9fc01340        0x8 c:/program files (x86)/microchip/xc32/v1.42/bin/bin/../../lib/gcc/pic32mx/4.8.3/../../../../pic32mx/lib\libpic32.a(vector10.o)
                0x9fc01340                __vector_dispatch_10
                0x00000001                ASSERT (((_vector_spacing == 0x0) || (SIZEOF (.vector_10) <= (_vector_spacing << 0x5))), function at exception vector 10 too large)

.vector_11      0x9fc01360        0x8
 *(.vector_11)
 .vector_11     0x9fc01360        0x8 c:/program files (x86)/microchip/xc32/v1.42/bin/bin/../../lib/gcc/pic32mx/4.8.3/../../../../pic32mx/lib\libpic32.a(vector11.o)
                0x9fc01360                __vector_dispatch_11
                0x00000001                ASSERT (((_vector_spacing == 0x0) || (SIZEOF (.vector_11) <= (_vector_spacing << 0x5))), function at exception vector 11 too large)

.vector_12      0x9fc01380       0x10
 *(.vector_12)
 .vector_12     0x9fc01380       0x10 build/milestone1/debug/_ext/1555642536/system_interrupt_a.o
                0x9fc01380                __vector_dispatch_12
                0x00000001                ASSERT (((_vector_spacing == 0x0) || (SIZEOF (.vector_12) <= (_vector_spacing << 0x5))), function at exception vector 12 too large)

.vector_13      0x9fc013a0        0x8
 *(.vector_13)
 .vector_13     0x9fc013a0        0x8 c:/program files (x86)/microchip/xc32/v1.42/bin/bin/../../lib/gcc/pic32mx/4.8.3/../../../../pic32mx/lib\libpic32.a(vector13.o)
                0x9fc013a0                __vector_dispatch_13
                0x00000001                ASSERT (((_vector_spacing == 0x0) || (SIZEOF (.vector_13) <= (_vector_spacing << 0x5))), function at exception vector 13 too large)

.vector_14      0x9fc013c0        0x8
 *(.vector_14)
 .vector_14     0x9fc013c0        0x8 c:/program files (x86)/microchip/xc32/v1.42/bin/bin/../../lib/gcc/pic32mx/4.8.3/../../../../pic32mx/lib\libpic32.a(vector14.o)
                0x9fc013c0                __vector_dispatch_14
                0x00000001                ASSERT (((_vector_spacing == 0x0) || (SIZEOF (.vector_14) <= (_vector_spacing << 0x5))), function at exception vector 14 too large)

.vector_15      0x9fc013e0        0x8
 *(.vector_15)
 .vector_15     0x9fc013e0        0x8 c:/program files (x86)/microchip/xc32/v1.42/bin/bin/../../lib/gcc/pic32mx/4.8.3/../../../../pic32mx/lib\libpic32.a(vector15.o)
                0x9fc013e0                __vector_dispatch_15
                0x00000001                ASSERT (((_vector_spacing == 0x0) || (SIZEOF (.vector_15) <= (_vector_spacing << 0x5))), function at exception vector 15 too large)

.vector_16      0x9fc01400       0x10
 *(.vector_16)
 .vector_16     0x9fc01400       0x10 build/milestone1/debug/_ext/1555642536/system_interrupt_a.o
                0x9fc01400                __vector_dispatch_16
                0x00000001                ASSERT (((_vector_spacing == 0x0) || (SIZEOF (.vector_16) <= (_vector_spacing << 0x5))), function at exception vector 16 too large)

.vector_17      0x9fc01420        0x8
 *(.vector_17)
 .vector_17     0x9fc01420        0x8 c:/program files (x86)/microchip/xc32/v1.42/bin/bin/../../lib/gcc/pic32mx/4.8.3/../../../../pic32mx/lib\libpic32.a(vector17.o)
                0x9fc01420                __vector_dispatch_17
                0x00000001                ASSERT (((_vector_spacing == 0x0) || (SIZEOF (.vector_17) <= (_vector_spacing << 0x5))), function at exception vector 17 too large)

.vector_18      0x9fc01440        0x8
 *(.vector_18)
 .vector_18     0x9fc01440        0x8 c:/program files (x86)/microchip/xc32/v1.42/bin/bin/../../lib/gcc/pic32mx/4.8.3/../../../../pic32mx/lib\libpic32.a(vector18.o)
                0x9fc01440                __vector_dispatch_18
                0x00000001                ASSERT (((_vector_spacing == 0x0) || (SIZEOF (.vector_18) <= (_vector_spacing << 0x5))), function at exception vector 18 too large)

.vector_19      0x9fc01460        0x8
 *(.vector_19)
 .vector_19     0x9fc01460        0x8 c:/program files (x86)/microchip/xc32/v1.42/bin/bin/../../lib/gcc/pic32mx/4.8.3/../../../../pic32mx/lib\libpic32.a(vector19.o)
                0x9fc01460                __vector_dispatch_19
                0x00000001                ASSERT (((_vector_spacing == 0x0) || (SIZEOF (.vector_19) <= (_vector_spacing << 0x5))), function at exception vector 19 too large)

.vector_20      0x9fc01480       0x10
 *(.vector_20)
 .vector_20     0x9fc01480       0x10 build/milestone1/debug/_ext/1555642536/system_interrupt_a.o
                0x9fc01480                __vector_dispatch_20
                0x00000001                ASSERT (((_vector_spacing == 0x0) || (SIZEOF (.vector_20) <= (_vector_spacing << 0x5))), function at exception vector 20 too large)

.vector_21      0x9fc014a0        0x8
 *(.vector_21)
 .vector_21     0x9fc014a0        0x8 c:/program files (x86)/microchip/xc32/v1.42/bin/bin/../../lib/gcc/pic32mx/4.8.3/../../../../pic32mx/lib\libpic32.a(vector21.o)
                0x9fc014a0                __vector_dispatch_21
                0x00000001                ASSERT (((_vector_spacing == 0x0) || (SIZEOF (.vector_21) <= (_vector_spacing << 0x5))), function at exception vector 21 too large)

.vector_22      0x9fc014c0        0x8
 *(.vector_22)
 .vector_22     0x9fc014c0        0x8 c:/program files (x86)/microchip/xc32/v1.42/bin/bin/../../lib/gcc/pic32mx/4.8.3/../../../../pic32mx/lib\libpic32.a(vector22.o)
                0x9fc014c0                __vector_dispatch_22
                0x00000001                ASSERT (((_vector_spacing == 0x0) || (SIZEOF (.vector_22) <= (_vector_spacing << 0x5))), function at exception vector 22 too large)

.vector_23      0x9fc014e0        0x8
 *(.vector_23)
 .vector_23     0x9fc014e0        0x8 c:/program files (x86)/microchip/xc32/v1.42/bin/bin/../../lib/gcc/pic32mx/4.8.3/../../../../pic32mx/lib\libpic32.a(vector23.o)
                0x9fc014e0                __vector_dispatch_23
                0x00000001                ASSERT (((_vector_spacing == 0x0) || (SIZEOF (.vector_23) <= (_vector_spacing << 0x5))), function at exception vector 23 too large)

.vector_24      0x9fc01500       0x10
 *(.vector_24)
 .vector_24     0x9fc01500       0x10 build/milestone1/debug/_ext/1555642536/system_interrupt_a.o
                0x9fc01500                __vector_dispatch_24
                0x00000001                ASSERT (((_vector_spacing == 0x0) || (SIZEOF (.vector_24) <= (_vector_spacing << 0x5))), function at exception vector 24 too large)

.vector_25      0x9fc01520        0x8
 *(.vector_25)
 .vector_25     0x9fc01520        0x8 c:/program files (x86)/microchip/xc32/v1.42/bin/bin/../../lib/gcc/pic32mx/4.8.3/../../../../pic32mx/lib\libpic32.a(vector25.o)
                0x9fc01520                __vector_dispatch_25
                0x00000001                ASSERT (((_vector_spacing == 0x0) || (SIZEOF (.vector_25) <= (_vector_spacing << 0x5))), function at exception vector 25 too large)

.vector_26      0x9fc01540        0x8
 *(.vector_26)
 .vector_26     0x9fc01540        0x8 c:/program files (x86)/microchip/xc32/v1.42/bin/bin/../../lib/gcc/pic32mx/4.8.3/../../../../pic32mx/lib\libpic32.a(vector26.o)
                0x9fc01540                __vector_dispatch_26
                0x00000001                ASSERT (((_vector_spacing == 0x0) || (SIZEOF (.vector_26) <= (_vector_spacing << 0x5))), function at exception vector 26 too large)

.vector_27      0x9fc01560        0x8
 *(.vector_27)
 .vector_27     0x9fc01560        0x8 c:/program files (x86)/microchip/xc32/v1.42/bin/bin/../../lib/gcc/pic32mx/4.8.3/../../../../pic32mx/lib\libpic32.a(vector27.o)
                0x9fc01560                __vector_dispatch_27
                0x00000001                ASSERT (((_vector_spacing == 0x0) || (SIZEOF (.vector_27) <= (_vector_spacing << 0x5))), function at exception vector 27 too large)

.vector_28      0x9fc01580        0x8
 *(.vector_28)
 .vector_28     0x9fc01580        0x8 c:/program files (x86)/microchip/xc32/v1.42/bin/bin/../../lib/gcc/pic32mx/4.8.3/../../../../pic32mx/lib\libpic32.a(vector28.o)
                0x9fc01580                __vector_dispatch_28
                0x00000001                ASSERT (((_vector_spacing == 0x0) || (SIZEOF (.vector_28) <= (_vector_spacing << 0x5))), function at exception vector 28 too large)

.vector_29      0x9fc015a0        0x8
 *(.vector_29)
 .vector_29     0x9fc015a0        0x8 c:/program files (x86)/microchip/xc32/v1.42/bin/bin/../../lib/gcc/pic32mx/4.8.3/../../../../pic32mx/lib\libpic32.a(vector29.o)
                0x9fc015a0                __vector_dispatch_29
                0x00000001                ASSERT (((_vector_spacing == 0x0) || (SIZEOF (.vector_29) <= (_vector_spacing << 0x5))), function at exception vector 29 too large)

.vector_30      0x9fc015c0        0x8
 *(.vector_30)
 .vector_30     0x9fc015c0        0x8 c:/program files (x86)/microchip/xc32/v1.42/bin/bin/../../lib/gcc/pic32mx/4.8.3/../../../../pic32mx/lib\libpic32.a(vector30.o)
                0x9fc015c0                __vector_dispatch_30
                0x00000001                ASSERT (((_vector_spacing == 0x0) || (SIZEOF (.vector_30) <= (_vector_spacing << 0x5))), function at exception vector 30 too large)

.vector_31      0x9fc015e0        0x8
 *(.vector_31)
 .vector_31     0x9fc015e0        0x8 c:/program files (x86)/microchip/xc32/v1.42/bin/bin/../../lib/gcc/pic32mx/4.8.3/../../../../pic32mx/lib\libpic32.a(vector31.o)
                0x9fc015e0                __vector_dispatch_31
                0x00000001                ASSERT (((_vector_spacing == 0x0) || (SIZEOF (.vector_31) <= (_vector_spacing << 0x5))), function at exception vector 31 too large)

.vector_32      0x9fc01600        0x8
 *(.vector_32)
 .vector_32     0x9fc01600        0x8 c:/program files (x86)/microchip/xc32/v1.42/bin/bin/../../lib/gcc/pic32mx/4.8.3/../../../../pic32mx/lib\libpic32.a(vector32.o)
                0x9fc01600                __vector_dispatch_32
                0x00000001                ASSERT (((_vector_spacing == 0x0) || (SIZEOF (.vector_32) <= (_vector_spacing << 0x5))), function at exception vector 32 too large)

.vector_33      0x9fc01620        0x8
 *(.vector_33)
 .vector_33     0x9fc01620        0x8 c:/program files (x86)/microchip/xc32/v1.42/bin/bin/../../lib/gcc/pic32mx/4.8.3/../../../../pic32mx/lib\libpic32.a(vector33.o)
                0x9fc01620                __vector_dispatch_33
                0x00000001                ASSERT (((_vector_spacing == 0x0) || (SIZEOF (.vector_33) <= (_vector_spacing << 0x5))), function at exception vector 33 too large)

.vector_34      0x9fc01640        0x8
 *(.vector_34)
 .vector_34     0x9fc01640        0x8 c:/program files (x86)/microchip/xc32/v1.42/bin/bin/../../lib/gcc/pic32mx/4.8.3/../../../../pic32mx/lib\libpic32.a(vector34.o)
                0x9fc01640                __vector_dispatch_34
                0x00000001                ASSERT (((_vector_spacing == 0x0) || (SIZEOF (.vector_34) <= (_vector_spacing << 0x5))), function at exception vector 34 too large)

.vector_35      0x9fc01660        0x8
 *(.vector_35)
 .vector_35     0x9fc01660        0x8 c:/program files (x86)/microchip/xc32/v1.42/bin/bin/../../lib/gcc/pic32mx/4.8.3/../../../../pic32mx/lib\libpic32.a(vector35.o)
                0x9fc01660                __vector_dispatch_35
                0x00000001                ASSERT (((_vector_spacing == 0x0) || (SIZEOF (.vector_35) <= (_vector_spacing << 0x5))), function at exception vector 35 too large)

.vector_36      0x9fc01680        0x8
 *(.vector_36)
 .vector_36     0x9fc01680        0x8 c:/program files (x86)/microchip/xc32/v1.42/bin/bin/../../lib/gcc/pic32mx/4.8.3/../../../../pic32mx/lib\libpic32.a(vector36.o)
                0x9fc01680                __vector_dispatch_36
                0x00000001                ASSERT (((_vector_spacing == 0x0) || (SIZEOF (.vector_36) <= (_vector_spacing << 0x5))), function at exception vector 36 too large)

.vector_37      0x9fc016a0        0x8
 *(.vector_37)
 .vector_37     0x9fc016a0        0x8 c:/program files (x86)/microchip/xc32/v1.42/bin/bin/../../lib/gcc/pic32mx/4.8.3/../../../../pic32mx/lib\libpic32.a(vector37.o)
                0x9fc016a0                __vector_dispatch_37
                0x00000001                ASSERT (((_vector_spacing == 0x0) || (SIZEOF (.vector_37) <= (_vector_spacing << 0x5))), function at exception vector 37 too large)

.vector_38      0x9fc016c0        0x8
 *(.vector_38)
 .vector_38     0x9fc016c0        0x8 c:/program files (x86)/microchip/xc32/v1.42/bin/bin/../../lib/gcc/pic32mx/4.8.3/../../../../pic32mx/lib\libpic32.a(vector38.o)
                0x9fc016c0                __vector_dispatch_38
                0x00000001                ASSERT (((_vector_spacing == 0x0) || (SIZEOF (.vector_38) <= (_vector_spacing << 0x5))), function at exception vector 38 too large)

.vector_39      0x9fc016e0        0x8
 *(.vector_39)
 .vector_39     0x9fc016e0        0x8 c:/program files (x86)/microchip/xc32/v1.42/bin/bin/../../lib/gcc/pic32mx/4.8.3/../../../../pic32mx/lib\libpic32.a(vector39.o)
                0x9fc016e0                __vector_dispatch_39
                0x00000001                ASSERT (((_vector_spacing == 0x0) || (SIZEOF (.vector_39) <= (_vector_spacing << 0x5))), function at exception vector 39 too large)

.vector_40      0x9fc01700        0x8
 *(.vector_40)
 .vector_40     0x9fc01700        0x8 c:/program files (x86)/microchip/xc32/v1.42/bin/bin/../../lib/gcc/pic32mx/4.8.3/../../../../pic32mx/lib\libpic32.a(vector40.o)
                0x9fc01700                __vector_dispatch_40
                0x00000001                ASSERT (((_vector_spacing == 0x0) || (SIZEOF (.vector_40) <= (_vector_spacing << 0x5))), function at exception vector 40 too large)

.vector_41      0x9fc01720        0x8
 *(.vector_41)
 .vector_41     0x9fc01720        0x8 c:/program files (x86)/microchip/xc32/v1.42/bin/bin/../../lib/gcc/pic32mx/4.8.3/../../../../pic32mx/lib\libpic32.a(vector41.o)
                0x9fc01720                __vector_dispatch_41
                0x00000001                ASSERT (((_vector_spacing == 0x0) || (SIZEOF (.vector_41) <= (_vector_spacing << 0x5))), function at exception vector 41 too large)

.vector_42      0x9fc01740        0x8
 *(.vector_42)
 .vector_42     0x9fc01740        0x8 c:/program files (x86)/microchip/xc32/v1.42/bin/bin/../../lib/gcc/pic32mx/4.8.3/../../../../pic32mx/lib\libpic32.a(vector42.o)
                0x9fc01740                __vector_dispatch_42
                0x00000001                ASSERT (((_vector_spacing == 0x0) || (SIZEOF (.vector_42) <= (_vector_spacing << 0x5))), function at exception vector 42 too large)

.vector_43      0x9fc01760        0x8
 *(.vector_43)
 .vector_43     0x9fc01760        0x8 c:/program files (x86)/microchip/xc32/v1.42/bin/bin/../../lib/gcc/pic32mx/4.8.3/../../../../pic32mx/lib\libpic32.a(vector43.o)
                0x9fc01760                __vector_dispatch_43
                0x00000001                ASSERT (((_vector_spacing == 0x0) || (SIZEOF (.vector_43) <= (_vector_spacing << 0x5))), function at exception vector 43 too large)

.vector_44      0x9fc01780        0x8
 *(.vector_44)
 .vector_44     0x9fc01780        0x8 c:/program files (x86)/microchip/xc32/v1.42/bin/bin/../../lib/gcc/pic32mx/4.8.3/../../../../pic32mx/lib\libpic32.a(vector44.o)
                0x9fc01780                __vector_dispatch_44
                0x00000001                ASSERT (((_vector_spacing == 0x0) || (SIZEOF (.vector_44) <= (_vector_spacing << 0x5))), function at exception vector 44 too large)

.vector_45      0x9fc017a0        0x8
 *(.vector_45)
 .vector_45     0x9fc017a0        0x8 c:/program files (x86)/microchip/xc32/v1.42/bin/bin/../../lib/gcc/pic32mx/4.8.3/../../../../pic32mx/lib\libpic32.a(vector45.o)
                0x9fc017a0                __vector_dispatch_45
                0x00000001                ASSERT (((_vector_spacing == 0x0) || (SIZEOF (.vector_45) <= (_vector_spacing << 0x5))), function at exception vector 45 too large)

.vector_46      0x9fc017c0        0x8
 *(.vector_46)
 .vector_46     0x9fc017c0        0x8 c:/program files (x86)/microchip/xc32/v1.42/bin/bin/../../lib/gcc/pic32mx/4.8.3/../../../../pic32mx/lib\libpic32.a(vector46.o)
                0x9fc017c0                __vector_dispatch_46
                0x00000001                ASSERT (((_vector_spacing == 0x0) || (SIZEOF (.vector_46) <= (_vector_spacing << 0x5))), function at exception vector 46 too large)

.vector_47      0x9fc017e0        0x8
 *(.vector_47)
 .vector_47     0x9fc017e0        0x8 c:/program files (x86)/microchip/xc32/v1.42/bin/bin/../../lib/gcc/pic32mx/4.8.3/../../../../pic32mx/lib\libpic32.a(vector47.o)
                0x9fc017e0                __vector_dispatch_47
                0x00000001                ASSERT (((_vector_spacing == 0x0) || (SIZEOF (.vector_47) <= (_vector_spacing << 0x5))), function at exception vector 47 too large)

.vector_48      0x9fc01800        0x8
 *(.vector_48)
 .vector_48     0x9fc01800        0x8 c:/program files (x86)/microchip/xc32/v1.42/bin/bin/../../lib/gcc/pic32mx/4.8.3/../../../../pic32mx/lib\libpic32.a(vector48.o)
                0x9fc01800                __vector_dispatch_48
                0x00000001                ASSERT (((_vector_spacing == 0x0) || (SIZEOF (.vector_48) <= (_vector_spacing << 0x5))), function at exception vector 48 too large)

.vector_49      0x9fc01820        0x8
 *(.vector_49)
 .vector_49     0x9fc01820        0x8 c:/program files (x86)/microchip/xc32/v1.42/bin/bin/../../lib/gcc/pic32mx/4.8.3/../../../../pic32mx/lib\libpic32.a(vector49.o)
                0x9fc01820                __vector_dispatch_49
                0x00000001                ASSERT (((_vector_spacing == 0x0) || (SIZEOF (.vector_49) <= (_vector_spacing << 0x5))), function at exception vector 49 too large)

.vector_50      0x9fc01840        0x8
 *(.vector_50)
 .vector_50     0x9fc01840        0x8 c:/program files (x86)/microchip/xc32/v1.42/bin/bin/../../lib/gcc/pic32mx/4.8.3/../../../../pic32mx/lib\libpic32.a(vector50.o)
                0x9fc01840                __vector_dispatch_50
                0x00000001                ASSERT (((_vector_spacing == 0x0) || (SIZEOF (.vector_50) <= (_vector_spacing << 0x5))), function at exception vector 50 too large)

.vector_51      0x9fc01860        0x8
 *(.vector_51)
 .vector_51     0x9fc01860        0x8 c:/program files (x86)/microchip/xc32/v1.42/bin/bin/../../lib/gcc/pic32mx/4.8.3/../../../../pic32mx/lib\libpic32.a(vector51.o)
                0x9fc01860                __vector_dispatch_51
                0x00000001                ASSERT (((_vector_spacing == 0x0) || (SIZEOF (.vector_51) <= (_vector_spacing << 0x5))), function at exception vector 51 too large)

.vector_52      0x9fc01880        0x0
 *(.vector_52)
                0x00000001                ASSERT (((_vector_spacing == 0x0) || (SIZEOF (.vector_52) <= (_vector_spacing << 0x5))), function at exception vector 52 too large)

.vector_53      0x9fc018a0        0x0
 *(.vector_53)
                0x00000001                ASSERT (((_vector_spacing == 0x0) || (SIZEOF (.vector_53) <= (_vector_spacing << 0x5))), function at exception vector 53 too large)

.vector_54      0x9fc018c0        0x0
 *(.vector_54)
                0x00000001                ASSERT (((_vector_spacing == 0x0) || (SIZEOF (.vector_54) <= (_vector_spacing << 0x5))), function at exception vector 54 too large)

.vector_55      0x9fc018e0        0x0
 *(.vector_55)
                0x00000001                ASSERT (((_vector_spacing == 0x0) || (SIZEOF (.vector_55) <= (_vector_spacing << 0x5))), function at exception vector 55 too large)

.vector_56      0x9fc01900        0x0
 *(.vector_56)
                0x00000001                ASSERT (((_vector_spacing == 0x0) || (SIZEOF (.vector_56) <= (_vector_spacing << 0x5))), function at exception vector 56 too large)

.vector_57      0x9fc01920        0x0
 *(.vector_57)
                0x00000001                ASSERT (((_vector_spacing == 0x0) || (SIZEOF (.vector_57) <= (_vector_spacing << 0x5))), function at exception vector 57 too large)

.vector_58      0x9fc01940        0x0
 *(.vector_58)
                0x00000001                ASSERT (((_vector_spacing == 0x0) || (SIZEOF (.vector_58) <= (_vector_spacing << 0x5))), function at exception vector 58 too large)

.vector_59      0x9fc01960        0x0
 *(.vector_59)
                0x00000001                ASSERT (((_vector_spacing == 0x0) || (SIZEOF (.vector_59) <= (_vector_spacing << 0x5))), function at exception vector 59 too large)

.vector_60      0x9fc01980        0x0
 *(.vector_60)
                0x00000001                ASSERT (((_vector_spacing == 0x0) || (SIZEOF (.vector_60) <= (_vector_spacing << 0x5))), function at exception vector 60 too large)

.vector_61      0x9fc019a0        0x0
 *(.vector_61)
                0x00000001                ASSERT (((_vector_spacing == 0x0) || (SIZEOF (.vector_61) <= (_vector_spacing << 0x5))), function at exception vector 61 too large)

.vector_62      0x9fc019c0        0x0
 *(.vector_62)
                0x00000001                ASSERT (((_vector_spacing == 0x0) || (SIZEOF (.vector_62) <= (_vector_spacing << 0x5))), function at exception vector 62 too large)

.vector_63      0x9fc019e0        0x0
 *(.vector_63)
                0x00000001                ASSERT (((_vector_spacing == 0x0) || (SIZEOF (.vector_63) <= (_vector_spacing << 0x5))), function at exception vector 63 too large)

.startup
 *(.startup)

.text           0x9d000000        0x0
 *(.stub .gnu.linkonce.t.*)
 *(.text.*personality*)
 *(.mips16.fn.*)
 *(.mips16.call.*)
 *(.gnu.warning)
                0x9d000000                . = ALIGN (0x4)

.init           0x9d000000        0x0
 *crti.o(.init)
 *crtbegin.o(.init)
 *(EXCLUDE_FILE(*crtn.o *crtend?.o *crtend.o) .init)
 *crtend.o(.init)
 *crtn.o(.init)
                0x9d000000                . = ALIGN (0x4)

.fini           0x9d000000        0x0
 *(.fini)
                0x9d000000                . = ALIGN (0x4)

.preinit_array  0x9d000000        0x0
                0x9d000000                PROVIDE (__preinit_array_start, .)
 *(.preinit_array)
                0x9d000000                PROVIDE (__preinit_array_end, .)
                0x9d000000                . = ALIGN (0x4)

.init_array     0x9d000000        0x0
                0x9d000000                PROVIDE (__init_array_start, .)
 *(SORT(.init_array.*))
 *(.init_array)
                0x9d000000                PROVIDE (__init_array_end, .)
                0x9d000000                . = ALIGN (0x4)

.fini_array     0x9d000000        0x0
                0x9d000000                PROVIDE (__fini_array_start, .)
 *(SORT(.fini_array.*))
 *(.fini_array)
                0x9d000000                PROVIDE (__fini_array_end, .)
                0x9d000000                . = ALIGN (0x4)

.ctors          0x9d000000        0x0
 *crtbegin.o(.ctors)
 *crtbegin?.o(.ctors)
 *(EXCLUDE_FILE(*crtend?.o *crtend.o) .ctors)
 *(SORT(.ctors.*))
 *(.ctors)
                0x9d000000                . = ALIGN (0x4)

.dtors          0x9d000000        0x0
 *crtbegin.o(.dtors)
 *crtbegin?.o(.dtors)
 *(EXCLUDE_FILE(*crtend?.o *crtend.o) .dtors)
 *(SORT(.dtors.*))
 *(.dtors)
                0x9d000000                . = ALIGN (0x4)

.rodata         0x9d000000        0x0
 *(.gnu.linkonce.r.*)
 *(.rodata1)
                0x9d000000                . = ALIGN (0x4)

.sdata2         0x9fc00490        0x0
 *(.sdata2 .sdata2.* .gnu.linkonce.s2.*)
                0x9fc00490                . = ALIGN (0x4)

.sbss2          0x9fc00490        0x0
 *(.sbss2 .sbss2.* .gnu.linkonce.sb2.*)
                0x9fc00490                . = ALIGN (0x4)

.eh_frame_hdr
 *(.eh_frame_hdr)
                0x9fc00490                . = ALIGN (0x4)

.eh_frame
 *(.eh_frame)
                0x9fc00490                . = ALIGN (0x4)

.gcc_except_table
 *(.gcc_except_table .gcc_except_table.*)
                0x9fc00490                . = ALIGN (0x4)

.dbg_data       0xa0000200        0x0
                0xa0000200                . = (. + DEFINED (_DEBUGGER)?0x200:0x0)

.jcr            0xa0000200        0x0
 *(.jcr)
                0xa0000200                . = ALIGN (0x4)

.eh_frame
 *(.eh_frame)
                0xa0000200                . = ALIGN (0x4)

.gcc_except_table
 *(.gcc_except_table .gcc_except_table.*)
                0xa0000200                . = ALIGN (0x4)

.persist        0xa0000200        0x0
                0xa0000200                _persist_begin = .
 *(.persist .persist.*)
 *(.pbss .pbss.*)
                0xa0000200                . = ALIGN (0x4)
                0xa0000200                _persist_end = .

.data           0xa0000200        0x0
 *(.gnu.linkonce.d.*)
 *(.data1)
                0xa0000200                . = ALIGN (0x4)
                0xa0000200                . = .
                0xa00081f0                _gp = (ALIGN (0x10) + 0x7ff0)

.got            0xa0000200        0x0
 *(.got.plt)
 *(.got)
                0xa0000200                . = ALIGN (0x4)

.sdata          0xa0000200       0x24
                0xa0000200                _sdata_begin = .
 *(.sdata .sdata.* .gnu.linkonce.s.*)
 .sdata         0xa0000200       0x18 build/milestone1/debug/_ext/1360937237/navigation.o
                0xa0000200                errorDiv
                0xa0000204                PIDDiv
                0xa0000208                PIDOffsetDiv
                0xa000020c                dt
                0xa0000210                Td
                0xa0000214                Ti
 .sdata         0xa0000218        0x4 build/milestone1/debug/_ext/1360937237/communication.o
                0xa0000218                SeqNum
 .sdata         0xa000021c        0x4 build/milestone1/debug/_ext/1475386849/port.o
                0xa000021c                uxInterruptNesting
 .sdata         0xa0000220        0x4 c:/program files (x86)/microchip/xc32/v1.42/bin/bin/../../lib/gcc/pic32mx/4.8.3/../../../../pic32mx/lib\libpic32.a(xc32_uart.o)
                0xa0000220                __XC_UART
                0xa0000224                . = ALIGN (0x4)
                0xa0000224                _sdata_end = .

.lit8
 *(.lit8)

.lit4
 *(.lit4)
                0xa0000224                . = ALIGN (0x4)
                0xa0000224                _data_end = .
                0xa0000224                _bss_begin = .

.sbss           0xa0000224       0xcc
                0xa0000224                _sbss_begin = .
 *(.dynsbss)
 *(.sbss .sbss.* .gnu.linkonce.sb.*)
 .sbss          0xa0000224        0x4 build/milestone1/debug/_ext/1360937237/app.o
 .sbss          0xa0000228       0x28 build/milestone1/debug/_ext/1360937237/navigation.o
                0xa0000228                PID2_Out
                0xa000022c                PID2_I
                0xa0000230                PID2_PreviousError
                0xa0000234                PID1_Out
                0xa0000238                PID1_I
                0xa000023c                PID1_PreviousError
                0xa0000240                Kd
                0xa0000244                Ki
                0xa0000248                Kp
 .sbss          0xa0000250        0x4 build/milestone1/debug/_ext/1360937237/mapping.o
 .sbss          0xa0000254       0x10 build/milestone1/debug/_ext/1360937237/communication.o
                0xa0000254                receiveFromWifiBufferIdx
                0xa0000258                bufferToWrite2Idx
 .sbss          0xa0000264        0x8 build/milestone1/debug/_ext/1360937237/ms2test.o
                0xa0000264                testCount
                0xa0000268                speedTotal
 .sbss          0xa000026c       0x34 build/milestone1/debug/_ext/1241959881/tasks.o
                0xa000026c                uxSchedulerSuspended
                0xa0000270                xIdleTaskHandle
                0xa0000274                xNextTaskUnblockTime
                0xa0000278                uxTaskNumber
                0xa000027c                xNumOfOverflows
                0xa0000280                xYieldPending
                0xa0000284                uxPendedTicks
                0xa0000288                xSchedulerRunning
                0xa000028c                uxTopReadyPriority
                0xa0000290                xTickCount
                0xa0000294                uxCurrentNumberOfTasks
                0xa0000298                uxDeletedTasksWaitingCleanUp
                0xa000029c                pxCurrentTCB
 .sbss          0xa00002a0        0x8 build/milestone1/debug/_ext/1366647692/heap_1.o
 .sbss          0xa00002a8        0x4 build/milestone1/debug/_ext/1475386849/port.o
                0xa00002a8                uxSavedTaskStackPointer
 .sbss          0xa00002ac        0x4 build/milestone1/debug/_ext/1864120335/drv_tmr_static.o
 .sbss          0xa00002b0        0xc build/milestone1/debug/_ext/1555642536/system_exceptions.o
 *(.scommon)
 .scommon       0xa00002bc        0x8 build/milestone1/debug/_ext/1360937237/app.o
                0xa00002bc                appData
                0xa00002c0                app1Iter
 .scommon       0xa00002c4        0x4 build/milestone1/debug/_ext/1360937237/navigation.o
                0xa00002c4                navigationData
 .scommon       0xa00002c8        0x4 build/milestone1/debug/_ext/1360937237/mapping.o
                0xa00002c8                mappingData
 .scommon       0xa00002cc        0xc build/milestone1/debug/_ext/1360937237/communication.o
                0xa00002cc                parseBuffer
                0xa00002d4                communicationData
 .scommon       0xa00002d8        0x4 build/milestone1/debug/_ext/1360937237/debug.o
                0xa00002d8                global_data
 .scommon       0xa00002dc        0x8 build/milestone1/debug/_ext/2019779704/sys_devcon.o
                0xa00002dc                sysDevconObj
 .scommon       0xa00002e4        0x8 build/milestone1/debug/_ext/1241959881/tasks.o
                0xa00002e4                pxDelayedTaskList
                0xa00002e8                pxOverflowDelayedTaskList
 .scommon       0xa00002ec        0x4 build/milestone1/debug/_ext/192191419/drv_usart_static.o
                0xa00002ec                gDrvUSART0Obj
                0xa00002f0                _sbss_end = .
                0xa00002f0                . = ALIGN (0x4)

.bss            0xa00002f0      0x294
 *(.dynbss)
 *(COMMON)
 COMMON         0xa00002f0      0x1b4 build/milestone1/debug/_ext/1360937237/communication.o
                0xa00002f0                bufferToWrite2
                0xa00003cc                receiveFromWifiBuffer
 COMMON         0xa00004a4       0xc8 build/milestone1/debug/_ext/1241959881/tasks.o
                0xa00004a4                pxReadyTasksLists
                0xa0000508                xPendingReadyList
                0xa000051c                xTasksWaitingTermination
                0xa0000530                xSuspendedTaskList
                0xa0000544                xDelayedTaskList2
                0xa0000558                xDelayedTaskList1
 COMMON         0xa000056c       0x18 build/milestone1/debug/_ext/1555642536/system_init.o
                0xa000056c                sysObj
                0xa0000584                . = ALIGN ((. != 0x0)?0x4:0x1)
                0xa0000584                . = ALIGN (0x4)
                0xa0000584                _end = .
                0xa0000584                _bss_end = .
                0x00020000                _bmxdudba_address = 0x20000
                0x00020000                _bmxdupba_address = 0x20000

/DISCARD/
 *(.pdr)
 *(.rel.dyn)
 *(.note.GNU-stack)
 *(.note.GNU-stack)
 *(.gnu_debuglink)
 *(.gnu.lto_*)
 *(.discard)

.gptab.sdata
 *(.gptab.data)
 *(.gptab.sdata)

.gptab.sbss
 *(.gptab.bss)
 *(.gptab.sbss)

.mdebug.abi32   0xa0000584        0x0
 *(.mdebug.abi32)
 .mdebug.abi32  0xa0000584        0x0 c:/program files (x86)/microchip/xc32/v1.42/bin/bin/../../lib/gcc/pic32mx/4.8.3/../../../../pic32mx/lib\software-debug-break.o
 .mdebug.abi32  0xa0000584        0x0 build/milestone1/debug/_ext/1360937237/app.o
 .mdebug.abi32  0xa0000584        0x0 build/milestone1/debug/_ext/1360937237/main.o
 .mdebug.abi32  0xa0000584        0x0 build/milestone1/debug/_ext/1360937237/navigation.o
 .mdebug.abi32  0xa0000584        0x0 build/milestone1/debug/_ext/1360937237/mapping.o
 .mdebug.abi32  0xa0000584        0x0 build/milestone1/debug/_ext/1360937237/communication.o
 .mdebug.abi32  0xa0000584        0x0 build/milestone1/debug/_ext/1360937237/ms2test.o
 .mdebug.abi32  0xa0000584        0x0 build/milestone1/debug/_ext/1360937237/debug.o
 .mdebug.abi32  0xa0000584        0x0 build/milestone1/debug/_ext/1360937237/motor.o
 .mdebug.abi32  0xa0000584        0x0 build/milestone1/debug/_ext/1423261102/osal_freertos.o
 .mdebug.abi32  0xa0000584        0x0 build/milestone1/debug/_ext/2019779704/sys_devcon.o
 .mdebug.abi32  0xa0000584        0x0 build/milestone1/debug/_ext/2019779704/sys_devcon_pic32mx.o
 .mdebug.abi32  0xa0000584        0x0 build/milestone1/debug/_ext/1620769490/sys_int_pic32.o
 .mdebug.abi32  0xa0000584        0x0 build/milestone1/debug/_ext/1241959881/croutine.o
 .mdebug.abi32  0xa0000584        0x0 build/milestone1/debug/_ext/1241959881/list.o
 .mdebug.abi32  0xa0000584        0x0 build/milestone1/debug/_ext/1241959881/queue.o
 .mdebug.abi32  0xa0000584        0x0 build/milestone1/debug/_ext/1241959881/tasks.o
 .mdebug.abi32  0xa0000584        0x0 build/milestone1/debug/_ext/1241959881/timers.o
 .mdebug.abi32  0xa0000584        0x0 build/milestone1/debug/_ext/1241959881/event_groups.o
 .mdebug.abi32  0xa0000584        0x0 build/milestone1/debug/_ext/1366647692/heap_1.o
 .mdebug.abi32  0xa0000584        0x0 build/milestone1/debug/_ext/1475386849/port.o
 .mdebug.abi32  0xa0000584        0x0 build/milestone1/debug/_ext/1864120335/drv_tmr_static.o
 .mdebug.abi32  0xa0000584        0x0 build/milestone1/debug/_ext/1864120335/drv_tmr_mapping.o
 .mdebug.abi32  0xa0000584        0x0 build/milestone1/debug/_ext/192191419/drv_usart_mapping.o
 .mdebug.abi32  0xa0000584        0x0 build/milestone1/debug/_ext/192191419/drv_usart_static.o
 .mdebug.abi32  0xa0000584        0x0 build/milestone1/debug/_ext/192191419/drv_usart_static_byte_model.o
 .mdebug.abi32  0xa0000584        0x0 build/milestone1/debug/_ext/383799649/sys_clk_static.o
 .mdebug.abi32  0xa0000584        0x0 build/milestone1/debug/_ext/956857457/sys_ports_static.o
 .mdebug.abi32  0xa0000584        0x0 build/milestone1/debug/_ext/1555642536/system_init.o
 .mdebug.abi32  0xa0000584        0x0 build/milestone1/debug/_ext/1555642536/system_interrupt.o
 .mdebug.abi32  0xa0000584        0x0 build/milestone1/debug/_ext/1555642536/system_exceptions.o
 .mdebug.abi32  0xa0000584        0x0 build/milestone1/debug/_ext/1555642536/system_tasks.o
 .mdebug.abi32  0xa0000584        0x0 build/milestone1/debug/_ext/1555642536/rtos_hooks.o
 .mdebug.abi32  0xa0000584        0x0 build/milestone1/debug/_ext/1360937237/jsmn.o
 .mdebug.abi32  0xa0000584        0x0 build/milestone1/debug/_ext/1360937237/myjson.o
 .mdebug.abi32  0xa0000584        0x0 c:/program files (x86)/microchip/xc32/v1.42/bin/bin/../../lib/gcc/pic32mx/4.8.3/../../../../pic32mx/lib\libpic32.a(default-bootstrap-exception-handler.o)
 .mdebug.abi32  0xa0000584        0x0 c:/program files (x86)/microchip/xc32/v1.42/bin/bin/../../lib/gcc/pic32mx/4.8.3/../../../../pic32mx/lib\libpic32.a(default-on-reset.o)
 .mdebug.abi32  0xa0000584        0x0 c:/program files (x86)/microchip/xc32/v1.42/bin/bin/../../lib/gcc/pic32mx/4.8.3/../../../../pic32mx/lib\libpic32.a(default-on-bootstrap.o)
 .mdebug.abi32  0xa0000584        0x0 c:/program files (x86)/microchip/xc32/v1.42/bin/bin/../../lib/gcc/pic32mx/4.8.3/../../../../pic32mx/lib\libpic32.a(defaultinterrupt.o)
 .mdebug.abi32  0xa0000584        0x0 c:/program files (x86)/microchip/xc32/v1.42/bin/bin/../../lib/gcc/pic32mx/4.8.3/../../../../pic32mx/lib\libc.a(atoi.o)
 .mdebug.abi32  0xa0000584        0x0 c:/program files (x86)/microchip/xc32/v1.42/bin/bin/../../lib/gcc/pic32mx/4.8.3/../../../../pic32mx/lib\libc.a(ctype.o)
 .mdebug.abi32  0xa0000584        0x0 c:/program files (x86)/microchip/xc32/v1.42/bin/bin/../../lib/gcc/pic32mx/4.8.3/../../../../pic32mx/lib\libc.a(strcat.o)
 .mdebug.abi32  0xa0000584        0x0 c:/program files (x86)/microchip/xc32/v1.42/bin/bin/../../lib/gcc/pic32mx/4.8.3/../../../../pic32mx/lib\libc.a(strncmp.o)
 .mdebug.abi32  0xa0000584        0x0 c:/program files (x86)/microchip/xc32/v1.42/bin/bin/../../lib/gcc/pic32mx/4.8.3/../../../../pic32mx/lib\libc.a(snprintf_s.eo)
 .mdebug.abi32  0xa0000584        0x0 c:/program files (x86)/microchip/xc32/v1.42/bin/bin/../../lib/gcc/pic32mx/4.8.3/../../../../pic32mx/lib\libc.a(sprintf_cdnopuxX.eo)
 .mdebug.abi32  0xa0000584        0x0 c:/program files (x86)/microchip/xc32/v1.42/bin/bin/../../lib/gcc/pic32mx/4.8.3/../../../../pic32mx/lib\libc.a(vsnprintf_s.eo)
 .mdebug.abi32  0xa0000584        0x0 c:/program files (x86)/microchip/xc32/v1.42/bin/bin/../../lib/gcc/pic32mx/4.8.3/../../../../pic32mx/lib\libc.a(_fputc_simple.o)
 .mdebug.abi32  0xa0000584        0x0 c:/program files (x86)/microchip/xc32/v1.42/bin/bin/../../lib/gcc/pic32mx/4.8.3/../../../../pic32mx/lib\libc.a(_iob.o)
 .mdebug.abi32  0xa0000584        0x0 c:/program files (x86)/microchip/xc32/v1.42/bin/bin/../../lib/gcc/pic32mx/4.8.3/../../../../pic32mx/lib\libc.a(_flsbuf_simple.o)
 .mdebug.abi32  0xa0000584        0x0 c:/program files (x86)/microchip/xc32/v1.42/bin/bin/../../lib/gcc/pic32mx/4.8.3/../../../../pic32mx/lib\libc.a(doprnt_cdnopsuxX.eo)
 .mdebug.abi32  0xa0000584        0x0 c:/program files (x86)/microchip/xc32/v1.42/bin/bin/../../lib/gcc/pic32mx/4.8.3/../../../../pic32mx/lib\libpic32.a(write.o)
 .mdebug.abi32  0xa0000584        0x0 c:/program files (x86)/microchip/xc32/v1.42/bin/bin/../../lib/gcc/pic32mx/4.8.3/../../../../pic32mx/lib\libpic32.a(_mon_putc.o)
 .mdebug.abi32  0xa0000584        0x0 c:/program files (x86)/microchip/xc32/v1.42/bin/bin/../../lib/gcc/pic32mx/4.8.3/../../../../pic32mx/lib\libpic32.a(xc32_uart.o)
 .mdebug.abi32  0xa0000584        0x0 c:/program files (x86)/microchip/xc32/v1.42/bin/bin/../../lib/gcc/pic32mx/4.8.3\libgcc.a(_udivdi3.o)
 .mdebug.abi32  0xa0000584        0x0 c:/program files (x86)/microchip/xc32/v1.42/bin/bin/../../lib/gcc/pic32mx/4.8.3\libgcc.a(_umoddi3.o)

.mdebug.abiN32
 *(.mdebug.abiN32)

.mdebug.abi64
 *(.mdebug.abi64)

.mdebug.abiO64
 *(.mdebug.abiO64)

.mdebug.eabi32
 *(.mdebug.eabi32)

.mdebug.eabi64
 *(.mdebug.eabi64)

.gcc_compiled_long32
 *(.gcc_compiled_long32)

.gcc_compiled_long64
 *(.gcc_compiled_long64)

.stab
 *(.stab)

.stabstr
 *(.stabstr)

.stab.excl
 *(.stab.excl)

.stab.exclstr
 *(.stab.exclstr)

.stab.index
 *(.stab.index)

.stab.indexstr
 *(.stab.indexstr)

.comment        0x00000000       0xd4
 *(.comment)
 .comment       0x00000000       0x3c c:/program files (x86)/microchip/xc32/v1.42/bin/bin/../../lib/gcc/pic32mx/4.8.3/../../../../pic32mx/lib\software-debug-break.o
                                 0x3d (size before relaxing)
 .comment       0x00000000       0x3d build/milestone1/debug/_ext/1360937237/app.o
 .comment       0x00000000       0x3d build/milestone1/debug/_ext/1360937237/main.o
 .comment       0x00000000       0x3d build/milestone1/debug/_ext/1360937237/navigation.o
 .comment       0x00000000       0x3d build/milestone1/debug/_ext/1360937237/mapping.o
 .comment       0x00000000       0x3d build/milestone1/debug/_ext/1360937237/communication.o
 .comment       0x00000000       0x3d build/milestone1/debug/_ext/1360937237/ms2test.o
 .comment       0x00000000       0x3d build/milestone1/debug/_ext/1360937237/debug.o
 .comment       0x00000000       0x3d build/milestone1/debug/_ext/1360937237/motor.o
 .comment       0x00000000       0x3d build/milestone1/debug/_ext/1423261102/osal_freertos.o
 .comment       0x00000000       0x3d build/milestone1/debug/_ext/2019779704/sys_devcon.o
 .comment       0x00000000       0x3d build/milestone1/debug/_ext/2019779704/sys_devcon_pic32mx.o
 .comment       0x00000000       0x3d build/milestone1/debug/_ext/1620769490/sys_int_pic32.o
 .comment       0x00000000       0x3d build/milestone1/debug/_ext/1241959881/croutine.o
 .comment       0x00000000       0x3d build/milestone1/debug/_ext/1241959881/list.o
 .comment       0x00000000       0x3d build/milestone1/debug/_ext/1241959881/queue.o
 .comment       0x00000000       0x3d build/milestone1/debug/_ext/1241959881/tasks.o
 .comment       0x00000000       0x3d build/milestone1/debug/_ext/1241959881/timers.o
 .comment       0x00000000       0x3d build/milestone1/debug/_ext/1241959881/event_groups.o
 .comment       0x00000000       0x3d build/milestone1/debug/_ext/1366647692/heap_1.o
 .comment       0x00000000       0x3d build/milestone1/debug/_ext/1475386849/port.o
 .comment       0x00000000       0x3d build/milestone1/debug/_ext/1864120335/drv_tmr_static.o
 .comment       0x00000000       0x3d build/milestone1/debug/_ext/1864120335/drv_tmr_mapping.o
 .comment       0x00000000       0x3d build/milestone1/debug/_ext/192191419/drv_usart_mapping.o
 .comment       0x00000000       0x3d build/milestone1/debug/_ext/192191419/drv_usart_static.o
 .comment       0x00000000       0x3d build/milestone1/debug/_ext/192191419/drv_usart_static_byte_model.o
 .comment       0x00000000       0x3d build/milestone1/debug/_ext/383799649/sys_clk_static.o
 .comment       0x00000000       0x3d build/milestone1/debug/_ext/956857457/sys_ports_static.o
 .comment       0x00000000       0x3d build/milestone1/debug/_ext/1555642536/system_init.o
 .comment       0x00000000       0x3d build/milestone1/debug/_ext/1555642536/system_interrupt.o
 .comment       0x00000000       0x3d build/milestone1/debug/_ext/1555642536/system_exceptions.o
 .comment       0x00000000       0x3d build/milestone1/debug/_ext/1555642536/system_tasks.o
 .comment       0x00000000       0x3d build/milestone1/debug/_ext/1555642536/rtos_hooks.o
 .comment       0x00000000       0x3d build/milestone1/debug/_ext/1360937237/jsmn.o
 .comment       0x00000000       0x3d build/milestone1/debug/_ext/1360937237/myjson.o
 .comment       0x0000003c       0x18 c:/program files (x86)/microchip/xc32/v1.42/bin/bin/../../lib/gcc/pic32mx/4.8.3/../../../../pic32mx/lib\libpic32.a(memset.o)
                                 0x19 (size before relaxing)
 .comment       0x00000054       0x19 c:/program files (x86)/microchip/xc32/v1.42/bin/bin/../../lib/gcc/pic32mx/4.8.3/../../../../pic32mx/lib\libpic32.a(strcpy.o)
                                 0x1a (size before relaxing)
 .comment       0x0000006d       0x19 c:/program files (x86)/microchip/xc32/v1.42/bin/bin/../../lib/gcc/pic32mx/4.8.3/../../../../pic32mx/lib\libpic32.a(strlen.o)
                                 0x1a (size before relaxing)
 .comment       0x00000000       0x3d c:/program files (x86)/microchip/xc32/v1.42/bin/bin/../../lib/gcc/pic32mx/4.8.3/../../../../pic32mx/lib\libpic32.a(default-bootstrap-exception-handler.o)
 .comment       0x00000000       0x3d c:/program files (x86)/microchip/xc32/v1.42/bin/bin/../../lib/gcc/pic32mx/4.8.3/../../../../pic32mx/lib\libpic32.a(default-on-reset.o)
 .comment       0x00000000       0x3d c:/program files (x86)/microchip/xc32/v1.42/bin/bin/../../lib/gcc/pic32mx/4.8.3/../../../../pic32mx/lib\libpic32.a(default-on-bootstrap.o)
 .comment       0x00000000       0x3d c:/program files (x86)/microchip/xc32/v1.42/bin/bin/../../lib/gcc/pic32mx/4.8.3/../../../../pic32mx/lib\libpic32.a(defaultinterrupt.o)
 .comment       0x00000000       0x3d c:/program files (x86)/microchip/xc32/v1.42/bin/bin/../../lib/gcc/pic32mx/4.8.3/../../../../pic32mx/lib\libc.a(atoi.o)
 .comment       0x00000086       0x4e c:/program files (x86)/microchip/xc32/v1.42/bin/bin/../../lib/gcc/pic32mx/4.8.3/../../../../pic32mx/lib\libc.a(ctype.o)
                                 0x8b (size before relaxing)
 .comment       0x00000000       0x3d c:/program files (x86)/microchip/xc32/v1.42/bin/bin/../../lib/gcc/pic32mx/4.8.3/../../../../pic32mx/lib\libc.a(strcat.o)
 .comment       0x00000000       0x3d c:/program files (x86)/microchip/xc32/v1.42/bin/bin/../../lib/gcc/pic32mx/4.8.3/../../../../pic32mx/lib\libc.a(strncmp.o)
 .comment       0x00000000       0x3d c:/program files (x86)/microchip/xc32/v1.42/bin/bin/../../lib/gcc/pic32mx/4.8.3/../../../../pic32mx/lib\libc.a(snprintf_s.eo)
 .comment       0x00000000       0x3d c:/program files (x86)/microchip/xc32/v1.42/bin/bin/../../lib/gcc/pic32mx/4.8.3/../../../../pic32mx/lib\libc.a(sprintf_cdnopuxX.eo)
 .comment       0x00000000       0x3d c:/program files (x86)/microchip/xc32/v1.42/bin/bin/../../lib/gcc/pic32mx/4.8.3/../../../../pic32mx/lib\libc.a(vsnprintf_s.eo)
 .comment       0x00000000       0x3d c:/program files (x86)/microchip/xc32/v1.42/bin/bin/../../lib/gcc/pic32mx/4.8.3/../../../../pic32mx/lib\libc.a(_fputc_simple.o)
 .comment       0x00000000       0x3d c:/program files (x86)/microchip/xc32/v1.42/bin/bin/../../lib/gcc/pic32mx/4.8.3/../../../../pic32mx/lib\libc.a(_iob.o)
 .comment       0x00000000       0x3d c:/program files (x86)/microchip/xc32/v1.42/bin/bin/../../lib/gcc/pic32mx/4.8.3/../../../../pic32mx/lib\libc.a(_flsbuf_simple.o)
 .comment       0x00000000       0x3d c:/program files (x86)/microchip/xc32/v1.42/bin/bin/../../lib/gcc/pic32mx/4.8.3/../../../../pic32mx/lib\libc.a(doprnt_cdnopsuxX.eo)
 .comment       0x00000000       0x3d c:/program files (x86)/microchip/xc32/v1.42/bin/bin/../../lib/gcc/pic32mx/4.8.3/../../../../pic32mx/lib\libpic32.a(write.o)
 .comment       0x00000000       0x3d c:/program files (x86)/microchip/xc32/v1.42/bin/bin/../../lib/gcc/pic32mx/4.8.3/../../../../pic32mx/lib\libpic32.a(_mon_putc.o)
 .comment       0x00000000       0x3d c:/program files (x86)/microchip/xc32/v1.42/bin/bin/../../lib/gcc/pic32mx/4.8.3/../../../../pic32mx/lib\libpic32.a(xc32_uart.o)
 .comment       0x00000000       0x3d c:/program files (x86)/microchip/xc32/v1.42/bin/bin/../../lib/gcc/pic32mx/4.8.3\libgcc.a(_udivdi3.o)
 .comment       0x00000000       0x3d c:/program files (x86)/microchip/xc32/v1.42/bin/bin/../../lib/gcc/pic32mx/4.8.3\libgcc.a(_umoddi3.o)

.debug
 *(.debug)

.line
 *(.line)

.debug_srcinfo
 *(.debug_srcinfo)

.debug_sfnames
 *(.debug_sfnames)

.debug_aranges  0x00000000     0x1170
 *(.debug_aranges)
 .debug_aranges
                0x00000000       0x20 c:/program files (x86)/microchip/xc32/v1.42/bin/bin/../../lib/gcc/pic32mx/4.8.3/../../../../pic32mx/lib\software-debug-break.o
 .debug_aranges
                0x00000020       0x30 build/milestone1/debug/_ext/1360937237/app.o
 .debug_aranges
                0x00000050       0x20 build/milestone1/debug/_ext/1360937237/main.o
 .debug_aranges
                0x00000070       0x58 build/milestone1/debug/_ext/1360937237/navigation.o
 .debug_aranges
                0x000000c8       0x40 build/milestone1/debug/_ext/1360937237/mapping.o
 .debug_aranges
                0x00000108       0xb0 build/milestone1/debug/_ext/1360937237/communication.o
 .debug_aranges
                0x000001b8       0x70 build/milestone1/debug/_ext/1360937237/ms2test.o
 .debug_aranges
                0x00000228       0x48 build/milestone1/debug/_ext/1360937237/debug.o
 .debug_aranges
                0x00000270       0x38 build/milestone1/debug/_ext/1360937237/motor.o
 .debug_aranges
                0x000002a8       0x88 build/milestone1/debug/_ext/1423261102/osal_freertos.o
 .debug_aranges
                0x00000330       0x78 build/milestone1/debug/_ext/2019779704/sys_devcon.o
 .debug_aranges
                0x000003a8       0x20 build/milestone1/debug/_ext/2019779704/sys_devcon_pic32mx.o
 .debug_aranges
                0x000003c8       0x48 build/milestone1/debug/_ext/1620769490/sys_int_pic32.o
 .debug_aranges
                0x00000410       0x18 build/milestone1/debug/_ext/1241959881/croutine.o
 .debug_aranges
                0x00000428       0x40 build/milestone1/debug/_ext/1241959881/list.o
 .debug_aranges
                0x00000468       0xb0 build/milestone1/debug/_ext/1241959881/queue.o
 .debug_aranges
                0x00000518      0x1a0 build/milestone1/debug/_ext/1241959881/tasks.o
 .debug_aranges
                0x000006b8       0x18 build/milestone1/debug/_ext/1241959881/timers.o
 .debug_aranges
                0x000006d0       0x60 build/milestone1/debug/_ext/1241959881/event_groups.o
 .debug_aranges
                0x00000730       0x38 build/milestone1/debug/_ext/1366647692/heap_1.o
 .debug_aranges
                0x00000768       0x58 build/milestone1/debug/_ext/1475386849/port.o
 .debug_aranges
                0x000007c0       0x20 build/milestone1/debug/_ext/1475386849/port_asm.o
 .debug_aranges
                0x000007e0      0x1d8 build/milestone1/debug/_ext/1864120335/drv_tmr_static.o
 .debug_aranges
                0x000009b8       0xc8 build/milestone1/debug/_ext/1864120335/drv_tmr_mapping.o
 .debug_aranges
                0x00000a80       0xa8 build/milestone1/debug/_ext/192191419/drv_usart_mapping.o
 .debug_aranges
                0x00000b28       0x78 build/milestone1/debug/_ext/192191419/drv_usart_static.o
 .debug_aranges
                0x00000ba0       0x48 build/milestone1/debug/_ext/192191419/drv_usart_static_byte_model.o
 .debug_aranges
                0x00000be8       0x50 build/milestone1/debug/_ext/383799649/sys_clk_static.o
 .debug_aranges
                0x00000c38      0x108 build/milestone1/debug/_ext/956857457/sys_ports_static.o
 .debug_aranges
                0x00000d40       0x20 build/milestone1/debug/_ext/1555642536/system_init.o
 .debug_aranges
                0x00000d60       0x40 build/milestone1/debug/_ext/1555642536/system_interrupt.o
 .debug_aranges
                0x00000da0       0x20 build/milestone1/debug/_ext/1555642536/system_exceptions.o
 .debug_aranges
                0x00000dc0       0x48 build/milestone1/debug/_ext/1555642536/system_tasks.o
 .debug_aranges
                0x00000e08       0x68 build/milestone1/debug/_ext/1555642536/system_interrupt_a.o
 .debug_aranges
                0x00000e70       0x28 build/milestone1/debug/_ext/1555642536/rtos_hooks.o
 .debug_aranges
                0x00000e98       0x28 build/milestone1/debug/_ext/1360937237/jsmn.o
 .debug_aranges
                0x00000ec0       0x90 build/milestone1/debug/_ext/1360937237/myjson.o
 .debug_aranges
                0x00000f50       0x20 c:/program files (x86)/microchip/xc32/v1.42/bin/bin/../../lib/gcc/pic32mx/4.8.3/../../../../pic32mx/lib\libpic32.a(default-bootstrap-exception-handler.o)
 .debug_aranges
                0x00000f70       0x20 c:/program files (x86)/microchip/xc32/v1.42/bin/bin/../../lib/gcc/pic32mx/4.8.3/../../../../pic32mx/lib\libpic32.a(default-on-reset.o)
 .debug_aranges
                0x00000f90       0x20 c:/program files (x86)/microchip/xc32/v1.42/bin/bin/../../lib/gcc/pic32mx/4.8.3/../../../../pic32mx/lib\libpic32.a(default-on-bootstrap.o)
 .debug_aranges
                0x00000fb0       0x20 c:/program files (x86)/microchip/xc32/v1.42/bin/bin/../../lib/gcc/pic32mx/4.8.3/../../../../pic32mx/lib\libpic32.a(defaultinterrupt.o)
 .debug_aranges
                0x00000fd0       0x20 c:/program files (x86)/microchip/xc32/v1.42/bin/bin/../../lib/gcc/pic32mx/4.8.3/../../../../pic32mx/lib\libc.a(atoi.o)
 .debug_aranges
                0x00000ff0       0x20 c:/program files (x86)/microchip/xc32/v1.42/bin/bin/../../lib/gcc/pic32mx/4.8.3/../../../../pic32mx/lib\libc.a(strcat.o)
 .debug_aranges
                0x00001010       0x20 c:/program files (x86)/microchip/xc32/v1.42/bin/bin/../../lib/gcc/pic32mx/4.8.3/../../../../pic32mx/lib\libc.a(strncmp.o)
 .debug_aranges
                0x00001030       0x20 c:/program files (x86)/microchip/xc32/v1.42/bin/bin/../../lib/gcc/pic32mx/4.8.3/../../../../pic32mx/lib\libc.a(snprintf_s.eo)
 .debug_aranges
                0x00001050       0x20 c:/program files (x86)/microchip/xc32/v1.42/bin/bin/../../lib/gcc/pic32mx/4.8.3/../../../../pic32mx/lib\libc.a(sprintf_cdnopuxX.eo)
 .debug_aranges
                0x00001070       0x20 c:/program files (x86)/microchip/xc32/v1.42/bin/bin/../../lib/gcc/pic32mx/4.8.3/../../../../pic32mx/lib\libc.a(vsnprintf_s.eo)
 .debug_aranges
                0x00001090       0x20 c:/program files (x86)/microchip/xc32/v1.42/bin/bin/../../lib/gcc/pic32mx/4.8.3/../../../../pic32mx/lib\libc.a(_fputc_simple.o)
 .debug_aranges
                0x000010b0       0x20 c:/program files (x86)/microchip/xc32/v1.42/bin/bin/../../lib/gcc/pic32mx/4.8.3/../../../../pic32mx/lib\libc.a(_flsbuf_simple.o)
 .debug_aranges
                0x000010d0       0x20 c:/program files (x86)/microchip/xc32/v1.42/bin/bin/../../lib/gcc/pic32mx/4.8.3/../../../../pic32mx/lib\libc.a(doprnt_cdnopsuxX.eo)
 .debug_aranges
                0x000010f0       0x20 c:/program files (x86)/microchip/xc32/v1.42/bin/bin/../../lib/gcc/pic32mx/4.8.3/../../../../pic32mx/lib\libpic32.a(write.o)
 .debug_aranges
                0x00001110       0x20 c:/program files (x86)/microchip/xc32/v1.42/bin/bin/../../lib/gcc/pic32mx/4.8.3/../../../../pic32mx/lib\libpic32.a(_mon_putc.o)
 .debug_aranges
                0x00001130       0x20 c:/program files (x86)/microchip/xc32/v1.42/bin/bin/../../lib/gcc/pic32mx/4.8.3\libgcc.a(_udivdi3.o)
 .debug_aranges
                0x00001150       0x20 c:/program files (x86)/microchip/xc32/v1.42/bin/bin/../../lib/gcc/pic32mx/4.8.3\libgcc.a(_umoddi3.o)

.debug_pubnames
 *(.debug_pubnames)

.debug_info     0x00000000    0x569a8
 *(.debug_info .gnu.linkonce.wi.*)
 .debug_info    0x00000000       0xe5 c:/program files (x86)/microchip/xc32/v1.42/bin/bin/../../lib/gcc/pic32mx/4.8.3/../../../../pic32mx/lib\software-debug-break.o
 .debug_info    0x000000e5     0x36b2 build/milestone1/debug/_ext/1360937237/app.o
 .debug_info    0x00003797      0x1bc build/milestone1/debug/_ext/1360937237/main.o
 .debug_info    0x00003953     0x3b94 build/milestone1/debug/_ext/1360937237/navigation.o
 .debug_info    0x000074e7     0x37d2 build/milestone1/debug/_ext/1360937237/mapping.o
 .debug_info    0x0000acb9     0x5b72 build/milestone1/debug/_ext/1360937237/communication.o
 .debug_info    0x0001082b     0x39d9 build/milestone1/debug/_ext/1360937237/ms2test.o
 .debug_info    0x00014204     0x34f1 build/milestone1/debug/_ext/1360937237/debug.o
 .debug_info    0x000176f5     0x30a6 build/milestone1/debug/_ext/1360937237/motor.o
 .debug_info    0x0001a79b      0xad9 build/milestone1/debug/_ext/1423261102/osal_freertos.o
 .debug_info    0x0001b274     0x118e build/milestone1/debug/_ext/2019779704/sys_devcon.o
 .debug_info    0x0001c402      0xd72 build/milestone1/debug/_ext/2019779704/sys_devcon_pic32mx.o
 .debug_info    0x0001d174     0x15e1 build/milestone1/debug/_ext/1620769490/sys_int_pic32.o
 .debug_info    0x0001e755      0x1a0 build/milestone1/debug/_ext/1241959881/croutine.o
 .debug_info    0x0001e8f5      0x4a1 build/milestone1/debug/_ext/1241959881/list.o
 .debug_info    0x0001ed96     0x1970 build/milestone1/debug/_ext/1241959881/queue.o
 .debug_info    0x00020706     0x296e build/milestone1/debug/_ext/1241959881/tasks.o
 .debug_info    0x00023074      0x19e build/milestone1/debug/_ext/1241959881/timers.o
 .debug_info    0x00023212      0xd85 build/milestone1/debug/_ext/1241959881/event_groups.o
 .debug_info    0x00023f97      0x3ab build/milestone1/debug/_ext/1366647692/heap_1.o
 .debug_info    0x00024342     0x11dd build/milestone1/debug/_ext/1475386849/port.o
 .debug_info    0x0002551f       0xee build/milestone1/debug/_ext/1475386849/port_asm.o
 .debug_info    0x0002560d     0x5585 build/milestone1/debug/_ext/1864120335/drv_tmr_static.o
 .debug_info    0x0002ab92     0x1730 build/milestone1/debug/_ext/1864120335/drv_tmr_mapping.o
 .debug_info    0x0002c2c2     0x3f9e build/milestone1/debug/_ext/192191419/drv_usart_mapping.o
 .debug_info    0x00030260     0x61a1 build/milestone1/debug/_ext/192191419/drv_usart_static.o
 .debug_info    0x00036401     0x4323 build/milestone1/debug/_ext/192191419/drv_usart_static_byte_model.o
 .debug_info    0x0003a724     0x3c5e build/milestone1/debug/_ext/383799649/sys_clk_static.o
 .debug_info    0x0003e382     0x3b06 build/milestone1/debug/_ext/956857457/sys_ports_static.o
 .debug_info    0x00041e88     0x40c2 build/milestone1/debug/_ext/1555642536/system_init.o
 .debug_info    0x00045f4a     0x4647 build/milestone1/debug/_ext/1555642536/system_interrupt.o
 .debug_info    0x0004a591     0x3227 build/milestone1/debug/_ext/1555642536/system_exceptions.o
 .debug_info    0x0004d7b8     0x3372 build/milestone1/debug/_ext/1555642536/system_tasks.o
 .debug_info    0x00050b2a       0xaf build/milestone1/debug/_ext/1555642536/system_interrupt_a.o
 .debug_info    0x00050bd9      0x269 build/milestone1/debug/_ext/1555642536/rtos_hooks.o
 .debug_info    0x00050e42      0x6da build/milestone1/debug/_ext/1360937237/jsmn.o
 .debug_info    0x0005151c     0x392e build/milestone1/debug/_ext/1360937237/myjson.o
 .debug_info    0x00054e4a       0xf5 c:/program files (x86)/microchip/xc32/v1.42/bin/bin/../../lib/gcc/pic32mx/4.8.3/../../../../pic32mx/lib\libpic32.a(default-bootstrap-exception-handler.o)
 .debug_info    0x00054f3f       0xcf c:/program files (x86)/microchip/xc32/v1.42/bin/bin/../../lib/gcc/pic32mx/4.8.3/../../../../pic32mx/lib\libpic32.a(default-on-reset.o)
 .debug_info    0x0005500e       0xd7 c:/program files (x86)/microchip/xc32/v1.42/bin/bin/../../lib/gcc/pic32mx/4.8.3/../../../../pic32mx/lib\libpic32.a(default-on-bootstrap.o)
 .debug_info    0x000550e5       0xe9 c:/program files (x86)/microchip/xc32/v1.42/bin/bin/../../lib/gcc/pic32mx/4.8.3/../../../../pic32mx/lib\libpic32.a(defaultinterrupt.o)
 .debug_info    0x000551ce       0xc4 c:/program files (x86)/microchip/xc32/v1.42/bin/bin/../../lib/gcc/pic32mx/4.8.3/../../../../pic32mx/lib\libc.a(atoi.o)
 .debug_info    0x00055292       0xc8 c:/program files (x86)/microchip/xc32/v1.42/bin/bin/../../lib/gcc/pic32mx/4.8.3/../../../../pic32mx/lib\libc.a(strcat.o)
 .debug_info    0x0005535a       0xca c:/program files (x86)/microchip/xc32/v1.42/bin/bin/../../lib/gcc/pic32mx/4.8.3/../../../../pic32mx/lib\libc.a(strncmp.o)
 .debug_info    0x00055424       0xcf c:/program files (x86)/microchip/xc32/v1.42/bin/bin/../../lib/gcc/pic32mx/4.8.3/../../../../pic32mx/lib\libc.a(snprintf_s.eo)
 .debug_info    0x000554f3       0xd4 c:/program files (x86)/microchip/xc32/v1.42/bin/bin/../../lib/gcc/pic32mx/4.8.3/../../../../pic32mx/lib\libc.a(sprintf_cdnopuxX.eo)
 .debug_info    0x000555c7       0xd1 c:/program files (x86)/microchip/xc32/v1.42/bin/bin/../../lib/gcc/pic32mx/4.8.3/../../../../pic32mx/lib\libc.a(vsnprintf_s.eo)
 .debug_info    0x00055698       0xc6 c:/program files (x86)/microchip/xc32/v1.42/bin/bin/../../lib/gcc/pic32mx/4.8.3/../../../../pic32mx/lib\libc.a(_fputc_simple.o)
 .debug_info    0x0005575e       0xc9 c:/program files (x86)/microchip/xc32/v1.42/bin/bin/../../lib/gcc/pic32mx/4.8.3/../../../../pic32mx/lib\libc.a(_flsbuf_simple.o)
 .debug_info    0x00055827       0xd6 c:/program files (x86)/microchip/xc32/v1.42/bin/bin/../../lib/gcc/pic32mx/4.8.3/../../../../pic32mx/lib\libc.a(doprnt_cdnopsuxX.eo)
 .debug_info    0x000558fd       0xc0 c:/program files (x86)/microchip/xc32/v1.42/bin/bin/../../lib/gcc/pic32mx/4.8.3/../../../../pic32mx/lib\libpic32.a(write.o)
 .debug_info    0x000559bd       0xc8 c:/program files (x86)/microchip/xc32/v1.42/bin/bin/../../lib/gcc/pic32mx/4.8.3/../../../../pic32mx/lib\libpic32.a(_mon_putc.o)
 .debug_info    0x00055a85      0x773 c:/program files (x86)/microchip/xc32/v1.42/bin/bin/../../lib/gcc/pic32mx/4.8.3\libgcc.a(_udivdi3.o)
 .debug_info    0x000561f8      0x7b0 c:/program files (x86)/microchip/xc32/v1.42/bin/bin/../../lib/gcc/pic32mx/4.8.3\libgcc.a(_umoddi3.o)

.debug_abbrev   0x00000000     0x48ec
 *(.debug_abbrev)
 .debug_abbrev  0x00000000       0x28 c:/program files (x86)/microchip/xc32/v1.42/bin/bin/../../lib/gcc/pic32mx/4.8.3/../../../../pic32mx/lib\software-debug-break.o
 .debug_abbrev  0x00000028      0x1ba build/milestone1/debug/_ext/1360937237/app.o
 .debug_abbrev  0x000001e2       0x93 build/milestone1/debug/_ext/1360937237/main.o
 .debug_abbrev  0x00000275      0x2b8 build/milestone1/debug/_ext/1360937237/navigation.o
 .debug_abbrev  0x0000052d      0x1ef build/milestone1/debug/_ext/1360937237/mapping.o
 .debug_abbrev  0x0000071c      0x473 build/milestone1/debug/_ext/1360937237/communication.o
 .debug_abbrev  0x00000b8f      0x199 build/milestone1/debug/_ext/1360937237/ms2test.o
 .debug_abbrev  0x00000d28      0x1c7 build/milestone1/debug/_ext/1360937237/debug.o
 .debug_abbrev  0x00000eef       0x82 build/milestone1/debug/_ext/1360937237/motor.o
 .debug_abbrev  0x00000f71      0x1fe build/milestone1/debug/_ext/1423261102/osal_freertos.o
 .debug_abbrev  0x0000116f      0x2a1 build/milestone1/debug/_ext/2019779704/sys_devcon.o
 .debug_abbrev  0x00001410      0x16d build/milestone1/debug/_ext/2019779704/sys_devcon_pic32mx.o
 .debug_abbrev  0x0000157d      0x1ea build/milestone1/debug/_ext/1620769490/sys_int_pic32.o
 .debug_abbrev  0x00001767       0x1b build/milestone1/debug/_ext/1241959881/croutine.o
 .debug_abbrev  0x00001782       0xf1 build/milestone1/debug/_ext/1241959881/list.o
 .debug_abbrev  0x00001873      0x310 build/milestone1/debug/_ext/1241959881/queue.o
 .debug_abbrev  0x00001b83      0x308 build/milestone1/debug/_ext/1241959881/tasks.o
 .debug_abbrev  0x00001e8b       0x1b build/milestone1/debug/_ext/1241959881/timers.o
 .debug_abbrev  0x00001ea6      0x29a build/milestone1/debug/_ext/1241959881/event_groups.o
 .debug_abbrev  0x00002140      0x13f build/milestone1/debug/_ext/1366647692/heap_1.o
 .debug_abbrev  0x0000227f      0x2cf build/milestone1/debug/_ext/1475386849/port.o
 .debug_abbrev  0x0000254e       0x14 build/milestone1/debug/_ext/1475386849/port_asm.o
 .debug_abbrev  0x00002562      0x382 build/milestone1/debug/_ext/1864120335/drv_tmr_static.o
 .debug_abbrev  0x000028e4      0x2ba build/milestone1/debug/_ext/1864120335/drv_tmr_mapping.o
 .debug_abbrev  0x00002b9e      0x221 build/milestone1/debug/_ext/192191419/drv_usart_mapping.o
 .debug_abbrev  0x00002dbf      0x3c9 build/milestone1/debug/_ext/192191419/drv_usart_static.o
 .debug_abbrev  0x00003188      0x26b build/milestone1/debug/_ext/192191419/drv_usart_static_byte_model.o
 .debug_abbrev  0x000033f3      0x27b build/milestone1/debug/_ext/383799649/sys_clk_static.o
 .debug_abbrev  0x0000366e      0x222 build/milestone1/debug/_ext/956857457/sys_ports_static.o
 .debug_abbrev  0x00003890      0x2c1 build/milestone1/debug/_ext/1555642536/system_init.o
 .debug_abbrev  0x00003b51      0x222 build/milestone1/debug/_ext/1555642536/system_interrupt.o
 .debug_abbrev  0x00003d73       0xa9 build/milestone1/debug/_ext/1555642536/system_exceptions.o
 .debug_abbrev  0x00003e1c      0x13a build/milestone1/debug/_ext/1555642536/system_tasks.o
 .debug_abbrev  0x00003f56       0x12 build/milestone1/debug/_ext/1555642536/system_interrupt_a.o
 .debug_abbrev  0x00003f68       0x97 build/milestone1/debug/_ext/1555642536/rtos_hooks.o
 .debug_abbrev  0x00003fff      0x201 build/milestone1/debug/_ext/1360937237/jsmn.o
 .debug_abbrev  0x00004200      0x215 build/milestone1/debug/_ext/1360937237/myjson.o
 .debug_abbrev  0x00004415       0x28 c:/program files (x86)/microchip/xc32/v1.42/bin/bin/../../lib/gcc/pic32mx/4.8.3/../../../../pic32mx/lib\libpic32.a(default-bootstrap-exception-handler.o)
 .debug_abbrev  0x0000443d       0x28 c:/program files (x86)/microchip/xc32/v1.42/bin/bin/../../lib/gcc/pic32mx/4.8.3/../../../../pic32mx/lib\libpic32.a(default-on-reset.o)
 .debug_abbrev  0x00004465       0x28 c:/program files (x86)/microchip/xc32/v1.42/bin/bin/../../lib/gcc/pic32mx/4.8.3/../../../../pic32mx/lib\libpic32.a(default-on-bootstrap.o)
 .debug_abbrev  0x0000448d       0x28 c:/program files (x86)/microchip/xc32/v1.42/bin/bin/../../lib/gcc/pic32mx/4.8.3/../../../../pic32mx/lib\libpic32.a(defaultinterrupt.o)
 .debug_abbrev  0x000044b5       0x28 c:/program files (x86)/microchip/xc32/v1.42/bin/bin/../../lib/gcc/pic32mx/4.8.3/../../../../pic32mx/lib\libc.a(atoi.o)
 .debug_abbrev  0x000044dd       0x28 c:/program files (x86)/microchip/xc32/v1.42/bin/bin/../../lib/gcc/pic32mx/4.8.3/../../../../pic32mx/lib\libc.a(strcat.o)
 .debug_abbrev  0x00004505       0x28 c:/program files (x86)/microchip/xc32/v1.42/bin/bin/../../lib/gcc/pic32mx/4.8.3/../../../../pic32mx/lib\libc.a(strncmp.o)
 .debug_abbrev  0x0000452d       0x28 c:/program files (x86)/microchip/xc32/v1.42/bin/bin/../../lib/gcc/pic32mx/4.8.3/../../../../pic32mx/lib\libc.a(snprintf_s.eo)
 .debug_abbrev  0x00004555       0x28 c:/program files (x86)/microchip/xc32/v1.42/bin/bin/../../lib/gcc/pic32mx/4.8.3/../../../../pic32mx/lib\libc.a(sprintf_cdnopuxX.eo)
 .debug_abbrev  0x0000457d       0x28 c:/program files (x86)/microchip/xc32/v1.42/bin/bin/../../lib/gcc/pic32mx/4.8.3/../../../../pic32mx/lib\libc.a(vsnprintf_s.eo)
 .debug_abbrev  0x000045a5       0x28 c:/program files (x86)/microchip/xc32/v1.42/bin/bin/../../lib/gcc/pic32mx/4.8.3/../../../../pic32mx/lib\libc.a(_fputc_simple.o)
 .debug_abbrev  0x000045cd       0x28 c:/program files (x86)/microchip/xc32/v1.42/bin/bin/../../lib/gcc/pic32mx/4.8.3/../../../../pic32mx/lib\libc.a(_flsbuf_simple.o)
 .debug_abbrev  0x000045f5       0x28 c:/program files (x86)/microchip/xc32/v1.42/bin/bin/../../lib/gcc/pic32mx/4.8.3/../../../../pic32mx/lib\libc.a(doprnt_cdnopsuxX.eo)
 .debug_abbrev  0x0000461d       0x28 c:/program files (x86)/microchip/xc32/v1.42/bin/bin/../../lib/gcc/pic32mx/4.8.3/../../../../pic32mx/lib\libpic32.a(write.o)
 .debug_abbrev  0x00004645       0x28 c:/program files (x86)/microchip/xc32/v1.42/bin/bin/../../lib/gcc/pic32mx/4.8.3/../../../../pic32mx/lib\libpic32.a(_mon_putc.o)
 .debug_abbrev  0x0000466d      0x138 c:/program files (x86)/microchip/xc32/v1.42/bin/bin/../../lib/gcc/pic32mx/4.8.3\libgcc.a(_udivdi3.o)
 .debug_abbrev  0x000047a5      0x147 c:/program files (x86)/microchip/xc32/v1.42/bin/bin/../../lib/gcc/pic32mx/4.8.3\libgcc.a(_umoddi3.o)

.debug_line     0x00000000     0x94aa
 *(.debug_line)
 .debug_line    0x00000000       0x9c c:/program files (x86)/microchip/xc32/v1.42/bin/bin/../../lib/gcc/pic32mx/4.8.3/../../../../pic32mx/lib\software-debug-break.o
 .debug_line    0x0000009c      0x3b4 build/milestone1/debug/_ext/1360937237/app.o
 .debug_line    0x00000450       0xc7 build/milestone1/debug/_ext/1360937237/main.o
 .debug_line    0x00000517      0x3e0 build/milestone1/debug/_ext/1360937237/navigation.o
 .debug_line    0x000008f7      0x386 build/milestone1/debug/_ext/1360937237/mapping.o
 .debug_line    0x00000c7d      0x7cd build/milestone1/debug/_ext/1360937237/communication.o
 .debug_line    0x0000144a      0x324 build/milestone1/debug/_ext/1360937237/ms2test.o
 .debug_line    0x0000176e      0x30f build/milestone1/debug/_ext/1360937237/debug.o
 .debug_line    0x00001a7d      0x115 build/milestone1/debug/_ext/1360937237/motor.o
 .debug_line    0x00001b92      0x2bb build/milestone1/debug/_ext/1423261102/osal_freertos.o
 .debug_line    0x00001e4d      0x5c6 build/milestone1/debug/_ext/2019779704/sys_devcon.o
 .debug_line    0x00002413      0x471 build/milestone1/debug/_ext/2019779704/sys_devcon_pic32mx.o
 .debug_line    0x00002884      0x38c build/milestone1/debug/_ext/1620769490/sys_int_pic32.o
 .debug_line    0x00002c10       0x1d build/milestone1/debug/_ext/1241959881/croutine.o
 .debug_line    0x00002c2d      0x1dc build/milestone1/debug/_ext/1241959881/list.o
 .debug_line    0x00002e09      0x496 build/milestone1/debug/_ext/1241959881/queue.o
 .debug_line    0x0000329f      0x803 build/milestone1/debug/_ext/1241959881/tasks.o
 .debug_line    0x00003aa2       0x1d build/milestone1/debug/_ext/1241959881/timers.o
 .debug_line    0x00003abf      0x325 build/milestone1/debug/_ext/1241959881/event_groups.o
 .debug_line    0x00003de4      0x217 build/milestone1/debug/_ext/1366647692/heap_1.o
 .debug_line    0x00003ffb      0x23a build/milestone1/debug/_ext/1475386849/port.o
 .debug_line    0x00004235      0x123 build/milestone1/debug/_ext/1475386849/port_asm.o
 .debug_line    0x00004358      0xca9 build/milestone1/debug/_ext/1864120335/drv_tmr_static.o
 .debug_line    0x00005001      0x52e build/milestone1/debug/_ext/1864120335/drv_tmr_mapping.o
 .debug_line    0x0000552f      0x460 build/milestone1/debug/_ext/192191419/drv_usart_mapping.o
 .debug_line    0x0000598f      0x866 build/milestone1/debug/_ext/192191419/drv_usart_static.o
 .debug_line    0x000061f5      0x4d4 build/milestone1/debug/_ext/192191419/drv_usart_static_byte_model.o
 .debug_line    0x000066c9      0x41d build/milestone1/debug/_ext/383799649/sys_clk_static.o
 .debug_line    0x00006ae6      0x796 build/milestone1/debug/_ext/956857457/sys_ports_static.o
 .debug_line    0x0000727c      0x600 build/milestone1/debug/_ext/1555642536/system_init.o
 .debug_line    0x0000787c      0x4c9 build/milestone1/debug/_ext/1555642536/system_interrupt.o
 .debug_line    0x00007d45      0x1dc build/milestone1/debug/_ext/1555642536/system_exceptions.o
 .debug_line    0x00007f21      0x390 build/milestone1/debug/_ext/1555642536/system_tasks.o
 .debug_line    0x000082b1      0x126 build/milestone1/debug/_ext/1555642536/system_interrupt_a.o
 .debug_line    0x000083d7      0x155 build/milestone1/debug/_ext/1555642536/rtos_hooks.o
 .debug_line    0x0000852c      0x213 build/milestone1/debug/_ext/1360937237/jsmn.o
 .debug_line    0x0000873f      0x32a build/milestone1/debug/_ext/1360937237/myjson.o
 .debug_line    0x00008a69       0xa9 c:/program files (x86)/microchip/xc32/v1.42/bin/bin/../../lib/gcc/pic32mx/4.8.3/../../../../pic32mx/lib\libpic32.a(default-bootstrap-exception-handler.o)
 .debug_line    0x00008b12       0x96 c:/program files (x86)/microchip/xc32/v1.42/bin/bin/../../lib/gcc/pic32mx/4.8.3/../../../../pic32mx/lib\libpic32.a(default-on-reset.o)
 .debug_line    0x00008ba8       0x9a c:/program files (x86)/microchip/xc32/v1.42/bin/bin/../../lib/gcc/pic32mx/4.8.3/../../../../pic32mx/lib\libpic32.a(default-on-bootstrap.o)
 .debug_line    0x00008c42       0xa8 c:/program files (x86)/microchip/xc32/v1.42/bin/bin/../../lib/gcc/pic32mx/4.8.3/../../../../pic32mx/lib\libpic32.a(defaultinterrupt.o)
 .debug_line    0x00008cea       0x80 c:/program files (x86)/microchip/xc32/v1.42/bin/bin/../../lib/gcc/pic32mx/4.8.3/../../../../pic32mx/lib\libc.a(atoi.o)
 .debug_line    0x00008d6a        0x0 c:/program files (x86)/microchip/xc32/v1.42/bin/bin/../../lib/gcc/pic32mx/4.8.3/../../../../pic32mx/lib\libc.a(ctype.o)
 .debug_line    0x00008d6a       0x82 c:/program files (x86)/microchip/xc32/v1.42/bin/bin/../../lib/gcc/pic32mx/4.8.3/../../../../pic32mx/lib\libc.a(strcat.o)
 .debug_line    0x00008dec       0x83 c:/program files (x86)/microchip/xc32/v1.42/bin/bin/../../lib/gcc/pic32mx/4.8.3/../../../../pic32mx/lib\libc.a(strncmp.o)
 .debug_line    0x00008e6f       0x84 c:/program files (x86)/microchip/xc32/v1.42/bin/bin/../../lib/gcc/pic32mx/4.8.3/../../../../pic32mx/lib\libc.a(snprintf_s.eo)
 .debug_line    0x00008ef3       0x83 c:/program files (x86)/microchip/xc32/v1.42/bin/bin/../../lib/gcc/pic32mx/4.8.3/../../../../pic32mx/lib\libc.a(sprintf_cdnopuxX.eo)
 .debug_line    0x00008f76       0x85 c:/program files (x86)/microchip/xc32/v1.42/bin/bin/../../lib/gcc/pic32mx/4.8.3/../../../../pic32mx/lib\libc.a(vsnprintf_s.eo)
 .debug_line    0x00008ffb       0x81 c:/program files (x86)/microchip/xc32/v1.42/bin/bin/../../lib/gcc/pic32mx/4.8.3/../../../../pic32mx/lib\libc.a(_fputc_simple.o)
 .debug_line    0x0000907c        0x0 c:/program files (x86)/microchip/xc32/v1.42/bin/bin/../../lib/gcc/pic32mx/4.8.3/../../../../pic32mx/lib\libc.a(_iob.o)
 .debug_line    0x0000907c       0x82 c:/program files (x86)/microchip/xc32/v1.42/bin/bin/../../lib/gcc/pic32mx/4.8.3/../../../../pic32mx/lib\libc.a(_flsbuf_simple.o)
 .debug_line    0x000090fe       0x82 c:/program files (x86)/microchip/xc32/v1.42/bin/bin/../../lib/gcc/pic32mx/4.8.3/../../../../pic32mx/lib\libc.a(doprnt_cdnopsuxX.eo)
 .debug_line    0x00009180       0x8b c:/program files (x86)/microchip/xc32/v1.42/bin/bin/../../lib/gcc/pic32mx/4.8.3/../../../../pic32mx/lib\libpic32.a(write.o)
 .debug_line    0x0000920b       0x8f c:/program files (x86)/microchip/xc32/v1.42/bin/bin/../../lib/gcc/pic32mx/4.8.3/../../../../pic32mx/lib\libpic32.a(_mon_putc.o)
 .debug_line    0x0000929a        0x0 c:/program files (x86)/microchip/xc32/v1.42/bin/bin/../../lib/gcc/pic32mx/4.8.3/../../../../pic32mx/lib\libpic32.a(xc32_uart.o)
 .debug_line    0x0000929a       0xff c:/program files (x86)/microchip/xc32/v1.42/bin/bin/../../lib/gcc/pic32mx/4.8.3\libgcc.a(_udivdi3.o)
 .debug_line    0x00009399      0x111 c:/program files (x86)/microchip/xc32/v1.42/bin/bin/../../lib/gcc/pic32mx/4.8.3\libgcc.a(_umoddi3.o)

.debug_frame    0x00000000     0x2450
 *(.debug_frame)
 .debug_frame   0x00000000       0x20 c:/program files (x86)/microchip/xc32/v1.42/bin/bin/../../lib/gcc/pic32mx/4.8.3/../../../../pic32mx/lib\software-debug-break.o
 .debug_frame   0x00000020       0x5c build/milestone1/debug/_ext/1360937237/app.o
 .debug_frame   0x0000007c       0x28 build/milestone1/debug/_ext/1360937237/main.o
 .debug_frame   0x000000a4       0xc0 build/milestone1/debug/_ext/1360937237/navigation.o
 .debug_frame   0x00000164       0x88 build/milestone1/debug/_ext/1360937237/mapping.o
 .debug_frame   0x000001ec      0x1fc build/milestone1/debug/_ext/1360937237/communication.o
 .debug_frame   0x000003e8      0x110 build/milestone1/debug/_ext/1360937237/ms2test.o
 .debug_frame   0x000004f8       0x94 build/milestone1/debug/_ext/1360937237/debug.o
 .debug_frame   0x0000058c       0x50 build/milestone1/debug/_ext/1360937237/motor.o
 .debug_frame   0x000005dc      0x150 build/milestone1/debug/_ext/1423261102/osal_freertos.o
 .debug_frame   0x0000072c       0xe8 build/milestone1/debug/_ext/2019779704/sys_devcon.o
 .debug_frame   0x00000814       0x28 build/milestone1/debug/_ext/2019779704/sys_devcon_pic32mx.o
 .debug_frame   0x0000083c       0x90 build/milestone1/debug/_ext/1620769490/sys_int_pic32.o
 .debug_frame   0x000008cc       0x60 build/milestone1/debug/_ext/1241959881/list.o
 .debug_frame   0x0000092c      0x218 build/milestone1/debug/_ext/1241959881/queue.o
 .debug_frame   0x00000b44      0x4dc build/milestone1/debug/_ext/1241959881/tasks.o
 .debug_frame   0x00001020      0x108 build/milestone1/debug/_ext/1241959881/event_groups.o
 .debug_frame   0x00001128       0x5c build/milestone1/debug/_ext/1366647692/heap_1.o
 .debug_frame   0x00001184       0xc0 build/milestone1/debug/_ext/1475386849/port.o
 .debug_frame   0x00001244      0x3a0 build/milestone1/debug/_ext/1864120335/drv_tmr_static.o
 .debug_frame   0x000015e4      0x1c8 build/milestone1/debug/_ext/1864120335/drv_tmr_mapping.o
 .debug_frame   0x000017ac      0x238 build/milestone1/debug/_ext/192191419/drv_usart_mapping.o
 .debug_frame   0x000019e4       0xfc build/milestone1/debug/_ext/192191419/drv_usart_static.o
 .debug_frame   0x00001ae0       0x80 build/milestone1/debug/_ext/192191419/drv_usart_static_byte_model.o
 .debug_frame   0x00001b60       0xa0 build/milestone1/debug/_ext/383799649/sys_clk_static.o
 .debug_frame   0x00001c00      0x1f0 build/milestone1/debug/_ext/956857457/sys_ports_static.o
 .debug_frame   0x00001df0       0x28 build/milestone1/debug/_ext/1555642536/system_init.o
 .debug_frame   0x00001e18       0x90 build/milestone1/debug/_ext/1555642536/system_interrupt.o
 .debug_frame   0x00001ea8       0x28 build/milestone1/debug/_ext/1555642536/system_exceptions.o
 .debug_frame   0x00001ed0       0xa0 build/milestone1/debug/_ext/1555642536/system_tasks.o
 .debug_frame   0x00001f70       0x40 build/milestone1/debug/_ext/1555642536/rtos_hooks.o
 .debug_frame   0x00001fb0       0x48 build/milestone1/debug/_ext/1360937237/jsmn.o
 .debug_frame   0x00001ff8      0x1c4 build/milestone1/debug/_ext/1360937237/myjson.o
 .debug_frame   0x000021bc       0x2c c:/program files (x86)/microchip/xc32/v1.42/bin/bin/../../lib/gcc/pic32mx/4.8.3/../../../../pic32mx/lib\libpic32.a(default-bootstrap-exception-handler.o)
 .debug_frame   0x000021e8       0x20 c:/program files (x86)/microchip/xc32/v1.42/bin/bin/../../lib/gcc/pic32mx/4.8.3/../../../../pic32mx/lib\libpic32.a(default-on-reset.o)
 .debug_frame   0x00002208       0x20 c:/program files (x86)/microchip/xc32/v1.42/bin/bin/../../lib/gcc/pic32mx/4.8.3/../../../../pic32mx/lib\libpic32.a(default-on-bootstrap.o)
 .debug_frame   0x00002228       0x20 c:/program files (x86)/microchip/xc32/v1.42/bin/bin/../../lib/gcc/pic32mx/4.8.3/../../../../pic32mx/lib\libpic32.a(defaultinterrupt.o)
 .debug_frame   0x00002248       0x20 c:/program files (x86)/microchip/xc32/v1.42/bin/bin/../../lib/gcc/pic32mx/4.8.3/../../../../pic32mx/lib\libc.a(atoi.o)
 .debug_frame   0x00002268       0x20 c:/program files (x86)/microchip/xc32/v1.42/bin/bin/../../lib/gcc/pic32mx/4.8.3/../../../../pic32mx/lib\libc.a(strcat.o)
 .debug_frame   0x00002288       0x20 c:/program files (x86)/microchip/xc32/v1.42/bin/bin/../../lib/gcc/pic32mx/4.8.3/../../../../pic32mx/lib\libc.a(strncmp.o)
 .debug_frame   0x000022a8       0x28 c:/program files (x86)/microchip/xc32/v1.42/bin/bin/../../lib/gcc/pic32mx/4.8.3/../../../../pic32mx/lib\libc.a(snprintf_s.eo)
 .debug_frame   0x000022d0       0x28 c:/program files (x86)/microchip/xc32/v1.42/bin/bin/../../lib/gcc/pic32mx/4.8.3/../../../../pic32mx/lib\libc.a(sprintf_cdnopuxX.eo)
 .debug_frame   0x000022f8       0x2c c:/program files (x86)/microchip/xc32/v1.42/bin/bin/../../lib/gcc/pic32mx/4.8.3/../../../../pic32mx/lib\libc.a(vsnprintf_s.eo)
 .debug_frame   0x00002324       0x2c c:/program files (x86)/microchip/xc32/v1.42/bin/bin/../../lib/gcc/pic32mx/4.8.3/../../../../pic32mx/lib\libc.a(_fputc_simple.o)
 .debug_frame   0x00002350       0x28 c:/program files (x86)/microchip/xc32/v1.42/bin/bin/../../lib/gcc/pic32mx/4.8.3/../../../../pic32mx/lib\libc.a(_flsbuf_simple.o)
 .debug_frame   0x00002378       0x38 c:/program files (x86)/microchip/xc32/v1.42/bin/bin/../../lib/gcc/pic32mx/4.8.3/../../../../pic32mx/lib\libc.a(doprnt_cdnopsuxX.eo)
 .debug_frame   0x000023b0       0x38 c:/program files (x86)/microchip/xc32/v1.42/bin/bin/../../lib/gcc/pic32mx/4.8.3/../../../../pic32mx/lib\libpic32.a(write.o)
 .debug_frame   0x000023e8       0x28 c:/program files (x86)/microchip/xc32/v1.42/bin/bin/../../lib/gcc/pic32mx/4.8.3/../../../../pic32mx/lib\libpic32.a(_mon_putc.o)
 .debug_frame   0x00002410       0x20 c:/program files (x86)/microchip/xc32/v1.42/bin/bin/../../lib/gcc/pic32mx/4.8.3\libgcc.a(_udivdi3.o)
 .debug_frame   0x00002430       0x20 c:/program files (x86)/microchip/xc32/v1.42/bin/bin/../../lib/gcc/pic32mx/4.8.3\libgcc.a(_umoddi3.o)

.debug_str      0x00000000      0x8e2
 *(.debug_str)
 .debug_str     0x00000000        0x0 c:/program files (x86)/microchip/xc32/v1.42/bin/bin/../../lib/gcc/pic32mx/4.8.3/../../../../pic32mx/lib\software-debug-break.o
 .debug_str     0x00000000        0x0 build/milestone1/debug/_ext/1360937237/app.o
 .debug_str     0x00000000        0x0 build/milestone1/debug/_ext/1360937237/main.o
 .debug_str     0x00000000       0x2c build/milestone1/debug/_ext/1360937237/navigation.o
 .debug_str     0x0000002c       0x19 build/milestone1/debug/_ext/1360937237/mapping.o
 .debug_str     0x00000045       0xdc build/milestone1/debug/_ext/1360937237/communication.o
 .debug_str     0x00000121       0x18 build/milestone1/debug/_ext/1360937237/ms2test.o
 .debug_str     0x00000139        0x7 build/milestone1/debug/_ext/1360937237/debug.o
 .debug_str     0x00000140        0xa build/milestone1/debug/_ext/1360937237/motor.o
 .debug_str     0x0000014a       0x40 build/milestone1/debug/_ext/1423261102/osal_freertos.o
 .debug_str     0x0000018a       0x16 build/milestone1/debug/_ext/2019779704/sys_devcon.o
 .debug_str     0x000001a0        0x6 build/milestone1/debug/_ext/2019779704/sys_devcon_pic32mx.o
 .debug_str     0x000001a6       0x2d build/milestone1/debug/_ext/1620769490/sys_int_pic32.o
 .debug_str     0x000001d3        0x0 build/milestone1/debug/_ext/1241959881/croutine.o
 .debug_str     0x000001d3       0x2b build/milestone1/debug/_ext/1241959881/list.o
 .debug_str     0x000001fe      0x131 build/milestone1/debug/_ext/1241959881/queue.o
 .debug_str     0x0000032f      0x186 build/milestone1/debug/_ext/1241959881/tasks.o
 .debug_str     0x000004b5        0x0 build/milestone1/debug/_ext/1241959881/timers.o
 .debug_str     0x000004b5       0xe6 build/milestone1/debug/_ext/1241959881/event_groups.o
 .debug_str     0x0000059b       0x1d build/milestone1/debug/_ext/1366647692/heap_1.o
 .debug_str     0x000005b8       0x37 build/milestone1/debug/_ext/1475386849/port.o
 .debug_str     0x000005ef       0x80 build/milestone1/debug/_ext/1864120335/drv_tmr_static.o